Timing Analyzer report for pointer
Thu Nov 08 18:52:51 2018
Version 5.0 Build 148 04/26/2005 SJ Full Version


---------------------
; Table of Contents ;
---------------------
  1. Legal Notice
  2. Timing Analyzer Summary
  3. Timing Analyzer Settings
  4. tpd
  5. Timing Analyzer Messages



----------------
; Legal Notice ;
----------------
Copyright (C) 1991-2005 Altera Corporation
Your use of Altera Corporation's design tools, logic functions 
and other software and tools, and its AMPP partner logic       
functions, and any output files any of the foregoing           
(including device programming or simulation files), and any    
associated documentation or information are expressly subject  
to the terms and conditions of the Altera Program License      
Subscription Agreement, Altera MegaCore Function License       
Agreement, or other applicable license agreement, including,   
without limitation, that your use is for the sole purpose of   
programming logic devices manufactured by Altera and sold by   
Altera or its authorized distributors.  Please refer to the    
applicable agreement for further details.



+-----------------------------------------------------------------------------------------------------------------------+
; Timing Analyzer Summary                                                                                               ;
+------------------------------+-------+---------------+-------------+------+----+------------+----------+--------------+
; Type                         ; Slack ; Required Time ; Actual Time ; From ; To ; From Clock ; To Clock ; Failed Paths ;
+------------------------------+-------+---------------+-------------+------+----+------------+----------+--------------+
; Worst-case tpd               ; N/A   ; None          ; 9.641 ns    ; r3   ; q3 ;            ;          ; 0            ;
; Total number of failed paths ;       ;               ;             ;      ;    ;            ;          ; 0            ;
+------------------------------+-------+---------------+-------------+------+----+------------+----------+--------------+


+------------------------------------------------------------------------------------------------------+
; Timing Analyzer Settings                                                                             ;
+-------------------------------------------------------+--------------------+------+----+-------------+
; Option                                                ; Setting            ; From ; To ; Entity Name ;
+-------------------------------------------------------+--------------------+------+----+-------------+
; Device Name                                           ; EP1S10F484C5       ;      ;    ;             ;
; Timing Models                                         ; Final              ;      ;    ;             ;
; Number of source nodes to report per destination node ; 10                 ;      ;    ;             ;
; Number of destination nodes to report                 ; 10                 ;      ;    ;             ;
; Number of paths to report                             ; 200                ;      ;    ;             ;
; Report Minimum Timing Checks                          ; Off                ;      ;    ;             ;
; Use Fast Timing Models                                ; Off                ;      ;    ;             ;
; Report IO Paths Separately                            ; Off                ;      ;    ;             ;
; Default hold multicycle                               ; Same as Multicycle ;      ;    ;             ;
; Cut paths between unrelated clock domains             ; On                 ;      ;    ;             ;
; Cut off read during write signal paths                ; On                 ;      ;    ;             ;
; Cut off feedback from I/O pins                        ; On                 ;      ;    ;             ;
; Report Combined Fast/Slow Timing                      ; Off                ;      ;    ;             ;
; Ignore Clock Settings                                 ; Off                ;      ;    ;             ;
; Analyze latches as synchronous elements               ; Off                ;      ;    ;             ;
; Enable Recovery/Removal analysis                      ; Off                ;      ;    ;             ;
; Enable Clock Latency                                  ; Off                ;      ;    ;             ;
+-------------------------------------------------------+--------------------+------+----+-------------+


+---------------------------------------------------------+
; tpd                                                     ;
+-------+-------------------+-----------------+------+----+
; Slack ; Required P2P Time ; Actual P2P Time ; From ; To ;
+-------+-------------------+-----------------+------+----+
; N/A   ; None              ; 9.641 ns        ; r3   ; q3 ;
; N/A   ; None              ; 9.489 ns        ; r4   ; q3 ;
; N/A   ; None              ; 9.464 ns        ; r3   ; q1 ;
; N/A   ; None              ; 9.409 ns        ; r1   ; q1 ;
; N/A   ; None              ; 9.355 ns        ; r3   ; q2 ;
; N/A   ; None              ; 9.310 ns        ; r4   ; q1 ;
; N/A   ; None              ; 9.201 ns        ; r5   ; q2 ;
; N/A   ; None              ; 9.145 ns        ; r2   ; q1 ;
; N/A   ; None              ; 9.144 ns        ; r6   ; q3 ;
; N/A   ; None              ; 9.133 ns        ; r6   ; q2 ;
; N/A   ; None              ; 9.131 ns        ; r7   ; q2 ;
; N/A   ; None              ; 9.128 ns        ; r3   ; q0 ;
; N/A   ; None              ; 9.120 ns        ; r6   ; q1 ;
; N/A   ; None              ; 9.119 ns        ; r6   ; q4 ;
; N/A   ; None              ; 9.087 ns        ; r1   ; q0 ;
; N/A   ; None              ; 9.044 ns        ; r2   ; q2 ;
; N/A   ; None              ; 9.009 ns        ; r5   ; q3 ;
; N/A   ; None              ; 8.988 ns        ; r5   ; q4 ;
; N/A   ; None              ; 8.987 ns        ; r5   ; q1 ;
; N/A   ; None              ; 8.983 ns        ; r5   ; q0 ;
; N/A   ; None              ; 8.916 ns        ; r6   ; q0 ;
; N/A   ; None              ; 8.910 ns        ; r7   ; q0 ;
; N/A   ; None              ; 8.909 ns        ; r6   ; q5 ;
; N/A   ; None              ; 8.835 ns        ; r7   ; q3 ;
; N/A   ; None              ; 8.824 ns        ; r2   ; q0 ;
; N/A   ; None              ; 8.815 ns        ; r7   ; q1 ;
; N/A   ; None              ; 8.811 ns        ; r7   ; q4 ;
; N/A   ; None              ; 8.806 ns        ; r4   ; q2 ;
; N/A   ; None              ; 8.804 ns        ; r7   ; q6 ;
; N/A   ; None              ; 8.794 ns        ; r4   ; q4 ;
; N/A   ; None              ; 8.778 ns        ; r5   ; q5 ;
; N/A   ; None              ; 8.601 ns        ; r7   ; q5 ;
; N/A   ; None              ; 8.595 ns        ; r4   ; q0 ;
; N/A   ; None              ; 8.485 ns        ; r6   ; q6 ;
; N/A   ; None              ; 7.785 ns        ; r7   ; q7 ;
+-------+-------------------+-----------------+------+----+


+--------------------------+
; Timing Analyzer Messages ;
+--------------------------+
Info: *******************************************************************
Info: Running Quartus II Timing Analyzer
    Info: Version 5.0 Build 148 04/26/2005 SJ Full Version
    Info: Processing started: Thu Nov 08 18:52:50 2018
Info: Command: quartus_tan --read_settings_files=off --write_settings_files=off pointer -c pointer --timing_analysis_only
Info: Longest tpd from source pin "r3" to destination pin "q3" is 9.641 ns
    Info: 1: + IC(0.000 ns) + CELL(1.087 ns) = 1.087 ns; Loc. = PIN_B5; Fanout = 4; PIN Node = 'r3'
    Info: 2: + IC(3.769 ns) + CELL(0.366 ns) = 5.222 ns; Loc. = LC_X48_Y30_N2; Fanout = 1; COMB Node = '74138:inst2|15~156'
    Info: 3: + IC(0.483 ns) + CELL(0.183 ns) = 5.888 ns; Loc. = LC_X48_Y30_N1; Fanout = 1; COMB Node = '74138:inst2|15~168'
    Info: 4: + IC(1.349 ns) + CELL(2.404 ns) = 9.641 ns; Loc. = PIN_C3; Fanout = 0; PIN Node = 'q3'
    Info: Total cell delay = 4.040 ns ( 41.90 % )
    Info: Total interconnect delay = 5.601 ns ( 58.10 % )
Info: Quartus II Timing Analyzer was successful. 0 errors, 0 warnings
    Info: Processing ended: Thu Nov 08 18:52:51 2018
    Info: Elapsed time: 00:00:01


