Assembler report for 74181_only
Mon Dec 17 16:45:11 2018
Version 5.0 Build 148 04/26/2005 SJ Full Version


---------------------
; Table of Contents ;
---------------------
  1. Legal Notice
  2. Assembler Summary
  3. Assembler Settings
  4. Assembler Generated Files
  5. Assembler Device Options: C:/altera_labs/laba12/74181_only/74181_only.sof
  6. Assembler Device Options: C:/altera_labs/laba12/74181_only/74181_only.pof
  7. Assembler Messages



----------------
; Legal Notice ;
----------------
Copyright (C) 1991-2005 Altera Corporation
Your use of Altera Corporation's design tools, logic functions 
and other software and tools, and its AMPP partner logic       
functions, and any output files any of the foregoing           
(including device programming or simulation files), and any    
associated documentation or information are expressly subject  
to the terms and conditions of the Altera Program License      
Subscription Agreement, Altera MegaCore Function License       
Agreement, or other applicable license agreement, including,   
without limitation, that your use is for the sole purpose of   
programming logic devices manufactured by Altera and sold by   
Altera or its authorized distributors.  Please refer to the    
applicable agreement for further details.



+---------------------------------------------------------------+
; Assembler Summary                                             ;
+-----------------------+---------------------------------------+
; Assembler Status      ; Successful - Mon Dec 17 16:45:11 2018 ;
; Revision Name         ; 74181_only                            ;
; Top-level Entity Name ; 74181_only                            ;
; Family                ; Stratix                               ;
; Device                ; EP1S10F484C5                          ;
+-----------------------+---------------------------------------+


+-----------------------------------------------------------------------------------------------------------+
; Assembler Settings                                                                                        ;
+--------------------------------------------------------------------------------+----------+---------------+
; Option                                                                         ; Setting  ; Default Value ;
+--------------------------------------------------------------------------------+----------+---------------+
; Use smart compilation                                                          ; Off      ; Off           ;
; Generate Serial Vector Format File (.svf) for Target Device                    ; Off      ; Off           ;
; Generate a JEDEC STAPL Format File (.jam) for Target Device                    ; Off      ; Off           ;
; Generate an uncompressed Jam STAPL Byte Code 2.0 File (.jbc) for Target Device ; Off      ; Off           ;
; Generate a compressed Jam STAPL Byte Code 2.0 File (.jbc) for Target Device    ; On       ; On            ;
; Compression mode                                                               ; Off      ; Off           ;
; Clock source for configuration device                                          ; Internal ; Internal      ;
; Clock frequency of the configuration device                                    ; 10 MHz   ; 10 MHz        ;
; Divide clock frequency by                                                      ; 1        ; 1             ;
; JTAG user code for target device                                               ; Ffffffff ; Ffffffff      ;
; Auto user code                                                                 ; off      ; off           ;
; Use configuration device                                                       ; On       ; On            ;
; Configuration device                                                           ; Auto     ; Auto          ;
; JTAG user code for configuration device                                        ; Ffffffff ; Ffffffff      ;
; Configuration device auto user code                                            ; off      ; off           ;
; Auto-increment JTAG user code for multiple configuration devices               ; On       ; On            ;
; Disable CONF_DONE and nSTATUS pull-ups on configuration device                 ; Off      ; Off           ;
; Generate Tabular Text File (.ttf) For Target Device                            ; Off      ; Off           ;
; Generate Raw Binary File (.rbf) For Target Device                              ; Off      ; Off           ;
; Generate Hexadecimal (Intel-Format) Output File (.hexout) for Target Device    ; Off      ; Off           ;
; Hexadecimal Output File start address                                          ; 0        ; 0             ;
; Hexadecimal Output File count direction                                        ; Up       ; Up            ;
; Release clears before tri-states                                               ; off      ; off           ;
; Auto-restart configuration after error                                         ; On       ; On            ;
+--------------------------------------------------------------------------------+----------+---------------+


+-------------------------------------------------+
; Assembler Generated Files                       ;
+-------------------------------------------------+
; File Name                                       ;
+-------------------------------------------------+
; C:/altera_labs/laba12/74181_only/74181_only.sof ;
; C:/altera_labs/laba12/74181_only/74181_only.pof ;
+-------------------------------------------------+


+---------------------------------------------------------------------------+
; Assembler Device Options: C:/altera_labs/laba12/74181_only/74181_only.sof ;
+----------------+----------------------------------------------------------+
; Option         ; Setting                                                  ;
+----------------+----------------------------------------------------------+
; Device         ; EP1S10F484C5                                             ;
; JTAG usercode  ; 0xFFFFFFFF                                               ;
; Checksum       ; 0x00137DDF                                               ;
+----------------+----------------------------------------------------------+


+---------------------------------------------------------------------------+
; Assembler Device Options: C:/altera_labs/laba12/74181_only/74181_only.pof ;
+----------------+----------------------------------------------------------+
; Option         ; Setting                                                  ;
+----------------+----------------------------------------------------------+
; Device         ; EPC4                                                     ;
; JTAG usercode  ; 0x00000000                                               ;
; Checksum       ; 0x06320346                                               ;
+----------------+----------------------------------------------------------+


+--------------------+
; Assembler Messages ;
+--------------------+
Info: *******************************************************************
Info: Running Quartus II Assembler
    Info: Version 5.0 Build 148 04/26/2005 SJ Full Version
    Info: Processing started: Mon Dec 17 16:45:10 2018
Info: Command: quartus_asm --read_settings_files=off --write_settings_files=off 74181_only -c 74181_only
Info: Quartus II Assembler was successful. 0 errors, 0 warnings
    Info: Processing ended: Mon Dec 17 16:45:11 2018
    Info: Elapsed time: 00:00:01


