Timing Analyzer report for cmp4_s
Tue Nov 20 19:04:04 2018
Version 5.0 Build 148 04/26/2005 SJ Full Version


---------------------
; Table of Contents ;
---------------------
  1. Legal Notice
  2. Timing Analyzer Summary
  3. Timing Analyzer Settings
  4. tpd
  5. Timing Analyzer Messages



----------------
; Legal Notice ;
----------------
Copyright (C) 1991-2005 Altera Corporation
Your use of Altera Corporation's design tools, logic functions 
and other software and tools, and its AMPP partner logic       
functions, and any output files any of the foregoing           
(including device programming or simulation files), and any    
associated documentation or information are expressly subject  
to the terms and conditions of the Altera Program License      
Subscription Agreement, Altera MegaCore Function License       
Agreement, or other applicable license agreement, including,   
without limitation, that your use is for the sole purpose of   
programming logic devices manufactured by Altera and sold by   
Altera or its authorized distributors.  Please refer to the    
applicable agreement for further details.



+------------------------------------------------------------------------------------------------------------------------+
; Timing Analyzer Summary                                                                                                ;
+------------------------------+-------+---------------+-------------+------+-----+------------+----------+--------------+
; Type                         ; Slack ; Required Time ; Actual Time ; From ; To  ; From Clock ; To Clock ; Failed Paths ;
+------------------------------+-------+---------------+-------------+------+-----+------------+----------+--------------+
; Worst-case tpd               ; N/A   ; None          ; 10.245 ns   ; y[1] ; xgy ;            ;          ; 0            ;
; Total number of failed paths ;       ;               ;             ;      ;     ;            ;          ; 0            ;
+------------------------------+-------+---------------+-------------+------+-----+------------+----------+--------------+


+------------------------------------------------------------------------------------------------------+
; Timing Analyzer Settings                                                                             ;
+-------------------------------------------------------+--------------------+------+----+-------------+
; Option                                                ; Setting            ; From ; To ; Entity Name ;
+-------------------------------------------------------+--------------------+------+----+-------------+
; Device Name                                           ; EP1S10F484C5       ;      ;    ;             ;
; Timing Models                                         ; Final              ;      ;    ;             ;
; Number of source nodes to report per destination node ; 10                 ;      ;    ;             ;
; Number of destination nodes to report                 ; 10                 ;      ;    ;             ;
; Number of paths to report                             ; 200                ;      ;    ;             ;
; Report Minimum Timing Checks                          ; Off                ;      ;    ;             ;
; Use Fast Timing Models                                ; Off                ;      ;    ;             ;
; Report IO Paths Separately                            ; Off                ;      ;    ;             ;
; Default hold multicycle                               ; Same as Multicycle ;      ;    ;             ;
; Cut paths between unrelated clock domains             ; On                 ;      ;    ;             ;
; Cut off read during write signal paths                ; On                 ;      ;    ;             ;
; Cut off feedback from I/O pins                        ; On                 ;      ;    ;             ;
; Report Combined Fast/Slow Timing                      ; Off                ;      ;    ;             ;
; Ignore Clock Settings                                 ; Off                ;      ;    ;             ;
; Analyze latches as synchronous elements               ; Off                ;      ;    ;             ;
; Enable Recovery/Removal analysis                      ; Off                ;      ;    ;             ;
; Enable Clock Latency                                  ; Off                ;      ;    ;             ;
+-------------------------------------------------------+--------------------+------+----+-------------+


+----------------------------------------------------------+
; tpd                                                      ;
+-------+-------------------+-----------------+------+-----+
; Slack ; Required P2P Time ; Actual P2P Time ; From ; To  ;
+-------+-------------------+-----------------+------+-----+
; N/A   ; None              ; 10.245 ns       ; y[1] ; xgy ;
; N/A   ; None              ; 10.213 ns       ; y[0] ; xgy ;
; N/A   ; None              ; 10.028 ns       ; x[0] ; xgy ;
; N/A   ; None              ; 9.972 ns        ; x[1] ; xgy ;
; N/A   ; None              ; 9.758 ns        ; y[1] ; xly ;
; N/A   ; None              ; 9.726 ns        ; y[0] ; xly ;
; N/A   ; None              ; 9.541 ns        ; x[0] ; xly ;
; N/A   ; None              ; 9.486 ns        ; xgy0 ; xgy ;
; N/A   ; None              ; 9.485 ns        ; x[1] ; xly ;
; N/A   ; None              ; 9.442 ns        ; y[2] ; xgy ;
; N/A   ; None              ; 9.370 ns        ; y[2] ; xly ;
; N/A   ; None              ; 9.291 ns        ; y[2] ; xey ;
; N/A   ; None              ; 9.267 ns        ; y[1] ; xey ;
; N/A   ; None              ; 9.255 ns        ; x[2] ; xgy ;
; N/A   ; None              ; 9.235 ns        ; y[0] ; xey ;
; N/A   ; None              ; 9.191 ns        ; x[2] ; xly ;
; N/A   ; None              ; 9.104 ns        ; x[2] ; xey ;
; N/A   ; None              ; 9.092 ns        ; xly0 ; xly ;
; N/A   ; None              ; 9.050 ns        ; x[0] ; xey ;
; N/A   ; None              ; 8.994 ns        ; x[1] ; xey ;
; N/A   ; None              ; 8.986 ns        ; y[3] ; xgy ;
; N/A   ; None              ; 8.915 ns        ; y[3] ; xly ;
; N/A   ; None              ; 8.835 ns        ; y[3] ; xey ;
; N/A   ; None              ; 8.796 ns        ; x[3] ; xgy ;
; N/A   ; None              ; 8.732 ns        ; x[3] ; xly ;
; N/A   ; None              ; 8.714 ns        ; xey0 ; xey ;
; N/A   ; None              ; 8.645 ns        ; x[3] ; xey ;
+-------+-------------------+-----------------+------+-----+


+--------------------------+
; Timing Analyzer Messages ;
+--------------------------+
Info: *******************************************************************
Info: Running Quartus II Timing Analyzer
    Info: Version 5.0 Build 148 04/26/2005 SJ Full Version
    Info: Processing started: Tue Nov 20 19:04:04 2018
Info: Command: quartus_tan --read_settings_files=off --write_settings_files=off cmp4_s -c cmp4_s --timing_analysis_only
Info: Longest tpd from source pin "y[1]" to destination pin "xgy" is 10.245 ns
    Info: 1: + IC(0.000 ns) + CELL(1.087 ns) = 1.087 ns; Loc. = PIN_AB4; Fanout = 2; PIN Node = 'y[1]'
    Info: 2: + IC(3.825 ns) + CELL(0.280 ns) = 5.192 ns; Loc. = LC_X52_Y1_N1; Fanout = 3; COMB Node = 'cmp_p:cmp_2|xey~76'
    Info: 3: + IC(0.347 ns) + CELL(0.280 ns) = 5.819 ns; Loc. = LC_X52_Y1_N8; Fanout = 1; COMB Node = 'cmp_p:cmp_2|xgy~68'
    Info: 4: + IC(0.322 ns) + CELL(0.366 ns) = 6.507 ns; Loc. = LC_X52_Y1_N4; Fanout = 1; COMB Node = 'cmp_p:cmp_2|xgy~69'
    Info: 5: + IC(1.334 ns) + CELL(2.404 ns) = 10.245 ns; Loc. = PIN_Y4; Fanout = 0; PIN Node = 'xgy'
    Info: Total cell delay = 4.417 ns ( 43.11 % )
    Info: Total interconnect delay = 5.828 ns ( 56.89 % )
Info: Quartus II Timing Analyzer was successful. 0 errors, 0 warnings
    Info: Processing ended: Tue Nov 20 19:04:04 2018
    Info: Elapsed time: 00:00:00


