Timing Analyzer report for p5_7493
Thu Oct 25 18:37:30 2018
Version 5.0 Build 148 04/26/2005 SJ Full Version


---------------------
; Table of Contents ;
---------------------
  1. Legal Notice
  2. Timing Analyzer Summary
  3. Timing Analyzer Settings
  4. Clock Settings Summary
  5. Clock Setup: 'c'
  6. tco
  7. Timing Analyzer Messages



----------------
; Legal Notice ;
----------------
Copyright (C) 1991-2005 Altera Corporation
Your use of Altera Corporation's design tools, logic functions 
and other software and tools, and its AMPP partner logic       
functions, and any output files any of the foregoing           
(including device programming or simulation files), and any    
associated documentation or information are expressly subject  
to the terms and conditions of the Altera Program License      
Subscription Agreement, Altera MegaCore Function License       
Agreement, or other applicable license agreement, including,   
without limitation, that your use is for the sole purpose of   
programming logic devices manufactured by Altera and sold by   
Altera or its authorized distributors.  Please refer to the    
applicable agreement for further details.



+----------------------------------------------------------------------------------------------------------------------------------------------------------------------------+
; Timing Analyzer Summary                                                                                                                                                    ;
+------------------------------+-------+---------------+------------------------------------------------+--------------+--------------+------------+----------+--------------+
; Type                         ; Slack ; Required Time ; Actual Time                                    ; From         ; To           ; From Clock ; To Clock ; Failed Paths ;
+------------------------------+-------+---------------+------------------------------------------------+--------------+--------------+------------+----------+--------------+
; Worst-case tco               ; N/A   ; None          ; 9.712 ns                                       ; 7493:inst|15 ; q1           ; c          ;          ; 0            ;
; Clock Setup: 'c'             ; N/A   ; None          ; Restricted to 422.12 MHz ( period = 2.369 ns ) ; 7493:inst|15 ; 7493:inst|13 ; c          ; c        ; 0            ;
; Total number of failed paths ;       ;               ;                                                ;              ;              ;            ;          ; 0            ;
+------------------------------+-------+---------------+------------------------------------------------+--------------+--------------+------------+----------+--------------+


+------------------------------------------------------------------------------------------------------+
; Timing Analyzer Settings                                                                             ;
+-------------------------------------------------------+--------------------+------+----+-------------+
; Option                                                ; Setting            ; From ; To ; Entity Name ;
+-------------------------------------------------------+--------------------+------+----+-------------+
; Device Name                                           ; EP1S10F484C5       ;      ;    ;             ;
; Timing Models                                         ; Final              ;      ;    ;             ;
; Number of source nodes to report per destination node ; 10                 ;      ;    ;             ;
; Number of destination nodes to report                 ; 10                 ;      ;    ;             ;
; Number of paths to report                             ; 200                ;      ;    ;             ;
; Report Minimum Timing Checks                          ; Off                ;      ;    ;             ;
; Use Fast Timing Models                                ; Off                ;      ;    ;             ;
; Report IO Paths Separately                            ; Off                ;      ;    ;             ;
; Default hold multicycle                               ; Same as Multicycle ;      ;    ;             ;
; Cut paths between unrelated clock domains             ; On                 ;      ;    ;             ;
; Cut off read during write signal paths                ; On                 ;      ;    ;             ;
; Cut off feedback from I/O pins                        ; On                 ;      ;    ;             ;
; Report Combined Fast/Slow Timing                      ; Off                ;      ;    ;             ;
; Ignore Clock Settings                                 ; Off                ;      ;    ;             ;
; Analyze latches as synchronous elements               ; Off                ;      ;    ;             ;
; Enable Recovery/Removal analysis                      ; Off                ;      ;    ;             ;
; Enable Clock Latency                                  ; Off                ;      ;    ;             ;
+-------------------------------------------------------+--------------------+------+----+-------------+


+------------------------------------------------------------------------------------------------------------------------------------------------------------------------------------+
; Clock Settings Summary                                                                                                                                                             ;
+-----------------+--------------------+----------+------------------+---------------+--------------+----------+-----------------------+---------------------+--------+--------------+
; Clock Node Name ; Clock Setting Name ; Type     ; Fmax Requirement ; Early Latency ; Late Latency ; Based on ; Multiply Base Fmax by ; Divide Base Fmax by ; Offset ; Phase offset ;
+-----------------+--------------------+----------+------------------+---------------+--------------+----------+-----------------------+---------------------+--------+--------------+
; c               ;                    ; User Pin ; NONE             ; 0.000 ns      ; 0.000 ns     ; NONE     ; N/A                   ; N/A                 ; N/A    ;              ;
+-----------------+--------------------+----------+------------------+---------------+--------------+----------+-----------------------+---------------------+--------+--------------+


+--------------------------------------------------------------------------------------------------------------------------------------------------------------------------------------------------+
; Clock Setup: 'c'                                                                                                                                                                                 ;
+-------+------------------------------------------------+--------------+--------------+------------+----------+-----------------------------+---------------------------+-------------------------+
; Slack ; Actual fmax (period)                           ; From         ; To           ; From Clock ; To Clock ; Required Setup Relationship ; Required Longest P2P Time ; Actual Longest P2P Time ;
+-------+------------------------------------------------+--------------+--------------+------------+----------+-----------------------------+---------------------------+-------------------------+
; N/A   ; Restricted to 422.12 MHz ( period = 2.369 ns ) ; 7493:inst|15 ; 7493:inst|13 ; c          ; c        ; None                        ; None                      ; 1.658 ns                ;
; N/A   ; Restricted to 422.12 MHz ( period = 2.369 ns ) ; 7493:inst|14 ; 7493:inst|13 ; c          ; c        ; None                        ; None                      ; 1.624 ns                ;
; N/A   ; Restricted to 422.12 MHz ( period = 2.369 ns ) ; 7493:inst|15 ; 7493:inst|14 ; c          ; c        ; None                        ; None                      ; 1.253 ns                ;
; N/A   ; Restricted to 422.12 MHz ( period = 2.369 ns ) ; 7493:inst|14 ; 7493:inst|14 ; c          ; c        ; None                        ; None                      ; 0.725 ns                ;
; N/A   ; Restricted to 422.12 MHz ( period = 2.369 ns ) ; 7493:inst|15 ; 7493:inst|15 ; c          ; c        ; None                        ; None                      ; 0.603 ns                ;
; N/A   ; Restricted to 422.12 MHz ( period = 2.369 ns ) ; 7493:inst|16 ; 7493:inst|16 ; c          ; c        ; None                        ; None                      ; 0.603 ns                ;
+-------+------------------------------------------------+--------------+--------------+------------+----------+-----------------------------+---------------------------+-------------------------+


+--------------------------------------------------------------------+
; tco                                                                ;
+-------+--------------+------------+--------------+----+------------+
; Slack ; Required tco ; Actual tco ; From         ; To ; From Clock ;
+-------+--------------+------------+--------------+----+------------+
; N/A   ; None         ; 9.712 ns   ; 7493:inst|15 ; q1 ; c          ;
; N/A   ; None         ; 9.512 ns   ; 7493:inst|14 ; q2 ; c          ;
; N/A   ; None         ; 9.101 ns   ; 7493:inst|13 ; q3 ; c          ;
; N/A   ; None         ; 5.644 ns   ; 7493:inst|16 ; q0 ; c          ;
+-------+--------------+------------+--------------+----+------------+


+--------------------------+
; Timing Analyzer Messages ;
+--------------------------+
Info: *******************************************************************
Info: Running Quartus II Timing Analyzer
    Info: Version 5.0 Build 148 04/26/2005 SJ Full Version
    Info: Processing started: Thu Oct 25 18:37:30 2018
Info: Command: quartus_tan --read_settings_files=off --write_settings_files=off p5_7493 -c p5_7493 --timing_analysis_only
Warning: Found pins functioning as undefined clocks and/or memory enables
    Info: Assuming node "c" is an undefined clock
Warning: Found 1 node(s) in clock paths which may be acting as ripple and/or gated clocks -- node(s) analyzed as buffer(s) resulting in clock skew
    Info: Detected ripple clock "7493:inst|16" as buffer
Info: Clock "c" Internal fmax is restricted to 422.12 MHz between source register "7493:inst|15" and destination register "7493:inst|13"
    Info: fmax restricted to clock pin edge rate 2.369 ns. Expand message to see actual delay path.
        Info: + Longest register to register delay is 1.658 ns
            Info: 1: + IC(0.000 ns) + CELL(0.000 ns) = 0.000 ns; Loc. = LC_X2_Y20_N2; Fanout = 4; REG Node = '7493:inst|15'
            Info: 2: + IC(0.552 ns) + CELL(0.075 ns) = 0.627 ns; Loc. = LC_X1_Y20_N4; Fanout = 1; COMB Node = '7493:inst|39'
            Info: 3: + IC(0.326 ns) + CELL(0.705 ns) = 1.658 ns; Loc. = LC_X1_Y20_N6; Fanout = 5; REG Node = '7493:inst|13'
            Info: Total cell delay = 0.780 ns ( 47.04 % )
            Info: Total interconnect delay = 0.878 ns ( 52.96 % )
        Info: - Smallest clock skew is 0.000 ns
            Info: + Shortest clock path from clock "c" to destination register is 5.774 ns
                Info: 1: + IC(0.000 ns) + CELL(0.725 ns) = 0.725 ns; Loc. = PIN_L22; Fanout = 1; CLK Node = 'c'
                Info: 2: + IC(0.609 ns) + CELL(0.698 ns) = 2.032 ns; Loc. = LC_X1_Y19_N2; Fanout = 5; REG Node = '7493:inst|16'
                Info: 3: + IC(3.200 ns) + CELL(0.542 ns) = 5.774 ns; Loc. = LC_X1_Y20_N6; Fanout = 5; REG Node = '7493:inst|13'
                Info: Total cell delay = 1.965 ns ( 34.03 % )
                Info: Total interconnect delay = 3.809 ns ( 65.97 % )
            Info: - Longest clock path from clock "c" to source register is 5.774 ns
                Info: 1: + IC(0.000 ns) + CELL(0.725 ns) = 0.725 ns; Loc. = PIN_L22; Fanout = 1; CLK Node = 'c'
                Info: 2: + IC(0.609 ns) + CELL(0.698 ns) = 2.032 ns; Loc. = LC_X1_Y19_N2; Fanout = 5; REG Node = '7493:inst|16'
                Info: 3: + IC(3.200 ns) + CELL(0.542 ns) = 5.774 ns; Loc. = LC_X2_Y20_N2; Fanout = 4; REG Node = '7493:inst|15'
                Info: Total cell delay = 1.965 ns ( 34.03 % )
                Info: Total interconnect delay = 3.809 ns ( 65.97 % )
        Info: + Micro clock to output delay of source is 0.156 ns
        Info: + Micro setup delay of destination is 0.010 ns
Info: tco from clock "c" to destination pin "q1" through register "7493:inst|15" is 9.712 ns
    Info: + Longest clock path from clock "c" to source register is 5.774 ns
        Info: 1: + IC(0.000 ns) + CELL(0.725 ns) = 0.725 ns; Loc. = PIN_L22; Fanout = 1; CLK Node = 'c'
        Info: 2: + IC(0.609 ns) + CELL(0.698 ns) = 2.032 ns; Loc. = LC_X1_Y19_N2; Fanout = 5; REG Node = '7493:inst|16'
        Info: 3: + IC(3.200 ns) + CELL(0.542 ns) = 5.774 ns; Loc. = LC_X2_Y20_N2; Fanout = 4; REG Node = '7493:inst|15'
        Info: Total cell delay = 1.965 ns ( 34.03 % )
        Info: Total interconnect delay = 3.809 ns ( 65.97 % )
    Info: + Micro clock to output delay of source is 0.156 ns
    Info: + Longest register to pin delay is 3.782 ns
        Info: 1: + IC(0.000 ns) + CELL(0.000 ns) = 0.000 ns; Loc. = LC_X2_Y20_N2; Fanout = 4; REG Node = '7493:inst|15'
        Info: 2: + IC(1.406 ns) + CELL(2.376 ns) = 3.782 ns; Loc. = PIN_H21; Fanout = 0; PIN Node = 'q1'
        Info: Total cell delay = 2.376 ns ( 62.82 % )
        Info: Total interconnect delay = 1.406 ns ( 37.18 % )
Info: Quartus II Timing Analyzer was successful. 0 errors, 2 warnings
    Info: Processing ended: Thu Oct 25 18:37:30 2018
    Info: Elapsed time: 00:00:00


