Project Information                            c:\projects\memory\memory_4.rpt

MAX+plus II Compiler Report File
Version 9.01 07/30/98
Compiled: 12/24/20 15:16:04

Copyright (C) 1988-1998 Altera Corporation
Any megafunction design, and related net list (encrypted or decrypted),
support information, device programming or simulation file, and any other
associated documentation or information provided by Altera or a partner
under Altera's Megafunction Partnership Program may be used only to
program PLD devices (but not masked PLD devices) from Altera.  Any other
use of such megafunction design, net list, support information, device
programming or simulation file, or any other related documentation or
information is prohibited for any other purpose, including, but not
limited to modification, reverse engineering, de-compiling, or use with
any other silicon devices, unless such use is explicitly licensed under
a separate agreement with Altera or a megafunction partner.  Title to
the intellectual property, including patents, copyrights, trademarks,
trade secrets, or maskworks, embodied in any such megafunction design,
net list, support information, device programming or simulation file, or
any other related documentation or information provided by Altera or a
megafunction partner, remains with Altera, the megafunction partner, or
their respective licensors.  No other licenses, including any licenses
needed under any third party's intellectual property, are provided herein.



***** Project compilation was successful




** DEVICE SUMMARY **

Chip/                     Input Output Bidir  Memory  Memory  			 LCs
POF       Device          Pins  Pins   Pins   Bits % Utilized  LCs  % Utilized

memory_4
      EPF10K100BQC208-1    19     8      0    8192      33 %    0        0  %

User Pins:                 19     8      0  



Project Information                            c:\projects\memory\memory_4.rpt

** PROJECT TIMING MESSAGES **

Warning: Timing characteristics of device EPF10K100BQC208-1 are preliminary


Project Information                            c:\projects\memory\memory_4.rpt

** EMBEDDED ARRAYS **


|LPM_RAM_DQ:10|altram:sram|content: MEMORY (
               width        =    8;
               depth        = 1024;
               segmentsize  = 1024;
               mode         = 0;
         )
         OF SEGMENTS (
               |LPM_RAM_DQ:10|altram:sram|segment0_7,
               |LPM_RAM_DQ:10|altram:sram|segment0_6,
               |LPM_RAM_DQ:10|altram:sram|segment0_5,
               |LPM_RAM_DQ:10|altram:sram|segment0_4,
               |LPM_RAM_DQ:10|altram:sram|segment0_3,
               |LPM_RAM_DQ:10|altram:sram|segment0_2,
               |LPM_RAM_DQ:10|altram:sram|segment0_1,
               |LPM_RAM_DQ:10|altram:sram|segment0_0
);




Project Information                            c:\projects\memory\memory_4.rpt

** FILE HIERARCHY **



|lpm_ram_dq:10|
|lpm_ram_dq:10|altram:sram|


Device-Specific Information:                   c:\projects\memory\memory_4.rpt
memory_4

***** Logic for device 'memory_4' compiled without errors.




Device: EPF10K100BQC208-1

FLEX 10K Configuration Scheme: Passive Serial

Device Options:
    User-Supplied Start-Up Clock               = OFF
    Auto-Restart Configuration on Frame Error  = OFF
    Release Clears Before Tri-States           = OFF
    Enable Chip_Wide Reset                     = OFF
    Enable Chip-Wide Output Enable             = OFF
    Enable INIT_DONE Output                    = OFF
    JTAG User Code                             = 7f
    MultiVolt I/O                              = OFF

                                                                                                                         
                                                                                                                         
                R R R R R R R   R R R R R R   R R R R R   R R           R R   R R R R R R   R R R R R   R R R R R R R    
                E E E E E E E   E E E E E E   E E E E E   E E           E E   E E E E E E   E E E E E   E E E E E E E    
                S S S S S S S   S S S S S S   S S S S S   S S G       V S S   S S S S S S   S S S S S   S S S S S S S    
                E E E E E E E G E E E E E E V E E E E E G E E N       C E E V E E E E E E G E E E E E V E E E E E E E    
                R R R R R R R N R R R R R R C R R R R R N R R D       C R R C R R R R R R N R R R R R C R R R R R R R    
                V V V V V V V D V V V V V V C V V V V V D V V I A A A I V V C V V V V V V D V V V V V C V V V V V V V A  
                E E E E E E E I E E E E E E I E E E E E I E E N D D D N E E I E E E E E E I E E E E E I E E E E E E E D  
                D D D D D D D O D D D D D D O D D D D D O D D T 0 3 4 T D D O D D D D D D O D D D D D O D D D D D D D 7  
              ----------------------------------------------------------------------------------------------------------_ 
             / 208 206 204 202 200 198 196 194 192 190 188 186 184 182 180 178 176 174 172 170 168 166 164 162 160 158   |_ 
            /    207 205 203 201 199 197 195 193 191 189 187 185 183 181 179 177 175 173 171 169 167 165 163 161 159 157    | 
      #TCK |  1                                                                                                         156 | ^DATA0 
^CONF_DONE |  2                                                                                                         155 | ^DCLK 
     ^nCEO |  3                                                                                                         154 | ^nCE 
      #TDO |  4                                                                                                         153 | #TDI 
     VCCIO |  5                                                                                                         152 | GNDIO 
    VCCINT |  6                                                                                                         151 | GNDINT 
        D1 |  7                                                                                                         150 | RESERVED 
        Q2 |  8                                                                                                         149 | D0 
        Q1 |  9                                                                                                         148 | RESERVED 
        Q0 | 10                                                                                                         147 | RESERVED 
  RESERVED | 11                                                                                                         146 | VCCIO 
        D2 | 12                                                                                                         145 | VCCINT 
        Q3 | 13                                                                                                         144 | D3 
  RESERVED | 14                                                                                                         143 | RESERVED 
        D4 | 15                                                                                                         142 | RESERVED 
        Q7 | 16                                                                                                         141 | RESERVED 
        D7 | 17                                                                                                         140 | Q5 
        D6 | 18                                                                                                         139 | D5 
        Q6 | 19                                                                                                         138 | VCCIO 
     GNDIO | 20                                                                                                         137 | VCCINT 
    GNDINT | 21                                                                                                         136 | Q4 
     VCCIO | 22                                                                                                         135 | RESERVED 
    VCCINT | 23                                                                                                         134 | RESERVED 
  RESERVED | 24                                                                                                         133 | RESERVED 
  RESERVED | 25                                                                                                         132 | RESERVED 
  RESERVED | 26                                                                                                         131 | RESERVED 
  RESERVED | 27                                            EPF10K100BQC208-1                                            130 | GNDIO 
  RESERVED | 28                                                                                                         129 | GNDINT 
  RESERVED | 29                                                                                                         128 | RESERVED 
  RESERVED | 30                                                                                                         127 | RESERVED 
  RESERVED | 31                                                                                                         126 | RESERVED 
     GNDIO | 32                                                                                                         125 | RESERVED 
    GNDINT | 33                                                                                                         124 | GNDIO 
     VCCIO | 34                                                                                                         123 | GNDINT 
    VCCINT | 35                                                                                                         122 | RESERVED 
  RESERVED | 36                                                                                                         121 | RESERVED 
  RESERVED | 37                                                                                                         120 | RESERVED 
  RESERVED | 38                                                                                                         119 | RESERVED 
  RESERVED | 39                                                                                                         118 | VCCIO 
  RESERVED | 40                                                                                                         117 | VCCINT 
  RESERVED | 41                                                                                                         116 | RESERVED 
     VCCIO | 42                                                                                                         115 | RESERVED 
    VCCINT | 43                                                                                                         114 | RESERVED 
  RESERVED | 44                                                                                                         113 | RESERVED 
  RESERVED | 45                                                                                                         112 | RESERVED 
  RESERVED | 46                                                                                                         111 | RESERVED 
  RESERVED | 47                                                                                                         110 | VCCIO 
     GNDIO | 48                                                                                                         109 | VCCINT 
    GNDINT | 49                                                                                                         108 | ^MSEL0 
      #TMS | 50                                                                                                         107 | ^MSEL1 
    #nTRST | 51                                                                                                         106 | VCCINT 
  ^nSTATUS | 52                                                                                                         105 | ^nCONFIG 
           |      54  56  58  60  62  64  66  68  70  72  74  76  78  80  82  84  86  88  90  92  94  96  98 100 102 104  _| 
            \   53  55  57  59  61  63  65  67  69  71  73  75  77  79  81  83  85  87  89  91  93  95  97  99 101 103   | 
             \----------------------------------------------------------------------------------------------------------- 
                R R R R R R G R R R R R R V R R R R R G R R R V V A A W G G R V R R R R R R G R R R R A R V R A R R A A  
                E E E E E E N E E E E E E C E E E E E N E E E C C D D E N N E C E E E E E E N E E E E D E C E D E E D D  
                S S S S S S D S S S S S S C S S S S S D S S S C C 1 2   D D S C S S S S S S D S S S S 8 S C S 9 S S 6 5  
                E E E E E E I E E E E E E I E E E E E I E E E I I       I I E I E E E E E E I E E E E   E I E   E E      
                R R R R R R O R R R R R R O R R R R R O R R R N N       N N R O R R R R R R O R R R R   R O R   R R      
                V V V V V V   V V V V V V   V V V V V   V V V T T       T T V   V V V V V V   V V V V   V   V   V V      
                E E E E E E   E E E E E E   E E E E E   E E E               E   E E E E E E   E E E E   E   E   E E      
                D D D D D D   D D D D D D   D D D D D   D D D               D   D D D D D D   D D D D   D   D   D D      
                                                                                                                         
                                                                                                                         


N.C. = Not Connected.
VCCINT = Dedicated power pin, which MUST be connected to VCC (2.5 volts).
VCCIO = Dedicated power pin, which MUST be connected to VCC (2.5 volts).
GNDINT = Dedicated ground pin or unused dedicated input, which MUST be connected to GND.
GNDIO = Dedicated ground pin, which MUST be connected to GND.
RESERVED = Unused I/O pin, which MUST be left unconnected.

^ = Dedicated configuration pin.
+ = Reserved configuration pin, which is tri-stated during user mode.
* = Reserved configuration pin, which drives out in user mode.
PDn = Power Down pin. 
@ = Special-purpose pin. 
# = JTAG Boundary-Scan Testing/In-System Programming or Configuration Pin. The JTAG inputs (TMS, TCK, TDI) should be tied to VCC when not in use.
& = JTAG pin used for I/O. When used as user I/O, JTAG pins must be kept stable before and during configuration.  JTAG pin stability prevents accidental loading of JTAG instructions.
$ = Pin has PCI I/O option enabled. Pin is neither '5.0 V'- nor '3.3 V'-tolerant. 


Device-Specific Information:                   c:\projects\memory\memory_4.rpt
memory_4

** RESOURCE USAGE **

Logic                Column       Row                                   
Array                Interconnect Interconnect         Clears/     External  
Block   Logic Cells  Driven       Driven       Clocks  Presets   Interconnect


Embedded             Column       Row                                   
Array     Embedded   Interconnect Interconnect         Read/      External  
Block     Cells      Driven       Driven       Clocks  Write    Interconnect
A53      8/8 (100%)   0/8 (  0%)   2/8 ( 25%)    0/2    2/2      12/26( 46%)   
B53      8/8 (100%)   1/8 ( 12%)   1/8 ( 12%)    0/2    2/2      12/26( 46%)   
C53      8/8 (100%)   0/8 (  0%)   2/8 ( 25%)    0/2    2/2      12/26( 46%)   
D53      8/8 (100%)   0/8 (  0%)   2/8 ( 25%)    0/2    2/2      12/26( 46%)   


Total dedicated input pins used:                 6/6      (100%)
Total I/O pins used:                            21/141    ( 14%)
Total logic cells used:                          0/4992   (  0%)
Total embedded cells used:                      32/96     ( 33%)
Total EABs used:                                 4/12     ( 33%)
Average fan-in:                                 0.00/4    (  0%)
Total fan-in:                                   0/19968   (  0%)

Total input pins required:                      19
Total input I/O cell registers required:         0
Total output pins required:                      8
Total output I/O cell registers required:        0
Total buried I/O cell registers required:        0
Total bidirectional pins required:               0
Total reserved pins required                     0
Total logic cells required:                      0
Total flipflops required:                        0
Total packed registers required:                 0
Total logic cells in carry chains:               0
Total number of carry chains:                    0
Total logic cells in cascade chains:             0
Total number of cascade chains:                  0
Total single-pin Clock Enables required:         0
Total single-pin Output Enables required:        0

Synthesized logic cells:                         0/4992   (  0%)

Logic Cell and Embedded Cell Counts

Column:  01  02  03  04  05  06  07  08  09  10  11  12  13  14  15  16  17  18  19  20  21  22  23  24  25  26  EA  27  28  29  30  31  32  33  34  35  36  37  38  39  40  41  42  43  44  45  46  47  48  49  50  51  52  Total(LC/EC)
 A:      0   0   0   0   0   0   0   0   0   0   0   0   0   0   0   0   0   0   0   0   0   0   0   0   0   0   8   0   0   0   0   0   0   0   0   0   0   0   0   0   0   0   0   0   0   0   0   0   0   0   0   0   0      0/8  
 B:      0   0   0   0   0   0   0   0   0   0   0   0   0   0   0   0   0   0   0   0   0   0   0   0   0   0   8   0   0   0   0   0   0   0   0   0   0   0   0   0   0   0   0   0   0   0   0   0   0   0   0   0   0      0/8  
 C:      0   0   0   0   0   0   0   0   0   0   0   0   0   0   0   0   0   0   0   0   0   0   0   0   0   0   8   0   0   0   0   0   0   0   0   0   0   0   0   0   0   0   0   0   0   0   0   0   0   0   0   0   0      0/8  
 D:      0   0   0   0   0   0   0   0   0   0   0   0   0   0   0   0   0   0   0   0   0   0   0   0   0   0   8   0   0   0   0   0   0   0   0   0   0   0   0   0   0   0   0   0   0   0   0   0   0   0   0   0   0      0/8  
 E:      0   0   0   0   0   0   0   0   0   0   0   0   0   0   0   0   0   0   0   0   0   0   0   0   0   0   0   0   0   0   0   0   0   0   0   0   0   0   0   0   0   0   0   0   0   0   0   0   0   0   0   0   0      0/0  
 F:      0   0   0   0   0   0   0   0   0   0   0   0   0   0   0   0   0   0   0   0   0   0   0   0   0   0   0   0   0   0   0   0   0   0   0   0   0   0   0   0   0   0   0   0   0   0   0   0   0   0   0   0   0      0/0  
 G:      0   0   0   0   0   0   0   0   0   0   0   0   0   0   0   0   0   0   0   0   0   0   0   0   0   0   0   0   0   0   0   0   0   0   0   0   0   0   0   0   0   0   0   0   0   0   0   0   0   0   0   0   0      0/0  
 H:      0   0   0   0   0   0   0   0   0   0   0   0   0   0   0   0   0   0   0   0   0   0   0   0   0   0   0   0   0   0   0   0   0   0   0   0   0   0   0   0   0   0   0   0   0   0   0   0   0   0   0   0   0      0/0  
 I:      0   0   0   0   0   0   0   0   0   0   0   0   0   0   0   0   0   0   0   0   0   0   0   0   0   0   0   0   0   0   0   0   0   0   0   0   0   0   0   0   0   0   0   0   0   0   0   0   0   0   0   0   0      0/0  
 J:      0   0   0   0   0   0   0   0   0   0   0   0   0   0   0   0   0   0   0   0   0   0   0   0   0   0   0   0   0   0   0   0   0   0   0   0   0   0   0   0   0   0   0   0   0   0   0   0   0   0   0   0   0      0/0  
 K:      0   0   0   0   0   0   0   0   0   0   0   0   0   0   0   0   0   0   0   0   0   0   0   0   0   0   0   0   0   0   0   0   0   0   0   0   0   0   0   0   0   0   0   0   0   0   0   0   0   0   0   0   0      0/0  
 L:      0   0   0   0   0   0   0   0   0   0   0   0   0   0   0   0   0   0   0   0   0   0   0   0   0   0   0   0   0   0   0   0   0   0   0   0   0   0   0   0   0   0   0   0   0   0   0   0   0   0   0   0   0      0/0  

Total:   0   0   0   0   0   0   0   0   0   0   0   0   0   0   0   0   0   0   0   0   0   0   0   0   0   0  32   0   0   0   0   0   0   0   0   0   0   0   0   0   0   0   0   0   0   0   0   0   0   0   0   0   0      0/32 



Device-Specific Information:                   c:\projects\memory\memory_4.rpt
memory_4

** INPUTS **

                                                    Fan-In    Fan-Out
 Pin     LC     EC   Row  Col  Primitive    Code      INP  FBK  OUT  FBK  Name
 184      -     -    -    --      INPUT                 0    0    0    8  AD0
  78      -     -    -    --      INPUT                 0    0    0    8  AD1
  79      -     -    -    --      INPUT                 0    0    0    8  AD2
 183      -     -    -    --      INPUT                 0    0    0    8  AD3
 182      -     -    -    --      INPUT                 0    0    0    8  AD4
 104      -     -    -    01      INPUT                 0    0    0    8  AD5
 103      -     -    -    02      INPUT                 0    0    0    8  AD6
 157      -     -    -    09      INPUT                 0    0    0    8  AD7
  96      -     -    -    08      INPUT                 0    0    0    8  AD8
 100      -     -    -    05      INPUT                 0    0    0    8  AD9
 149      -     -    A    --      INPUT                 0    0    0    1  D0
   7      -     -    A    --      INPUT                 0    0    0    1  D1
  12      -     -    B    --      INPUT                 0    0    0    1  D2
 144      -     -    B    --      INPUT                 0    0    0    1  D3
  15      -     -    C    --      INPUT                 0    0    0    1  D4
 139      -     -    C    --      INPUT                 0    0    0    1  D5
  18      -     -    D    --      INPUT                 0    0    0    1  D6
  17      -     -    D    --      INPUT                 0    0    0    1  D7
  80      -     -    -    --      INPUT  G              0    0    0    0  WE


Code:

s = Synthesized pin or logic cell
+ = Synchronous flipflop
/ = Slow slew-rate output
! = NOT gate push-back
r = Fitter-inserted logic cell
* = PCI I/O is enabled
@ = Uses single-pin Clock Enable
& = Uses single-pin Output Enable
G = Global Source. Fan-out destinations counted here do not include destinations
that are driven using global routing resources. Refer to the Auto Global Signals,
Clock Signals, Clear Signals, Synchronous Load Signals, and Synchronous Clear Signals
Sections of this Report File for information on which signals' fan-outs are used as
Clock, Clear, Preset, Output Enable, and synchronous Load signals.


Device-Specific Information:                   c:\projects\memory\memory_4.rpt
memory_4

** OUTPUTS **

       Fed By Fed By                                Fan-In    Fan-Out
 Pin     LC     EC   Row  Col  Primitive    Code      INP  FBK  OUT  FBK  Name
  10      -     -    A    --     OUTPUT                 0    1    0    0  Q0
   9      -     -    A    --     OUTPUT                 0    1    0    0  Q1
   8      -     -    A    --     OUTPUT                 0    1    0    0  Q2
  13      -     -    B    --     OUTPUT                 0    1    0    0  Q3
 136      -     -    C    --     OUTPUT                 0    1    0    0  Q4
 140      -     -    C    --     OUTPUT                 0    1    0    0  Q5
  19      -     -    D    --     OUTPUT                 0    1    0    0  Q6
  16      -     -    D    --     OUTPUT                 0    1    0    0  Q7


Code:

s = Synthesized pin or logic cell
+ = Synchronous flipflop
/ = Slow slew-rate output
! = NOT gate push-back
r = Fitter-inserted logic cell
* = PCI I/O is enabled
@ = Uses single-pin Clock Enable
& = Uses single-pin Output Enable


Device-Specific Information:                   c:\projects\memory\memory_4.rpt
memory_4

** BURIED LOGIC **

                                                    Fan-In    Fan-Out
 IOC     LC     EC   Row  Col  Primitive    Code      INP  FBK  OUT  FBK  Name
   -      -     2    A    --   MEM_SGMT               11    0    1    0  |LPM_RAM_DQ:10|altram:sram|segment0_0
   -      -     1    A    --   MEM_SGMT               11    0    1    0  |LPM_RAM_DQ:10|altram:sram|segment0_1
   -      -     1    B    --   MEM_SGMT               11    0    1    0  |LPM_RAM_DQ:10|altram:sram|segment0_2
   -      -     2    B    --   MEM_SGMT               11    0    1    0  |LPM_RAM_DQ:10|altram:sram|segment0_3
   -      -     2    C    --   MEM_SGMT               11    0    1    0  |LPM_RAM_DQ:10|altram:sram|segment0_4
   -      -     1    C    --   MEM_SGMT               11    0    1    0  |LPM_RAM_DQ:10|altram:sram|segment0_5
   -      -     2    D    --   MEM_SGMT               11    0    1    0  |LPM_RAM_DQ:10|altram:sram|segment0_6
   -      -     1    D    --   MEM_SGMT               11    0    1    0  |LPM_RAM_DQ:10|altram:sram|segment0_7


Code:

s = Synthesized pin or logic cell
+ = Synchronous flipflop
/ = Slow slew-rate output
! = NOT gate push-back
r = Fitter-inserted logic cell
* = PCI I/O is enabled
p = Packed register


Device-Specific Information:                   c:\projects\memory\memory_4.rpt
memory_4

** FASTTRACK INTERCONNECT UTILIZATION **

Row FastTrack Interconnect:

          Global         Left Half-      Right Half-
         FastTrack       FastTrack       FastTrack 
Row     Interconnect    Interconnect    Interconnect    Input Pins     Output Pins     Bidir Pins
A:       5/208(  2%)     5/104(  4%)     0/104(  0%)    2/16( 12%)      3/16( 18%)     0/16(  0%)
B:       3/208(  1%)     5/104(  4%)     0/104(  0%)    2/16( 12%)      1/16(  6%)     0/16(  0%)
C:       4/208(  1%)     5/104(  4%)     0/104(  0%)    2/16( 12%)      2/16( 12%)     0/16(  0%)
D:       4/208(  1%)     5/104(  4%)     0/104(  0%)    2/16( 12%)      2/16( 12%)     0/16(  0%)
E:       0/208(  0%)     0/104(  0%)     0/104(  0%)    0/16(  0%)      0/16(  0%)     0/16(  0%)
F:       0/208(  0%)     0/104(  0%)     0/104(  0%)    0/16(  0%)      0/16(  0%)     0/16(  0%)
G:       0/208(  0%)     0/104(  0%)     0/104(  0%)    0/16(  0%)      0/16(  0%)     0/16(  0%)
H:       0/208(  0%)     0/104(  0%)     0/104(  0%)    0/16(  0%)      0/16(  0%)     0/16(  0%)
I:       0/208(  0%)     0/104(  0%)     0/104(  0%)    0/16(  0%)      0/16(  0%)     0/16(  0%)
J:       0/208(  0%)     0/104(  0%)     0/104(  0%)    0/16(  0%)      0/16(  0%)     0/16(  0%)
K:       0/208(  0%)     0/104(  0%)     0/104(  0%)    0/16(  0%)      0/16(  0%)     0/16(  0%)
L:       0/208(  0%)     0/104(  0%)     0/104(  0%)    0/16(  0%)      0/16(  0%)     0/16(  0%)


Column FastTrack Interconnect:

         FastTrack                                 
Column  Interconnect    Input Pins     Output Pins     Bidir Pins
01:      1/24(  4%)     1/4( 25%)      0/4(  0%)       0/4(  0%)
02:      1/24(  4%)     1/4( 25%)      0/4(  0%)       0/4(  0%)
03:      0/24(  0%)     0/4(  0%)      0/4(  0%)       0/4(  0%)
04:      0/24(  0%)     0/4(  0%)      0/4(  0%)       0/4(  0%)
05:      1/24(  4%)     1/4( 25%)      0/4(  0%)       0/4(  0%)
06:      0/24(  0%)     0/4(  0%)      0/4(  0%)       0/4(  0%)
07:      0/24(  0%)     0/4(  0%)      0/4(  0%)       0/4(  0%)
08:      1/24(  4%)     1/4( 25%)      0/4(  0%)       0/4(  0%)
09:      1/24(  4%)     1/4( 25%)      0/4(  0%)       0/4(  0%)
10:      0/24(  0%)     0/4(  0%)      0/4(  0%)       0/4(  0%)
11:      0/24(  0%)     0/4(  0%)      0/4(  0%)       0/4(  0%)
12:      0/24(  0%)     0/4(  0%)      0/4(  0%)       0/4(  0%)
13:      0/24(  0%)     0/4(  0%)      0/4(  0%)       0/4(  0%)
14:      0/24(  0%)     0/4(  0%)      0/4(  0%)       0/4(  0%)
15:      0/24(  0%)     0/4(  0%)      0/4(  0%)       0/4(  0%)
16:      0/24(  0%)     0/4(  0%)      0/4(  0%)       0/4(  0%)
17:      0/24(  0%)     0/4(  0%)      0/4(  0%)       0/4(  0%)
18:      0/24(  0%)     0/4(  0%)      0/4(  0%)       0/4(  0%)
19:      0/24(  0%)     0/4(  0%)      0/4(  0%)       0/4(  0%)
20:      0/24(  0%)     0/4(  0%)      0/4(  0%)       0/4(  0%)
21:      0/24(  0%)     0/4(  0%)      0/4(  0%)       0/4(  0%)
22:      0/24(  0%)     0/4(  0%)      0/4(  0%)       0/4(  0%)
23:      0/24(  0%)     0/4(  0%)      0/4(  0%)       0/4(  0%)
24:      0/24(  0%)     0/4(  0%)      0/4(  0%)       0/4(  0%)
25:      0/24(  0%)     0/4(  0%)      0/4(  0%)       0/4(  0%)
26:      0/24(  0%)     0/4(  0%)      0/4(  0%)       0/4(  0%)
27:      0/24(  0%)     0/4(  0%)      0/4(  0%)       0/4(  0%)
28:      0/24(  0%)     0/4(  0%)      0/4(  0%)       0/4(  0%)
29:      0/24(  0%)     0/4(  0%)      0/4(  0%)       0/4(  0%)
30:      0/24(  0%)     0/4(  0%)      0/4(  0%)       0/4(  0%)
31:      0/24(  0%)     0/4(  0%)      0/4(  0%)       0/4(  0%)
32:      0/24(  0%)     0/4(  0%)      0/4(  0%)       0/4(  0%)
33:      0/24(  0%)     0/4(  0%)      0/4(  0%)       0/4(  0%)
34:      0/24(  0%)     0/4(  0%)      0/4(  0%)       0/4(  0%)
35:      0/24(  0%)     0/4(  0%)      0/4(  0%)       0/4(  0%)
36:      0/24(  0%)     0/4(  0%)      0/4(  0%)       0/4(  0%)
37:      0/24(  0%)     0/4(  0%)      0/4(  0%)       0/4(  0%)
38:      0/24(  0%)     0/4(  0%)      0/4(  0%)       0/4(  0%)
39:      0/24(  0%)     0/4(  0%)      0/4(  0%)       0/4(  0%)
40:      0/24(  0%)     0/4(  0%)      0/4(  0%)       0/4(  0%)
41:      0/24(  0%)     0/4(  0%)      0/4(  0%)       0/4(  0%)
42:      0/24(  0%)     0/4(  0%)      0/4(  0%)       0/4(  0%)
43:      0/24(  0%)     0/4(  0%)      0/4(  0%)       0/4(  0%)
44:      0/24(  0%)     0/4(  0%)      0/4(  0%)       0/4(  0%)
45:      0/24(  0%)     0/4(  0%)      0/4(  0%)       0/4(  0%)
46:      0/24(  0%)     0/4(  0%)      0/4(  0%)       0/4(  0%)
47:      0/24(  0%)     0/4(  0%)      0/4(  0%)       0/4(  0%)
48:      0/24(  0%)     0/4(  0%)      0/4(  0%)       0/4(  0%)
49:      0/24(  0%)     0/4(  0%)      0/4(  0%)       0/4(  0%)
50:      0/24(  0%)     0/4(  0%)      0/4(  0%)       0/4(  0%)
51:      0/24(  0%)     0/4(  0%)      0/4(  0%)       0/4(  0%)
52:      0/24(  0%)     0/4(  0%)      0/4(  0%)       0/4(  0%)
EA:      1/24(  4%)     0/4(  0%)      0/4(  0%)       0/4(  0%)


Device-Specific Information:                   c:\projects\memory\memory_4.rpt
memory_4

** EQUATIONS **

AD0      : INPUT;
AD1      : INPUT;
AD2      : INPUT;
AD3      : INPUT;
AD4      : INPUT;
AD5      : INPUT;
AD6      : INPUT;
AD7      : INPUT;
AD8      : INPUT;
AD9      : INPUT;
D0       : INPUT;
D1       : INPUT;
D2       : INPUT;
D3       : INPUT;
D4       : INPUT;
D5       : INPUT;
D6       : INPUT;
D7       : INPUT;
WE       : INPUT;

-- Node name is 'Q0' 
-- Equation name is 'Q0', type is output 
Q0       =  _EC2_A;

-- Node name is 'Q1' 
-- Equation name is 'Q1', type is output 
Q1       =  _EC1_A;

-- Node name is 'Q2' 
-- Equation name is 'Q2', type is output 
Q2       =  _EC1_B;

-- Node name is 'Q3' 
-- Equation name is 'Q3', type is output 
Q3       =  _EC2_B;

-- Node name is 'Q4' 
-- Equation name is 'Q4', type is output 
Q4       =  _EC2_C;

-- Node name is 'Q5' 
-- Equation name is 'Q5', type is output 
Q5       =  _EC1_C;

-- Node name is 'Q6' 
-- Equation name is 'Q6', type is output 
Q6       =  _EC2_D;

-- Node name is 'Q7' 
-- Equation name is 'Q7', type is output 
Q7       =  _EC1_D;

-- Node name is '|LPM_RAM_DQ:10|altram:sram|segment0_0' from file "altram.tdf" line 98, column 12
-- Equation name is '_EC2_A', type is memory 
_EC2_A   = MEMORY_SEGMENT( D0, VCC, VCC, GLOBAL( WE), VCC, AD0, AD1, AD2, AD3, AD4, AD5, AD6, AD7, AD8, AD9, VCC,);

-- Node name is '|LPM_RAM_DQ:10|altram:sram|segment0_1' from file "altram.tdf" line 98, column 12
-- Equation name is '_EC1_A', type is memory 
_EC1_A   = MEMORY_SEGMENT( D1, VCC, VCC, GLOBAL( WE), VCC, AD0, AD1, AD2, AD3, AD4, AD5, AD6, AD7, AD8, AD9, VCC,);

-- Node name is '|LPM_RAM_DQ:10|altram:sram|segment0_2' from file "altram.tdf" line 98, column 12
-- Equation name is '_EC1_B', type is memory 
_EC1_B   = MEMORY_SEGMENT( D2, VCC, VCC, GLOBAL( WE), VCC, AD0, AD1, AD2, AD3, AD4, AD5, AD6, AD7, AD8, AD9, VCC,);

-- Node name is '|LPM_RAM_DQ:10|altram:sram|segment0_3' from file "altram.tdf" line 98, column 12
-- Equation name is '_EC2_B', type is memory 
_EC2_B   = MEMORY_SEGMENT( D3, VCC, VCC, GLOBAL( WE), VCC, AD0, AD1, AD2, AD3, AD4, AD5, AD6, AD7, AD8, AD9, VCC,);

-- Node name is '|LPM_RAM_DQ:10|altram:sram|segment0_4' from file "altram.tdf" line 98, column 12
-- Equation name is '_EC2_C', type is memory 
_EC2_C   = MEMORY_SEGMENT( D4, VCC, VCC, GLOBAL( WE), VCC, AD0, AD1, AD2, AD3, AD4, AD5, AD6, AD7, AD8, AD9, VCC,);

-- Node name is '|LPM_RAM_DQ:10|altram:sram|segment0_5' from file "altram.tdf" line 98, column 12
-- Equation name is '_EC1_C', type is memory 
_EC1_C   = MEMORY_SEGMENT( D5, VCC, VCC, GLOBAL( WE), VCC, AD0, AD1, AD2, AD3, AD4, AD5, AD6, AD7, AD8, AD9, VCC,);

-- Node name is '|LPM_RAM_DQ:10|altram:sram|segment0_6' from file "altram.tdf" line 98, column 12
-- Equation name is '_EC2_D', type is memory 
_EC2_D   = MEMORY_SEGMENT( D6, VCC, VCC, GLOBAL( WE), VCC, AD0, AD1, AD2, AD3, AD4, AD5, AD6, AD7, AD8, AD9, VCC,);

-- Node name is '|LPM_RAM_DQ:10|altram:sram|segment0_7' from file "altram.tdf" line 98, column 12
-- Equation name is '_EC1_D', type is memory 
_EC1_D   = MEMORY_SEGMENT( D7, VCC, VCC, GLOBAL( WE), VCC, AD0, AD1, AD2, AD3, AD4, AD5, AD6, AD7, AD8, AD9, VCC,);



Project Information                            c:\projects\memory\memory_4.rpt

** COMPILATION SETTINGS & TIMES **

Processing Menu Commands
------------------------

Design Doctor                             = off

Logic Synthesis:

   Synthesis Type Used                    = Multi-Level

   Default Synthesis Style                = NORMAL

      Logic option settings in 'NORMAL' style for 'FLEX10KB' family

      CARRY_CHAIN                         = ignore
      CARRY_CHAIN_LENGTH                  = 32
      CASCADE_CHAIN                       = ignore
      CASCADE_CHAIN_LENGTH                = 2
      DECOMPOSE_GATES                     = on
      DUPLICATE_LOGIC_EXTRACTION          = on
      MINIMIZATION                        = full
      MULTI_LEVEL_FACTORING               = on
      NOT_GATE_PUSH_BACK                  = on
      REDUCE_LOGIC                        = on
      REFACTORIZATION                     = on
      REGISTER_OPTIMIZATION               = on
      RESYNTHESIZE_NETWORK                = on
      SLOW_SLEW_RATE                      = off
      SUBFACTOR_EXTRACTION                = on
      IGNORE_SOFT_BUFFERS                 = on
      USE_LPM_FOR_AHDL_OPERATORS          = off

   Other logic synthesis settings:

      Automatic Global Clock              = on
      Automatic Global Clear              = on
      Automatic Global Preset             = on
      Automatic Global Output Enable      = on
      Automatic Fast I/O                  = off
      Automatic Register Packing          = off
      Automatic Open-Drain Pins           = on
      Automatic Implement in EAB          = off
      Optimize                            = 5

Default Timing Specifications: None

Cut All Bidir Feedback Timing Paths       = on
Cut All Clear & Preset Timing Paths       = on

Ignore Timing Assignments                 = off

Functional SNF Extractor                  = off

Linked SNF Extractor                      = off
Timing SNF Extractor                      = on
Optimize Timing SNF                       = off
Generate AHDL TDO File                    = off
Fitter Settings                           = NORMAL
Smart Recompile                           = off
Total Recompile                           = off

Interfaces Menu Commands
------------------------

EDIF Netlist Writer                       = off
Verilog Netlist Writer                    = off
VHDL Netlist Writer                       = off

Compilation Times
-----------------

   Compiler Netlist Extractor             00:00:01
   Database Builder                       00:00:00
   Logic Synthesizer                      00:00:00
   Partitioner                            00:00:00
   Fitter                                 00:00:00
   Timing SNF Extractor                   00:00:00
   Assembler                              00:00:00
   --------------------------             --------
   Total Time                             00:00:01


Memory Allocated
-----------------

Peak memory allocated during compilation  = 34,255K
