Analysis & Synthesis report for reg_ind
Sun Apr 28 12:22:30 2019
Version 5.0 Build 148 04/26/2005 SJ Full Version


---------------------
; Table of Contents ;
---------------------
  1. Legal Notice
  2. Analysis & Synthesis Summary
  3. Analysis & Synthesis Settings
  4. Analysis & Synthesis Source Files Read
  5. Analysis & Synthesis Resource Usage Summary
  6. Analysis & Synthesis Resource Utilization by Entity
  7. General Register Statistics
  8. Analysis & Synthesis Equations
  9. Analysis & Synthesis Messages



----------------
; Legal Notice ;
----------------
Copyright (C) 1991-2005 Altera Corporation
Your use of Altera Corporation's design tools, logic functions 
and other software and tools, and its AMPP partner logic       
functions, and any output files any of the foregoing           
(including device programming or simulation files), and any    
associated documentation or information are expressly subject  
to the terms and conditions of the Altera Program License      
Subscription Agreement, Altera MegaCore Function License       
Agreement, or other applicable license agreement, including,   
without limitation, that your use is for the sole purpose of   
programming logic devices manufactured by Altera and sold by   
Altera or its authorized distributors.  Please refer to the    
applicable agreement for further details.



+------------------------------------------------------------------------+
; Analysis & Synthesis Summary                                           ;
+-----------------------------+------------------------------------------+
; Analysis & Synthesis Status ; Successful - Sun Apr 28 12:22:30 2019    ;
; Quartus II Version          ; 5.0 Build 148 04/26/2005 SJ Full Version ;
; Revision Name               ; reg_ind                                  ;
; Top-level Entity Name       ; reg_ind                                  ;
; Family                      ; Stratix                                  ;
; Total logic elements        ; 17                                       ;
; Total pins                  ; 11                                       ;
; Total virtual pins          ; 0                                        ;
; Total memory bits           ; 0                                        ;
; DSP block 9-bit elements    ; 0                                        ;
; Total PLLs                  ; 0                                        ;
; Total DLLs                  ; 0                                        ;
+-----------------------------+------------------------------------------+


+---------------------------------------------------------------------------------------------------+
; Analysis & Synthesis Settings                                                                     ;
+--------------------------------------------------------------------+--------------+---------------+
; Option                                                             ; Setting      ; Default Value ;
+--------------------------------------------------------------------+--------------+---------------+
; Top-level entity name                                              ; reg_ind      ; reg_ind       ;
; Family name                                                        ; Stratix      ; Stratix       ;
; Use smart compilation                                              ; Off          ; Off           ;
; Restructure Multiplexers                                           ; Auto         ; Auto          ;
; Create Debugging Nodes for IP Cores                                ; off          ; off           ;
; Preserve fewer node names                                          ; On           ; On            ;
; Disable OpenCore Plus hardware evaluation                          ; Off          ; Off           ;
; Verilog Version                                                    ; Verilog_2001 ; Verilog_2001  ;
; VHDL Version                                                       ; VHDL93       ; VHDL93        ;
; State Machine Processing                                           ; Auto         ; Auto          ;
; Extract Verilog State Machines                                     ; On           ; On            ;
; Extract VHDL State Machines                                        ; On           ; On            ;
; Add Pass-Through Logic to Inferred RAMs                            ; On           ; On            ;
; DSP Block Balancing                                                ; Auto         ; Auto          ;
; Maximum DSP Block Usage                                            ; -1           ; -1            ;
; NOT Gate Push-Back                                                 ; On           ; On            ;
; Power-Up Don't Care                                                ; On           ; On            ;
; Remove Redundant Logic Cells                                       ; Off          ; Off           ;
; Remove Duplicate Registers                                         ; On           ; On            ;
; Ignore CARRY Buffers                                               ; Off          ; Off           ;
; Ignore CASCADE Buffers                                             ; Off          ; Off           ;
; Ignore GLOBAL Buffers                                              ; Off          ; Off           ;
; Ignore ROW GLOBAL Buffers                                          ; Off          ; Off           ;
; Ignore LCELL Buffers                                               ; Off          ; Off           ;
; Ignore SOFT Buffers                                                ; On           ; On            ;
; Limit AHDL Integers to 32 Bits                                     ; Off          ; Off           ;
; Optimization Technique -- Stratix/Stratix GX                       ; Balanced     ; Balanced      ;
; Carry Chain Length -- Stratix/Stratix GX/Cyclone/MAX II/Cyclone II ; 70           ; 70            ;
; Auto Carry Chains                                                  ; On           ; On            ;
; Auto Open-Drain Pins                                               ; On           ; On            ;
; Remove Duplicate Logic                                             ; On           ; On            ;
; Perform WYSIWYG Primitive Resynthesis                              ; Off          ; Off           ;
; Perform gate-level register retiming                               ; Off          ; Off           ;
; Allow register retiming to trade off Tsu/Tco with Fmax             ; On           ; On            ;
; Auto ROM Replacement                                               ; On           ; On            ;
; Auto RAM Replacement                                               ; On           ; On            ;
; Auto DSP Block Replacement                                         ; On           ; On            ;
; Auto Shift Register Replacement                                    ; On           ; On            ;
; Auto Clock Enable Replacement                                      ; On           ; On            ;
; Allows Synchronous Control Signal Usage in Normal Mode Logic Cells ; On           ; On            ;
; Auto RAM Block Balancing                                           ; On           ; On            ;
; Auto Resource Sharing                                              ; Off          ; Off           ;
; Allow Any RAM Size For Recognition                                 ; Off          ; Off           ;
; Allow Any ROM Size For Recognition                                 ; Off          ; Off           ;
; Allow Any Shift Register Size For Recognition                      ; Off          ; Off           ;
; Maximum Number of M512 Memory Blocks                               ; -1           ; -1            ;
; Maximum Number of M4K Memory Blocks                                ; -1           ; -1            ;
; Maximum Number of M-RAM Memory Blocks                              ; -1           ; -1            ;
; Ignore translate_off and translate_on Synthesis Directives         ; Off          ; Off           ;
; Show Parameter Settings Tables in Synthesis Report                 ; On           ; On            ;
+--------------------------------------------------------------------+--------------+---------------+


+----------------------------------------------------------------------------------------------------------------+
; Analysis & Synthesis Source Files Read                                                                         ;
+----------------------------------+-----------------+------------------------+----------------------------------+
; File Name with User-Entered Path ; Used in Netlist ; File Type              ; File Name with Absolute Path     ;
+----------------------------------+-----------------+------------------------+----------------------------------+
; reg_ind.v                        ; yes             ; User Verilog HDL File  ; Z:/4th semestr/reg_ind/reg_ind.v ;
+----------------------------------+-----------------+------------------------+----------------------------------+


+---------------------------------------------+
; Analysis & Synthesis Resource Usage Summary ;
+---------------------------------+-----------+
; Resource                        ; Usage     ;
+---------------------------------+-----------+
; Total logic elements            ; 17        ;
; Total combinational functions   ; 6         ;
;     -- Total 4-input functions  ; 4         ;
;     -- Total 3-input functions  ; 1         ;
;     -- Total 2-input functions  ; 1         ;
;     -- Total 1-input functions  ; 0         ;
;     -- Total 0-input functions  ; 0         ;
; Combinational cells for routing ; 0         ;
; Total registers                 ; 12        ;
; I/O pins                        ; 11        ;
; Maximum fan-out node            ; write_clk ;
; Maximum fan-out                 ; 8         ;
; Total fan-out                   ; 47        ;
; Average fan-out                 ; 1.68      ;
+---------------------------------+-----------+


+--------------------------------------------------------------------------------------------------------------------------------------------------------------------------------------------------------------------------------------------+
; Analysis & Synthesis Resource Utilization by Entity                                                                                                                                                                                        ;
+----------------------------+-------------+--------------+-------------+--------------+---------+-----------+-----------+------+--------------+--------------+-------------------+------------------+-----------------+---------------------+
; Compilation Hierarchy Node ; Logic Cells ; LC Registers ; Memory Bits ; DSP Elements ; DSP 9x9 ; DSP 18x18 ; DSP 36x36 ; Pins ; Virtual Pins ; LUT-Only LCs ; Register-Only LCs ; LUT/Register LCs ; Carry Chain LCs ; Full Hierarchy Name ;
+----------------------------+-------------+--------------+-------------+--------------+---------+-----------+-----------+------+--------------+--------------+-------------------+------------------+-----------------+---------------------+
; |reg_ind                   ; 17 (17)     ; 12           ; 0           ; 0            ; 0       ; 0         ; 0         ; 11   ; 0            ; 5 (5)        ; 11 (11)           ; 1 (1)            ; 0 (0)           ; |reg_ind            ;
+----------------------------+-------------+--------------+-------------+--------------+---------+-----------+-----------+------+--------------+--------------+-------------------+------------------+-----------------+---------------------+
Note: For table entries with two numbers listed, the numbers in parentheses indicate the number of resources of the given type used by the specific entity alone. The numbers listed outside of parentheses indicate the total resources of the given type used by the specific entity and all of its sub-entities in the hierarchy.


+------------------------------------------------------+
; General Register Statistics                          ;
+----------------------------------------------+-------+
; Statistic                                    ; Value ;
+----------------------------------------------+-------+
; Total registers                              ; 12    ;
; Number of registers using Synchronous Clear  ; 0     ;
; Number of registers using Synchronous Load   ; 0     ;
; Number of registers using Asynchronous Clear ; 0     ;
; Number of registers using Asynchronous Load  ; 0     ;
; Number of registers using Clock Enable       ; 2     ;
; Number of registers using Preset             ; 0     ;
+----------------------------------------------+-------+


+--------------------------------+
; Analysis & Synthesis Equations ;
+--------------------------------+
The equations can be found in Z:/4th semestr/reg_ind/reg_ind.map.eqn.


+-------------------------------+
; Analysis & Synthesis Messages ;
+-------------------------------+
Info: *******************************************************************
Info: Running Quartus II Analysis & Synthesis
    Info: Version 5.0 Build 148 04/26/2005 SJ Full Version
    Info: Processing started: Sun Apr 28 12:22:30 2019
Info: Command: quartus_map --read_settings_files=on --write_settings_files=off reg_ind -c reg_ind
Warning: (10268) Verilog HDL information at reg_ind.v(17): Always Construct contains both blocking and non-blocking assignments
Info: Found 1 design units, including 1 entities, in source file reg_ind.v
    Info: Found entity 1: reg_ind
Info: Elaborating entity "reg_ind" for the top level hierarchy
Warning: Reduced register "i[31]" with stuck data_in port to stuck value GND
Warning: Reduced register "i[30]" with stuck data_in port to stuck value GND
Warning: Reduced register "i[29]" with stuck data_in port to stuck value GND
Warning: Reduced register "i[28]" with stuck data_in port to stuck value GND
Warning: Reduced register "i[27]" with stuck data_in port to stuck value GND
Warning: Reduced register "i[26]" with stuck data_in port to stuck value GND
Warning: Reduced register "i[25]" with stuck data_in port to stuck value GND
Warning: Reduced register "i[24]" with stuck data_in port to stuck value GND
Warning: Reduced register "i[23]" with stuck data_in port to stuck value GND
Warning: Reduced register "i[22]" with stuck data_in port to stuck value GND
Warning: Reduced register "i[21]" with stuck data_in port to stuck value GND
Warning: Reduced register "i[20]" with stuck data_in port to stuck value GND
Warning: Reduced register "i[19]" with stuck data_in port to stuck value GND
Warning: Reduced register "i[18]" with stuck data_in port to stuck value GND
Warning: Reduced register "i[17]" with stuck data_in port to stuck value GND
Warning: Reduced register "i[16]" with stuck data_in port to stuck value GND
Warning: Reduced register "i[15]" with stuck data_in port to stuck value GND
Warning: Reduced register "i[14]" with stuck data_in port to stuck value GND
Warning: Reduced register "i[13]" with stuck data_in port to stuck value GND
Warning: Reduced register "i[12]" with stuck data_in port to stuck value GND
Warning: Reduced register "i[11]" with stuck data_in port to stuck value GND
Warning: Reduced register "i[10]" with stuck data_in port to stuck value GND
Warning: Reduced register "i[9]" with stuck data_in port to stuck value GND
Warning: Reduced register "i[8]" with stuck data_in port to stuck value GND
Warning: Reduced register "i[7]" with stuck data_in port to stuck value GND
Warning: Reduced register "i[6]" with stuck data_in port to stuck value GND
Warning: Reduced register "i[5]" with stuck data_in port to stuck value GND
Warning: Reduced register "i[4]" with stuck data_in port to stuck value GND
Warning: Reduced register "i[3]" with stuck data_in port to stuck value GND
Info: Implemented 28 device resources after synthesis - the final resource count might be different
    Info: Implemented 10 input pins
    Info: Implemented 1 output pins
    Info: Implemented 17 logic cells
Info: Quartus II Analysis & Synthesis was successful. 0 errors, 30 warnings
    Info: Processing ended: Sun Apr 28 12:22:30 2019
    Info: Elapsed time: 00:00:00


