Timing Analyzer report for reg_ind
Sun Apr 28 12:22:34 2019
Version 5.0 Build 148 04/26/2005 SJ Full Version


---------------------
; Table of Contents ;
---------------------
  1. Legal Notice
  2. Timing Analyzer Summary
  3. Timing Analyzer Settings
  4. Clock Settings Summary
  5. Clock Setup: 'read_clk'
  6. tsu
  7. tco
  8. th
  9. Timing Analyzer Messages



----------------
; Legal Notice ;
----------------
Copyright (C) 1991-2005 Altera Corporation
Your use of Altera Corporation's design tools, logic functions 
and other software and tools, and its AMPP partner logic       
functions, and any output files any of the foregoing           
(including device programming or simulation files), and any    
associated documentation or information are expressly subject  
to the terms and conditions of the Altera Program License      
Subscription Agreement, Altera MegaCore Function License       
Agreement, or other applicable license agreement, including,   
without limitation, that your use is for the sole purpose of   
programming logic devices manufactured by Altera and sold by   
Altera or its authorized distributors.  Please refer to the    
applicable agreement for further details.



+---------------------------------------------------------------------------------------------------------------------------------------------------------------+
; Timing Analyzer Summary                                                                                                                                       ;
+------------------------------+-------+---------------+----------------------------------+--------------+--------------+------------+-----------+--------------+
; Type                         ; Slack ; Required Time ; Actual Time                      ; From         ; To           ; From Clock ; To Clock  ; Failed Paths ;
+------------------------------+-------+---------------+----------------------------------+--------------+--------------+------------+-----------+--------------+
; Worst-case tsu               ; N/A   ; None          ; 2.263 ns                         ; data_in[3]   ; data[3]      ;            ; write_clk ; 0            ;
; Worst-case tco               ; N/A   ; None          ; 6.708 ns                         ; data_out_tmp ; data_out     ; read_clk   ;           ; 0            ;
; Worst-case th                ; N/A   ; None          ; -1.906 ns                        ; data_in[4]   ; data[4]      ;            ; write_clk ; 0            ;
; Clock Setup: 'read_clk'      ; N/A   ; None          ; 418.76 MHz ( period = 2.388 ns ) ; i[1]         ; data_out_tmp ; read_clk   ; read_clk  ; 0            ;
; Total number of failed paths ;       ;               ;                                  ;              ;              ;            ;           ; 0            ;
+------------------------------+-------+---------------+----------------------------------+--------------+--------------+------------+-----------+--------------+


+------------------------------------------------------------------------------------------------------+
; Timing Analyzer Settings                                                                             ;
+-------------------------------------------------------+--------------------+------+----+-------------+
; Option                                                ; Setting            ; From ; To ; Entity Name ;
+-------------------------------------------------------+--------------------+------+----+-------------+
; Device Name                                           ; EP1S10F484C5       ;      ;    ;             ;
; Timing Models                                         ; Final              ;      ;    ;             ;
; Number of source nodes to report per destination node ; 10                 ;      ;    ;             ;
; Number of destination nodes to report                 ; 10                 ;      ;    ;             ;
; Number of paths to report                             ; 200                ;      ;    ;             ;
; Report Minimum Timing Checks                          ; Off                ;      ;    ;             ;
; Use Fast Timing Models                                ; Off                ;      ;    ;             ;
; Report IO Paths Separately                            ; Off                ;      ;    ;             ;
; Default hold multicycle                               ; Same as Multicycle ;      ;    ;             ;
; Cut paths between unrelated clock domains             ; On                 ;      ;    ;             ;
; Cut off read during write signal paths                ; On                 ;      ;    ;             ;
; Cut off feedback from I/O pins                        ; On                 ;      ;    ;             ;
; Report Combined Fast/Slow Timing                      ; Off                ;      ;    ;             ;
; Ignore Clock Settings                                 ; Off                ;      ;    ;             ;
; Analyze latches as synchronous elements               ; Off                ;      ;    ;             ;
; Enable Recovery/Removal analysis                      ; Off                ;      ;    ;             ;
; Enable Clock Latency                                  ; Off                ;      ;    ;             ;
+-------------------------------------------------------+--------------------+------+----+-------------+


+------------------------------------------------------------------------------------------------------------------------------------------------------------------------------------+
; Clock Settings Summary                                                                                                                                                             ;
+-----------------+--------------------+----------+------------------+---------------+--------------+----------+-----------------------+---------------------+--------+--------------+
; Clock Node Name ; Clock Setting Name ; Type     ; Fmax Requirement ; Early Latency ; Late Latency ; Based on ; Multiply Base Fmax by ; Divide Base Fmax by ; Offset ; Phase offset ;
+-----------------+--------------------+----------+------------------+---------------+--------------+----------+-----------------------+---------------------+--------+--------------+
; read_clk        ;                    ; User Pin ; NONE             ; 0.000 ns      ; 0.000 ns     ; NONE     ; N/A                   ; N/A                 ; N/A    ;              ;
; write_clk       ;                    ; User Pin ; NONE             ; 0.000 ns      ; 0.000 ns     ; NONE     ; N/A                   ; N/A                 ; N/A    ;              ;
+-----------------+--------------------+----------+------------------+---------------+--------------+----------+-----------------------+---------------------+--------+--------------+


+------------------------------------------------------------------------------------------------------------------------------------------------------------------------------------------+
; Clock Setup: 'read_clk'                                                                                                                                                                  ;
+-------+------------------------------------------------+------+--------------+------------+----------+-----------------------------+---------------------------+-------------------------+
; Slack ; Actual fmax (period)                           ; From ; To           ; From Clock ; To Clock ; Required Setup Relationship ; Required Longest P2P Time ; Actual Longest P2P Time ;
+-------+------------------------------------------------+------+--------------+------------+----------+-----------------------------+---------------------------+-------------------------+
; N/A   ; 418.76 MHz ( period = 2.388 ns )               ; i[1] ; data_out_tmp ; read_clk   ; read_clk ; None                        ; None                      ; 2.222 ns                ;
; N/A   ; Restricted to 422.12 MHz ( period = 2.369 ns ) ; i[0] ; data_out_tmp ; read_clk   ; read_clk ; None                        ; None                      ; 1.960 ns                ;
; N/A   ; Restricted to 422.12 MHz ( period = 2.369 ns ) ; i[0] ; i[2]         ; read_clk   ; read_clk ; None                        ; None                      ; 1.869 ns                ;
; N/A   ; Restricted to 422.12 MHz ( period = 2.369 ns ) ; i[1] ; i[2]         ; read_clk   ; read_clk ; None                        ; None                      ; 1.828 ns                ;
; N/A   ; Restricted to 422.12 MHz ( period = 2.369 ns ) ; i[0] ; i[1]         ; read_clk   ; read_clk ; None                        ; None                      ; 1.227 ns                ;
; N/A   ; Restricted to 422.12 MHz ( period = 2.369 ns ) ; i[2] ; data_out_tmp ; read_clk   ; read_clk ; None                        ; None                      ; 0.759 ns                ;
; N/A   ; Restricted to 422.12 MHz ( period = 2.369 ns ) ; i[1] ; i[1]         ; read_clk   ; read_clk ; None                        ; None                      ; 0.718 ns                ;
; N/A   ; Restricted to 422.12 MHz ( period = 2.369 ns ) ; i[0] ; i[0]         ; read_clk   ; read_clk ; None                        ; None                      ; 0.649 ns                ;
; N/A   ; Restricted to 422.12 MHz ( period = 2.369 ns ) ; i[2] ; i[2]         ; read_clk   ; read_clk ; None                        ; None                      ; 0.603 ns                ;
+-------+------------------------------------------------+------+--------------+------------+----------+-----------------------------+---------------------------+-------------------------+


+----------------------------------------------------------------------+
; tsu                                                                  ;
+-------+--------------+------------+------------+---------+-----------+
; Slack ; Required tsu ; Actual tsu ; From       ; To      ; To Clock  ;
+-------+--------------+------------+------------+---------+-----------+
; N/A   ; None         ; 2.263 ns   ; data_in[3] ; data[3] ; write_clk ;
; N/A   ; None         ; 2.236 ns   ; data_in[7] ; data[7] ; write_clk ;
; N/A   ; None         ; 2.183 ns   ; data_in[6] ; data[6] ; write_clk ;
; N/A   ; None         ; 2.112 ns   ; data_in[2] ; data[2] ; write_clk ;
; N/A   ; None         ; 2.086 ns   ; data_in[0] ; data[0] ; write_clk ;
; N/A   ; None         ; 2.072 ns   ; data_in[1] ; data[1] ; write_clk ;
; N/A   ; None         ; 2.068 ns   ; data_in[5] ; data[5] ; write_clk ;
; N/A   ; None         ; 2.016 ns   ; data_in[4] ; data[4] ; write_clk ;
+-------+--------------+------------+------------+---------+-----------+


+--------------------------------------------------------------------------+
; tco                                                                      ;
+-------+--------------+------------+--------------+----------+------------+
; Slack ; Required tco ; Actual tco ; From         ; To       ; From Clock ;
+-------+--------------+------------+--------------+----------+------------+
; N/A   ; None         ; 6.708 ns   ; data_out_tmp ; data_out ; read_clk   ;
+-------+--------------+------------+--------------+----------+------------+


+----------------------------------------------------------------------------+
; th                                                                         ;
+---------------+-------------+-----------+------------+---------+-----------+
; Minimum Slack ; Required th ; Actual th ; From       ; To      ; To Clock  ;
+---------------+-------------+-----------+------------+---------+-----------+
; N/A           ; None        ; -1.906 ns ; data_in[4] ; data[4] ; write_clk ;
; N/A           ; None        ; -1.958 ns ; data_in[5] ; data[5] ; write_clk ;
; N/A           ; None        ; -1.962 ns ; data_in[1] ; data[1] ; write_clk ;
; N/A           ; None        ; -1.976 ns ; data_in[0] ; data[0] ; write_clk ;
; N/A           ; None        ; -2.002 ns ; data_in[2] ; data[2] ; write_clk ;
; N/A           ; None        ; -2.073 ns ; data_in[6] ; data[6] ; write_clk ;
; N/A           ; None        ; -2.126 ns ; data_in[7] ; data[7] ; write_clk ;
; N/A           ; None        ; -2.153 ns ; data_in[3] ; data[3] ; write_clk ;
+---------------+-------------+-----------+------------+---------+-----------+


+--------------------------+
; Timing Analyzer Messages ;
+--------------------------+
Info: *******************************************************************
Info: Running Quartus II Timing Analyzer
    Info: Version 5.0 Build 148 04/26/2005 SJ Full Version
    Info: Processing started: Sun Apr 28 12:22:34 2019
Info: Command: quartus_tan --read_settings_files=off --write_settings_files=off reg_ind -c reg_ind --timing_analysis_only
Warning: Found pins functioning as undefined clocks and/or memory enables
    Info: Assuming node "read_clk" is an undefined clock
    Info: Assuming node "write_clk" is an undefined clock
Info: Clock "read_clk" has Internal fmax of 418.76 MHz between source register "i[1]" and destination register "data_out_tmp" (period= 2.388 ns)
    Info: + Longest register to register delay is 2.222 ns
        Info: 1: + IC(0.000 ns) + CELL(0.000 ns) = 0.000 ns; Loc. = LC_X7_Y26_N1; Fanout = 6; REG Node = 'i[1]'
        Info: 2: + IC(0.597 ns) + CELL(0.366 ns) = 0.963 ns; Loc. = LC_X6_Y26_N6; Fanout = 1; COMB Node = 'Mux~29'
        Info: 3: + IC(0.328 ns) + CELL(0.280 ns) = 1.571 ns; Loc. = LC_X6_Y26_N7; Fanout = 1; COMB Node = 'Mux~30'
        Info: 4: + IC(0.332 ns) + CELL(0.319 ns) = 2.222 ns; Loc. = LC_X6_Y26_N2; Fanout = 1; REG Node = 'data_out_tmp'
        Info: Total cell delay = 0.965 ns ( 43.43 % )
        Info: Total interconnect delay = 1.257 ns ( 56.57 % )
    Info: - Smallest clock skew is 0.000 ns
        Info: + Shortest clock path from clock "read_clk" to destination register is 2.951 ns
            Info: 1: + IC(0.000 ns) + CELL(0.828 ns) = 0.828 ns; Loc. = PIN_L3; Fanout = 4; CLK Node = 'read_clk'
            Info: 2: + IC(1.581 ns) + CELL(0.542 ns) = 2.951 ns; Loc. = LC_X6_Y26_N2; Fanout = 1; REG Node = 'data_out_tmp'
            Info: Total cell delay = 1.370 ns ( 46.42 % )
            Info: Total interconnect delay = 1.581 ns ( 53.58 % )
        Info: - Longest clock path from clock "read_clk" to source register is 2.951 ns
            Info: 1: + IC(0.000 ns) + CELL(0.828 ns) = 0.828 ns; Loc. = PIN_L3; Fanout = 4; CLK Node = 'read_clk'
            Info: 2: + IC(1.581 ns) + CELL(0.542 ns) = 2.951 ns; Loc. = LC_X7_Y26_N1; Fanout = 6; REG Node = 'i[1]'
            Info: Total cell delay = 1.370 ns ( 46.42 % )
            Info: Total interconnect delay = 1.581 ns ( 53.58 % )
    Info: + Micro clock to output delay of source is 0.156 ns
    Info: + Micro setup delay of destination is 0.010 ns
Info: No valid register-to-register data paths exist for clock "write_clk"
Info: tsu for register "data[3]" (data pin = "data_in[3]", clock pin = "write_clk") is 2.263 ns
    Info: + Longest pin to register delay is 5.096 ns
        Info: 1: + IC(0.000 ns) + CELL(1.087 ns) = 1.087 ns; Loc. = PIN_C17; Fanout = 1; PIN Node = 'data_in[3]'
        Info: 2: + IC(3.786 ns) + CELL(0.223 ns) = 5.096 ns; Loc. = LC_X6_Y26_N4; Fanout = 1; REG Node = 'data[3]'
        Info: Total cell delay = 1.310 ns ( 25.71 % )
        Info: Total interconnect delay = 3.786 ns ( 74.29 % )
    Info: + Micro setup delay of destination is 0.010 ns
    Info: - Shortest clock path from clock "write_clk" to destination register is 2.843 ns
        Info: 1: + IC(0.000 ns) + CELL(0.725 ns) = 0.725 ns; Loc. = PIN_L2; Fanout = 8; CLK Node = 'write_clk'
        Info: 2: + IC(1.576 ns) + CELL(0.542 ns) = 2.843 ns; Loc. = LC_X6_Y26_N4; Fanout = 1; REG Node = 'data[3]'
        Info: Total cell delay = 1.267 ns ( 44.57 % )
        Info: Total interconnect delay = 1.576 ns ( 55.43 % )
Info: tco from clock "read_clk" to destination pin "data_out" through register "data_out_tmp" is 6.708 ns
    Info: + Longest clock path from clock "read_clk" to source register is 2.951 ns
        Info: 1: + IC(0.000 ns) + CELL(0.828 ns) = 0.828 ns; Loc. = PIN_L3; Fanout = 4; CLK Node = 'read_clk'
        Info: 2: + IC(1.581 ns) + CELL(0.542 ns) = 2.951 ns; Loc. = LC_X6_Y26_N2; Fanout = 1; REG Node = 'data_out_tmp'
        Info: Total cell delay = 1.370 ns ( 46.42 % )
        Info: Total interconnect delay = 1.581 ns ( 53.58 % )
    Info: + Micro clock to output delay of source is 0.156 ns
    Info: + Longest register to pin delay is 3.601 ns
        Info: 1: + IC(0.000 ns) + CELL(0.000 ns) = 0.000 ns; Loc. = LC_X6_Y26_N2; Fanout = 1; REG Node = 'data_out_tmp'
        Info: 2: + IC(1.197 ns) + CELL(2.404 ns) = 3.601 ns; Loc. = PIN_E18; Fanout = 0; PIN Node = 'data_out'
        Info: Total cell delay = 2.404 ns ( 66.76 % )
        Info: Total interconnect delay = 1.197 ns ( 33.24 % )
Info: th for register "data[4]" (data pin = "data_in[4]", clock pin = "write_clk") is -1.906 ns
    Info: + Longest clock path from clock "write_clk" to destination register is 2.850 ns
        Info: 1: + IC(0.000 ns) + CELL(0.725 ns) = 0.725 ns; Loc. = PIN_L2; Fanout = 8; CLK Node = 'write_clk'
        Info: 2: + IC(1.583 ns) + CELL(0.542 ns) = 2.850 ns; Loc. = LC_X5_Y28_N2; Fanout = 1; REG Node = 'data[4]'
        Info: Total cell delay = 1.267 ns ( 44.46 % )
        Info: Total interconnect delay = 1.583 ns ( 55.54 % )
    Info: + Micro hold delay of destination is 0.100 ns
    Info: - Shortest pin to register delay is 4.856 ns
        Info: 1: + IC(0.000 ns) + CELL(1.087 ns) = 1.087 ns; Loc. = PIN_D17; Fanout = 1; PIN Node = 'data_in[4]'
        Info: 2: + IC(3.684 ns) + CELL(0.085 ns) = 4.856 ns; Loc. = LC_X5_Y28_N2; Fanout = 1; REG Node = 'data[4]'
        Info: Total cell delay = 1.172 ns ( 24.14 % )
        Info: Total interconnect delay = 3.684 ns ( 75.86 % )
Info: Quartus II Timing Analyzer was successful. 0 errors, 1 warning
    Info: Processing ended: Sun Apr 28 12:22:34 2019
    Info: Elapsed time: 00:00:00


