Timing Analyzer report for DC_p
Sat Dec 15 01:31:26 2018
Version 5.0 Build 148 04/26/2005 SJ Full Version


---------------------
; Table of Contents ;
---------------------
  1. Legal Notice
  2. Timing Analyzer Summary
  3. Timing Analyzer Settings
  4. tpd
  5. Timing Analyzer Messages



----------------
; Legal Notice ;
----------------
Copyright (C) 1991-2005 Altera Corporation
Your use of Altera Corporation's design tools, logic functions 
and other software and tools, and its AMPP partner logic       
functions, and any output files any of the foregoing           
(including device programming or simulation files), and any    
associated documentation or information are expressly subject  
to the terms and conditions of the Altera Program License      
Subscription Agreement, Altera MegaCore Function License       
Agreement, or other applicable license agreement, including,   
without limitation, that your use is for the sole purpose of   
programming logic devices manufactured by Altera and sold by   
Altera or its authorized distributors.  Please refer to the    
applicable agreement for further details.



+---------------------------------------------------------------------------------------------------------------------------+
; Timing Analyzer Summary                                                                                                   ;
+------------------------------+-------+---------------+-------------+------+--------+------------+----------+--------------+
; Type                         ; Slack ; Required Time ; Actual Time ; From ; To     ; From Clock ; To Clock ; Failed Paths ;
+------------------------------+-------+---------------+-------------+------+--------+------------+----------+--------------+
; Worst-case tpd               ; N/A   ; None          ; 10.635 ns   ; d[6] ; d_o[1] ;            ;          ; 0            ;
; Total number of failed paths ;       ;               ;             ;      ;        ;            ;          ; 0            ;
+------------------------------+-------+---------------+-------------+------+--------+------------+----------+--------------+


+------------------------------------------------------------------------------------------------------+
; Timing Analyzer Settings                                                                             ;
+-------------------------------------------------------+--------------------+------+----+-------------+
; Option                                                ; Setting            ; From ; To ; Entity Name ;
+-------------------------------------------------------+--------------------+------+----+-------------+
; Device Name                                           ; EP1S10F484C5       ;      ;    ;             ;
; Timing Models                                         ; Final              ;      ;    ;             ;
; Number of source nodes to report per destination node ; 10                 ;      ;    ;             ;
; Number of destination nodes to report                 ; 10                 ;      ;    ;             ;
; Number of paths to report                             ; 200                ;      ;    ;             ;
; Report Minimum Timing Checks                          ; Off                ;      ;    ;             ;
; Use Fast Timing Models                                ; Off                ;      ;    ;             ;
; Report IO Paths Separately                            ; Off                ;      ;    ;             ;
; Default hold multicycle                               ; Same as Multicycle ;      ;    ;             ;
; Cut paths between unrelated clock domains             ; On                 ;      ;    ;             ;
; Cut off read during write signal paths                ; On                 ;      ;    ;             ;
; Cut off feedback from I/O pins                        ; On                 ;      ;    ;             ;
; Report Combined Fast/Slow Timing                      ; Off                ;      ;    ;             ;
; Ignore Clock Settings                                 ; Off                ;      ;    ;             ;
; Analyze latches as synchronous elements               ; Off                ;      ;    ;             ;
; Enable Recovery/Removal analysis                      ; Off                ;      ;    ;             ;
; Enable Clock Latency                                  ; Off                ;      ;    ;             ;
+-------------------------------------------------------+--------------------+------+----+-------------+


+--------------------------------------------------------------+
; tpd                                                          ;
+-------+-------------------+-----------------+------+---------+
; Slack ; Required P2P Time ; Actual P2P Time ; From ; To      ;
+-------+-------------------+-----------------+------+---------+
; N/A   ; None              ; 10.635 ns       ; d[6] ; d_o[1]  ;
; N/A   ; None              ; 10.507 ns       ; d[6] ; d_o[3]  ;
; N/A   ; None              ; 10.490 ns       ; d[5] ; d_o[1]  ;
; N/A   ; None              ; 10.362 ns       ; d[5] ; d_o[3]  ;
; N/A   ; None              ; 10.334 ns       ; d[6] ; d_o[2]  ;
; N/A   ; None              ; 10.303 ns       ; d[3] ; d_o[1]  ;
; N/A   ; None              ; 10.249 ns       ; d[2] ; DBL_ERR ;
; N/A   ; None              ; 10.189 ns       ; d[5] ; d_o[2]  ;
; N/A   ; None              ; 10.175 ns       ; d[3] ; d_o[3]  ;
; N/A   ; None              ; 10.167 ns       ; d[4] ; d_o[1]  ;
; N/A   ; None              ; 10.159 ns       ; d[2] ; d_o[1]  ;
; N/A   ; None              ; 10.110 ns       ; d[6] ; DBL_ERR ;
; N/A   ; None              ; 10.086 ns       ; d[2] ; d_o[0]  ;
; N/A   ; None              ; 10.039 ns       ; d[4] ; d_o[3]  ;
; N/A   ; None              ; 10.031 ns       ; d[2] ; d_o[3]  ;
; N/A   ; None              ; 10.026 ns       ; d[6] ; d_o[0]  ;
; N/A   ; None              ; 10.002 ns       ; d[3] ; d_o[2]  ;
; N/A   ; None              ; 9.965 ns        ; d[5] ; DBL_ERR ;
; N/A   ; None              ; 9.881 ns        ; d[5] ; d_o[0]  ;
; N/A   ; None              ; 9.866 ns        ; d[4] ; d_o[2]  ;
; N/A   ; None              ; 9.858 ns        ; d[2] ; d_o[2]  ;
; N/A   ; None              ; 9.837 ns        ; d[1] ; DBL_ERR ;
; N/A   ; None              ; 9.778 ns        ; d[3] ; DBL_ERR ;
; N/A   ; None              ; 9.758 ns        ; d[4] ; d_o[0]  ;
; N/A   ; None              ; 9.750 ns        ; d[0] ; d_o[0]  ;
; N/A   ; None              ; 9.747 ns        ; d[1] ; d_o[1]  ;
; N/A   ; None              ; 9.743 ns        ; d[7] ; DBL_ERR ;
; N/A   ; None              ; 9.694 ns        ; d[3] ; d_o[0]  ;
; N/A   ; None              ; 9.692 ns        ; d[7] ; d_o[1]  ;
; N/A   ; None              ; 9.674 ns        ; d[1] ; d_o[0]  ;
; N/A   ; None              ; 9.642 ns        ; d[4] ; DBL_ERR ;
; N/A   ; None              ; 9.619 ns        ; d[1] ; d_o[3]  ;
; N/A   ; None              ; 9.580 ns        ; d[7] ; d_o[0]  ;
; N/A   ; None              ; 9.565 ns        ; d[2] ; ONE_ERR ;
; N/A   ; None              ; 9.564 ns        ; d[7] ; d_o[3]  ;
; N/A   ; None              ; 9.511 ns        ; d[1] ; d_o[2]  ;
; N/A   ; None              ; 9.501 ns        ; d[0] ; DBL_ERR ;
; N/A   ; None              ; 9.426 ns        ; d[6] ; ONE_ERR ;
; N/A   ; None              ; 9.391 ns        ; d[7] ; d_o[2]  ;
; N/A   ; None              ; 9.355 ns        ; d[0] ; d_o[1]  ;
; N/A   ; None              ; 9.281 ns        ; d[5] ; ONE_ERR ;
; N/A   ; None              ; 9.227 ns        ; d[0] ; d_o[3]  ;
; N/A   ; None              ; 9.166 ns        ; d[0] ; d_o[2]  ;
; N/A   ; None              ; 9.153 ns        ; d[1] ; ONE_ERR ;
; N/A   ; None              ; 9.094 ns        ; d[3] ; ONE_ERR ;
; N/A   ; None              ; 9.059 ns        ; d[7] ; ONE_ERR ;
; N/A   ; None              ; 8.958 ns        ; d[4] ; ONE_ERR ;
; N/A   ; None              ; 8.817 ns        ; d[0] ; ONE_ERR ;
+-------+-------------------+-----------------+------+---------+


+--------------------------+
; Timing Analyzer Messages ;
+--------------------------+
Info: *******************************************************************
Info: Running Quartus II Timing Analyzer
    Info: Version 5.0 Build 148 04/26/2005 SJ Full Version
    Info: Processing started: Sat Dec 15 01:31:26 2018
Info: Command: quartus_tan --read_settings_files=off --write_settings_files=off DC_p -c DC_p --timing_analysis_only
Info: Longest tpd from source pin "d[6]" to destination pin "d_o[1]" is 10.635 ns
    Info: 1: + IC(0.000 ns) + CELL(1.087 ns) = 1.087 ns; Loc. = PIN_P13; Fanout = 5; PIN Node = 'd[6]'
    Info: 2: + IC(4.039 ns) + CELL(0.366 ns) = 5.492 ns; Loc. = LC_X17_Y1_N9; Fanout = 4; COMB Node = 'kp~59'
    Info: 3: + IC(0.469 ns) + CELL(0.280 ns) = 6.241 ns; Loc. = LC_X18_Y1_N5; Fanout = 3; COMB Node = 'd_otv~760'
    Info: 4: + IC(0.507 ns) + CELL(0.366 ns) = 7.114 ns; Loc. = LC_X17_Y1_N4; Fanout = 1; COMB Node = 'd_otv~761'
    Info: 5: + IC(1.117 ns) + CELL(2.404 ns) = 10.635 ns; Loc. = PIN_N14; Fanout = 0; PIN Node = 'd_o[1]'
    Info: Total cell delay = 4.503 ns ( 42.34 % )
    Info: Total interconnect delay = 6.132 ns ( 57.66 % )
Info: Quartus II Timing Analyzer was successful. 0 errors, 0 warnings
    Info: Processing ended: Sat Dec 15 01:31:26 2018
    Info: Elapsed time: 00:00:00


