Timing Analyzer report for 74181_8_bit
Mon Dec 17 23:21:00 2018
Version 5.0 Build 148 04/26/2005 SJ Full Version


---------------------
; Table of Contents ;
---------------------
  1. Legal Notice
  2. Timing Analyzer Summary
  3. Timing Analyzer Settings
  4. tpd
  5. Timing Analyzer Messages



----------------
; Legal Notice ;
----------------
Copyright (C) 1991-2005 Altera Corporation
Your use of Altera Corporation's design tools, logic functions 
and other software and tools, and its AMPP partner logic       
functions, and any output files any of the foregoing           
(including device programming or simulation files), and any    
associated documentation or information are expressly subject  
to the terms and conditions of the Altera Program License      
Subscription Agreement, Altera MegaCore Function License       
Agreement, or other applicable license agreement, including,   
without limitation, that your use is for the sole purpose of   
programming logic devices manufactured by Altera and sold by   
Altera or its authorized distributors.  Please refer to the    
applicable agreement for further details.



+-------------------------------------------------------------------------------------------------------------------------+
; Timing Analyzer Summary                                                                                                 ;
+------------------------------+-------+---------------+-------------+------+------+------------+----------+--------------+
; Type                         ; Slack ; Required Time ; Actual Time ; From ; To   ; From Clock ; To Clock ; Failed Paths ;
+------------------------------+-------+---------------+-------------+------+------+------------+----------+--------------+
; Worst-case tpd               ; N/A   ; None          ; 13.525 ns   ; Y2   ; AEQB ;            ;          ; 0            ;
; Total number of failed paths ;       ;               ;             ;      ;      ;            ;          ; 0            ;
+------------------------------+-------+---------------+-------------+------+------+------------+----------+--------------+


+------------------------------------------------------------------------------------------------------+
; Timing Analyzer Settings                                                                             ;
+-------------------------------------------------------+--------------------+------+----+-------------+
; Option                                                ; Setting            ; From ; To ; Entity Name ;
+-------------------------------------------------------+--------------------+------+----+-------------+
; Device Name                                           ; EP1S10F484C5       ;      ;    ;             ;
; Timing Models                                         ; Final              ;      ;    ;             ;
; Number of source nodes to report per destination node ; 10                 ;      ;    ;             ;
; Number of destination nodes to report                 ; 10                 ;      ;    ;             ;
; Number of paths to report                             ; 200                ;      ;    ;             ;
; Report Minimum Timing Checks                          ; Off                ;      ;    ;             ;
; Use Fast Timing Models                                ; Off                ;      ;    ;             ;
; Report IO Paths Separately                            ; Off                ;      ;    ;             ;
; Default hold multicycle                               ; Same as Multicycle ;      ;    ;             ;
; Cut paths between unrelated clock domains             ; On                 ;      ;    ;             ;
; Cut off read during write signal paths                ; On                 ;      ;    ;             ;
; Cut off feedback from I/O pins                        ; On                 ;      ;    ;             ;
; Report Combined Fast/Slow Timing                      ; Off                ;      ;    ;             ;
; Ignore Clock Settings                                 ; Off                ;      ;    ;             ;
; Analyze latches as synchronous elements               ; Off                ;      ;    ;             ;
; Enable Recovery/Removal analysis                      ; Off                ;      ;    ;             ;
; Enable Clock Latency                                  ; Off                ;      ;    ;             ;
+-------------------------------------------------------+--------------------+------+----+-------------+


+-----------------------------------------------------------+
; tpd                                                       ;
+-------+-------------------+-----------------+------+------+
; Slack ; Required P2P Time ; Actual P2P Time ; From ; To   ;
+-------+-------------------+-----------------+------+------+
; N/A   ; None              ; 13.525 ns       ; Y2   ; AEQB ;
; N/A   ; None              ; 13.282 ns       ; S3   ; AEQB ;
; N/A   ; None              ; 13.178 ns       ; S2   ; AEQB ;
; N/A   ; None              ; 13.143 ns       ; X1   ; AEQB ;
; N/A   ; None              ; 13.126 ns       ; X2   ; AEQB ;
; N/A   ; None              ; 13.078 ns       ; X0   ; AEQB ;
; N/A   ; None              ; 13.031 ns       ; Y1   ; AEQB ;
; N/A   ; None              ; 12.913 ns       ; Y0   ; AEQB ;
; N/A   ; None              ; 12.872 ns       ; S1   ; AEQB ;
; N/A   ; None              ; 12.814 ns       ; Y2   ; F7   ;
; N/A   ; None              ; 12.728 ns       ; S0   ; AEQB ;
; N/A   ; None              ; 12.653 ns       ; X3   ; AEQB ;
; N/A   ; None              ; 12.611 ns       ; Y3   ; AEQB ;
; N/A   ; None              ; 12.571 ns       ; S3   ; F7   ;
; N/A   ; None              ; 12.467 ns       ; S2   ; F7   ;
; N/A   ; None              ; 12.465 ns       ; Y2   ; CN4  ;
; N/A   ; None              ; 12.444 ns       ; Y2   ; F6   ;
; N/A   ; None              ; 12.432 ns       ; X1   ; F7   ;
; N/A   ; None              ; 12.415 ns       ; X2   ; F7   ;
; N/A   ; None              ; 12.367 ns       ; X0   ; F7   ;
; N/A   ; None              ; 12.338 ns       ; Y2   ; F5   ;
; N/A   ; None              ; 12.320 ns       ; Y1   ; F7   ;
; N/A   ; None              ; 12.222 ns       ; S3   ; CN4  ;
; N/A   ; None              ; 12.202 ns       ; Y0   ; F7   ;
; N/A   ; None              ; 12.201 ns       ; S3   ; F6   ;
; N/A   ; None              ; 12.161 ns       ; S1   ; F7   ;
; N/A   ; None              ; 12.118 ns       ; S2   ; CN4  ;
; N/A   ; None              ; 12.110 ns       ; Y4   ; AEQB ;
; N/A   ; None              ; 12.097 ns       ; S2   ; F6   ;
; N/A   ; None              ; 12.095 ns       ; S3   ; F5   ;
; N/A   ; None              ; 12.083 ns       ; X1   ; CN4  ;
; N/A   ; None              ; 12.066 ns       ; X2   ; CN4  ;
; N/A   ; None              ; 12.062 ns       ; X1   ; F6   ;
; N/A   ; None              ; 12.045 ns       ; X2   ; F6   ;
; N/A   ; None              ; 12.018 ns       ; X0   ; CN4  ;
; N/A   ; None              ; 12.017 ns       ; S0   ; F7   ;
; N/A   ; None              ; 11.997 ns       ; X0   ; F6   ;
; N/A   ; None              ; 11.991 ns       ; S2   ; F5   ;
; N/A   ; None              ; 11.976 ns       ; X5   ; AEQB ;
; N/A   ; None              ; 11.971 ns       ; Y1   ; CN4  ;
; N/A   ; None              ; 11.956 ns       ; X1   ; F5   ;
; N/A   ; None              ; 11.950 ns       ; Y1   ; F6   ;
; N/A   ; None              ; 11.942 ns       ; X3   ; F7   ;
; N/A   ; None              ; 11.939 ns       ; X2   ; F5   ;
; N/A   ; None              ; 11.900 ns       ; Y3   ; F7   ;
; N/A   ; None              ; 11.891 ns       ; X0   ; F5   ;
; N/A   ; None              ; 11.858 ns       ; Y6   ; AEQB ;
; N/A   ; None              ; 11.853 ns       ; Y0   ; CN4  ;
; N/A   ; None              ; 11.844 ns       ; Y1   ; F5   ;
; N/A   ; None              ; 11.832 ns       ; Y0   ; F6   ;
; N/A   ; None              ; 11.812 ns       ; S1   ; CN4  ;
; N/A   ; None              ; 11.791 ns       ; S1   ; F6   ;
; N/A   ; None              ; 11.726 ns       ; Y0   ; F5   ;
; N/A   ; None              ; 11.685 ns       ; S1   ; F5   ;
; N/A   ; None              ; 11.668 ns       ; S0   ; CN4  ;
; N/A   ; None              ; 11.647 ns       ; S0   ; F6   ;
; N/A   ; None              ; 11.623 ns       ; X4   ; AEQB ;
; N/A   ; None              ; 11.614 ns       ; Y5   ; AEQB ;
; N/A   ; None              ; 11.593 ns       ; X3   ; CN4  ;
; N/A   ; None              ; 11.572 ns       ; X3   ; F6   ;
; N/A   ; None              ; 11.551 ns       ; Y3   ; CN4  ;
; N/A   ; None              ; 11.541 ns       ; S0   ; F5   ;
; N/A   ; None              ; 11.530 ns       ; Y3   ; F6   ;
; N/A   ; None              ; 11.466 ns       ; X3   ; F5   ;
; N/A   ; None              ; 11.464 ns       ; Y2   ; F3   ;
; N/A   ; None              ; 11.424 ns       ; Y3   ; F5   ;
; N/A   ; None              ; 11.413 ns       ; Y4   ; CN4  ;
; N/A   ; None              ; 11.392 ns       ; Y4   ; F7   ;
; N/A   ; None              ; 11.379 ns       ; X6   ; AEQB ;
; N/A   ; None              ; 11.378 ns       ; S3   ; F3   ;
; N/A   ; None              ; 11.326 ns       ; X0   ; F3   ;
; N/A   ; None              ; 11.312 ns       ; Y2   ; F4   ;
; N/A   ; None              ; 11.304 ns       ; X1   ; F3   ;
; N/A   ; None              ; 11.288 ns       ; Y4   ; F5   ;
; N/A   ; None              ; 11.273 ns       ; S2   ; F3   ;
; N/A   ; None              ; 11.256 ns       ; Y6   ; F7   ;
; N/A   ; None              ; 11.231 ns       ; X5   ; F7   ;
; N/A   ; None              ; 11.209 ns       ; M    ; AEQB ;
; N/A   ; None              ; 11.192 ns       ; Y1   ; F3   ;
; N/A   ; None              ; 11.161 ns       ; Y0   ; F3   ;
; N/A   ; None              ; 11.069 ns       ; S3   ; F4   ;
; N/A   ; None              ; 11.065 ns       ; S1   ; F3   ;
; N/A   ; None              ; 11.065 ns       ; X2   ; F3   ;
; N/A   ; None              ; 11.022 ns       ; Y4   ; F6   ;
; N/A   ; None              ; 10.984 ns       ; X4   ; F7   ;
; N/A   ; None              ; 10.976 ns       ; S0   ; F3   ;
; N/A   ; None              ; 10.965 ns       ; S2   ; F4   ;
; N/A   ; None              ; 10.930 ns       ; X1   ; F4   ;
; N/A   ; None              ; 10.926 ns       ; X4   ; CN4  ;
; N/A   ; None              ; 10.913 ns       ; X2   ; F4   ;
; N/A   ; None              ; 10.895 ns       ; X5   ; F6   ;
; N/A   ; None              ; 10.869 ns       ; Y5   ; F7   ;
; N/A   ; None              ; 10.865 ns       ; X0   ; F4   ;
; N/A   ; None              ; 10.818 ns       ; Y1   ; F4   ;
; N/A   ; None              ; 10.802 ns       ; Y6   ; CN4  ;
; N/A   ; None              ; 10.801 ns       ; X4   ; F5   ;
; N/A   ; None              ; 10.777 ns       ; X6   ; F7   ;
; N/A   ; None              ; 10.700 ns       ; Y0   ; F4   ;
; N/A   ; None              ; 10.685 ns       ; X5   ; CN4  ;
; N/A   ; None              ; 10.659 ns       ; S1   ; F4   ;
; N/A   ; None              ; 10.616 ns       ; Y7   ; AEQB ;
; N/A   ; None              ; 10.597 ns       ; X7   ; AEQB ;
; N/A   ; None              ; 10.582 ns       ; Y4   ; F4   ;
; N/A   ; None              ; 10.535 ns       ; X4   ; F6   ;
; N/A   ; None              ; 10.533 ns       ; Y5   ; F6   ;
; N/A   ; None              ; 10.521 ns       ; S3   ; F0   ;
; N/A   ; None              ; 10.515 ns       ; S0   ; F4   ;
; N/A   ; None              ; 10.503 ns       ; Y6   ; F6   ;
; N/A   ; None              ; 10.483 ns       ; X5   ; F5   ;
; N/A   ; None              ; 10.440 ns       ; X3   ; F4   ;
; N/A   ; None              ; 10.414 ns       ; X3   ; F3   ;
; N/A   ; None              ; 10.398 ns       ; Y3   ; F4   ;
; N/A   ; None              ; 10.372 ns       ; Y3   ; F3   ;
; N/A   ; None              ; 10.350 ns       ; Y0   ; F0   ;
; N/A   ; None              ; 10.323 ns       ; Y5   ; CN4  ;
; N/A   ; None              ; 10.316 ns       ; X6   ; CN4  ;
; N/A   ; None              ; 10.128 ns       ; Y5   ; F5   ;
; N/A   ; None              ; 10.095 ns       ; X4   ; F4   ;
; N/A   ; None              ; 10.054 ns       ; Y7   ; CN4  ;
; N/A   ; None              ; 10.037 ns       ; S2   ; F0   ;
; N/A   ; None              ; 10.035 ns       ; X7   ; CN4  ;
; N/A   ; None              ; 10.024 ns       ; X6   ; F6   ;
; N/A   ; None              ; 10.014 ns       ; Y7   ; F7   ;
; N/A   ; None              ; 9.995 ns        ; X7   ; F7   ;
; N/A   ; None              ; 9.854 ns        ; M    ; F7   ;
; N/A   ; None              ; 9.816 ns        ; Y2   ; F2   ;
; N/A   ; None              ; 9.783 ns        ; S3   ; F2   ;
; N/A   ; None              ; 9.727 ns        ; X0   ; F2   ;
; N/A   ; None              ; 9.709 ns        ; X1   ; F2   ;
; N/A   ; None              ; 9.678 ns        ; S2   ; F2   ;
; N/A   ; None              ; 9.641 ns        ; S3   ; F1   ;
; N/A   ; None              ; 9.635 ns        ; S1   ; F2   ;
; N/A   ; None              ; 9.597 ns        ; Y1   ; F2   ;
; N/A   ; None              ; 9.590 ns        ; X0   ; F1   ;
; N/A   ; None              ; 9.567 ns        ; X1   ; F1   ;
; N/A   ; None              ; 9.562 ns        ; Y0   ; F2   ;
; N/A   ; None              ; 9.536 ns        ; S2   ; F1   ;
; N/A   ; None              ; 9.511 ns        ; X0   ; F0   ;
; N/A   ; None              ; 9.498 ns        ; S1   ; F1   ;
; N/A   ; None              ; 9.491 ns        ; X2   ; F2   ;
; N/A   ; None              ; 9.468 ns        ; S0   ; F2   ;
; N/A   ; None              ; 9.455 ns        ; Y1   ; F1   ;
; N/A   ; None              ; 9.425 ns        ; Y0   ; F1   ;
; N/A   ; None              ; 9.405 ns        ; M    ; F6   ;
; N/A   ; None              ; 9.331 ns        ; S0   ; F1   ;
; N/A   ; None              ; 9.313 ns        ; M    ; F1   ;
; N/A   ; None              ; 9.250 ns        ; S1   ; F0   ;
; N/A   ; None              ; 9.242 ns        ; M    ; F2   ;
; N/A   ; None              ; 9.161 ns        ; S0   ; F0   ;
; N/A   ; None              ; 8.964 ns        ; M    ; F3   ;
; N/A   ; None              ; 8.781 ns        ; M    ; F5   ;
; N/A   ; None              ; 8.776 ns        ; M    ; F4   ;
+-------+-------------------+-----------------+------+------+


+--------------------------+
; Timing Analyzer Messages ;
+--------------------------+
Info: *******************************************************************
Info: Running Quartus II Timing Analyzer
    Info: Version 5.0 Build 148 04/26/2005 SJ Full Version
    Info: Processing started: Mon Dec 17 23:21:00 2018
Info: Command: quartus_tan --read_settings_files=off --write_settings_files=off 74181_8_bit -c 74181_8_bit --timing_analysis_only
Info: Longest tpd from source pin "Y2" to destination pin "AEQB" is 13.525 ns
    Info: 1: + IC(0.000 ns) + CELL(1.234 ns) = 1.234 ns; Loc. = PIN_F3; Fanout = 2; PIN Node = 'Y2'
    Info: 2: + IC(3.971 ns) + CELL(0.366 ns) = 5.571 ns; Loc. = LC_X51_Y24_N1; Fanout = 3; COMB Node = '74181:inst1|48~51'
    Info: 3: + IC(1.151 ns) + CELL(0.280 ns) = 7.002 ns; Loc. = LC_X51_Y23_N0; Fanout = 1; COMB Node = '74181:inst1|63~141'
    Info: 4: + IC(0.312 ns) + CELL(0.075 ns) = 7.389 ns; Loc. = LC_X51_Y23_N7; Fanout = 4; COMB Node = '74181:inst1|63~142'
    Info: 5: + IC(0.348 ns) + CELL(0.366 ns) = 8.103 ns; Loc. = LC_X51_Y23_N9; Fanout = 2; COMB Node = '74181:inst|73~3'
    Info: 6: + IC(0.506 ns) + CELL(0.280 ns) = 8.889 ns; Loc. = LC_X52_Y23_N7; Fanout = 2; COMB Node = '74181:inst|82'
    Info: 7: + IC(0.134 ns) + CELL(0.075 ns) = 9.098 ns; Loc. = LC_X52_Y23_N8; Fanout = 1; COMB Node = '74181:inst|83~14'
    Info: 8: + IC(0.331 ns) + CELL(0.366 ns) = 9.795 ns; Loc. = LC_X52_Y23_N6; Fanout = 1; COMB Node = 'inst5'
    Info: 9: + IC(1.354 ns) + CELL(2.376 ns) = 13.525 ns; Loc. = PIN_H1; Fanout = 0; PIN Node = 'AEQB'
    Info: Total cell delay = 5.418 ns ( 40.06 % )
    Info: Total interconnect delay = 8.107 ns ( 59.94 % )
Info: Quartus II Timing Analyzer was successful. 0 errors, 0 warnings
    Info: Processing ended: Mon Dec 17 23:21:00 2018
    Info: Elapsed time: 00:00:00


