Timing Analyzer report for cache_cell
Sat Mar 16 23:50:16 2019
Version 5.0 Build 148 04/26/2005 SJ Full Version


---------------------
; Table of Contents ;
---------------------
  1. Legal Notice
  2. Timing Analyzer Summary
  3. Timing Analyzer Settings
  4. Clock Settings Summary
  5. tsu
  6. tco
  7. tpd
  8. th
  9. Timing Analyzer Messages



----------------
; Legal Notice ;
----------------
Copyright (C) 1991-2005 Altera Corporation
Your use of Altera Corporation's design tools, logic functions 
and other software and tools, and its AMPP partner logic       
functions, and any output files any of the foregoing           
(including device programming or simulation files), and any    
associated documentation or information are expressly subject  
to the terms and conditions of the Altera Program License      
Subscription Agreement, Altera MegaCore Function License       
Agreement, or other applicable license agreement, including,   
without limitation, that your use is for the sole purpose of   
programming logic devices manufactured by Altera and sold by   
Altera or its authorized distributors.  Please refer to the    
applicable agreement for further details.



+------------------------------------------------------------------------------------------------------------------------------------------------------------------------------------------------------------+
; Timing Analyzer Summary                                                                                                                                                                                    ;
+------------------------------+-------+---------------+-------------+------------------------------------------------+-----------------------------------------------+------------+----------+--------------+
; Type                         ; Slack ; Required Time ; Actual Time ; From                                           ; To                                            ; From Clock ; To Clock ; Failed Paths ;
+------------------------------+-------+---------------+-------------+------------------------------------------------+-----------------------------------------------+------------+----------+--------------+
; Worst-case tsu               ; N/A   ; None          ; 2.201 ns    ; data[2]                                        ; lpm_dff1:inst|lpm_ff:lpm_ff_component|dffs[2] ;            ; wr       ; 0            ;
; Worst-case tco               ; N/A   ; None          ; 7.375 ns    ; lpm_dff0:inst1|lpm_ff:lpm_ff_component|dffs[1] ; hit                                           ; wr         ;          ; 0            ;
; Worst-case tpd               ; N/A   ; None          ; 8.961 ns    ; TAG[2]                                         ; hit                                           ;            ;          ; 0            ;
; Worst-case th                ; N/A   ; None          ; -1.505 ns   ; data[7]                                        ; lpm_dff1:inst|lpm_ff:lpm_ff_component|dffs[7] ;            ; wr       ; 0            ;
; Total number of failed paths ;       ;               ;             ;                                                ;                                               ;            ;          ; 0            ;
+------------------------------+-------+---------------+-------------+------------------------------------------------+-----------------------------------------------+------------+----------+--------------+


+------------------------------------------------------------------------------------------------------+
; Timing Analyzer Settings                                                                             ;
+-------------------------------------------------------+--------------------+------+----+-------------+
; Option                                                ; Setting            ; From ; To ; Entity Name ;
+-------------------------------------------------------+--------------------+------+----+-------------+
; Device Name                                           ; EP1S10F484C5       ;      ;    ;             ;
; Timing Models                                         ; Final              ;      ;    ;             ;
; Number of source nodes to report per destination node ; 10                 ;      ;    ;             ;
; Number of destination nodes to report                 ; 10                 ;      ;    ;             ;
; Number of paths to report                             ; 200                ;      ;    ;             ;
; Report Minimum Timing Checks                          ; Off                ;      ;    ;             ;
; Use Fast Timing Models                                ; Off                ;      ;    ;             ;
; Report IO Paths Separately                            ; Off                ;      ;    ;             ;
; Default hold multicycle                               ; Same as Multicycle ;      ;    ;             ;
; Cut paths between unrelated clock domains             ; On                 ;      ;    ;             ;
; Cut off read during write signal paths                ; On                 ;      ;    ;             ;
; Cut off feedback from I/O pins                        ; On                 ;      ;    ;             ;
; Report Combined Fast/Slow Timing                      ; Off                ;      ;    ;             ;
; Ignore Clock Settings                                 ; Off                ;      ;    ;             ;
; Analyze latches as synchronous elements               ; Off                ;      ;    ;             ;
; Enable Recovery/Removal analysis                      ; Off                ;      ;    ;             ;
; Enable Clock Latency                                  ; Off                ;      ;    ;             ;
+-------------------------------------------------------+--------------------+------+----+-------------+


+------------------------------------------------------------------------------------------------------------------------------------------------------------------------------------+
; Clock Settings Summary                                                                                                                                                             ;
+-----------------+--------------------+----------+------------------+---------------+--------------+----------+-----------------------+---------------------+--------+--------------+
; Clock Node Name ; Clock Setting Name ; Type     ; Fmax Requirement ; Early Latency ; Late Latency ; Based on ; Multiply Base Fmax by ; Divide Base Fmax by ; Offset ; Phase offset ;
+-----------------+--------------------+----------+------------------+---------------+--------------+----------+-----------------------+---------------------+--------+--------------+
; wr              ;                    ; User Pin ; NONE             ; 0.000 ns      ; 0.000 ns     ; NONE     ; N/A                   ; N/A                 ; N/A    ;              ;
+-----------------+--------------------+----------+------------------+---------------+--------------+----------+-----------------------+---------------------+--------+--------------+


+---------------------------------------------------------------------------------------------------------+
; tsu                                                                                                     ;
+-------+--------------+------------+---------+------------------------------------------------+----------+
; Slack ; Required tsu ; Actual tsu ; From    ; To                                             ; To Clock ;
+-------+--------------+------------+---------+------------------------------------------------+----------+
; N/A   ; None         ; 2.201 ns   ; data[1] ; lpm_dff1:inst|lpm_ff:lpm_ff_component|dffs[1]  ; wr       ;
; N/A   ; None         ; 2.201 ns   ; data[2] ; lpm_dff1:inst|lpm_ff:lpm_ff_component|dffs[2]  ; wr       ;
; N/A   ; None         ; 2.080 ns   ; data[6] ; lpm_dff1:inst|lpm_ff:lpm_ff_component|dffs[6]  ; wr       ;
; N/A   ; None         ; 2.049 ns   ; TAG[1]  ; lpm_dff0:inst1|lpm_ff:lpm_ff_component|dffs[1] ; wr       ;
; N/A   ; None         ; 2.031 ns   ; data[5] ; lpm_dff1:inst|lpm_ff:lpm_ff_component|dffs[5]  ; wr       ;
; N/A   ; None         ; 2.018 ns   ; TAG[2]  ; lpm_dff0:inst1|lpm_ff:lpm_ff_component|dffs[2] ; wr       ;
; N/A   ; None         ; 1.923 ns   ; data[0] ; lpm_dff1:inst|lpm_ff:lpm_ff_component|dffs[0]  ; wr       ;
; N/A   ; None         ; 1.920 ns   ; TAG[0]  ; lpm_dff0:inst1|lpm_ff:lpm_ff_component|dffs[0] ; wr       ;
; N/A   ; None         ; 1.859 ns   ; data[3] ; lpm_dff1:inst|lpm_ff:lpm_ff_component|dffs[3]  ; wr       ;
; N/A   ; None         ; 1.713 ns   ; data[4] ; lpm_dff1:inst|lpm_ff:lpm_ff_component|dffs[4]  ; wr       ;
; N/A   ; None         ; 1.615 ns   ; data[7] ; lpm_dff1:inst|lpm_ff:lpm_ff_component|dffs[7]  ; wr       ;
+-------+--------------+------------+---------+------------------------------------------------+----------+


+------------------------------------------------------------------------------------------------------------+
; tco                                                                                                        ;
+-------+--------------+------------+------------------------------------------------+----------+------------+
; Slack ; Required tco ; Actual tco ; From                                           ; To       ; From Clock ;
+-------+--------------+------------+------------------------------------------------+----------+------------+
; N/A   ; None         ; 7.375 ns   ; lpm_dff0:inst1|lpm_ff:lpm_ff_component|dffs[1] ; hit      ; wr         ;
; N/A   ; None         ; 7.144 ns   ; lpm_dff0:inst1|lpm_ff:lpm_ff_component|dffs[2] ; hit      ; wr         ;
; N/A   ; None         ; 6.751 ns   ; lpm_dff0:inst1|lpm_ff:lpm_ff_component|dffs[0] ; hit      ; wr         ;
; N/A   ; None         ; 6.666 ns   ; lpm_dff1:inst|lpm_ff:lpm_ff_component|dffs[0]  ; odata[0] ; wr         ;
; N/A   ; None         ; 6.635 ns   ; lpm_dff1:inst|lpm_ff:lpm_ff_component|dffs[6]  ; odata[6] ; wr         ;
; N/A   ; None         ; 6.634 ns   ; lpm_dff1:inst|lpm_ff:lpm_ff_component|dffs[4]  ; odata[4] ; wr         ;
; N/A   ; None         ; 6.513 ns   ; lpm_dff1:inst|lpm_ff:lpm_ff_component|dffs[2]  ; odata[2] ; wr         ;
; N/A   ; None         ; 6.511 ns   ; lpm_dff1:inst|lpm_ff:lpm_ff_component|dffs[1]  ; odata[1] ; wr         ;
; N/A   ; None         ; 6.272 ns   ; lpm_dff1:inst|lpm_ff:lpm_ff_component|dffs[5]  ; odata[5] ; wr         ;
; N/A   ; None         ; 6.243 ns   ; lpm_dff1:inst|lpm_ff:lpm_ff_component|dffs[7]  ; odata[7] ; wr         ;
; N/A   ; None         ; 6.117 ns   ; lpm_dff1:inst|lpm_ff:lpm_ff_component|dffs[3]  ; odata[3] ; wr         ;
+-------+--------------+------------+------------------------------------------------+----------+------------+


+------------------------------------------------------------+
; tpd                                                        ;
+-------+-------------------+-----------------+--------+-----+
; Slack ; Required P2P Time ; Actual P2P Time ; From   ; To  ;
+-------+-------------------+-----------------+--------+-----+
; N/A   ; None              ; 8.961 ns        ; TAG[2] ; hit ;
; N/A   ; None              ; 8.953 ns        ; TAG[1] ; hit ;
; N/A   ; None              ; 8.556 ns        ; TAG[0] ; hit ;
+-------+-------------------+-----------------+--------+-----+


+---------------------------------------------------------------------------------------------------------------+
; th                                                                                                            ;
+---------------+-------------+-----------+---------+------------------------------------------------+----------+
; Minimum Slack ; Required th ; Actual th ; From    ; To                                             ; To Clock ;
+---------------+-------------+-----------+---------+------------------------------------------------+----------+
; N/A           ; None        ; -1.505 ns ; data[7] ; lpm_dff1:inst|lpm_ff:lpm_ff_component|dffs[7]  ; wr       ;
; N/A           ; None        ; -1.603 ns ; data[4] ; lpm_dff1:inst|lpm_ff:lpm_ff_component|dffs[4]  ; wr       ;
; N/A           ; None        ; -1.749 ns ; data[3] ; lpm_dff1:inst|lpm_ff:lpm_ff_component|dffs[3]  ; wr       ;
; N/A           ; None        ; -1.810 ns ; TAG[0]  ; lpm_dff0:inst1|lpm_ff:lpm_ff_component|dffs[0] ; wr       ;
; N/A           ; None        ; -1.813 ns ; data[0] ; lpm_dff1:inst|lpm_ff:lpm_ff_component|dffs[0]  ; wr       ;
; N/A           ; None        ; -1.908 ns ; TAG[2]  ; lpm_dff0:inst1|lpm_ff:lpm_ff_component|dffs[2] ; wr       ;
; N/A           ; None        ; -1.921 ns ; data[5] ; lpm_dff1:inst|lpm_ff:lpm_ff_component|dffs[5]  ; wr       ;
; N/A           ; None        ; -1.939 ns ; TAG[1]  ; lpm_dff0:inst1|lpm_ff:lpm_ff_component|dffs[1] ; wr       ;
; N/A           ; None        ; -1.970 ns ; data[6] ; lpm_dff1:inst|lpm_ff:lpm_ff_component|dffs[6]  ; wr       ;
; N/A           ; None        ; -2.091 ns ; data[1] ; lpm_dff1:inst|lpm_ff:lpm_ff_component|dffs[1]  ; wr       ;
; N/A           ; None        ; -2.091 ns ; data[2] ; lpm_dff1:inst|lpm_ff:lpm_ff_component|dffs[2]  ; wr       ;
+---------------+-------------+-----------+---------+------------------------------------------------+----------+


+--------------------------+
; Timing Analyzer Messages ;
+--------------------------+
Info: *******************************************************************
Info: Running Quartus II Timing Analyzer
    Info: Version 5.0 Build 148 04/26/2005 SJ Full Version
    Info: Processing started: Sat Mar 16 23:50:16 2019
Info: Command: quartus_tan --read_settings_files=off --write_settings_files=off cache_cell -c cache_cell --timing_analysis_only
Warning: Found pins functioning as undefined clocks and/or memory enables
    Info: Assuming node "wr" is an undefined clock
Info: No valid register-to-register data paths exist for clock "wr"
Info: tsu for register "lpm_dff1:inst|lpm_ff:lpm_ff_component|dffs[1]" (data pin = "data[1]", clock pin = "wr") is 2.201 ns
    Info: + Longest pin to register delay is 4.981 ns
        Info: 1: + IC(0.000 ns) + CELL(1.087 ns) = 1.087 ns; Loc. = PIN_B4; Fanout = 1; PIN Node = 'data[1]'
        Info: 2: + IC(3.671 ns) + CELL(0.223 ns) = 4.981 ns; Loc. = LC_X52_Y30_N2; Fanout = 1; REG Node = 'lpm_dff1:inst|lpm_ff:lpm_ff_component|dffs[1]'
        Info: Total cell delay = 1.310 ns ( 26.30 % )
        Info: Total interconnect delay = 3.671 ns ( 73.70 % )
    Info: + Micro setup delay of destination is 0.010 ns
    Info: - Shortest clock path from clock "wr" to destination register is 2.790 ns
        Info: 1: + IC(0.000 ns) + CELL(0.725 ns) = 0.725 ns; Loc. = PIN_L2; Fanout = 11; CLK Node = 'wr'
        Info: 2: + IC(1.523 ns) + CELL(0.542 ns) = 2.790 ns; Loc. = LC_X52_Y30_N2; Fanout = 1; REG Node = 'lpm_dff1:inst|lpm_ff:lpm_ff_component|dffs[1]'
        Info: Total cell delay = 1.267 ns ( 45.41 % )
        Info: Total interconnect delay = 1.523 ns ( 54.59 % )
Info: tco from clock "wr" to destination pin "hit" through register "lpm_dff0:inst1|lpm_ff:lpm_ff_component|dffs[1]" is 7.375 ns
    Info: + Longest clock path from clock "wr" to source register is 2.842 ns
        Info: 1: + IC(0.000 ns) + CELL(0.725 ns) = 0.725 ns; Loc. = PIN_L2; Fanout = 11; CLK Node = 'wr'
        Info: 2: + IC(1.575 ns) + CELL(0.542 ns) = 2.842 ns; Loc. = LC_X21_Y30_N4; Fanout = 1; REG Node = 'lpm_dff0:inst1|lpm_ff:lpm_ff_component|dffs[1]'
        Info: Total cell delay = 1.267 ns ( 44.58 % )
        Info: Total interconnect delay = 1.575 ns ( 55.42 % )
    Info: + Micro clock to output delay of source is 0.156 ns
    Info: + Longest register to pin delay is 4.377 ns
        Info: 1: + IC(0.000 ns) + CELL(0.000 ns) = 0.000 ns; Loc. = LC_X21_Y30_N4; Fanout = 1; REG Node = 'lpm_dff0:inst1|lpm_ff:lpm_ff_component|dffs[1]'
        Info: 2: + IC(0.386 ns) + CELL(0.075 ns) = 0.461 ns; Loc. = LC_X21_Y30_N2; Fanout = 1; COMB Node = 'lpm_compare0:inst4|lpm_compare:lpm_compare_component|comptree:comparator|cmpchain:cmp_end|comptree:comp|comptree:sub_comptree|cmpchain:cmp_end|aeb_out~14'
        Info: 3: + IC(0.318 ns) + CELL(0.075 ns) = 0.854 ns; Loc. = LC_X21_Y30_N5; Fanout = 1; COMB Node = 'lpm_compare0:inst4|lpm_compare:lpm_compare_component|comptree:comparator|cmpchain:cmp_end|comptree:comp|comptree:sub_comptree|cmpchain:cmp_end|aeb_out~0'
        Info: 4: + IC(1.119 ns) + CELL(2.404 ns) = 4.377 ns; Loc. = PIN_D13; Fanout = 0; PIN Node = 'hit'
        Info: Total cell delay = 2.554 ns ( 58.35 % )
        Info: Total interconnect delay = 1.823 ns ( 41.65 % )
Info: Longest tpd from source pin "TAG[2]" to destination pin "hit" is 8.961 ns
    Info: 1: + IC(0.000 ns) + CELL(1.087 ns) = 1.087 ns; Loc. = PIN_C14; Fanout = 2; PIN Node = 'TAG[2]'
    Info: 2: + IC(3.678 ns) + CELL(0.280 ns) = 5.045 ns; Loc. = LC_X21_Y30_N2; Fanout = 1; COMB Node = 'lpm_compare0:inst4|lpm_compare:lpm_compare_component|comptree:comparator|cmpchain:cmp_end|comptree:comp|comptree:sub_comptree|cmpchain:cmp_end|aeb_out~14'
    Info: 3: + IC(0.318 ns) + CELL(0.075 ns) = 5.438 ns; Loc. = LC_X21_Y30_N5; Fanout = 1; COMB Node = 'lpm_compare0:inst4|lpm_compare:lpm_compare_component|comptree:comparator|cmpchain:cmp_end|comptree:comp|comptree:sub_comptree|cmpchain:cmp_end|aeb_out~0'
    Info: 4: + IC(1.119 ns) + CELL(2.404 ns) = 8.961 ns; Loc. = PIN_D13; Fanout = 0; PIN Node = 'hit'
    Info: Total cell delay = 3.846 ns ( 42.92 % )
    Info: Total interconnect delay = 5.115 ns ( 57.08 % )
Info: th for register "lpm_dff1:inst|lpm_ff:lpm_ff_component|dffs[7]" (data pin = "data[7]", clock pin = "wr") is -1.505 ns
    Info: + Longest clock path from clock "wr" to destination register is 2.915 ns
        Info: 1: + IC(0.000 ns) + CELL(0.725 ns) = 0.725 ns; Loc. = PIN_L2; Fanout = 11; CLK Node = 'wr'
        Info: 2: + IC(1.648 ns) + CELL(0.542 ns) = 2.915 ns; Loc. = LC_X52_Y2_N4; Fanout = 1; REG Node = 'lpm_dff1:inst|lpm_ff:lpm_ff_component|dffs[7]'
        Info: Total cell delay = 1.267 ns ( 43.46 % )
        Info: Total interconnect delay = 1.648 ns ( 56.54 % )
    Info: + Micro hold delay of destination is 0.100 ns
    Info: - Shortest pin to register delay is 4.520 ns
        Info: 1: + IC(0.000 ns) + CELL(1.234 ns) = 1.234 ns; Loc. = PIN_W2; Fanout = 1; PIN Node = 'data[7]'
        Info: 2: + IC(3.201 ns) + CELL(0.085 ns) = 4.520 ns; Loc. = LC_X52_Y2_N4; Fanout = 1; REG Node = 'lpm_dff1:inst|lpm_ff:lpm_ff_component|dffs[7]'
        Info: Total cell delay = 1.319 ns ( 29.18 % )
        Info: Total interconnect delay = 3.201 ns ( 70.82 % )
Info: Quartus II Timing Analyzer was successful. 0 errors, 1 warning
    Info: Processing ended: Sat Mar 16 23:50:16 2019
    Info: Elapsed time: 00:00:00


