Timing Analyzer report for CD_g
Mon Dec 10 22:58:56 2018
Version 5.0 Build 148 04/26/2005 SJ Full Version


---------------------
; Table of Contents ;
---------------------
  1. Legal Notice
  2. Timing Analyzer Summary
  3. Timing Analyzer Settings
  4. tpd
  5. Timing Analyzer Messages



----------------
; Legal Notice ;
----------------
Copyright (C) 1991-2005 Altera Corporation
Your use of Altera Corporation's design tools, logic functions 
and other software and tools, and its AMPP partner logic       
functions, and any output files any of the foregoing           
(including device programming or simulation files), and any    
associated documentation or information are expressly subject  
to the terms and conditions of the Altera Program License      
Subscription Agreement, Altera MegaCore Function License       
Agreement, or other applicable license agreement, including,   
without limitation, that your use is for the sole purpose of   
programming logic devices manufactured by Altera and sold by   
Altera or its authorized distributors.  Please refer to the    
applicable agreement for further details.



+-----------------------------------------------------------------------------------------------------------------------+
; Timing Analyzer Summary                                                                                               ;
+------------------------------+-------+---------------+-------------+------+----+------------+----------+--------------+
; Type                         ; Slack ; Required Time ; Actual Time ; From ; To ; From Clock ; To Clock ; Failed Paths ;
+------------------------------+-------+---------------+-------------+------+----+------------+----------+--------------+
; Worst-case tpd               ; N/A   ; None          ; 8.993 ns    ; D0   ; K1 ;            ;          ; 0            ;
; Total number of failed paths ;       ;               ;             ;      ;    ;            ;          ; 0            ;
+------------------------------+-------+---------------+-------------+------+----+------------+----------+--------------+


+------------------------------------------------------------------------------------------------------+
; Timing Analyzer Settings                                                                             ;
+-------------------------------------------------------+--------------------+------+----+-------------+
; Option                                                ; Setting            ; From ; To ; Entity Name ;
+-------------------------------------------------------+--------------------+------+----+-------------+
; Device Name                                           ; EP1S10F484C5       ;      ;    ;             ;
; Timing Models                                         ; Final              ;      ;    ;             ;
; Number of source nodes to report per destination node ; 10                 ;      ;    ;             ;
; Number of destination nodes to report                 ; 10                 ;      ;    ;             ;
; Number of paths to report                             ; 200                ;      ;    ;             ;
; Report Minimum Timing Checks                          ; Off                ;      ;    ;             ;
; Use Fast Timing Models                                ; Off                ;      ;    ;             ;
; Report IO Paths Separately                            ; Off                ;      ;    ;             ;
; Default hold multicycle                               ; Same as Multicycle ;      ;    ;             ;
; Cut paths between unrelated clock domains             ; On                 ;      ;    ;             ;
; Cut off read during write signal paths                ; On                 ;      ;    ;             ;
; Cut off feedback from I/O pins                        ; On                 ;      ;    ;             ;
; Report Combined Fast/Slow Timing                      ; Off                ;      ;    ;             ;
; Ignore Clock Settings                                 ; Off                ;      ;    ;             ;
; Analyze latches as synchronous elements               ; Off                ;      ;    ;             ;
; Enable Recovery/Removal analysis                      ; Off                ;      ;    ;             ;
; Enable Clock Latency                                  ; Off                ;      ;    ;             ;
+-------------------------------------------------------+--------------------+------+----+-------------+


+-----------------------------------------------------------+
; tpd                                                       ;
+-------+-------------------+-----------------+------+------+
; Slack ; Required P2P Time ; Actual P2P Time ; From ; To   ;
+-------+-------------------+-----------------+------+------+
; N/A   ; None              ; 8.993 ns        ; D0   ; K1   ;
; N/A   ; None              ; 8.991 ns        ; D0   ; K2   ;
; N/A   ; None              ; 8.979 ns        ; D0   ; K    ;
; N/A   ; None              ; 8.836 ns        ; D1   ; K3   ;
; N/A   ; None              ; 8.717 ns        ; D3   ; K1   ;
; N/A   ; None              ; 8.678 ns        ; D1   ; K1   ;
; N/A   ; None              ; 8.661 ns        ; D1   ; K    ;
; N/A   ; None              ; 8.649 ns        ; D3   ; K2   ;
; N/A   ; None              ; 8.645 ns        ; D2   ; K2   ;
; N/A   ; None              ; 8.640 ns        ; D3   ; K3   ;
; N/A   ; None              ; 8.632 ns        ; D2   ; K    ;
; N/A   ; None              ; 8.631 ns        ; D2   ; K3   ;
; N/A   ; None              ; 7.793 ns        ; D1   ; D1_o ;
; N/A   ; None              ; 7.730 ns        ; D0   ; D0_o ;
; N/A   ; None              ; 7.714 ns        ; D2   ; D2_o ;
; N/A   ; None              ; 7.680 ns        ; D3   ; D3_o ;
+-------+-------------------+-----------------+------+------+


+--------------------------+
; Timing Analyzer Messages ;
+--------------------------+
Info: *******************************************************************
Info: Running Quartus II Timing Analyzer
    Info: Version 5.0 Build 148 04/26/2005 SJ Full Version
    Info: Processing started: Mon Dec 10 22:58:56 2018
Info: Command: quartus_tan --read_settings_files=off --write_settings_files=off CD_g -c CD_g --timing_analysis_only
Info: Longest tpd from source pin "D0" to destination pin "K1" is 8.993 ns
    Info: 1: + IC(0.000 ns) + CELL(1.087 ns) = 1.087 ns; Loc. = PIN_F7; Fanout = 4; PIN Node = 'D0'
    Info: 2: + IC(4.003 ns) + CELL(0.366 ns) = 5.456 ns; Loc. = LC_X48_Y30_N2; Fanout = 1; COMB Node = 'XOR3:inst3|1'
    Info: 3: + IC(1.133 ns) + CELL(2.404 ns) = 8.993 ns; Loc. = PIN_B5; Fanout = 0; PIN Node = 'K1'
    Info: Total cell delay = 3.857 ns ( 42.89 % )
    Info: Total interconnect delay = 5.136 ns ( 57.11 % )
Info: Quartus II Timing Analyzer was successful. 0 errors, 0 warnings
    Info: Processing ended: Mon Dec 10 22:58:56 2018
    Info: Elapsed time: 00:00:00


