Timing Analyzer report for cip8_3g
Sat Nov 07 16:51:55 2020
Version 5.0 Build 148 04/26/2005 SJ Full Version


---------------------
; Table of Contents ;
---------------------
  1. Legal Notice
  2. Timing Analyzer Summary
  3. Timing Analyzer Settings
  4. tpd
  5. Timing Analyzer Messages



----------------
; Legal Notice ;
----------------
Copyright (C) 1991-2005 Altera Corporation
Your use of Altera Corporation's design tools, logic functions 
and other software and tools, and its AMPP partner logic       
functions, and any output files any of the foregoing           
(including device programming or simulation files), and any    
associated documentation or information are expressly subject  
to the terms and conditions of the Altera Program License      
Subscription Agreement, Altera MegaCore Function License       
Agreement, or other applicable license agreement, including,   
without limitation, that your use is for the sole purpose of   
programming logic devices manufactured by Altera and sold by   
Altera or its authorized distributors.  Please refer to the    
applicable agreement for further details.



+-----------------------------------------------------------------------------------------------------------------------+
; Timing Analyzer Summary                                                                                               ;
+------------------------------+-------+---------------+-------------+------+----+------------+----------+--------------+
; Type                         ; Slack ; Required Time ; Actual Time ; From ; To ; From Clock ; To Clock ; Failed Paths ;
+------------------------------+-------+---------------+-------------+------+----+------------+----------+--------------+
; Worst-case tpd               ; N/A   ; None          ; 9.776 ns    ; r7   ; G  ;            ;          ; 0            ;
; Total number of failed paths ;       ;               ;             ;      ;    ;            ;          ; 0            ;
+------------------------------+-------+---------------+-------------+------+----+------------+----------+--------------+


+------------------------------------------------------------------------------------------------------+
; Timing Analyzer Settings                                                                             ;
+-------------------------------------------------------+--------------------+------+----+-------------+
; Option                                                ; Setting            ; From ; To ; Entity Name ;
+-------------------------------------------------------+--------------------+------+----+-------------+
; Device Name                                           ; EP1C3T100C6        ;      ;    ;             ;
; Timing Models                                         ; Final              ;      ;    ;             ;
; Number of source nodes to report per destination node ; 10                 ;      ;    ;             ;
; Number of destination nodes to report                 ; 10                 ;      ;    ;             ;
; Number of paths to report                             ; 200                ;      ;    ;             ;
; Report Minimum Timing Checks                          ; Off                ;      ;    ;             ;
; Use Fast Timing Models                                ; Off                ;      ;    ;             ;
; Report IO Paths Separately                            ; Off                ;      ;    ;             ;
; Default hold multicycle                               ; Same as Multicycle ;      ;    ;             ;
; Cut paths between unrelated clock domains             ; On                 ;      ;    ;             ;
; Cut off read during write signal paths                ; On                 ;      ;    ;             ;
; Cut off feedback from I/O pins                        ; On                 ;      ;    ;             ;
; Report Combined Fast/Slow Timing                      ; Off                ;      ;    ;             ;
; Ignore Clock Settings                                 ; Off                ;      ;    ;             ;
; Analyze latches as synchronous elements               ; Off                ;      ;    ;             ;
; Enable Recovery/Removal analysis                      ; Off                ;      ;    ;             ;
; Enable Clock Latency                                  ; Off                ;      ;    ;             ;
+-------------------------------------------------------+--------------------+------+----+-------------+


+---------------------------------------------------------+
; tpd                                                     ;
+-------+-------------------+-----------------+------+----+
; Slack ; Required P2P Time ; Actual P2P Time ; From ; To ;
+-------+-------------------+-----------------+------+----+
; N/A   ; None              ; 9.776 ns        ; r7   ; G  ;
; N/A   ; None              ; 9.775 ns        ; r7   ; EO ;
; N/A   ; None              ; 9.544 ns        ; r4   ; G  ;
; N/A   ; None              ; 9.543 ns        ; r4   ; EO ;
; N/A   ; None              ; 9.511 ns        ; r7   ; a0 ;
; N/A   ; None              ; 9.428 ns        ; r6   ; G  ;
; N/A   ; None              ; 9.427 ns        ; r6   ; EO ;
; N/A   ; None              ; 9.352 ns        ; EI   ; a0 ;
; N/A   ; None              ; 9.318 ns        ; r3   ; G  ;
; N/A   ; None              ; 9.317 ns        ; r3   ; EO ;
; N/A   ; None              ; 9.258 ns        ; r3   ; a0 ;
; N/A   ; None              ; 9.193 ns        ; r5   ; G  ;
; N/A   ; None              ; 9.192 ns        ; r5   ; EO ;
; N/A   ; None              ; 9.172 ns        ; r2   ; G  ;
; N/A   ; None              ; 9.171 ns        ; r2   ; EO ;
; N/A   ; None              ; 9.166 ns        ; r6   ; a0 ;
; N/A   ; None              ; 8.965 ns        ; r1   ; a0 ;
; N/A   ; None              ; 8.936 ns        ; r7   ; a2 ;
; N/A   ; None              ; 8.930 ns        ; r5   ; a0 ;
; N/A   ; None              ; 8.866 ns        ; r1   ; G  ;
; N/A   ; None              ; 8.865 ns        ; r1   ; EO ;
; N/A   ; None              ; 8.837 ns        ; r2   ; a0 ;
; N/A   ; None              ; 8.764 ns        ; r3   ; a1 ;
; N/A   ; None              ; 8.704 ns        ; r4   ; a2 ;
; N/A   ; None              ; 8.588 ns        ; r6   ; a2 ;
; N/A   ; None              ; 8.525 ns        ; r0   ; G  ;
; N/A   ; None              ; 8.524 ns        ; r0   ; EO ;
; N/A   ; None              ; 8.482 ns        ; r4   ; a0 ;
; N/A   ; None              ; 8.396 ns        ; EI   ; G  ;
; N/A   ; None              ; 8.396 ns        ; EI   ; EO ;
; N/A   ; None              ; 8.365 ns        ; r7   ; a1 ;
; N/A   ; None              ; 8.353 ns        ; r5   ; a2 ;
; N/A   ; None              ; 8.343 ns        ; r2   ; a1 ;
; N/A   ; None              ; 8.249 ns        ; r5   ; a1 ;
; N/A   ; None              ; 8.201 ns        ; EI   ; a2 ;
; N/A   ; None              ; 8.197 ns        ; EI   ; a1 ;
; N/A   ; None              ; 8.014 ns        ; r6   ; a1 ;
; N/A   ; None              ; 7.988 ns        ; r4   ; a1 ;
+-------+-------------------+-----------------+------+----+


+--------------------------+
; Timing Analyzer Messages ;
+--------------------------+
Info: *******************************************************************
Info: Running Quartus II Timing Analyzer
    Info: Version 5.0 Build 148 04/26/2005 SJ Full Version
    Info: Processing started: Sat Nov 07 16:51:55 2020
Info: Command: quartus_tan --read_settings_files=off --write_settings_files=off cip8_3g -c cip8_3g --timing_analysis_only
Info: Longest tpd from source pin "r7" to destination pin "G" is 9.776 ns
    Info: 1: + IC(0.000 ns) + CELL(1.135 ns) = 1.135 ns; Loc. = PIN_85; Fanout = 3; PIN Node = 'r7'
    Info: 2: + IC(4.395 ns) + CELL(0.225 ns) = 5.755 ns; Loc. = LC_X26_Y12_N7; Fanout = 2; COMB Node = 'inst~24'
    Info: 3: + IC(0.337 ns) + CELL(0.454 ns) = 6.546 ns; Loc. = LC_X26_Y12_N0; Fanout = 2; COMB Node = 'inst'
    Info: 4: + IC(0.337 ns) + CELL(0.088 ns) = 6.971 ns; Loc. = LC_X26_Y12_N8; Fanout = 1; COMB Node = 'inst27'
    Info: 5: + IC(1.171 ns) + CELL(1.634 ns) = 9.776 ns; Loc. = PIN_70; Fanout = 0; PIN Node = 'G'
    Info: Total cell delay = 3.536 ns ( 36.17 % )
    Info: Total interconnect delay = 6.240 ns ( 63.83 % )
Info: Quartus II Timing Analyzer was successful. 0 errors, 0 warnings
    Info: Processing ended: Sat Nov 07 16:51:55 2020
    Info: Elapsed time: 00:00:00


