Timing Analyzer report for cip8_3l
Mon Nov 09 01:50:12 2020
Version 5.0 Build 148 04/26/2005 SJ Full Version


---------------------
; Table of Contents ;
---------------------
  1. Legal Notice
  2. Timing Analyzer Summary
  3. Timing Analyzer Settings
  4. tpd
  5. Timing Analyzer Messages



----------------
; Legal Notice ;
----------------
Copyright (C) 1991-2005 Altera Corporation
Your use of Altera Corporation's design tools, logic functions 
and other software and tools, and its AMPP partner logic       
functions, and any output files any of the foregoing           
(including device programming or simulation files), and any    
associated documentation or information are expressly subject  
to the terms and conditions of the Altera Program License      
Subscription Agreement, Altera MegaCore Function License       
Agreement, or other applicable license agreement, including,   
without limitation, that your use is for the sole purpose of   
programming logic devices manufactured by Altera and sold by   
Altera or its authorized distributors.  Please refer to the    
applicable agreement for further details.



+-------------------------------------------------------------------------------------------------------------------------+
; Timing Analyzer Summary                                                                                                 ;
+------------------------------+-------+---------------+-------------+------+------+------------+----------+--------------+
; Type                         ; Slack ; Required Time ; Actual Time ; From ; To   ; From Clock ; To Clock ; Failed Paths ;
+------------------------------+-------+---------------+-------------+------+------+------------+----------+--------------+
; Worst-case tpd               ; N/A   ; None          ; 10.522 ns   ; r[1] ; a[0] ;            ;          ; 0            ;
; Total number of failed paths ;       ;               ;             ;      ;      ;            ;          ; 0            ;
+------------------------------+-------+---------------+-------------+------+------+------------+----------+--------------+


+------------------------------------------------------------------------------------------------------+
; Timing Analyzer Settings                                                                             ;
+-------------------------------------------------------+--------------------+------+----+-------------+
; Option                                                ; Setting            ; From ; To ; Entity Name ;
+-------------------------------------------------------+--------------------+------+----+-------------+
; Device Name                                           ; EP1S10F484C5       ;      ;    ;             ;
; Timing Models                                         ; Final              ;      ;    ;             ;
; Number of source nodes to report per destination node ; 10                 ;      ;    ;             ;
; Number of destination nodes to report                 ; 10                 ;      ;    ;             ;
; Number of paths to report                             ; 200                ;      ;    ;             ;
; Report Minimum Timing Checks                          ; Off                ;      ;    ;             ;
; Use Fast Timing Models                                ; Off                ;      ;    ;             ;
; Report IO Paths Separately                            ; Off                ;      ;    ;             ;
; Default hold multicycle                               ; Same as Multicycle ;      ;    ;             ;
; Cut paths between unrelated clock domains             ; On                 ;      ;    ;             ;
; Cut off read during write signal paths                ; On                 ;      ;    ;             ;
; Cut off feedback from I/O pins                        ; On                 ;      ;    ;             ;
; Report Combined Fast/Slow Timing                      ; Off                ;      ;    ;             ;
; Ignore Clock Settings                                 ; Off                ;      ;    ;             ;
; Analyze latches as synchronous elements               ; Off                ;      ;    ;             ;
; Enable Recovery/Removal analysis                      ; Off                ;      ;    ;             ;
; Enable Clock Latency                                  ; Off                ;      ;    ;             ;
+-------------------------------------------------------+--------------------+------+----+-------------+


+-----------------------------------------------------------+
; tpd                                                       ;
+-------+-------------------+-----------------+------+------+
; Slack ; Required P2P Time ; Actual P2P Time ; From ; To   ;
+-------+-------------------+-----------------+------+------+
; N/A   ; None              ; 10.522 ns       ; r[1] ; a[0] ;
; N/A   ; None              ; 10.436 ns       ; r[7] ; g    ;
; N/A   ; None              ; 10.317 ns       ; r[6] ; g    ;
; N/A   ; None              ; 10.238 ns       ; r[2] ; a[0] ;
; N/A   ; None              ; 9.954 ns        ; r[7] ; eo   ;
; N/A   ; None              ; 9.943 ns        ; r[7] ; a[1] ;
; N/A   ; None              ; 9.835 ns        ; r[6] ; eo   ;
; N/A   ; None              ; 9.824 ns        ; r[6] ; a[1] ;
; N/A   ; None              ; 9.812 ns        ; r[3] ; g    ;
; N/A   ; None              ; 9.637 ns        ; r[5] ; g    ;
; N/A   ; None              ; 9.626 ns        ; r[3] ; a[0] ;
; N/A   ; None              ; 9.617 ns        ; r[1] ; g    ;
; N/A   ; None              ; 9.592 ns        ; r[4] ; g    ;
; N/A   ; None              ; 9.454 ns        ; r[5] ; a[0] ;
; N/A   ; None              ; 9.408 ns        ; r[4] ; a[0] ;
; N/A   ; None              ; 9.330 ns        ; r[3] ; eo   ;
; N/A   ; None              ; 9.326 ns        ; r[2] ; g    ;
; N/A   ; None              ; 9.319 ns        ; r[3] ; a[1] ;
; N/A   ; None              ; 9.272 ns        ; r[7] ; a[2] ;
; N/A   ; None              ; 9.246 ns        ; r[0] ; g    ;
; N/A   ; None              ; 9.155 ns        ; r[5] ; eo   ;
; N/A   ; None              ; 9.153 ns        ; r[6] ; a[2] ;
; N/A   ; None              ; 9.144 ns        ; r[5] ; a[1] ;
; N/A   ; None              ; 9.135 ns        ; r[1] ; eo   ;
; N/A   ; None              ; 9.110 ns        ; r[4] ; eo   ;
; N/A   ; None              ; 9.099 ns        ; r[4] ; a[1] ;
; N/A   ; None              ; 9.016 ns        ; r[7] ; a[0] ;
; N/A   ; None              ; 8.941 ns        ; ei   ; a[2] ;
; N/A   ; None              ; 8.914 ns        ; r[4] ; a[2] ;
; N/A   ; None              ; 8.844 ns        ; r[2] ; eo   ;
; N/A   ; None              ; 8.827 ns        ; r[6] ; a[0] ;
; N/A   ; None              ; 8.815 ns        ; r[2] ; a[1] ;
; N/A   ; None              ; 8.772 ns        ; r[5] ; a[2] ;
; N/A   ; None              ; 8.764 ns        ; r[0] ; eo   ;
; N/A   ; None              ; 8.740 ns        ; ei   ; a[0] ;
; N/A   ; None              ; 8.524 ns        ; ei   ; g    ;
; N/A   ; None              ; 8.521 ns        ; ei   ; eo   ;
; N/A   ; None              ; 8.510 ns        ; ei   ; a[1] ;
+-------+-------------------+-----------------+------+------+


+--------------------------+
; Timing Analyzer Messages ;
+--------------------------+
Info: *******************************************************************
Info: Running Quartus II Timing Analyzer
    Info: Version 5.0 Build 148 04/26/2005 SJ Full Version
    Info: Processing started: Mon Nov 09 01:50:12 2020
Info: Command: quartus_tan --read_settings_files=off --write_settings_files=off cip8_3l -c cip8_3l --timing_analysis_only
Info: Longest tpd from source pin "r[1]" to destination pin "a[0]" is 10.522 ns
    Info: 1: + IC(0.000 ns) + CELL(1.087 ns) = 1.087 ns; Loc. = PIN_AA17; Fanout = 2; PIN Node = 'r[1]'
    Info: 2: + IC(3.949 ns) + CELL(0.366 ns) = 5.402 ns; Loc. = LC_X5_Y1_N7; Fanout = 1; COMB Node = 'a~305'
    Info: 3: + IC(0.326 ns) + CELL(0.366 ns) = 6.094 ns; Loc. = LC_X5_Y1_N8; Fanout = 1; COMB Node = 'a~306'
    Info: 4: + IC(0.323 ns) + CELL(0.366 ns) = 6.783 ns; Loc. = LC_X5_Y1_N2; Fanout = 1; COMB Node = 'a~307'
    Info: 5: + IC(1.335 ns) + CELL(2.404 ns) = 10.522 ns; Loc. = PIN_AB19; Fanout = 0; PIN Node = 'a[0]'
    Info: Total cell delay = 4.589 ns ( 43.61 % )
    Info: Total interconnect delay = 5.933 ns ( 56.39 % )
Info: Quartus II Timing Analyzer was successful. 0 errors, 0 warnings
    Info: Processing ended: Mon Nov 09 01:50:12 2020
    Info: Elapsed time: 00:00:00


