Timing Analyzer report for ptr8_8g
Mon Nov 09 22:08:48 2020
Version 5.0 Build 148 04/26/2005 SJ Full Version


---------------------
; Table of Contents ;
---------------------
  1. Legal Notice
  2. Timing Analyzer Summary
  3. Timing Analyzer Settings
  4. tpd
  5. Timing Analyzer Messages



----------------
; Legal Notice ;
----------------
Copyright (C) 1991-2005 Altera Corporation
Your use of Altera Corporation's design tools, logic functions 
and other software and tools, and its AMPP partner logic       
functions, and any output files any of the foregoing           
(including device programming or simulation files), and any    
associated documentation or information are expressly subject  
to the terms and conditions of the Altera Program License      
Subscription Agreement, Altera MegaCore Function License       
Agreement, or other applicable license agreement, including,   
without limitation, that your use is for the sole purpose of   
programming logic devices manufactured by Altera and sold by   
Altera or its authorized distributors.  Please refer to the    
applicable agreement for further details.



+-----------------------------------------------------------------------------------------------------------------------+
; Timing Analyzer Summary                                                                                               ;
+------------------------------+-------+---------------+-------------+------+----+------------+----------+--------------+
; Type                         ; Slack ; Required Time ; Actual Time ; From ; To ; From Clock ; To Clock ; Failed Paths ;
+------------------------------+-------+---------------+-------------+------+----+------------+----------+--------------+
; Worst-case tpd               ; N/A   ; None          ; 10.254 ns   ; r3   ; q0 ;            ;          ; 0            ;
; Total number of failed paths ;       ;               ;             ;      ;    ;            ;          ; 0            ;
+------------------------------+-------+---------------+-------------+------+----+------------+----------+--------------+


+------------------------------------------------------------------------------------------------------+
; Timing Analyzer Settings                                                                             ;
+-------------------------------------------------------+--------------------+------+----+-------------+
; Option                                                ; Setting            ; From ; To ; Entity Name ;
+-------------------------------------------------------+--------------------+------+----+-------------+
; Device Name                                           ; EP1S10F484C5       ;      ;    ;             ;
; Timing Models                                         ; Final              ;      ;    ;             ;
; Number of source nodes to report per destination node ; 10                 ;      ;    ;             ;
; Number of destination nodes to report                 ; 10                 ;      ;    ;             ;
; Number of paths to report                             ; 200                ;      ;    ;             ;
; Report Minimum Timing Checks                          ; Off                ;      ;    ;             ;
; Use Fast Timing Models                                ; Off                ;      ;    ;             ;
; Report IO Paths Separately                            ; Off                ;      ;    ;             ;
; Default hold multicycle                               ; Same as Multicycle ;      ;    ;             ;
; Cut paths between unrelated clock domains             ; On                 ;      ;    ;             ;
; Cut off read during write signal paths                ; On                 ;      ;    ;             ;
; Cut off feedback from I/O pins                        ; On                 ;      ;    ;             ;
; Report Combined Fast/Slow Timing                      ; Off                ;      ;    ;             ;
; Ignore Clock Settings                                 ; Off                ;      ;    ;             ;
; Analyze latches as synchronous elements               ; Off                ;      ;    ;             ;
; Enable Recovery/Removal analysis                      ; Off                ;      ;    ;             ;
; Enable Clock Latency                                  ; Off                ;      ;    ;             ;
+-------------------------------------------------------+--------------------+------+----+-------------+


+---------------------------------------------------------+
; tpd                                                     ;
+-------+-------------------+-----------------+------+----+
; Slack ; Required P2P Time ; Actual P2P Time ; From ; To ;
+-------+-------------------+-----------------+------+----+
; N/A   ; None              ; 10.254 ns       ; r3   ; q0 ;
; N/A   ; None              ; 10.067 ns       ; r2   ; q1 ;
; N/A   ; None              ; 10.067 ns       ; r2   ; q0 ;
; N/A   ; None              ; 10.062 ns       ; r3   ; q1 ;
; N/A   ; None              ; 9.979 ns        ; r1   ; q0 ;
; N/A   ; None              ; 9.975 ns        ; r0   ; q0 ;
; N/A   ; None              ; 9.591 ns        ; r1   ; q1 ;
; N/A   ; None              ; 9.537 ns        ; r7   ; q0 ;
; N/A   ; None              ; 9.533 ns        ; r7   ; q1 ;
; N/A   ; None              ; 9.381 ns        ; r5   ; q0 ;
; N/A   ; None              ; 9.376 ns        ; r5   ; q1 ;
; N/A   ; None              ; 9.313 ns        ; r7   ; q2 ;
; N/A   ; None              ; 9.282 ns        ; r3   ; q2 ;
; N/A   ; None              ; 9.168 ns        ; r5   ; q2 ;
; N/A   ; None              ; 9.007 ns        ; r4   ; q1 ;
; N/A   ; None              ; 9.003 ns        ; r4   ; q2 ;
; N/A   ; None              ; 9.001 ns        ; r4   ; q0 ;
; N/A   ; None              ; 8.927 ns        ; r7   ; q3 ;
; N/A   ; None              ; 8.890 ns        ; r3   ; q3 ;
; N/A   ; None              ; 8.857 ns        ; r6   ; q1 ;
; N/A   ; None              ; 8.851 ns        ; r6   ; q2 ;
; N/A   ; None              ; 8.851 ns        ; r6   ; q0 ;
; N/A   ; None              ; 8.850 ns        ; EI   ; q0 ;
; N/A   ; None              ; 8.840 ns        ; EI   ; q1 ;
; N/A   ; None              ; 8.837 ns        ; EI   ; q2 ;
; N/A   ; None              ; 8.779 ns        ; r5   ; q3 ;
; N/A   ; None              ; 8.778 ns        ; r4   ; q3 ;
; N/A   ; None              ; 8.747 ns        ; r5   ; q5 ;
; N/A   ; None              ; 8.708 ns        ; r7   ; q4 ;
; N/A   ; None              ; 8.643 ns        ; r7   ; q6 ;
; N/A   ; None              ; 8.643 ns        ; r7   ; q5 ;
; N/A   ; None              ; 8.639 ns        ; r6   ; q6 ;
; N/A   ; None              ; 8.632 ns        ; r6   ; q5 ;
; N/A   ; None              ; 8.629 ns        ; r6   ; q3 ;
; N/A   ; None              ; 8.629 ns        ; r2   ; q2 ;
; N/A   ; None              ; 8.628 ns        ; EI   ; q3 ;
; N/A   ; None              ; 8.561 ns        ; r5   ; q4 ;
; N/A   ; None              ; 8.554 ns        ; EI   ; q7 ;
; N/A   ; None              ; 8.394 ns        ; EI   ; q6 ;
; N/A   ; None              ; 8.389 ns        ; EI   ; q5 ;
; N/A   ; None              ; 8.383 ns        ; r4   ; q4 ;
; N/A   ; None              ; 8.238 ns        ; EI   ; q4 ;
; N/A   ; None              ; 8.238 ns        ; r6   ; q4 ;
; N/A   ; None              ; 8.064 ns        ; r7   ; q7 ;
+-------+-------------------+-----------------+------+----+


+--------------------------+
; Timing Analyzer Messages ;
+--------------------------+
Info: *******************************************************************
Info: Running Quartus II Timing Analyzer
    Info: Version 5.0 Build 148 04/26/2005 SJ Full Version
    Info: Processing started: Mon Nov 09 22:08:48 2020
Info: Command: quartus_tan --read_settings_files=off --write_settings_files=off ptr8_8g -c ptr8_8g --timing_analysis_only
Info: Longest tpd from source pin "r3" to destination pin "q0" is 10.254 ns
    Info: 1: + IC(0.000 ns) + CELL(1.087 ns) = 1.087 ns; Loc. = PIN_T7; Fanout = 4; PIN Node = 'r3'
    Info: 2: + IC(3.727 ns) + CELL(0.366 ns) = 5.180 ns; Loc. = LC_X52_Y2_N6; Fanout = 1; COMB Node = 'dc3g:inst|inst5~32'
    Info: 3: + IC(0.308 ns) + CELL(0.075 ns) = 5.563 ns; Loc. = LC_X52_Y2_N8; Fanout = 1; COMB Node = 'dc3g:inst|inst5~29'
    Info: 4: + IC(0.878 ns) + CELL(0.075 ns) = 6.516 ns; Loc. = LC_X52_Y1_N4; Fanout = 1; COMB Node = 'dc3g:inst|inst5'
    Info: 5: + IC(1.334 ns) + CELL(2.404 ns) = 10.254 ns; Loc. = PIN_Y4; Fanout = 0; PIN Node = 'q0'
    Info: Total cell delay = 4.007 ns ( 39.08 % )
    Info: Total interconnect delay = 6.247 ns ( 60.92 % )
Info: Quartus II Timing Analyzer was successful. 0 errors, 0 warnings
    Info: Processing ended: Mon Nov 09 22:08:48 2020
    Info: Elapsed time: 00:00:00


