Timing Analyzer report for cmp_g
Tue Nov 20 17:08:28 2018
Version 5.0 Build 148 04/26/2005 SJ Full Version


---------------------
; Table of Contents ;
---------------------
  1. Legal Notice
  2. Timing Analyzer Summary
  3. Timing Analyzer Settings
  4. tpd
  5. Timing Analyzer Messages



----------------
; Legal Notice ;
----------------
Copyright (C) 1991-2005 Altera Corporation
Your use of Altera Corporation's design tools, logic functions 
and other software and tools, and its AMPP partner logic       
functions, and any output files any of the foregoing           
(including device programming or simulation files), and any    
associated documentation or information are expressly subject  
to the terms and conditions of the Altera Program License      
Subscription Agreement, Altera MegaCore Function License       
Agreement, or other applicable license agreement, including,   
without limitation, that your use is for the sole purpose of   
programming logic devices manufactured by Altera and sold by   
Altera or its authorized distributors.  Please refer to the    
applicable agreement for further details.



+------------------------------------------------------------------------------------------------------------------------+
; Timing Analyzer Summary                                                                                                ;
+------------------------------+-------+---------------+-------------+------+-----+------------+----------+--------------+
; Type                         ; Slack ; Required Time ; Actual Time ; From ; To  ; From Clock ; To Clock ; Failed Paths ;
+------------------------------+-------+---------------+-------------+------+-----+------------+----------+--------------+
; Worst-case tpd               ; N/A   ; None          ; 9.785 ns    ; X1   ; XGY ;            ;          ; 0            ;
; Total number of failed paths ;       ;               ;             ;      ;     ;            ;          ; 0            ;
+------------------------------+-------+---------------+-------------+------+-----+------------+----------+--------------+


+------------------------------------------------------------------------------------------------------+
; Timing Analyzer Settings                                                                             ;
+-------------------------------------------------------+--------------------+------+----+-------------+
; Option                                                ; Setting            ; From ; To ; Entity Name ;
+-------------------------------------------------------+--------------------+------+----+-------------+
; Device Name                                           ; EP1S10F484C5       ;      ;    ;             ;
; Timing Models                                         ; Final              ;      ;    ;             ;
; Number of source nodes to report per destination node ; 10                 ;      ;    ;             ;
; Number of destination nodes to report                 ; 10                 ;      ;    ;             ;
; Number of paths to report                             ; 200                ;      ;    ;             ;
; Report Minimum Timing Checks                          ; Off                ;      ;    ;             ;
; Use Fast Timing Models                                ; Off                ;      ;    ;             ;
; Report IO Paths Separately                            ; Off                ;      ;    ;             ;
; Default hold multicycle                               ; Same as Multicycle ;      ;    ;             ;
; Cut paths between unrelated clock domains             ; On                 ;      ;    ;             ;
; Cut off read during write signal paths                ; On                 ;      ;    ;             ;
; Cut off feedback from I/O pins                        ; On                 ;      ;    ;             ;
; Report Combined Fast/Slow Timing                      ; Off                ;      ;    ;             ;
; Ignore Clock Settings                                 ; Off                ;      ;    ;             ;
; Analyze latches as synchronous elements               ; Off                ;      ;    ;             ;
; Enable Recovery/Removal analysis                      ; Off                ;      ;    ;             ;
; Enable Clock Latency                                  ; Off                ;      ;    ;             ;
+-------------------------------------------------------+--------------------+------+----+-------------+


+----------------------------------------------------------+
; tpd                                                      ;
+-------+-------------------+-----------------+------+-----+
; Slack ; Required P2P Time ; Actual P2P Time ; From ; To  ;
+-------+-------------------+-----------------+------+-----+
; N/A   ; None              ; 9.785 ns        ; X1   ; XGY ;
; N/A   ; None              ; 9.568 ns        ; X1   ; XLY ;
; N/A   ; None              ; 9.509 ns        ; X0   ; XGY ;
; N/A   ; None              ; 9.469 ns        ; X1   ; XEY ;
; N/A   ; None              ; 9.442 ns        ; Y0   ; XGY ;
; N/A   ; None              ; 9.316 ns        ; Y1   ; XGY ;
; N/A   ; None              ; 9.292 ns        ; X0   ; XLY ;
; N/A   ; None              ; 9.225 ns        ; Y0   ; XLY ;
; N/A   ; None              ; 9.193 ns        ; X0   ; XEY ;
; N/A   ; None              ; 9.126 ns        ; Y0   ; XEY ;
; N/A   ; None              ; 9.099 ns        ; Y1   ; XLY ;
; N/A   ; None              ; 9.000 ns        ; Y1   ; XEY ;
; N/A   ; None              ; 8.977 ns        ; XEY0 ; XEY ;
; N/A   ; None              ; 8.689 ns        ; XGY0 ; XGY ;
; N/A   ; None              ; 8.477 ns        ; XLY0 ; XLY ;
+-------+-------------------+-----------------+------+-----+


+--------------------------+
; Timing Analyzer Messages ;
+--------------------------+
Info: *******************************************************************
Info: Running Quartus II Timing Analyzer
    Info: Version 5.0 Build 148 04/26/2005 SJ Full Version
    Info: Processing started: Tue Nov 20 17:08:28 2018
Info: Command: quartus_tan --read_settings_files=off --write_settings_files=off cmp_g -c cmp_g --timing_analysis_only
Info: Longest tpd from source pin "X1" to destination pin "XGY" is 9.785 ns
    Info: 1: + IC(0.000 ns) + CELL(1.087 ns) = 1.087 ns; Loc. = PIN_AA19; Fanout = 3; PIN Node = 'X1'
    Info: 2: + IC(3.881 ns) + CELL(0.366 ns) = 5.334 ns; Loc. = LC_X5_Y1_N8; Fanout = 3; COMB Node = 'inst10~34'
    Info: 3: + IC(0.346 ns) + CELL(0.366 ns) = 6.046 ns; Loc. = LC_X5_Y1_N2; Fanout = 1; COMB Node = 'inst14~132'
    Info: 4: + IC(1.335 ns) + CELL(2.404 ns) = 9.785 ns; Loc. = PIN_AB19; Fanout = 0; PIN Node = 'XGY'
    Info: Total cell delay = 4.223 ns ( 43.16 % )
    Info: Total interconnect delay = 5.562 ns ( 56.84 % )
Info: Quartus II Timing Analyzer was successful. 0 errors, 0 warnings
    Info: Processing ended: Tue Nov 20 17:08:28 2018
    Info: Elapsed time: 00:00:00


