Analysis & Synthesis report for p_8
Sat Dec 15 02:13:08 2018
Version 5.0 Build 148 04/26/2005 SJ Full Version


---------------------
; Table of Contents ;
---------------------
  1. Legal Notice
  2. Analysis & Synthesis Summary
  3. Analysis & Synthesis Settings
  4. Analysis & Synthesis Source Files Read
  5. Analysis & Synthesis Resource Usage Summary
  6. Analysis & Synthesis Resource Utilization by Entity
  7. General Register Statistics
  8. Parameter Settings for User Entity Instance: LPM_MULT:inst
  9. lpm_mult Parameter Settings by Entity Instance
 10. Analysis & Synthesis Equations
 11. Analysis & Synthesis Messages



----------------
; Legal Notice ;
----------------
Copyright (C) 1991-2005 Altera Corporation
Your use of Altera Corporation's design tools, logic functions 
and other software and tools, and its AMPP partner logic       
functions, and any output files any of the foregoing           
(including device programming or simulation files), and any    
associated documentation or information are expressly subject  
to the terms and conditions of the Altera Program License      
Subscription Agreement, Altera MegaCore Function License       
Agreement, or other applicable license agreement, including,   
without limitation, that your use is for the sole purpose of   
programming logic devices manufactured by Altera and sold by   
Altera or its authorized distributors.  Please refer to the    
applicable agreement for further details.



+------------------------------------------------------------------------+
; Analysis & Synthesis Summary                                           ;
+-----------------------------+------------------------------------------+
; Analysis & Synthesis Status ; Successful - Sat Dec 15 02:13:08 2018    ;
; Quartus II Version          ; 5.0 Build 148 04/26/2005 SJ Full Version ;
; Revision Name               ; p_8                                      ;
; Top-level Entity Name       ; p_8                                      ;
; Family                      ; Stratix                                  ;
; Total logic elements        ; 32                                       ;
; Total pins                  ; 16                                       ;
; Total virtual pins          ; 0                                        ;
; Total memory bits           ; 0                                        ;
; DSP block 9-bit elements    ; 0                                        ;
; Total PLLs                  ; 0                                        ;
; Total DLLs                  ; 0                                        ;
+-----------------------------+------------------------------------------+


+---------------------------------------------------------------------------------------------------+
; Analysis & Synthesis Settings                                                                     ;
+--------------------------------------------------------------------+--------------+---------------+
; Option                                                             ; Setting      ; Default Value ;
+--------------------------------------------------------------------+--------------+---------------+
; Top-level entity name                                              ; p_8          ; p_8           ;
; Family name                                                        ; Stratix      ; Stratix       ;
; Use smart compilation                                              ; Off          ; Off           ;
; Restructure Multiplexers                                           ; Auto         ; Auto          ;
; Create Debugging Nodes for IP Cores                                ; off          ; off           ;
; Preserve fewer node names                                          ; On           ; On            ;
; Disable OpenCore Plus hardware evaluation                          ; Off          ; Off           ;
; Verilog Version                                                    ; Verilog_2001 ; Verilog_2001  ;
; VHDL Version                                                       ; VHDL93       ; VHDL93        ;
; State Machine Processing                                           ; Auto         ; Auto          ;
; Extract Verilog State Machines                                     ; On           ; On            ;
; Extract VHDL State Machines                                        ; On           ; On            ;
; Add Pass-Through Logic to Inferred RAMs                            ; On           ; On            ;
; DSP Block Balancing                                                ; Auto         ; Auto          ;
; Maximum DSP Block Usage                                            ; -1           ; -1            ;
; NOT Gate Push-Back                                                 ; On           ; On            ;
; Power-Up Don't Care                                                ; On           ; On            ;
; Remove Redundant Logic Cells                                       ; Off          ; Off           ;
; Remove Duplicate Registers                                         ; On           ; On            ;
; Ignore CARRY Buffers                                               ; Off          ; Off           ;
; Ignore CASCADE Buffers                                             ; Off          ; Off           ;
; Ignore GLOBAL Buffers                                              ; Off          ; Off           ;
; Ignore ROW GLOBAL Buffers                                          ; Off          ; Off           ;
; Ignore LCELL Buffers                                               ; Off          ; Off           ;
; Ignore SOFT Buffers                                                ; On           ; On            ;
; Limit AHDL Integers to 32 Bits                                     ; Off          ; Off           ;
; Optimization Technique -- Stratix/Stratix GX                       ; Balanced     ; Balanced      ;
; Carry Chain Length -- Stratix/Stratix GX/Cyclone/MAX II/Cyclone II ; 70           ; 70            ;
; Auto Carry Chains                                                  ; On           ; On            ;
; Auto Open-Drain Pins                                               ; On           ; On            ;
; Remove Duplicate Logic                                             ; On           ; On            ;
; Perform WYSIWYG Primitive Resynthesis                              ; Off          ; Off           ;
; Perform gate-level register retiming                               ; Off          ; Off           ;
; Allow register retiming to trade off Tsu/Tco with Fmax             ; On           ; On            ;
; Auto ROM Replacement                                               ; On           ; On            ;
; Auto RAM Replacement                                               ; On           ; On            ;
; Auto DSP Block Replacement                                         ; On           ; On            ;
; Auto Shift Register Replacement                                    ; On           ; On            ;
; Auto Clock Enable Replacement                                      ; On           ; On            ;
; Allows Synchronous Control Signal Usage in Normal Mode Logic Cells ; On           ; On            ;
; Auto RAM Block Balancing                                           ; On           ; On            ;
; Auto Resource Sharing                                              ; Off          ; Off           ;
; Allow Any RAM Size For Recognition                                 ; Off          ; Off           ;
; Allow Any ROM Size For Recognition                                 ; Off          ; Off           ;
; Allow Any Shift Register Size For Recognition                      ; Off          ; Off           ;
; Maximum Number of M512 Memory Blocks                               ; -1           ; -1            ;
; Maximum Number of M4K Memory Blocks                                ; -1           ; -1            ;
; Maximum Number of M-RAM Memory Blocks                              ; -1           ; -1            ;
; Ignore translate_off and translate_on Synthesis Directives         ; Off          ; Off           ;
; Show Parameter Settings Tables in Synthesis Report                 ; On           ; On            ;
+--------------------------------------------------------------------+--------------+---------------+


+---------------------------------------------------------------------------------------------------------------------------------------------------------------+
; Analysis & Synthesis Source Files Read                                                                                                                        ;
+----------------------------------+-----------------+------------------------------------+---------------------------------------------------------------------+
; File Name with User-Entered Path ; Used in Netlist ; File Type                          ; File Name with Absolute Path                                        ;
+----------------------------------+-----------------+------------------------------------+---------------------------------------------------------------------+
; p_8.bdf                          ; yes             ; User Block Diagram/Schematic File  ; C:/altera_labs/laba12/p_8/p_8.bdf                                   ;
; LPM_MULT.tdf                     ; yes             ; Megafunction                       ; c:/altera/quartus50/libraries/megafunctions/LPM_MULT.tdf            ;
; aglobal50.inc                    ; yes             ; Other                              ; c:/altera/quartus50/libraries/megafunctions/aglobal50.inc           ;
; lpm_add_sub.inc                  ; yes             ; Other                              ; c:/altera/quartus50/libraries/megafunctions/lpm_add_sub.inc         ;
; multcore.inc                     ; yes             ; Other                              ; c:/altera/quartus50/libraries/megafunctions/multcore.inc            ;
; bypassff.inc                     ; yes             ; Other                              ; c:/altera/quartus50/libraries/megafunctions/bypassff.inc            ;
; altshift.inc                     ; yes             ; Other                              ; c:/altera/quartus50/libraries/megafunctions/altshift.inc            ;
; multcore.tdf                     ; yes             ; Megafunction                       ; c:/altera/quartus50/libraries/megafunctions/multcore.tdf            ;
; csa_add.inc                      ; yes             ; Other                              ; c:/altera/quartus50/libraries/megafunctions/csa_add.inc             ;
; mpar_add.inc                     ; yes             ; Other                              ; c:/altera/quartus50/libraries/megafunctions/mpar_add.inc            ;
; muleabz.inc                      ; yes             ; Other                              ; c:/altera/quartus50/libraries/megafunctions/muleabz.inc             ;
; mul_lfrg.inc                     ; yes             ; Other                              ; c:/altera/quartus50/libraries/megafunctions/mul_lfrg.inc            ;
; mul_boothc.inc                   ; yes             ; Other                              ; c:/altera/quartus50/libraries/megafunctions/mul_boothc.inc          ;
; alt_ded_mult.inc                 ; yes             ; Other                              ; c:/altera/quartus50/libraries/megafunctions/alt_ded_mult.inc        ;
; alt_ded_mult_y.inc               ; yes             ; Other                              ; c:/altera/quartus50/libraries/megafunctions/alt_ded_mult_y.inc      ;
; dffpipe.inc                      ; yes             ; Other                              ; c:/altera/quartus50/libraries/megafunctions/dffpipe.inc             ;
; mpar_add.tdf                     ; yes             ; Megafunction                       ; c:/altera/quartus50/libraries/megafunctions/mpar_add.tdf            ;
; lpm_add_sub.tdf                  ; yes             ; Megafunction                       ; c:/altera/quartus50/libraries/megafunctions/lpm_add_sub.tdf         ;
; addcore.inc                      ; yes             ; Other                              ; c:/altera/quartus50/libraries/megafunctions/addcore.inc             ;
; look_add.inc                     ; yes             ; Other                              ; c:/altera/quartus50/libraries/megafunctions/look_add.inc            ;
; alt_stratix_add_sub.inc          ; yes             ; Other                              ; c:/altera/quartus50/libraries/megafunctions/alt_stratix_add_sub.inc ;
; alt_mercury_add_sub.inc          ; yes             ; Other                              ; c:/altera/quartus50/libraries/megafunctions/alt_mercury_add_sub.inc ;
; addcore.tdf                      ; yes             ; Megafunction                       ; c:/altera/quartus50/libraries/megafunctions/addcore.tdf             ;
; a_csnbuffer.inc                  ; yes             ; Other                              ; c:/altera/quartus50/libraries/megafunctions/a_csnbuffer.inc         ;
; a_csnbuffer.tdf                  ; yes             ; Megafunction                       ; c:/altera/quartus50/libraries/megafunctions/a_csnbuffer.tdf         ;
; altshift.tdf                     ; yes             ; Megafunction                       ; c:/altera/quartus50/libraries/megafunctions/altshift.tdf            ;
+----------------------------------+-----------------+------------------------------------+---------------------------------------------------------------------+


+---------------------------------------------+
; Analysis & Synthesis Resource Usage Summary ;
+-----------------------------------+---------+
; Resource                          ; Usage   ;
+-----------------------------------+---------+
; Total logic elements              ; 32      ;
; Total combinational functions     ; 32      ;
;     -- Total 4-input functions    ; 0       ;
;     -- Total 3-input functions    ; 0       ;
;     -- Total 2-input functions    ; 26      ;
;     -- Total 1-input functions    ; 4       ;
;     -- Total 0-input functions    ; 2       ;
; Combinational cells for routing   ; 0       ;
; Total registers                   ; 0       ;
; Total logic cells in carry chains ; 16      ;
; I/O pins                          ; 16      ;
; Maximum fan-out node              ; B[0]    ;
; Maximum fan-out                   ; 4       ;
; Total fan-out                     ; 77      ;
; Average fan-out                   ; 1.60    ;
+-----------------------------------+---------+


+----------------------------------------------------------------------------------------------------------------------------------------------------------------------------------------------------------------------------------------------------------------------------------------------------------------------------------------------------------------------------------+
; Analysis & Synthesis Resource Utilization by Entity                                                                                                                                                                                                                                                                                                                              ;
+------------------------------------------------+-------------+--------------+-------------+--------------+---------+-----------+-----------+------+--------------+--------------+-------------------+------------------+-----------------+---------------------------------------------------------------------------------------------------------------------------------------+
; Compilation Hierarchy Node                     ; Logic Cells ; LC Registers ; Memory Bits ; DSP Elements ; DSP 9x9 ; DSP 18x18 ; DSP 36x36 ; Pins ; Virtual Pins ; LUT-Only LCs ; Register-Only LCs ; LUT/Register LCs ; Carry Chain LCs ; Full Hierarchy Name                                                                                                                   ;
+------------------------------------------------+-------------+--------------+-------------+--------------+---------+-----------+-----------+------+--------------+--------------+-------------------+------------------+-----------------+---------------------------------------------------------------------------------------------------------------------------------------+
; |p_8                                           ; 32 (0)      ; 0            ; 0           ; 0            ; 0       ; 0         ; 0         ; 16   ; 0            ; 32 (0)       ; 0 (0)             ; 0 (0)            ; 16 (0)          ; |p_8                                                                                                                                  ;
;    |lpm_mult:inst|                             ; 32 (0)      ; 0            ; 0           ; 0            ; 0       ; 0         ; 0         ; 0    ; 0            ; 32 (0)       ; 0 (0)             ; 0 (0)            ; 16 (0)          ; |p_8|lpm_mult:inst                                                                                                                    ;
;       |multcore:mult_core|                     ; 32 (16)     ; 0            ; 0           ; 0            ; 0       ; 0         ; 0         ; 0    ; 0            ; 32 (16)      ; 0 (0)             ; 0 (0)            ; 16 (0)          ; |p_8|lpm_mult:inst|multcore:mult_core                                                                                                 ;
;          |mpar_add:padder|                     ; 16 (0)      ; 0            ; 0           ; 0            ; 0       ; 0         ; 0         ; 0    ; 0            ; 16 (0)       ; 0 (0)             ; 0 (0)            ; 16 (0)          ; |p_8|lpm_mult:inst|multcore:mult_core|mpar_add:padder                                                                                 ;
;             |lpm_add_sub:adder[0]|             ; 5 (0)       ; 0            ; 0           ; 0            ; 0       ; 0         ; 0         ; 0    ; 0            ; 5 (0)        ; 0 (0)             ; 0 (0)            ; 5 (0)           ; |p_8|lpm_mult:inst|multcore:mult_core|mpar_add:padder|lpm_add_sub:adder[0]                                                            ;
;                |addcore:adder|                 ; 5 (0)       ; 0            ; 0           ; 0            ; 0       ; 0         ; 0         ; 0    ; 0            ; 5 (0)        ; 0 (0)             ; 0 (0)            ; 5 (0)           ; |p_8|lpm_mult:inst|multcore:mult_core|mpar_add:padder|lpm_add_sub:adder[0]|addcore:adder                                              ;
;                   |a_csnbuffer:result_node|    ; 5 (5)       ; 0            ; 0           ; 0            ; 0       ; 0         ; 0         ; 0    ; 0            ; 5 (5)        ; 0 (0)             ; 0 (0)            ; 5 (5)           ; |p_8|lpm_mult:inst|multcore:mult_core|mpar_add:padder|lpm_add_sub:adder[0]|addcore:adder|a_csnbuffer:result_node                      ;
;             |lpm_add_sub:adder[1]|             ; 5 (0)       ; 0            ; 0           ; 0            ; 0       ; 0         ; 0         ; 0    ; 0            ; 5 (0)        ; 0 (0)             ; 0 (0)            ; 5 (0)           ; |p_8|lpm_mult:inst|multcore:mult_core|mpar_add:padder|lpm_add_sub:adder[1]                                                            ;
;                |addcore:adder|                 ; 5 (0)       ; 0            ; 0           ; 0            ; 0       ; 0         ; 0         ; 0    ; 0            ; 5 (0)        ; 0 (0)             ; 0 (0)            ; 5 (0)           ; |p_8|lpm_mult:inst|multcore:mult_core|mpar_add:padder|lpm_add_sub:adder[1]|addcore:adder                                              ;
;                   |a_csnbuffer:result_node|    ; 5 (5)       ; 0            ; 0           ; 0            ; 0       ; 0         ; 0         ; 0    ; 0            ; 5 (5)        ; 0 (0)             ; 0 (0)            ; 5 (5)           ; |p_8|lpm_mult:inst|multcore:mult_core|mpar_add:padder|lpm_add_sub:adder[1]|addcore:adder|a_csnbuffer:result_node                      ;
;             |mpar_add:sub_par_add|             ; 6 (0)       ; 0            ; 0           ; 0            ; 0       ; 0         ; 0         ; 0    ; 0            ; 6 (0)        ; 0 (0)             ; 0 (0)            ; 6 (0)           ; |p_8|lpm_mult:inst|multcore:mult_core|mpar_add:padder|mpar_add:sub_par_add                                                            ;
;                |lpm_add_sub:adder[0]|          ; 6 (0)       ; 0            ; 0           ; 0            ; 0       ; 0         ; 0         ; 0    ; 0            ; 6 (0)        ; 0 (0)             ; 0 (0)            ; 6 (0)           ; |p_8|lpm_mult:inst|multcore:mult_core|mpar_add:padder|mpar_add:sub_par_add|lpm_add_sub:adder[0]                                       ;
;                   |addcore:adder|              ; 6 (0)       ; 0            ; 0           ; 0            ; 0       ; 0         ; 0         ; 0    ; 0            ; 6 (0)        ; 0 (0)             ; 0 (0)            ; 6 (0)           ; |p_8|lpm_mult:inst|multcore:mult_core|mpar_add:padder|mpar_add:sub_par_add|lpm_add_sub:adder[0]|addcore:adder                         ;
;                      |a_csnbuffer:result_node| ; 6 (6)       ; 0            ; 0           ; 0            ; 0       ; 0         ; 0         ; 0    ; 0            ; 6 (6)        ; 0 (0)             ; 0 (0)            ; 6 (6)           ; |p_8|lpm_mult:inst|multcore:mult_core|mpar_add:padder|mpar_add:sub_par_add|lpm_add_sub:adder[0]|addcore:adder|a_csnbuffer:result_node ;
+------------------------------------------------+-------------+--------------+-------------+--------------+---------+-----------+-----------+------+--------------+--------------+-------------------+------------------+-----------------+---------------------------------------------------------------------------------------------------------------------------------------+
Note: For table entries with two numbers listed, the numbers in parentheses indicate the number of resources of the given type used by the specific entity alone. The numbers listed outside of parentheses indicate the total resources of the given type used by the specific entity and all of its sub-entities in the hierarchy.


+------------------------------------------------------+
; General Register Statistics                          ;
+----------------------------------------------+-------+
; Statistic                                    ; Value ;
+----------------------------------------------+-------+
; Total registers                              ; 0     ;
; Number of registers using Synchronous Clear  ; 0     ;
; Number of registers using Synchronous Load   ; 0     ;
; Number of registers using Asynchronous Clear ; 0     ;
; Number of registers using Asynchronous Load  ; 0     ;
; Number of registers using Clock Enable       ; 0     ;
; Number of registers using Preset             ; 0     ;
+----------------------------------------------+-------+


+---------------------------------------------------------------------------------+
; Parameter Settings for User Entity Instance: LPM_MULT:inst                      ;
+------------------------------------------------+----------+---------------------+
; Parameter Name                                 ; Value    ; Type                ;
+------------------------------------------------+----------+---------------------+
; AUTO_CARRY_CHAINS                              ; ON       ; AUTO_CARRY          ;
; IGNORE_CARRY_BUFFERS                           ; OFF      ; IGNORE_CARRY        ;
; AUTO_CASCADE_CHAINS                            ; ON       ; AUTO_CASCADE        ;
; IGNORE_CASCADE_BUFFERS                         ; OFF      ; IGNORE_CASCADE      ;
; LPM_WIDTHA                                     ; 4        ; Untyped             ;
; LPM_WIDTHB                                     ; 4        ; Untyped             ;
; LPM_WIDTHP                                     ; 8        ; Untyped             ;
; LPM_WIDTHR                                     ; 0        ; Untyped             ;
; LPM_WIDTHS                                     ; 4        ; Untyped             ;
; LPM_REPRESENTATION                             ; UNSIGNED ; Untyped             ;
; LPM_PIPELINE                                   ; 0        ; Untyped             ;
; LATENCY                                        ; 0        ; Untyped             ;
; INPUT_A_IS_CONSTANT                            ; NO       ; Untyped             ;
; INPUT_B_IS_CONSTANT                            ; NO       ; Untyped             ;
; USE_EAB                                        ; OFF      ; Untyped             ;
; MAXIMIZE_SPEED                                 ; 5        ; Untyped             ;
; DEVICE_FAMILY                                  ; Stratix  ; Untyped             ;
; CARRY_CHAIN                                    ; MANUAL   ; Untyped             ;
; APEX20K_TECHNOLOGY_MAPPER                      ; Lut      ; TECH_MAPPER_APEX20K ;
; DEDICATED_MULTIPLIER_CIRCUITRY                 ; AUTO     ; Untyped             ;
; DEDICATED_MULTIPLIER_MIN_INPUT_WIDTH_FOR_AUTO  ; 0        ; Untyped             ;
; DEDICATED_MULTIPLIER_MIN_OUTPUT_WIDTH_FOR_AUTO ; 0        ; Untyped             ;
; CBXI_PARAMETER                                 ; NOTHING  ; Untyped             ;
; INPUT_A_FIXED_VALUE                            ; Bx       ; Untyped             ;
; INPUT_B_FIXED_VALUE                            ; Bx       ; Untyped             ;
+------------------------------------------------+----------+---------------------+
Note: In order to hide this table in the UI and the text report file, please set the "Show Parameter Settings Tables in Synthesis Report" option in "Analysis and Synthesis Settings -> More Settings" to "Off".


+-------------------------------------------------------+
; lpm_mult Parameter Settings by Entity Instance        ;
+---------------------------------------+---------------+
; Name                                  ; Value         ;
+---------------------------------------+---------------+
; Number of entity instances            ; 1             ;
; Entity Instance                       ; LPM_MULT:inst ;
;     -- LPM_WIDTHA                     ; 4             ;
;     -- LPM_WIDTHB                     ; 4             ;
;     -- LPM_WIDTHP                     ; 8             ;
;     -- LPM_REPRESENTATION             ; UNSIGNED      ;
;     -- INPUT_A_IS_CONSTANT            ; NO            ;
;     -- INPUT_B_IS_CONSTANT            ; NO            ;
;     -- USE_EAB                        ; OFF           ;
;     -- DEDICATED_MULTIPLIER_CIRCUITRY ; AUTO          ;
;     -- INPUT_A_FIXED_VALUE            ; Bx            ;
;     -- INPUT_B_FIXED_VALUE            ; Bx            ;
+---------------------------------------+---------------+


+--------------------------------+
; Analysis & Synthesis Equations ;
+--------------------------------+
The equations can be found in C:/altera_labs/laba12/p_8/p_8.map.eqn.


+-------------------------------+
; Analysis & Synthesis Messages ;
+-------------------------------+
Info: *******************************************************************
Info: Running Quartus II Analysis & Synthesis
    Info: Version 5.0 Build 148 04/26/2005 SJ Full Version
    Info: Processing started: Sat Dec 15 02:13:08 2018
Info: Command: quartus_map --read_settings_files=on --write_settings_files=off p_8 -c p_8
Info: Found 1 design units, including 1 entities, in source file p_8.bdf
    Info: Found entity 1: p_8
Info: Elaborating entity "p_8" for the top level hierarchy
Warning: Port "clock" of type LPM_MULT and instance "inst" is missing source signal
Warning: Port "aclr" of type LPM_MULT and instance "inst" is missing source signal
Warning: Port "clken" of type LPM_MULT and instance "inst" is missing source signal
Warning: Port "sum" of type LPM_MULT and instance "inst" is missing source signal
Info: Found 1 design units, including 1 entities, in source file ../../../altera/quartus50/libraries/megafunctions/LPM_MULT.tdf
    Info: Found entity 1: lpm_mult
Info: Elaborating entity "LPM_MULT" for hierarchy "LPM_MULT:inst"
Info: Found 1 design units, including 1 entities, in source file ../../../altera/quartus50/libraries/megafunctions/multcore.tdf
    Info: Found entity 1: multcore
Info: Elaborating entity "multcore" for hierarchy "LPM_MULT:inst|multcore:mult_core"
Info: Found 1 design units, including 1 entities, in source file ../../../altera/quartus50/libraries/megafunctions/mpar_add.tdf
    Info: Found entity 1: mpar_add
Info: Elaborating entity "mpar_add" for hierarchy "LPM_MULT:inst|multcore:mult_core|mpar_add:padder"
Info: Found 1 design units, including 1 entities, in source file ../../../altera/quartus50/libraries/megafunctions/lpm_add_sub.tdf
    Info: Found entity 1: lpm_add_sub
Info: Elaborating entity "lpm_add_sub" for hierarchy "LPM_MULT:inst|multcore:mult_core|mpar_add:padder|lpm_add_sub:adder[1]"
Info: Found 1 design units, including 1 entities, in source file ../../../altera/quartus50/libraries/megafunctions/addcore.tdf
    Info: Found entity 1: addcore
Info: Elaborating entity "addcore" for hierarchy "LPM_MULT:inst|multcore:mult_core|mpar_add:padder|lpm_add_sub:adder[1]|addcore:adder"
Info: Found 1 design units, including 1 entities, in source file ../../../altera/quartus50/libraries/megafunctions/a_csnbuffer.tdf
    Info: Found entity 1: a_csnbuffer
Info: Elaborating entity "a_csnbuffer" for hierarchy "LPM_MULT:inst|multcore:mult_core|mpar_add:padder|lpm_add_sub:adder[1]|addcore:adder|a_csnbuffer:oflow_node"
Info: Elaborating entity "a_csnbuffer" for hierarchy "LPM_MULT:inst|multcore:mult_core|mpar_add:padder|lpm_add_sub:adder[1]|addcore:adder|a_csnbuffer:result_node"
Info: Found 1 design units, including 1 entities, in source file ../../../altera/quartus50/libraries/megafunctions/altshift.tdf
    Info: Found entity 1: altshift
Info: Elaborating entity "altshift" for hierarchy "LPM_MULT:inst|multcore:mult_core|mpar_add:padder|lpm_add_sub:adder[1]|altshift:result_ext_latency_ffs"
Info: Elaborating entity "altshift" for hierarchy "LPM_MULT:inst|multcore:mult_core|mpar_add:padder|lpm_add_sub:adder[1]|altshift:carry_ext_latency_ffs"
Info: Elaborating entity "mpar_add" for hierarchy "LPM_MULT:inst|multcore:mult_core|mpar_add:padder|mpar_add:sub_par_add"
Info: Elaborating entity "lpm_add_sub" for hierarchy "LPM_MULT:inst|multcore:mult_core|mpar_add:padder|mpar_add:sub_par_add|lpm_add_sub:adder[0]"
Info: Elaborating entity "addcore" for hierarchy "LPM_MULT:inst|multcore:mult_core|mpar_add:padder|mpar_add:sub_par_add|lpm_add_sub:adder[0]|addcore:adder"
Info: Elaborating entity "a_csnbuffer" for hierarchy "LPM_MULT:inst|multcore:mult_core|mpar_add:padder|mpar_add:sub_par_add|lpm_add_sub:adder[0]|addcore:adder|a_csnbuffer:oflow_node"
Info: Elaborating entity "a_csnbuffer" for hierarchy "LPM_MULT:inst|multcore:mult_core|mpar_add:padder|mpar_add:sub_par_add|lpm_add_sub:adder[0]|addcore:adder|a_csnbuffer:result_node"
Info: Elaborating entity "altshift" for hierarchy "LPM_MULT:inst|multcore:mult_core|mpar_add:padder|mpar_add:sub_par_add|lpm_add_sub:adder[0]|altshift:result_ext_latency_ffs"
Info: Elaborating entity "altshift" for hierarchy "LPM_MULT:inst|altshift:external_latency_ffs"
Info: Implemented 48 device resources after synthesis - the final resource count might be different
    Info: Implemented 8 input pins
    Info: Implemented 8 output pins
    Info: Implemented 32 logic cells
Info: Quartus II Analysis & Synthesis was successful. 0 errors, 4 warnings
    Info: Processing ended: Sat Dec 15 02:13:08 2018
    Info: Elapsed time: 00:00:00


