Project Information                       c:\projects\lab13\uniqie_element.rpt

MAX+plus II Compiler Report File
Version 9.01 07/30/98
Compiled: 11/19/20 15:22:23

Copyright (C) 1988-1998 Altera Corporation
Any megafunction design, and related net list (encrypted or decrypted),
support information, device programming or simulation file, and any other
associated documentation or information provided by Altera or a partner
under Altera's Megafunction Partnership Program may be used only to
program PLD devices (but not masked PLD devices) from Altera.  Any other
use of such megafunction design, net list, support information, device
programming or simulation file, or any other related documentation or
information is prohibited for any other purpose, including, but not
limited to modification, reverse engineering, de-compiling, or use with
any other silicon devices, unless such use is explicitly licensed under
a separate agreement with Altera or a megafunction partner.  Title to
the intellectual property, including patents, copyrights, trademarks,
trade secrets, or maskworks, embodied in any such megafunction design,
net list, support information, device programming or simulation file, or
any other related documentation or information provided by Altera or a
megafunction partner, remains with Altera, the megafunction partner, or
their respective licensors.  No other licenses, including any licenses
needed under any third party's intellectual property, are provided herein.



***** Project compilation was successful




** DEVICE SUMMARY **

Chip/                     Input   Output   Bidir         Shareable
POF       Device          Pins    Pins     Pins     LCs  Expanders  % Utilized

uniqie_element
      EPM7032LC44-6        12       2        0      2       0           6  %

User Pins:                 12       2        0  



Project Information                       c:\projects\lab13\uniqie_element.rpt

** FILE HIERARCHY **



|74153:1|


Device-Specific Information:              c:\projects\lab13\uniqie_element.rpt
uniqie_element

***** Logic for device 'uniqie_element' compiled without errors.




Device: EPM7032LC44-6

Device Options:
    Turbo Bit                                    = ON
    Security Bit                                 = OFF

                                               
                                               
                                               
                                               
                                               
              2  2     V  G  G  G  G  G        
              c  c     C  N  N  N  N  N  f  f  
              2  3  a  C  D  D  D  D  D  2  1  
            -----------------------------------_ 
          /   6  5  4  3  2  1 44 43 42 41 40   | 
     2c1 |  7                                39 | RESERVED 
     2c0 |  8                                38 | RESERVED 
     1c3 |  9                                37 | RESERVED 
     GND | 10                                36 | RESERVED 
     1c2 | 11                                35 | VCC 
     1c1 | 12         EPM7032LC44-6          34 | RESERVED 
     1c0 | 13                                33 | RESERVED 
     gn1 | 14                                32 | RESERVED 
     VCC | 15                                31 | RESERVED 
       b | 16                                30 | GND 
     2gn | 17                                29 | RESERVED 
         |_  18 19 20 21 22 23 24 25 26 27 28  _| 
           ------------------------------------ 
              R  R  R  R  G  V  R  R  R  R  R  
              E  E  E  E  N  C  E  E  E  E  E  
              S  S  S  S  D  C  S  S  S  S  S  
              E  E  E  E        E  E  E  E  E  
              R  R  R  R        R  R  R  R  R  
              V  V  V  V        V  V  V  V  V  
              E  E  E  E        E  E  E  E  E  
              D  D  D  D        D  D  D  D  D  


N.C. = Not Connected.
VCC = Dedicated power pin, which MUST be connected to VCC.
GND = Dedicated ground pin or unused dedicated input, which MUST be connected to GND.
RESERVED = Unused I/O pin, which MUST be left unconnected.



Device-Specific Information:              c:\projects\lab13\uniqie_element.rpt
uniqie_element

** RESOURCE USAGE **

                                                Shareable     External
Logic Array Block     Logic Cells   I/O Pins    Expanders   Interconnect

A:     LC1 - LC16     0/16(  0%)  12/16( 75%)   0/16(  0%)   0/36(  0%) 
B:    LC17 - LC32     2/16( 12%)   2/16( 12%)   0/16(  0%)  12/36( 33%) 


Total dedicated input pins used:                 0/4      (  0%)
Total I/O pins used:                            14/32     ( 43%)
Total logic cells used:                          2/32     (  6%)
Total shareable expanders used:                  0/32     (  0%)
Total Turbo logic cells used:                    2/32     (  6%)
Total shareable expanders not available (n/a):   0/32     (  0%)
Average fan-in:                                  7.00
Total fan-in:                                    14

Total input pins required:                      12
Total output pins required:                      2
Total bidirectional pins required:               0
Total logic cells required:                      2
Total flipflops required:                        0
Total product terms required:                    8
Total logic cells lending parallel expanders:    0
Total shareable expanders in database:           0

Synthesized logic cells:                         0/  32   (  0%)



Device-Specific Information:              c:\projects\lab13\uniqie_element.rpt
uniqie_element

** INPUTS **

                                         Shareable
                                         Expanders     Fan-In    Fan-Out
 Pin     LC  LAB  Primitive    Code   Total Shared n/a INP  FBK  OUT  FBK  Name
   4    (1)  (A)      INPUT               0      0   0    0    0    2    0  a
  16   (11)  (A)      INPUT               0      0   0    0    0    2    0  b
  14   (10)  (A)      INPUT               0      0   0    0    0    1    0  gn1
  13    (9)  (A)      INPUT               0      0   0    0    0    1    0  1c0
  12    (8)  (A)      INPUT               0      0   0    0    0    1    0  1c1
  11    (7)  (A)      INPUT               0      0   0    0    0    1    0  1c2
   9    (6)  (A)      INPUT               0      0   0    0    0    1    0  1c3
   8    (5)  (A)      INPUT               0      0   0    0    0    1    0  2c0
   7    (4)  (A)      INPUT               0      0   0    0    0    1    0  2c1
   6    (3)  (A)      INPUT               0      0   0    0    0    1    0  2c2
   5    (2)  (A)      INPUT               0      0   0    0    0    1    0  2c3
  17   (12)  (A)      INPUT               0      0   0    0    0    1    0  2gn


Code:

s = Synthesized pin or logic cell
t = Turbo logic cell
+ = Synchronous flipflop
! = NOT gate push-back
r = Fitter-inserted logic cell


Device-Specific Information:              c:\projects\lab13\uniqie_element.rpt
uniqie_element

** OUTPUTS **

                                         Shareable
                                         Expanders     Fan-In    Fan-Out
 Pin     LC  LAB  Primitive    Code   Total Shared n/a INP  FBK  OUT  FBK  Name
  40     18    B     OUTPUT      t        0      0   0    7    0    0    0  f1
  41     17    B     OUTPUT      t        0      0   0    7    0    0    0  f2


Code:

s = Synthesized pin or logic cell
t = Turbo logic cell
+ = Synchronous flipflop
! = NOT gate push-back
r = Fitter-inserted logic cell


Device-Specific Information:              c:\projects\lab13\uniqie_element.rpt
uniqie_element

** LOGIC CELL INTERCONNECTIONS **

Logic Array Block 'B':

             Logic cells placed in LAB 'B'
        +--- LC18 f1
        | +- LC17 f2
        | | 
        | |   Other LABs fed by signals
        | |   that feed LAB 'B'
LC      | | | A B |     Logic cells that feed LAB 'B':

Pin
4    -> * * | - * | <-- a
16   -> * * | - * | <-- b
14   -> * - | - * | <-- gn1
13   -> * - | - * | <-- 1c0
12   -> * - | - * | <-- 1c1
11   -> * - | - * | <-- 1c2
9    -> * - | - * | <-- 1c3
8    -> - * | - * | <-- 2c0
7    -> - * | - * | <-- 2c1
6    -> - * | - * | <-- 2c2
5    -> - * | - * | <-- 2c3
17   -> - * | - * | <-- 2gn


* = The logic cell or pin is an input to the logic cell (or LAB) through the PIA.
- = The logic cell or pin is not an input to the logic cell (or LAB).


Device-Specific Information:              c:\projects\lab13\uniqie_element.rpt
uniqie_element

** EQUATIONS **

a        : INPUT;
b        : INPUT;
gn1      : INPUT;
1c0      : INPUT;
1c1      : INPUT;
1c2      : INPUT;
1c3      : INPUT;
2c0      : INPUT;
2c1      : INPUT;
2c2      : INPUT;
2c3      : INPUT;
2gn      : INPUT;

-- Node name is 'f1' 
-- Equation name is 'f1', location is LC018, type is output.
 f1      = LCELL( _EQ001 $  GND);
  _EQ001 =  a &  b & !gn1 &  1c3
         # !a &  b & !gn1 &  1c2
         #  a & !b & !gn1 &  1c1
         # !a & !b & !gn1 &  1c0;

-- Node name is 'f2' 
-- Equation name is 'f2', location is LC017, type is output.
 f2      = LCELL( _EQ002 $  GND);
  _EQ002 =  a &  b &  2c3 & !2gn
         # !a &  b &  2c2 & !2gn
         #  a & !b &  2c1 & !2gn
         # !a & !b &  2c0 & !2gn;



--     Shareable expanders that are duplicated in multiple LABs:
--     (none)




Project Information                       c:\projects\lab13\uniqie_element.rpt

** COMPILATION SETTINGS & TIMES **

Processing Menu Commands
------------------------

Design Doctor                             = off

Logic Synthesis:

   Synthesis Type Used                    = Standard

   Default Synthesis Style                = NORMAL

      Logic option settings in 'NORMAL' style for 'MAX7000' family

      DECOMPOSE_GATES                     = on
      DUPLICATE_LOGIC_EXTRACTION          = on
      MINIMIZATION                        = full
      MULTI_LEVEL_FACTORING               = on
      NOT_GATE_PUSH_BACK                  = on
      PARALLEL_EXPANDERS                  = off
      REDUCE_LOGIC                        = on
      REFACTORIZATION                     = on
      REGISTER_OPTIMIZATION               = on
      RESYNTHESIZE_NETWORK                = on
      SLOW_SLEW_RATE                      = off
      SOFT_BUFFER_INSERTION               = on
      SUBFACTOR_EXTRACTION                = on
      TURBO_BIT                           = on
      XOR_SYNTHESIS                       = on
      IGNORE_SOFT_BUFFERS                 = off
      USE_LPM_FOR_AHDL_OPERATORS          = off

   Other logic synthesis settings:

      Automatic Global Clock              = on
      Automatic Global Clear              = on
      Automatic Global Preset             = on
      Automatic Global Output Enable      = on
      Automatic Fast I/O                  = off
      Automatic Register Packing          = off
      Automatic Open-Drain Pins           = on
      Automatic Implement in EAB          = off
      One-Hot State Machine Encoding      = off
      Optimize                            = 5

Default Timing Specifications: None

Cut All Bidir Feedback Timing Paths       = on
Cut All Clear & Preset Timing Paths       = on

Ignore Timing Assignments                 = off

Functional SNF Extractor                  = off

Linked SNF Extractor                      = off
Timing SNF Extractor                      = on
Optimize Timing SNF                       = off
Generate AHDL TDO File                    = off
Fitter Settings                           = NORMAL
Smart Recompile                           = off
Total Recompile                           = off

Interfaces Menu Commands
------------------------

EDIF Netlist Writer                       = off
Verilog Netlist Writer                    = off
VHDL Netlist Writer                       = off

Compilation Times
-----------------

   Compiler Netlist Extractor             00:00:00
   Database Builder                       00:00:00
   Logic Synthesizer                      00:00:00
   Partitioner                            00:00:00
   Fitter                                 00:00:00
   Timing SNF Extractor                   00:00:00
   Assembler                              00:00:00
   --------------------------             --------
   Total Time                             00:00:00


Memory Allocated
-----------------

Peak memory allocated during compilation  = 3,203K
