Timing Analyzer report for mux4_1p
Tue Nov 13 13:25:52 2018
Version 5.0 Build 148 04/26/2005 SJ Full Version


---------------------
; Table of Contents ;
---------------------
  1. Legal Notice
  2. Timing Analyzer Summary
  3. Timing Analyzer Settings
  4. tpd
  5. Timing Analyzer Messages



----------------
; Legal Notice ;
----------------
Copyright (C) 1991-2005 Altera Corporation
Your use of Altera Corporation's design tools, logic functions 
and other software and tools, and its AMPP partner logic       
functions, and any output files any of the foregoing           
(including device programming or simulation files), and any    
associated documentation or information are expressly subject  
to the terms and conditions of the Altera Program License      
Subscription Agreement, Altera MegaCore Function License       
Agreement, or other applicable license agreement, including,   
without limitation, that your use is for the sole purpose of   
programming logic devices manufactured by Altera and sold by   
Altera or its authorized distributors.  Please refer to the    
applicable agreement for further details.



+-----------------------------------------------------------------------------------------------------------------------+
; Timing Analyzer Summary                                                                                               ;
+------------------------------+-------+---------------+-------------+------+----+------------+----------+--------------+
; Type                         ; Slack ; Required Time ; Actual Time ; From ; To ; From Clock ; To Clock ; Failed Paths ;
+------------------------------+-------+---------------+-------------+------+----+------------+----------+--------------+
; Worst-case tpd               ; N/A   ; None          ; 9.470 ns    ; x[0] ; q  ;            ;          ; 0            ;
; Total number of failed paths ;       ;               ;             ;      ;    ;            ;          ; 0            ;
+------------------------------+-------+---------------+-------------+------+----+------------+----------+--------------+


+------------------------------------------------------------------------------------------------------+
; Timing Analyzer Settings                                                                             ;
+-------------------------------------------------------+--------------------+------+----+-------------+
; Option                                                ; Setting            ; From ; To ; Entity Name ;
+-------------------------------------------------------+--------------------+------+----+-------------+
; Device Name                                           ; EP1S10F484C5       ;      ;    ;             ;
; Timing Models                                         ; Final              ;      ;    ;             ;
; Number of source nodes to report per destination node ; 10                 ;      ;    ;             ;
; Number of destination nodes to report                 ; 10                 ;      ;    ;             ;
; Number of paths to report                             ; 200                ;      ;    ;             ;
; Report Minimum Timing Checks                          ; Off                ;      ;    ;             ;
; Use Fast Timing Models                                ; Off                ;      ;    ;             ;
; Report IO Paths Separately                            ; Off                ;      ;    ;             ;
; Default hold multicycle                               ; Same as Multicycle ;      ;    ;             ;
; Cut paths between unrelated clock domains             ; On                 ;      ;    ;             ;
; Cut off read during write signal paths                ; On                 ;      ;    ;             ;
; Cut off feedback from I/O pins                        ; On                 ;      ;    ;             ;
; Report Combined Fast/Slow Timing                      ; Off                ;      ;    ;             ;
; Ignore Clock Settings                                 ; Off                ;      ;    ;             ;
; Analyze latches as synchronous elements               ; Off                ;      ;    ;             ;
; Enable Recovery/Removal analysis                      ; Off                ;      ;    ;             ;
; Enable Clock Latency                                  ; Off                ;      ;    ;             ;
+-------------------------------------------------------+--------------------+------+----+-------------+


+---------------------------------------------------------+
; tpd                                                     ;
+-------+-------------------+-----------------+------+----+
; Slack ; Required P2P Time ; Actual P2P Time ; From ; To ;
+-------+-------------------+-----------------+------+----+
; N/A   ; None              ; 9.470 ns        ; x[0] ; q  ;
; N/A   ; None              ; 9.358 ns        ; a[1] ; q  ;
; N/A   ; None              ; 9.282 ns        ; a[0] ; q  ;
; N/A   ; None              ; 9.180 ns        ; x[2] ; q  ;
; N/A   ; None              ; 8.686 ns        ; x[3] ; q  ;
; N/A   ; None              ; 8.488 ns        ; x[1] ; q  ;
; N/A   ; None              ; 7.601 ns        ; en   ; q  ;
+-------+-------------------+-----------------+------+----+


+--------------------------+
; Timing Analyzer Messages ;
+--------------------------+
Info: *******************************************************************
Info: Running Quartus II Timing Analyzer
    Info: Version 5.0 Build 148 04/26/2005 SJ Full Version
    Info: Processing started: Tue Nov 13 13:25:52 2018
Info: Command: quartus_tan --read_settings_files=off --write_settings_files=off mux4_1p -c mux4_1p --timing_analysis_only
Info: Longest tpd from source pin "x[0]" to destination pin "q" is 9.470 ns
    Info: 1: + IC(0.000 ns) + CELL(1.087 ns) = 1.087 ns; Loc. = PIN_T7; Fanout = 1; PIN Node = 'x[0]'
    Info: 2: + IC(3.685 ns) + CELL(0.366 ns) = 5.138 ns; Loc. = LC_X52_Y1_N2; Fanout = 1; COMB Node = 'process0~13'
    Info: 3: + IC(0.325 ns) + CELL(0.366 ns) = 5.829 ns; Loc. = LC_X52_Y1_N5; Fanout = 1; COMB Node = 'process0~14'
    Info: 4: + IC(0.329 ns) + CELL(0.183 ns) = 6.341 ns; Loc. = LC_X52_Y1_N4; Fanout = 1; COMB Node = 't'
    Info: 5: + IC(0.753 ns) + CELL(2.376 ns) = 9.470 ns; Loc. = PIN_V4; Fanout = 0; PIN Node = 'q'
    Info: Total cell delay = 4.378 ns ( 46.23 % )
    Info: Total interconnect delay = 5.092 ns ( 53.77 % )
Info: Quartus II Timing Analyzer was successful. 0 errors, 0 warnings
    Info: Processing ended: Tue Nov 13 13:25:52 2018
    Info: Elapsed time: 00:00:00


