Analysis & Synthesis report for laba1_vhdl
Tue Feb 26 23:00:20 2019
Version 5.0 Build 148 04/26/2005 SJ Full Version


---------------------
; Table of Contents ;
---------------------
  1. Legal Notice
  2. Analysis & Synthesis Summary
  3. Analysis & Synthesis Settings
  4. Analysis & Synthesis Source Files Read
  5. Analysis & Synthesis Resource Usage Summary
  6. Analysis & Synthesis Resource Utilization by Entity
  7. Analysis & Synthesis RAM Summary
  8. User-Specified and Inferred Latches
  9. General Register Statistics
 10. Parameter Settings for Inferred Entity Instance: altshift_taps:dffs_rtl_0
 11. altshift_taps Parameter Settings by Entity Instance
 12. Analysis & Synthesis Equations
 13. Analysis & Synthesis Messages



----------------
; Legal Notice ;
----------------
Copyright (C) 1991-2005 Altera Corporation
Your use of Altera Corporation's design tools, logic functions 
and other software and tools, and its AMPP partner logic       
functions, and any output files any of the foregoing           
(including device programming or simulation files), and any    
associated documentation or information are expressly subject  
to the terms and conditions of the Altera Program License      
Subscription Agreement, Altera MegaCore Function License       
Agreement, or other applicable license agreement, including,   
without limitation, that your use is for the sole purpose of   
programming logic devices manufactured by Altera and sold by   
Altera or its authorized distributors.  Please refer to the    
applicable agreement for further details.



+------------------------------------------------------------------------+
; Analysis & Synthesis Summary                                           ;
+-----------------------------+------------------------------------------+
; Analysis & Synthesis Status ; Successful - Tue Feb 26 23:00:20 2019    ;
; Quartus II Version          ; 5.0 Build 148 04/26/2005 SJ Full Version ;
; Revision Name               ; laba1_vhdl                               ;
; Top-level Entity Name       ; laba1_vhdl                               ;
; Family                      ; Stratix                                  ;
; Total logic elements        ; 32                                       ;
; Total pins                  ; 28                                       ;
; Total virtual pins          ; 0                                        ;
; Total memory bits           ; 48                                       ;
; DSP block 9-bit elements    ; 0                                        ;
; Total PLLs                  ; 0                                        ;
; Total DLLs                  ; 0                                        ;
+-----------------------------+------------------------------------------+


+---------------------------------------------------------------------------------------------------+
; Analysis & Synthesis Settings                                                                     ;
+--------------------------------------------------------------------+--------------+---------------+
; Option                                                             ; Setting      ; Default Value ;
+--------------------------------------------------------------------+--------------+---------------+
; Top-level entity name                                              ; laba1_vhdl   ; laba1_vhdl    ;
; Family name                                                        ; Stratix      ; Stratix       ;
; Use smart compilation                                              ; Off          ; Off           ;
; Restructure Multiplexers                                           ; Auto         ; Auto          ;
; Create Debugging Nodes for IP Cores                                ; off          ; off           ;
; Preserve fewer node names                                          ; On           ; On            ;
; Disable OpenCore Plus hardware evaluation                          ; Off          ; Off           ;
; Verilog Version                                                    ; Verilog_2001 ; Verilog_2001  ;
; VHDL Version                                                       ; VHDL93       ; VHDL93        ;
; State Machine Processing                                           ; Auto         ; Auto          ;
; Extract Verilog State Machines                                     ; On           ; On            ;
; Extract VHDL State Machines                                        ; On           ; On            ;
; Add Pass-Through Logic to Inferred RAMs                            ; On           ; On            ;
; DSP Block Balancing                                                ; Auto         ; Auto          ;
; Maximum DSP Block Usage                                            ; -1           ; -1            ;
; NOT Gate Push-Back                                                 ; On           ; On            ;
; Power-Up Don't Care                                                ; On           ; On            ;
; Remove Redundant Logic Cells                                       ; Off          ; Off           ;
; Remove Duplicate Registers                                         ; On           ; On            ;
; Ignore CARRY Buffers                                               ; Off          ; Off           ;
; Ignore CASCADE Buffers                                             ; Off          ; Off           ;
; Ignore GLOBAL Buffers                                              ; Off          ; Off           ;
; Ignore ROW GLOBAL Buffers                                          ; Off          ; Off           ;
; Ignore LCELL Buffers                                               ; Off          ; Off           ;
; Ignore SOFT Buffers                                                ; On           ; On            ;
; Limit AHDL Integers to 32 Bits                                     ; Off          ; Off           ;
; Optimization Technique -- Stratix/Stratix GX                       ; Balanced     ; Balanced      ;
; Carry Chain Length -- Stratix/Stratix GX/Cyclone/MAX II/Cyclone II ; 70           ; 70            ;
; Auto Carry Chains                                                  ; On           ; On            ;
; Auto Open-Drain Pins                                               ; On           ; On            ;
; Remove Duplicate Logic                                             ; On           ; On            ;
; Perform WYSIWYG Primitive Resynthesis                              ; Off          ; Off           ;
; Perform gate-level register retiming                               ; Off          ; Off           ;
; Allow register retiming to trade off Tsu/Tco with Fmax             ; On           ; On            ;
; Auto ROM Replacement                                               ; On           ; On            ;
; Auto RAM Replacement                                               ; On           ; On            ;
; Auto DSP Block Replacement                                         ; On           ; On            ;
; Auto Shift Register Replacement                                    ; On           ; On            ;
; Auto Clock Enable Replacement                                      ; On           ; On            ;
; Allows Synchronous Control Signal Usage in Normal Mode Logic Cells ; On           ; On            ;
; Auto RAM Block Balancing                                           ; On           ; On            ;
; Auto Resource Sharing                                              ; Off          ; Off           ;
; Allow Any RAM Size For Recognition                                 ; Off          ; Off           ;
; Allow Any ROM Size For Recognition                                 ; Off          ; Off           ;
; Allow Any Shift Register Size For Recognition                      ; Off          ; Off           ;
; Maximum Number of M512 Memory Blocks                               ; -1           ; -1            ;
; Maximum Number of M4K Memory Blocks                                ; -1           ; -1            ;
; Maximum Number of M-RAM Memory Blocks                              ; -1           ; -1            ;
; Ignore translate_off and translate_on Synthesis Directives         ; Off          ; Off           ;
; Show Parameter Settings Tables in Synthesis Report                 ; On           ; On            ;
+--------------------------------------------------------------------+--------------+---------------+


+---------------------------------------------------------------------------------------------------------------------------------------------------+
; Analysis & Synthesis Source Files Read                                                                                                            ;
+----------------------------------+-----------------+------------------------------+---------------------------------------------------------------+
; File Name with User-Entered Path ; Used in Netlist ; File Type                    ; File Name with Absolute Path                                  ;
+----------------------------------+-----------------+------------------------------+---------------------------------------------------------------+
; laba1_vhdl.vhd                   ; yes             ; User VHDL File               ; C:/altera_labs/4_semestr/laba1_vhdl/laba1_vhdl.vhd            ;
; altshift_taps.tdf                ; yes             ; Megafunction                 ; c:/altera/quartus50/libraries/megafunctions/altshift_taps.tdf ;
; altdpram.inc                     ; yes             ; Other                        ; c:/altera/quartus50/libraries/megafunctions/altdpram.inc      ;
; lpm_counter.inc                  ; yes             ; Other                        ; c:/altera/quartus50/libraries/megafunctions/lpm_counter.inc   ;
; lpm_compare.inc                  ; yes             ; Other                        ; c:/altera/quartus50/libraries/megafunctions/lpm_compare.inc   ;
; lpm_constant.inc                 ; yes             ; Other                        ; c:/altera/quartus50/libraries/megafunctions/lpm_constant.inc  ;
; db/shift_taps_ujg.tdf            ; yes             ; Auto-Generated Megafunction  ; C:/altera_labs/4_semestr/laba1_vhdl/db/shift_taps_ujg.tdf     ;
; db/altsyncram_uru.tdf            ; yes             ; Auto-Generated Megafunction  ; C:/altera_labs/4_semestr/laba1_vhdl/db/altsyncram_uru.tdf     ;
; db/cntr_6gc.tdf                  ; yes             ; Auto-Generated Megafunction  ; C:/altera_labs/4_semestr/laba1_vhdl/db/cntr_6gc.tdf           ;
+----------------------------------+-----------------+------------------------------+---------------------------------------------------------------+


+---------------------------------------------+
; Analysis & Synthesis Resource Usage Summary ;
+-----------------------------------+---------+
; Resource                          ; Usage   ;
+-----------------------------------+---------+
; Total logic elements              ; 32      ;
; Total combinational functions     ; 30      ;
;     -- Total 4-input functions    ; 10      ;
;     -- Total 3-input functions    ; 12      ;
;     -- Total 2-input functions    ; 3       ;
;     -- Total 1-input functions    ; 4       ;
;     -- Total 0-input functions    ; 1       ;
; Combinational cells for routing   ; 0       ;
; Total registers                   ; 9       ;
; Total logic cells in carry chains ; 4       ;
; I/O pins                          ; 28      ;
; Total memory bits                 ; 48      ;
; Maximum fan-out node              ; clock   ;
; Maximum fan-out                   ; 17      ;
; Total fan-out                     ; 157     ;
; Average fan-out                   ; 2.31    ;
+-----------------------------------+---------+


+---------------------------------------------------------------------------------------------------------------------------------------------------------------------------------------------------------------------------------------------------------------------------------------------------------------------------------+
; Analysis & Synthesis Resource Utilization by Entity                                                                                                                                                                                                                                                                             ;
+---------------------------------------+-------------+--------------+-------------+--------------+---------+-----------+-----------+------+--------------+--------------+-------------------+------------------+-----------------+-----------------------------------------------------------------------------------------------+
; Compilation Hierarchy Node            ; Logic Cells ; LC Registers ; Memory Bits ; DSP Elements ; DSP 9x9 ; DSP 18x18 ; DSP 36x36 ; Pins ; Virtual Pins ; LUT-Only LCs ; Register-Only LCs ; LUT/Register LCs ; Carry Chain LCs ; Full Hierarchy Name                                                                           ;
+---------------------------------------+-------------+--------------+-------------+--------------+---------+-----------+-----------+------+--------------+--------------+-------------------+------------------+-----------------+-----------------------------------------------------------------------------------------------+
; |laba1_vhdl                           ; 32 (27)     ; 9            ; 48          ; 0            ; 0       ; 0         ; 0         ; 28   ; 0            ; 23 (21)      ; 2 (2)             ; 7 (4)            ; 4 (0)           ; |laba1_vhdl                                                                                   ;
;    |altshift_taps:dffs_rtl_0|         ; 5 (0)       ; 3            ; 48          ; 0            ; 0       ; 0         ; 0         ; 0    ; 0            ; 2 (0)        ; 0 (0)             ; 3 (0)            ; 4 (0)           ; |laba1_vhdl|altshift_taps:dffs_rtl_0                                                          ;
;       |shift_taps_ujg:auto_generated| ; 5 (0)       ; 3            ; 48          ; 0            ; 0       ; 0         ; 0         ; 0    ; 0            ; 2 (0)        ; 0 (0)             ; 3 (0)            ; 4 (0)           ; |laba1_vhdl|altshift_taps:dffs_rtl_0|shift_taps_ujg:auto_generated                            ;
;          |altsyncram_uru:altsyncram2| ; 0 (0)       ; 0            ; 48          ; 0            ; 0       ; 0         ; 0         ; 0    ; 0            ; 0 (0)        ; 0 (0)             ; 0 (0)            ; 0 (0)           ; |laba1_vhdl|altshift_taps:dffs_rtl_0|shift_taps_ujg:auto_generated|altsyncram_uru:altsyncram2 ;
;          |cntr_6gc:cntr1|             ; 5 (5)       ; 3            ; 0           ; 0            ; 0       ; 0         ; 0         ; 0    ; 0            ; 2 (2)        ; 0 (0)             ; 3 (3)            ; 4 (4)           ; |laba1_vhdl|altshift_taps:dffs_rtl_0|shift_taps_ujg:auto_generated|cntr_6gc:cntr1             ;
+---------------------------------------+-------------+--------------+-------------+--------------+---------+-----------+-----------+------+--------------+--------------+-------------------+------------------+-----------------+-----------------------------------------------------------------------------------------------+
Note: For table entries with two numbers listed, the numbers in parentheses indicate the number of resources of the given type used by the specific entity alone. The numbers listed outside of parentheses indicate the total resources of the given type used by the specific entity and all of its sub-entities in the hierarchy.


+--------------------------------------------------------------------------------------------------------------------------------------------------------------------------------------------------+
; Analysis & Synthesis RAM Summary                                                                                                                                                                 ;
+----------------------------------------------------------------------------------------------+------+------------------+--------------+--------------+--------------+--------------+------+------+
; Name                                                                                         ; Type ; Mode             ; Port A Depth ; Port A Width ; Port B Depth ; Port B Width ; Size ; MIF  ;
+----------------------------------------------------------------------------------------------+------+------------------+--------------+--------------+--------------+--------------+------+------+
; altshift_taps:dffs_rtl_0|shift_taps_ujg:auto_generated|altsyncram_uru:altsyncram2|ALTSYNCRAM ; AUTO ; Simple Dual Port ; 6            ; 8            ; 6            ; 8            ; 48   ; None ;
+----------------------------------------------------------------------------------------------+------+------------------+--------------+--------------+--------------+--------------+------+------+


+---------------------------------------------------+
; User-Specified and Inferred Latches               ;
+-----------------------------------------------+---+
; Latch Name                                    ;   ;
+-----------------------------------------------+---+
; gde_detonator                                 ;   ;
; Number of user-specified and inferred latches ; 1 ;
+-----------------------------------------------+---+
Note: All latches listed above may not be present at the end of synthesis due to various synthesis optimizations.


+------------------------------------------------------+
; General Register Statistics                          ;
+----------------------------------------------+-------+
; Statistic                                    ; Value ;
+----------------------------------------------+-------+
; Total registers                              ; 9     ;
; Number of registers using Synchronous Clear  ; 0     ;
; Number of registers using Synchronous Load   ; 3     ;
; Number of registers using Asynchronous Clear ; 0     ;
; Number of registers using Asynchronous Load  ; 0     ;
; Number of registers using Clock Enable       ; 1     ;
; Number of registers using Preset             ; 0     ;
+----------------------------------------------+-------+


+---------------------------------------------------------------------------+
; Parameter Settings for Inferred Entity Instance: altshift_taps:dffs_rtl_0 ;
+----------------+----------------+-----------------------------------------+
; Parameter Name ; Value          ; Type                                    ;
+----------------+----------------+-----------------------------------------+
; NUMBER_OF_TAPS ; 1              ; Untyped                                 ;
; TAP_DISTANCE   ; 8              ; Untyped                                 ;
; WIDTH          ; 8              ; Untyped                                 ;
; POWER_UP_STATE ; CLEARED        ; Untyped                                 ;
; CBXI_PARAMETER ; shift_taps_ujg ; Untyped                                 ;
+----------------+----------------+-----------------------------------------+
Note: In order to hide this table in the UI and the text report file, please set the "Show Parameter Settings Tables in Synthesis Report" option in "Analysis and Synthesis Settings -> More Settings" to "Off".


+-------------------------------------------------------+
; altshift_taps Parameter Settings by Entity Instance   ;
+----------------------------+--------------------------+
; Name                       ; Value                    ;
+----------------------------+--------------------------+
; Number of entity instances ; 1                        ;
; Entity Instance            ; altshift_taps:dffs_rtl_0 ;
;     -- NUMBER_OF_TAPS      ; 1                        ;
;     -- TAP_DISTANCE        ; 8                        ;
;     -- WIDTH               ; 8                        ;
+----------------------------+--------------------------+


+--------------------------------+
; Analysis & Synthesis Equations ;
+--------------------------------+
The equations can be found in C:/altera_labs/4_semestr/laba1_vhdl/laba1_vhdl.map.eqn.


+-------------------------------+
; Analysis & Synthesis Messages ;
+-------------------------------+
Info: *******************************************************************
Info: Running Quartus II Analysis & Synthesis
    Info: Version 5.0 Build 148 04/26/2005 SJ Full Version
    Info: Processing started: Tue Feb 26 23:00:20 2019
Info: Command: quartus_map --read_settings_files=on --write_settings_files=off laba1_vhdl -c laba1_vhdl
Info: Found 2 design units, including 1 entities, in source file laba1_vhdl.vhd
    Info: Found design unit 1: laba1_vhdl-behav
    Info: Found entity 1: laba1_vhdl
Info: Elaborating entity "laba1_vhdl" for the top level hierarchy
Warning: VHDL Process Statement warning at laba1_vhdl.vhd(33): signal "dffs" is read inside the Process Statement but isn't in the Process Statement's sensivitity list
Warning: VHDL Process Statement warning at laba1_vhdl.vhd(24): signal or variable "gde_detonator" may not be assigned a new value in every possible path through the Process Statement. Signal or variable "gde_detonator" holds its previous value in every path with no new value assignment, which may create a combinational loop in the current design.
Info: Inferred 1 megafunctions from design logic
    Info: Inferred altshift_taps megafunction (NUMBER_OF_TAPS=1, TAP_DISTANCE=8, WIDTH=8) from the following design logic: "dffs[0][0]~112"
Info: Found 1 design units, including 1 entities, in source file ../../../altera/quartus50/libraries/megafunctions/altshift_taps.tdf
    Info: Found entity 1: altshift_taps
Info: Found 1 design units, including 1 entities, in source file db/shift_taps_ujg.tdf
    Info: Found entity 1: shift_taps_ujg
Info: Found 1 design units, including 1 entities, in source file db/altsyncram_uru.tdf
    Info: Found entity 1: altsyncram_uru
Info: Found 1 design units, including 1 entities, in source file db/cntr_6gc.tdf
    Info: Found entity 1: cntr_6gc
Warning: Latch gde_detonator has unsafe behavior
    Warning: Ports D and ENA on the latch are fed by the same signal getVal
Info: Implemented 68 device resources after synthesis - the final resource count might be different
    Info: Implemented 18 input pins
    Info: Implemented 10 output pins
    Info: Implemented 32 logic cells
    Info: Implemented 8 RAM segments
Info: Quartus II Analysis & Synthesis was successful. 0 errors, 4 warnings
    Info: Processing ended: Tue Feb 26 23:00:20 2019
    Info: Elapsed time: 00:00:00


