Timing Analyzer report for 7483_only
Tue Dec 04 15:22:58 2018
Version 5.0 Build 148 04/26/2005 SJ Full Version


---------------------
; Table of Contents ;
---------------------
  1. Legal Notice
  2. Timing Analyzer Summary
  3. Timing Analyzer Settings
  4. tpd
  5. Timing Analyzer Messages



----------------
; Legal Notice ;
----------------
Copyright (C) 1991-2005 Altera Corporation
Your use of Altera Corporation's design tools, logic functions 
and other software and tools, and its AMPP partner logic       
functions, and any output files any of the foregoing           
(including device programming or simulation files), and any    
associated documentation or information are expressly subject  
to the terms and conditions of the Altera Program License      
Subscription Agreement, Altera MegaCore Function License       
Agreement, or other applicable license agreement, including,   
without limitation, that your use is for the sole purpose of   
programming logic devices manufactured by Altera and sold by   
Altera or its authorized distributors.  Please refer to the    
applicable agreement for further details.



+-----------------------------------------------------------------------------------------------------------------------+
; Timing Analyzer Summary                                                                                               ;
+------------------------------+-------+---------------+-------------+------+----+------------+----------+--------------+
; Type                         ; Slack ; Required Time ; Actual Time ; From ; To ; From Clock ; To Clock ; Failed Paths ;
+------------------------------+-------+---------------+-------------+------+----+------------+----------+--------------+
; Worst-case tpd               ; N/A   ; None          ; 9.544 ns    ; X1   ; S4 ;            ;          ; 0            ;
; Total number of failed paths ;       ;               ;             ;      ;    ;            ;          ; 0            ;
+------------------------------+-------+---------------+-------------+------+----+------------+----------+--------------+


+------------------------------------------------------------------------------------------------------+
; Timing Analyzer Settings                                                                             ;
+-------------------------------------------------------+--------------------+------+----+-------------+
; Option                                                ; Setting            ; From ; To ; Entity Name ;
+-------------------------------------------------------+--------------------+------+----+-------------+
; Device Name                                           ; EP1S10F484C5       ;      ;    ;             ;
; Timing Models                                         ; Final              ;      ;    ;             ;
; Number of source nodes to report per destination node ; 10                 ;      ;    ;             ;
; Number of destination nodes to report                 ; 10                 ;      ;    ;             ;
; Number of paths to report                             ; 200                ;      ;    ;             ;
; Report Minimum Timing Checks                          ; Off                ;      ;    ;             ;
; Use Fast Timing Models                                ; Off                ;      ;    ;             ;
; Report IO Paths Separately                            ; Off                ;      ;    ;             ;
; Default hold multicycle                               ; Same as Multicycle ;      ;    ;             ;
; Cut paths between unrelated clock domains             ; On                 ;      ;    ;             ;
; Cut off read during write signal paths                ; On                 ;      ;    ;             ;
; Cut off feedback from I/O pins                        ; On                 ;      ;    ;             ;
; Report Combined Fast/Slow Timing                      ; Off                ;      ;    ;             ;
; Ignore Clock Settings                                 ; Off                ;      ;    ;             ;
; Analyze latches as synchronous elements               ; Off                ;      ;    ;             ;
; Enable Recovery/Removal analysis                      ; Off                ;      ;    ;             ;
; Enable Clock Latency                                  ; Off                ;      ;    ;             ;
+-------------------------------------------------------+--------------------+------+----+-------------+


+---------------------------------------------------------+
; tpd                                                     ;
+-------+-------------------+-----------------+------+----+
; Slack ; Required P2P Time ; Actual P2P Time ; From ; To ;
+-------+-------------------+-----------------+------+----+
; N/A   ; None              ; 9.544 ns        ; X1   ; S4 ;
; N/A   ; None              ; 9.474 ns        ; X2   ; S4 ;
; N/A   ; None              ; 9.409 ns        ; Y1   ; S4 ;
; N/A   ; None              ; 9.183 ns        ; Y2   ; S4 ;
; N/A   ; None              ; 9.149 ns        ; X1   ; S3 ;
; N/A   ; None              ; 9.079 ns        ; X2   ; S3 ;
; N/A   ; None              ; 9.014 ns        ; Y1   ; S3 ;
; N/A   ; None              ; 8.948 ns        ; X1   ; C4 ;
; N/A   ; None              ; 8.901 ns        ; X3   ; S4 ;
; N/A   ; None              ; 8.878 ns        ; X2   ; C4 ;
; N/A   ; None              ; 8.813 ns        ; Y1   ; C4 ;
; N/A   ; None              ; 8.788 ns        ; Y2   ; S3 ;
; N/A   ; None              ; 8.773 ns        ; X4   ; S4 ;
; N/A   ; None              ; 8.728 ns        ; X1   ; S2 ;
; N/A   ; None              ; 8.727 ns        ; X1   ; S1 ;
; N/A   ; None              ; 8.659 ns        ; X2   ; S2 ;
; N/A   ; None              ; 8.640 ns        ; Y3   ; S4 ;
; N/A   ; None              ; 8.596 ns        ; Y1   ; S2 ;
; N/A   ; None              ; 8.593 ns        ; Y1   ; S1 ;
; N/A   ; None              ; 8.587 ns        ; Y2   ; C4 ;
; N/A   ; None              ; 8.527 ns        ; Y4   ; S4 ;
; N/A   ; None              ; 8.507 ns        ; X3   ; S3 ;
; N/A   ; None              ; 8.369 ns        ; Y2   ; S2 ;
; N/A   ; None              ; 8.365 ns        ; X4   ; C4 ;
; N/A   ; None              ; 8.305 ns        ; X3   ; C4 ;
; N/A   ; None              ; 8.245 ns        ; Y3   ; S3 ;
; N/A   ; None              ; 8.114 ns        ; Y4   ; C4 ;
; N/A   ; None              ; 8.044 ns        ; Y3   ; C4 ;
+-------+-------------------+-----------------+------+----+


+--------------------------+
; Timing Analyzer Messages ;
+--------------------------+
Info: *******************************************************************
Info: Running Quartus II Timing Analyzer
    Info: Version 5.0 Build 148 04/26/2005 SJ Full Version
    Info: Processing started: Tue Dec 04 15:22:58 2018
Info: Command: quartus_tan --read_settings_files=off --write_settings_files=off 7483_only -c 7483_only --timing_analysis_only
Info: Longest tpd from source pin "X1" to destination pin "S4" is 9.544 ns
    Info: 1: + IC(0.000 ns) + CELL(1.087 ns) = 1.087 ns; Loc. = PIN_Y2; Fanout = 3; PIN Node = 'X1'
    Info: 2: + IC(3.841 ns) + CELL(0.280 ns) = 5.208 ns; Loc. = LC_X52_Y1_N9; Fanout = 2; COMB Node = '7483:inst|1~199'
    Info: 3: + IC(0.327 ns) + CELL(0.075 ns) = 5.610 ns; Loc. = LC_X52_Y1_N6; Fanout = 2; COMB Node = '7483:inst|1~200'
    Info: 4: + IC(0.320 ns) + CELL(0.075 ns) = 6.005 ns; Loc. = LC_X52_Y1_N2; Fanout = 1; COMB Node = '7483:inst|45'
    Info: 5: + IC(1.163 ns) + CELL(2.376 ns) = 9.544 ns; Loc. = PIN_W1; Fanout = 0; PIN Node = 'S4'
    Info: Total cell delay = 3.893 ns ( 40.79 % )
    Info: Total interconnect delay = 5.651 ns ( 59.21 % )
Info: Quartus II Timing Analyzer was successful. 0 errors, 0 warnings
    Info: Processing ended: Tue Dec 04 15:22:58 2018
    Info: Elapsed time: 00:00:00


