Timing Analyzer report for cmp4_g
Tue Nov 20 19:05:01 2018
Version 5.0 Build 148 04/26/2005 SJ Full Version


---------------------
; Table of Contents ;
---------------------
  1. Legal Notice
  2. Timing Analyzer Summary
  3. Timing Analyzer Settings
  4. tpd
  5. Timing Analyzer Messages



----------------
; Legal Notice ;
----------------
Copyright (C) 1991-2005 Altera Corporation
Your use of Altera Corporation's design tools, logic functions 
and other software and tools, and its AMPP partner logic       
functions, and any output files any of the foregoing           
(including device programming or simulation files), and any    
associated documentation or information are expressly subject  
to the terms and conditions of the Altera Program License      
Subscription Agreement, Altera MegaCore Function License       
Agreement, or other applicable license agreement, including,   
without limitation, that your use is for the sole purpose of   
programming logic devices manufactured by Altera and sold by   
Altera or its authorized distributors.  Please refer to the    
applicable agreement for further details.



+------------------------------------------------------------------------------------------------------------------------+
; Timing Analyzer Summary                                                                                                ;
+------------------------------+-------+---------------+-------------+------+-----+------------+----------+--------------+
; Type                         ; Slack ; Required Time ; Actual Time ; From ; To  ; From Clock ; To Clock ; Failed Paths ;
+------------------------------+-------+---------------+-------------+------+-----+------------+----------+--------------+
; Worst-case tpd               ; N/A   ; None          ; 10.036 ns   ; X3   ; XLY ;            ;          ; 0            ;
; Total number of failed paths ;       ;               ;             ;      ;     ;            ;          ; 0            ;
+------------------------------+-------+---------------+-------------+------+-----+------------+----------+--------------+


+------------------------------------------------------------------------------------------------------+
; Timing Analyzer Settings                                                                             ;
+-------------------------------------------------------+--------------------+------+----+-------------+
; Option                                                ; Setting            ; From ; To ; Entity Name ;
+-------------------------------------------------------+--------------------+------+----+-------------+
; Device Name                                           ; EP1S10F484C5       ;      ;    ;             ;
; Timing Models                                         ; Final              ;      ;    ;             ;
; Number of source nodes to report per destination node ; 10                 ;      ;    ;             ;
; Number of destination nodes to report                 ; 10                 ;      ;    ;             ;
; Number of paths to report                             ; 200                ;      ;    ;             ;
; Report Minimum Timing Checks                          ; Off                ;      ;    ;             ;
; Use Fast Timing Models                                ; Off                ;      ;    ;             ;
; Report IO Paths Separately                            ; Off                ;      ;    ;             ;
; Default hold multicycle                               ; Same as Multicycle ;      ;    ;             ;
; Cut paths between unrelated clock domains             ; On                 ;      ;    ;             ;
; Cut off read during write signal paths                ; On                 ;      ;    ;             ;
; Cut off feedback from I/O pins                        ; On                 ;      ;    ;             ;
; Report Combined Fast/Slow Timing                      ; Off                ;      ;    ;             ;
; Ignore Clock Settings                                 ; Off                ;      ;    ;             ;
; Analyze latches as synchronous elements               ; Off                ;      ;    ;             ;
; Enable Recovery/Removal analysis                      ; Off                ;      ;    ;             ;
; Enable Clock Latency                                  ; Off                ;      ;    ;             ;
+-------------------------------------------------------+--------------------+------+----+-------------+


+----------------------------------------------------------+
; tpd                                                      ;
+-------+-------------------+-----------------+------+-----+
; Slack ; Required P2P Time ; Actual P2P Time ; From ; To  ;
+-------+-------------------+-----------------+------+-----+
; N/A   ; None              ; 10.036 ns       ; X3   ; XLY ;
; N/A   ; None              ; 9.969 ns        ; X2   ; XLY ;
; N/A   ; None              ; 9.953 ns        ; X0   ; XGY ;
; N/A   ; None              ; 9.948 ns        ; Y0   ; XGY ;
; N/A   ; None              ; 9.887 ns        ; Y2   ; XLY ;
; N/A   ; None              ; 9.858 ns        ; X0   ; XLY ;
; N/A   ; None              ; 9.853 ns        ; Y0   ; XLY ;
; N/A   ; None              ; 9.836 ns        ; Y1   ; XGY ;
; N/A   ; None              ; 9.741 ns        ; Y1   ; XLY ;
; N/A   ; None              ; 9.738 ns        ; Y3   ; XLY ;
; N/A   ; None              ; 9.635 ns        ; X1   ; XGY ;
; N/A   ; None              ; 9.602 ns        ; Y3   ; XEY ;
; N/A   ; None              ; 9.540 ns        ; X1   ; XLY ;
; N/A   ; None              ; 9.528 ns        ; X3   ; XEY ;
; N/A   ; None              ; 9.493 ns        ; Y2   ; XEY ;
; N/A   ; None              ; 9.492 ns        ; Y3   ; XGY ;
; N/A   ; None              ; 9.472 ns        ; XGY0 ; XGY ;
; N/A   ; None              ; 9.470 ns        ; X2   ; XEY ;
; N/A   ; None              ; 9.466 ns        ; XLY0 ; XLY ;
; N/A   ; None              ; 9.421 ns        ; X3   ; XGY ;
; N/A   ; None              ; 9.382 ns        ; Y2   ; XGY ;
; N/A   ; None              ; 9.357 ns        ; X2   ; XGY ;
; N/A   ; None              ; 9.148 ns        ; X0   ; XEY ;
; N/A   ; None              ; 9.143 ns        ; Y0   ; XEY ;
; N/A   ; None              ; 9.031 ns        ; Y1   ; XEY ;
; N/A   ; None              ; 8.830 ns        ; X1   ; XEY ;
; N/A   ; None              ; 8.700 ns        ; XEY0 ; XEY ;
+-------+-------------------+-----------------+------+-----+


+--------------------------+
; Timing Analyzer Messages ;
+--------------------------+
Info: *******************************************************************
Info: Running Quartus II Timing Analyzer
    Info: Version 5.0 Build 148 04/26/2005 SJ Full Version
    Info: Processing started: Tue Nov 20 19:05:01 2018
Info: Command: quartus_tan --read_settings_files=off --write_settings_files=off cmp4_g -c cmp4_g --timing_analysis_only
Info: Longest tpd from source pin "X3" to destination pin "XLY" is 10.036 ns
    Info: 1: + IC(0.000 ns) + CELL(1.087 ns) = 1.087 ns; Loc. = PIN_J8; Fanout = 3; PIN Node = 'X3'
    Info: 2: + IC(3.679 ns) + CELL(0.366 ns) = 5.132 ns; Loc. = LC_X32_Y30_N2; Fanout = 1; COMB Node = 'cmp_g:inst|inst15~18'
    Info: 3: + IC(0.780 ns) + CELL(0.366 ns) = 6.278 ns; Loc. = LC_X33_Y30_N5; Fanout = 1; COMB Node = 'cmp_g:inst|inst15~19'
    Info: 4: + IC(1.354 ns) + CELL(2.404 ns) = 10.036 ns; Loc. = PIN_F9; Fanout = 0; PIN Node = 'XLY'
    Info: Total cell delay = 4.223 ns ( 42.08 % )
    Info: Total interconnect delay = 5.813 ns ( 57.92 % )
Info: Quartus II Timing Analyzer was successful. 0 errors, 0 warnings
    Info: Processing ended: Tue Nov 20 19:05:01 2018
    Info: Elapsed time: 00:00:00


