Timing Analyzer report for mux64_1gr
Tue Nov 13 14:30:30 2018
Version 5.0 Build 148 04/26/2005 SJ Full Version


---------------------
; Table of Contents ;
---------------------
  1. Legal Notice
  2. Timing Analyzer Summary
  3. Timing Analyzer Settings
  4. tpd
  5. Timing Analyzer Messages



----------------
; Legal Notice ;
----------------
Copyright (C) 1991-2005 Altera Corporation
Your use of Altera Corporation's design tools, logic functions 
and other software and tools, and its AMPP partner logic       
functions, and any output files any of the foregoing           
(including device programming or simulation files), and any    
associated documentation or information are expressly subject  
to the terms and conditions of the Altera Program License      
Subscription Agreement, Altera MegaCore Function License       
Agreement, or other applicable license agreement, including,   
without limitation, that your use is for the sole purpose of   
programming logic devices manufactured by Altera and sold by   
Altera or its authorized distributors.  Please refer to the    
applicable agreement for further details.



+-----------------------------------------------------------------------------------------------------------------------+
; Timing Analyzer Summary                                                                                               ;
+------------------------------+-------+---------------+-------------+------+----+------------+----------+--------------+
; Type                         ; Slack ; Required Time ; Actual Time ; From ; To ; From Clock ; To Clock ; Failed Paths ;
+------------------------------+-------+---------------+-------------+------+----+------------+----------+--------------+
; Worst-case tpd               ; N/A   ; None          ; 15.616 ns   ; a0   ; Q  ;            ;          ; 0            ;
; Total number of failed paths ;       ;               ;             ;      ;    ;            ;          ; 0            ;
+------------------------------+-------+---------------+-------------+------+----+------------+----------+--------------+


+------------------------------------------------------------------------------------------------------+
; Timing Analyzer Settings                                                                             ;
+-------------------------------------------------------+--------------------+------+----+-------------+
; Option                                                ; Setting            ; From ; To ; Entity Name ;
+-------------------------------------------------------+--------------------+------+----+-------------+
; Device Name                                           ; EP1S10F484C5       ;      ;    ;             ;
; Timing Models                                         ; Final              ;      ;    ;             ;
; Number of source nodes to report per destination node ; 10                 ;      ;    ;             ;
; Number of destination nodes to report                 ; 10                 ;      ;    ;             ;
; Number of paths to report                             ; 200                ;      ;    ;             ;
; Report Minimum Timing Checks                          ; Off                ;      ;    ;             ;
; Use Fast Timing Models                                ; Off                ;      ;    ;             ;
; Report IO Paths Separately                            ; Off                ;      ;    ;             ;
; Default hold multicycle                               ; Same as Multicycle ;      ;    ;             ;
; Cut paths between unrelated clock domains             ; On                 ;      ;    ;             ;
; Cut off read during write signal paths                ; On                 ;      ;    ;             ;
; Cut off feedback from I/O pins                        ; On                 ;      ;    ;             ;
; Report Combined Fast/Slow Timing                      ; Off                ;      ;    ;             ;
; Ignore Clock Settings                                 ; Off                ;      ;    ;             ;
; Analyze latches as synchronous elements               ; Off                ;      ;    ;             ;
; Enable Recovery/Removal analysis                      ; Off                ;      ;    ;             ;
; Enable Clock Latency                                  ; Off                ;      ;    ;             ;
+-------------------------------------------------------+--------------------+------+----+-------------+


+---------------------------------------------------------+
; tpd                                                     ;
+-------+-------------------+-----------------+------+----+
; Slack ; Required P2P Time ; Actual P2P Time ; From ; To ;
+-------+-------------------+-----------------+------+----+
; N/A   ; None              ; 15.616 ns       ; a0   ; Q  ;
; N/A   ; None              ; 15.422 ns       ; a1   ; Q  ;
; N/A   ; None              ; 15.160 ns       ; x38  ; Q  ;
; N/A   ; None              ; 14.922 ns       ; x41  ; Q  ;
; N/A   ; None              ; 14.800 ns       ; x36  ; Q  ;
; N/A   ; None              ; 14.601 ns       ; x37  ; Q  ;
; N/A   ; None              ; 14.513 ns       ; x39  ; Q  ;
; N/A   ; None              ; 14.510 ns       ; x40  ; Q  ;
; N/A   ; None              ; 14.505 ns       ; x43  ; Q  ;
; N/A   ; None              ; 14.285 ns       ; x42  ; Q  ;
; N/A   ; None              ; 13.862 ns       ; x9   ; Q  ;
; N/A   ; None              ; 13.687 ns       ; x20  ; Q  ;
; N/A   ; None              ; 13.667 ns       ; x32  ; Q  ;
; N/A   ; None              ; 13.534 ns       ; x34  ; Q  ;
; N/A   ; None              ; 13.520 ns       ; x33  ; Q  ;
; N/A   ; None              ; 13.488 ns       ; x57  ; Q  ;
; N/A   ; None              ; 13.343 ns       ; x56  ; Q  ;
; N/A   ; None              ; 13.320 ns       ; x35  ; Q  ;
; N/A   ; None              ; 13.318 ns       ; x61  ; Q  ;
; N/A   ; None              ; 13.236 ns       ; x8   ; Q  ;
; N/A   ; None              ; 13.226 ns       ; a4   ; Q  ;
; N/A   ; None              ; 13.183 ns       ; x22  ; Q  ;
; N/A   ; None              ; 13.162 ns       ; a5   ; Q  ;
; N/A   ; None              ; 13.140 ns       ; x23  ; Q  ;
; N/A   ; None              ; 13.016 ns       ; x10  ; Q  ;
; N/A   ; None              ; 13.008 ns       ; x46  ; Q  ;
; N/A   ; None              ; 13.002 ns       ; x0   ; Q  ;
; N/A   ; None              ; 12.989 ns       ; x2   ; Q  ;
; N/A   ; None              ; 12.947 ns       ; x59  ; Q  ;
; N/A   ; None              ; 12.884 ns       ; x45  ; Q  ;
; N/A   ; None              ; 12.879 ns       ; x13  ; Q  ;
; N/A   ; None              ; 12.873 ns       ; x12  ; Q  ;
; N/A   ; None              ; 12.853 ns       ; x60  ; Q  ;
; N/A   ; None              ; 12.834 ns       ; x62  ; Q  ;
; N/A   ; None              ; 12.801 ns       ; x21  ; Q  ;
; N/A   ; None              ; 12.776 ns       ; x58  ; Q  ;
; N/A   ; None              ; 12.619 ns       ; x48  ; Q  ;
; N/A   ; None              ; 12.614 ns       ; x47  ; Q  ;
; N/A   ; None              ; 12.586 ns       ; x11  ; Q  ;
; N/A   ; None              ; 12.548 ns       ; x63  ; Q  ;
; N/A   ; None              ; 12.378 ns       ; x15  ; Q  ;
; N/A   ; None              ; 12.374 ns       ; x44  ; Q  ;
; N/A   ; None              ; 12.319 ns       ; x14  ; Q  ;
; N/A   ; None              ; 12.300 ns       ; x50  ; Q  ;
; N/A   ; None              ; 12.292 ns       ; x3   ; Q  ;
; N/A   ; None              ; 12.108 ns       ; x54  ; Q  ;
; N/A   ; None              ; 12.047 ns       ; x29  ; Q  ;
; N/A   ; None              ; 12.032 ns       ; x1   ; Q  ;
; N/A   ; None              ; 11.909 ns       ; x49  ; Q  ;
; N/A   ; None              ; 11.881 ns       ; a3   ; Q  ;
; N/A   ; None              ; 11.850 ns       ; a2   ; Q  ;
; N/A   ; None              ; 11.828 ns       ; x52  ; Q  ;
; N/A   ; None              ; 11.806 ns       ; x53  ; Q  ;
; N/A   ; None              ; 11.770 ns       ; x28  ; Q  ;
; N/A   ; None              ; 11.735 ns       ; x6   ; Q  ;
; N/A   ; None              ; 11.710 ns       ; x55  ; Q  ;
; N/A   ; None              ; 11.582 ns       ; x18  ; Q  ;
; N/A   ; None              ; 11.561 ns       ; x51  ; Q  ;
; N/A   ; None              ; 11.561 ns       ; x4   ; Q  ;
; N/A   ; None              ; 11.535 ns       ; x25  ; Q  ;
; N/A   ; None              ; 11.438 ns       ; x31  ; Q  ;
; N/A   ; None              ; 11.351 ns       ; x5   ; Q  ;
; N/A   ; None              ; 11.331 ns       ; x30  ; Q  ;
; N/A   ; None              ; 11.297 ns       ; x24  ; Q  ;
; N/A   ; None              ; 11.258 ns       ; x16  ; Q  ;
; N/A   ; None              ; 11.178 ns       ; x7   ; Q  ;
; N/A   ; None              ; 10.931 ns       ; x26  ; Q  ;
; N/A   ; None              ; 10.857 ns       ; x19  ; Q  ;
; N/A   ; None              ; 10.750 ns       ; x17  ; Q  ;
; N/A   ; None              ; 10.722 ns       ; x27  ; Q  ;
; N/A   ; None              ; 8.754 ns        ; en   ; Q  ;
+-------+-------------------+-----------------+------+----+


+--------------------------+
; Timing Analyzer Messages ;
+--------------------------+
Info: *******************************************************************
Info: Running Quartus II Timing Analyzer
    Info: Version 5.0 Build 148 04/26/2005 SJ Full Version
    Info: Processing started: Tue Nov 13 14:30:30 2018
Info: Command: quartus_tan --read_settings_files=off --write_settings_files=off mux64_1gr -c mux64_1gr --timing_analysis_only
Info: Longest tpd from source pin "a0" to destination pin "Q" is 15.616 ns
    Info: 1: + IC(0.000 ns) + CELL(1.087 ns) = 1.087 ns; Loc. = PIN_U15; Fanout = 24; PIN Node = 'a0'
    Info: 2: + IC(4.391 ns) + CELL(0.280 ns) = 5.758 ns; Loc. = LC_X33_Y1_N6; Fanout = 1; COMB Node = 'mux4_1gr:inst9|inst4~19'
    Info: 3: + IC(0.311 ns) + CELL(0.075 ns) = 6.144 ns; Loc. = LC_X33_Y1_N2; Fanout = 1; COMB Node = 'mux4_1gr:inst9|inst4~20'
    Info: 4: + IC(2.981 ns) + CELL(0.366 ns) = 9.491 ns; Loc. = LC_X25_Y29_N7; Fanout = 1; COMB Node = 'mux4_1gr:inst20|inst2~53'
    Info: 5: + IC(1.114 ns) + CELL(0.366 ns) = 10.971 ns; Loc. = LC_X24_Y30_N2; Fanout = 1; COMB Node = 'mux4_1gr:inst20|inst4~120'
    Info: 6: + IC(0.134 ns) + CELL(0.075 ns) = 11.180 ns; Loc. = LC_X24_Y30_N3; Fanout = 1; COMB Node = 'mux4_1gr:inst20|inst4~121'
    Info: 7: + IC(0.326 ns) + CELL(0.366 ns) = 11.872 ns; Loc. = LC_X24_Y30_N9; Fanout = 1; COMB Node = 'mux4_1gr:inst20|inst7'
    Info: 8: + IC(1.340 ns) + CELL(2.404 ns) = 15.616 ns; Loc. = PIN_D13; Fanout = 0; PIN Node = 'Q'
    Info: Total cell delay = 5.019 ns ( 32.14 % )
    Info: Total interconnect delay = 10.597 ns ( 67.86 % )
Info: Quartus II Timing Analyzer was successful. 0 errors, 0 warnings
    Info: Processing ended: Tue Nov 13 14:30:30 2018
    Info: Elapsed time: 00:00:00


