Analysis & Synthesis report for fifo2
Thu Mar 14 19:44:16 2019
Version 5.0 Build 148 04/26/2005 SJ Full Version


---------------------
; Table of Contents ;
---------------------
  1. Legal Notice
  2. Analysis & Synthesis Summary
  3. Analysis & Synthesis Settings
  4. Analysis & Synthesis Source Files Read
  5. Analysis & Synthesis Resource Usage Summary
  6. Analysis & Synthesis Resource Utilization by Entity
  7. User-Specified and Inferred Latches
  8. Logic Cells Representing Combinational Loops
  9. General Register Statistics
 10. Parameter Settings for User Entity Instance: lpm_compare0:inst6|lpm_compare:lpm_compare_component
 11. Parameter Settings for User Entity Instance: lpm_counter0:inst4|lpm_counter:lpm_counter_component
 12. Parameter Settings for User Entity Instance: lpm_counter0:inst3|lpm_counter:lpm_counter_component
 13. Parameter Settings for User Entity Instance: altdpram0:inst|altdpram:altdpram_component
 14. Analysis & Synthesis Equations
 15. Analysis & Synthesis Messages



----------------
; Legal Notice ;
----------------
Copyright (C) 1991-2005 Altera Corporation
Your use of Altera Corporation's design tools, logic functions 
and other software and tools, and its AMPP partner logic       
functions, and any output files any of the foregoing           
(including device programming or simulation files), and any    
associated documentation or information are expressly subject  
to the terms and conditions of the Altera Program License      
Subscription Agreement, Altera MegaCore Function License       
Agreement, or other applicable license agreement, including,   
without limitation, that your use is for the sole purpose of   
programming logic devices manufactured by Altera and sold by   
Altera or its authorized distributors.  Please refer to the    
applicable agreement for further details.



+------------------------------------------------------------------------+
; Analysis & Synthesis Summary                                           ;
+-----------------------------+------------------------------------------+
; Analysis & Synthesis Status ; Successful - Thu Mar 14 19:44:16 2019    ;
; Quartus II Version          ; 5.0 Build 148 04/26/2005 SJ Full Version ;
; Revision Name               ; fifo2                                    ;
; Top-level Entity Name       ; fifo2                                    ;
; Family                      ; Stratix                                  ;
; Total logic elements        ; 255                                      ;
; Total pins                  ; 29                                       ;
; Total virtual pins          ; 0                                        ;
; Total memory bits           ; 0                                        ;
; DSP block 9-bit elements    ; 0                                        ;
; Total PLLs                  ; 0                                        ;
; Total DLLs                  ; 0                                        ;
+-----------------------------+------------------------------------------+


+---------------------------------------------------------------------------------------------------+
; Analysis & Synthesis Settings                                                                     ;
+--------------------------------------------------------------------+--------------+---------------+
; Option                                                             ; Setting      ; Default Value ;
+--------------------------------------------------------------------+--------------+---------------+
; Top-level entity name                                              ; fifo2        ; fifo2         ;
; Family name                                                        ; Stratix      ; Stratix       ;
; Use smart compilation                                              ; Off          ; Off           ;
; Restructure Multiplexers                                           ; Auto         ; Auto          ;
; Create Debugging Nodes for IP Cores                                ; off          ; off           ;
; Preserve fewer node names                                          ; On           ; On            ;
; Disable OpenCore Plus hardware evaluation                          ; Off          ; Off           ;
; Verilog Version                                                    ; Verilog_2001 ; Verilog_2001  ;
; VHDL Version                                                       ; VHDL93       ; VHDL93        ;
; State Machine Processing                                           ; Auto         ; Auto          ;
; Extract Verilog State Machines                                     ; On           ; On            ;
; Extract VHDL State Machines                                        ; On           ; On            ;
; Add Pass-Through Logic to Inferred RAMs                            ; On           ; On            ;
; DSP Block Balancing                                                ; Auto         ; Auto          ;
; Maximum DSP Block Usage                                            ; -1           ; -1            ;
; NOT Gate Push-Back                                                 ; On           ; On            ;
; Power-Up Don't Care                                                ; On           ; On            ;
; Remove Redundant Logic Cells                                       ; Off          ; Off           ;
; Remove Duplicate Registers                                         ; On           ; On            ;
; Ignore CARRY Buffers                                               ; Off          ; Off           ;
; Ignore CASCADE Buffers                                             ; Off          ; Off           ;
; Ignore GLOBAL Buffers                                              ; Off          ; Off           ;
; Ignore ROW GLOBAL Buffers                                          ; Off          ; Off           ;
; Ignore LCELL Buffers                                               ; Off          ; Off           ;
; Ignore SOFT Buffers                                                ; On           ; On            ;
; Limit AHDL Integers to 32 Bits                                     ; Off          ; Off           ;
; Optimization Technique -- Stratix/Stratix GX                       ; Balanced     ; Balanced      ;
; Carry Chain Length -- Stratix/Stratix GX/Cyclone/MAX II/Cyclone II ; 70           ; 70            ;
; Auto Carry Chains                                                  ; On           ; On            ;
; Auto Open-Drain Pins                                               ; On           ; On            ;
; Remove Duplicate Logic                                             ; On           ; On            ;
; Perform WYSIWYG Primitive Resynthesis                              ; Off          ; Off           ;
; Perform gate-level register retiming                               ; Off          ; Off           ;
; Allow register retiming to trade off Tsu/Tco with Fmax             ; On           ; On            ;
; Auto ROM Replacement                                               ; On           ; On            ;
; Auto RAM Replacement                                               ; On           ; On            ;
; Auto DSP Block Replacement                                         ; On           ; On            ;
; Auto Shift Register Replacement                                    ; On           ; On            ;
; Auto Clock Enable Replacement                                      ; On           ; On            ;
; Allows Synchronous Control Signal Usage in Normal Mode Logic Cells ; On           ; On            ;
; Auto RAM Block Balancing                                           ; On           ; On            ;
; Auto Resource Sharing                                              ; Off          ; Off           ;
; Allow Any RAM Size For Recognition                                 ; Off          ; Off           ;
; Allow Any ROM Size For Recognition                                 ; Off          ; Off           ;
; Allow Any Shift Register Size For Recognition                      ; Off          ; Off           ;
; Maximum Number of M512 Memory Blocks                               ; -1           ; -1            ;
; Maximum Number of M4K Memory Blocks                                ; -1           ; -1            ;
; Maximum Number of M-RAM Memory Blocks                              ; -1           ; -1            ;
; Ignore translate_off and translate_on Synthesis Directives         ; Off          ; Off           ;
; Show Parameter Settings Tables in Synthesis Report                 ; On           ; On            ;
+--------------------------------------------------------------------+--------------+---------------+


+---------------------------------------------------------------------------------------------------------------------------------------------------------------+
; Analysis & Synthesis Source Files Read                                                                                                                        ;
+----------------------------------+-----------------+------------------------------------+---------------------------------------------------------------------+
; File Name with User-Entered Path ; Used in Netlist ; File Type                          ; File Name with Absolute Path                                        ;
+----------------------------------+-----------------+------------------------------------+---------------------------------------------------------------------+
; fifo2.bdf                        ; yes             ; User Block Diagram/Schematic File  ; C:/altera_labs/laba2/fifo2/fifo2.bdf                                ;
; lpm_compare0.tdf                 ; yes             ; Other                              ; C:/altera_labs/laba2/fifo2/lpm_compare0.tdf                         ;
; lpm_compare.inc                  ; yes             ; Other                              ; c:/altera/quartus50/libraries/megafunctions/lpm_compare.inc         ;
; lpm_compare.tdf                  ; yes             ; Megafunction                       ; c:/altera/quartus50/libraries/megafunctions/lpm_compare.tdf         ;
; comptree.inc                     ; yes             ; Other                              ; c:/altera/quartus50/libraries/megafunctions/comptree.inc            ;
; altshift.inc                     ; yes             ; Other                              ; c:/altera/quartus50/libraries/megafunctions/altshift.inc            ;
; aglobal50.inc                    ; yes             ; Other                              ; c:/altera/quartus50/libraries/megafunctions/aglobal50.inc           ;
; comptree.tdf                     ; yes             ; Megafunction                       ; c:/altera/quartus50/libraries/megafunctions/comptree.tdf            ;
; cmpchain.inc                     ; yes             ; Other                              ; c:/altera/quartus50/libraries/megafunctions/cmpchain.inc            ;
; lpm_constant.inc                 ; yes             ; Other                              ; c:/altera/quartus50/libraries/megafunctions/lpm_constant.inc        ;
; cmpchain.tdf                     ; yes             ; Megafunction                       ; c:/altera/quartus50/libraries/megafunctions/cmpchain.tdf            ;
; altshift.tdf                     ; yes             ; Megafunction                       ; c:/altera/quartus50/libraries/megafunctions/altshift.tdf            ;
; lpm_counter0.vhd                 ; yes             ; Other                              ; C:/altera_labs/laba2/fifo2/lpm_counter0.vhd                         ;
; lpm_counter.tdf                  ; yes             ; Megafunction                       ; c:/altera/quartus50/libraries/megafunctions/lpm_counter.tdf         ;
; lpm_decode.inc                   ; yes             ; Other                              ; c:/altera/quartus50/libraries/megafunctions/lpm_decode.inc          ;
; lpm_add_sub.inc                  ; yes             ; Other                              ; c:/altera/quartus50/libraries/megafunctions/lpm_add_sub.inc         ;
; cmpconst.inc                     ; yes             ; Other                              ; c:/altera/quartus50/libraries/megafunctions/cmpconst.inc            ;
; lpm_counter.inc                  ; yes             ; Other                              ; c:/altera/quartus50/libraries/megafunctions/lpm_counter.inc         ;
; dffeea.inc                       ; yes             ; Other                              ; c:/altera/quartus50/libraries/megafunctions/dffeea.inc              ;
; alt_synch_counter.inc            ; yes             ; Other                              ; c:/altera/quartus50/libraries/megafunctions/alt_synch_counter.inc   ;
; alt_synch_counter_f.inc          ; yes             ; Other                              ; c:/altera/quartus50/libraries/megafunctions/alt_synch_counter_f.inc ;
; alt_counter_f10ke.inc            ; yes             ; Other                              ; c:/altera/quartus50/libraries/megafunctions/alt_counter_f10ke.inc   ;
; alt_counter_stratix.inc          ; yes             ; Other                              ; c:/altera/quartus50/libraries/megafunctions/alt_counter_stratix.inc ;
; db/cntr_gb7.tdf                  ; yes             ; Auto-Generated Megafunction        ; C:/altera_labs/laba2/fifo2/db/cntr_gb7.tdf                          ;
; sr_ff_or.bdf                     ; yes             ; Other                              ; c:/altera_labs/laba2/sr_ff_or/sr_ff_or.bdf                          ;
; altdpram0.tdf                    ; yes             ; Other                              ; C:/altera_labs/laba2/fifo2/altdpram0.tdf                            ;
; altdpram.inc                     ; yes             ; Other                              ; c:/altera/quartus50/libraries/megafunctions/altdpram.inc            ;
; altdpram.tdf                     ; yes             ; Megafunction                       ; c:/altera/quartus50/libraries/megafunctions/altdpram.tdf            ;
; memmodes.inc                     ; yes             ; Other                              ; c:/altera/quartus50/libraries/others/maxplus2/memmodes.inc          ;
; lpm_mux.inc                      ; yes             ; Other                              ; c:/altera/quartus50/libraries/megafunctions/lpm_mux.inc             ;
; a_hdffe.inc                      ; yes             ; Other                              ; c:/altera/quartus50/libraries/megafunctions/a_hdffe.inc             ;
; a_rdenreg.inc                    ; yes             ; Other                              ; c:/altera/quartus50/libraries/megafunctions/a_rdenreg.inc           ;
; altqpram.inc                     ; yes             ; Other                              ; c:/altera/quartus50/libraries/megafunctions/altqpram.inc            ;
; alt_le_rden_reg.inc              ; yes             ; Other                              ; c:/altera/quartus50/libraries/megafunctions/alt_le_rden_reg.inc     ;
; altsyncram.inc                   ; yes             ; Other                              ; c:/altera/quartus50/libraries/megafunctions/altsyncram.inc          ;
; lpm_mux.tdf                      ; yes             ; Megafunction                       ; c:/altera/quartus50/libraries/megafunctions/lpm_mux.tdf             ;
; muxlut.inc                       ; yes             ; Other                              ; c:/altera/quartus50/libraries/megafunctions/muxlut.inc              ;
; bypassff.inc                     ; yes             ; Other                              ; c:/altera/quartus50/libraries/megafunctions/bypassff.inc            ;
; db/mux_4ic.tdf                   ; yes             ; Auto-Generated Megafunction        ; C:/altera_labs/laba2/fifo2/db/mux_4ic.tdf                           ;
; lpm_decode.tdf                   ; yes             ; Megafunction                       ; c:/altera/quartus50/libraries/megafunctions/lpm_decode.tdf          ;
; declut.inc                       ; yes             ; Other                              ; c:/altera/quartus50/libraries/megafunctions/declut.inc              ;
; db/decode_knb.tdf                ; yes             ; Auto-Generated Megafunction        ; C:/altera_labs/laba2/fifo2/db/decode_knb.tdf                        ;
+----------------------------------+-----------------+------------------------------------+---------------------------------------------------------------------+


+----------------------------------------------------------------------------------------------------------------------------+
; Analysis & Synthesis Resource Usage Summary                                                                                ;
+-----------------------------------+----------------------------------------------------------------------------------------+
; Resource                          ; Usage                                                                                  ;
+-----------------------------------+----------------------------------------------------------------------------------------+
; Total logic elements              ; 255                                                                                    ;
; Total combinational functions     ; 255                                                                                    ;
;     -- Total 4-input functions    ; 91                                                                                     ;
;     -- Total 3-input functions    ; 154                                                                                    ;
;     -- Total 2-input functions    ; 2                                                                                      ;
;     -- Total 1-input functions    ; 8                                                                                      ;
;     -- Total 0-input functions    ; 0                                                                                      ;
; Combinational cells for routing   ; 0                                                                                      ;
; Total registers                   ; 8                                                                                      ;
; Total logic cells in carry chains ; 8                                                                                      ;
; I/O pins                          ; 29                                                                                     ;
; Maximum fan-out node              ; lpm_counter0:inst4|lpm_counter:lpm_counter_component|cntr_gb7:auto_generated|safe_q[1] ;
; Maximum fan-out                   ; 55                                                                                     ;
; Total fan-out                     ; 870                                                                                    ;
; Average fan-out                   ; 3.06                                                                                   ;
+-----------------------------------+----------------------------------------------------------------------------------------+


+---------------------------------------------------------------------------------------------------------------------------------------------------------------------------------------------------------------------------------------------------------------------------------------------------------------------------------------+
; Analysis & Synthesis Resource Utilization by Entity                                                                                                                                                                                                                                                                                   ;
+-------------------------------------------+-------------+--------------+-------------+--------------+---------+-----------+-----------+------+--------------+--------------+-------------------+------------------+-----------------+-------------------------------------------------------------------------------------------------+
; Compilation Hierarchy Node                ; Logic Cells ; LC Registers ; Memory Bits ; DSP Elements ; DSP 9x9 ; DSP 18x18 ; DSP 36x36 ; Pins ; Virtual Pins ; LUT-Only LCs ; Register-Only LCs ; LUT/Register LCs ; Carry Chain LCs ; Full Hierarchy Name                                                                             ;
+-------------------------------------------+-------------+--------------+-------------+--------------+---------+-----------+-----------+------+--------------+--------------+-------------------+------------------+-----------------+-------------------------------------------------------------------------------------------------+
; |fifo2                                    ; 255 (4)     ; 8            ; 0           ; 0            ; 0       ; 0         ; 0         ; 29   ; 0            ; 247 (4)      ; 0 (0)             ; 8 (0)            ; 8 (0)           ; |fifo2                                                                                          ;
;    |altdpram0:inst|                       ; 242 (0)     ; 0            ; 0           ; 0            ; 0       ; 0         ; 0         ; 0    ; 0            ; 242 (0)      ; 0 (0)             ; 0 (0)            ; 0 (0)           ; |fifo2|altdpram0:inst                                                                           ;
;       |altdpram:altdpram_component|       ; 242 (136)   ; 0            ; 0           ; 0            ; 0       ; 0         ; 0         ; 0    ; 0            ; 242 (136)    ; 0 (0)             ; 0 (0)            ; 0 (0)           ; |fifo2|altdpram0:inst|altdpram:altdpram_component                                               ;
;          |lpm_decode:wdecoder|            ; 18 (0)      ; 0            ; 0           ; 0            ; 0       ; 0         ; 0         ; 0    ; 0            ; 18 (0)       ; 0 (0)             ; 0 (0)            ; 0 (0)           ; |fifo2|altdpram0:inst|altdpram:altdpram_component|lpm_decode:wdecoder                           ;
;             |decode_knb:auto_generated|   ; 18 (18)     ; 0            ; 0           ; 0            ; 0       ; 0         ; 0         ; 0    ; 0            ; 18 (18)      ; 0 (0)             ; 0 (0)            ; 0 (0)           ; |fifo2|altdpram0:inst|altdpram:altdpram_component|lpm_decode:wdecoder|decode_knb:auto_generated ;
;          |lpm_mux:mux|                    ; 88 (0)      ; 0            ; 0           ; 0            ; 0       ; 0         ; 0         ; 0    ; 0            ; 88 (0)       ; 0 (0)             ; 0 (0)            ; 0 (0)           ; |fifo2|altdpram0:inst|altdpram:altdpram_component|lpm_mux:mux                                   ;
;             |mux_4ic:auto_generated|      ; 88 (88)     ; 0            ; 0           ; 0            ; 0       ; 0         ; 0         ; 0    ; 0            ; 88 (88)      ; 0 (0)             ; 0 (0)            ; 0 (0)           ; |fifo2|altdpram0:inst|altdpram:altdpram_component|lpm_mux:mux|mux_4ic:auto_generated            ;
;    |lpm_counter0:inst3|                   ; 4 (0)       ; 4            ; 0           ; 0            ; 0       ; 0         ; 0         ; 0    ; 0            ; 0 (0)        ; 0 (0)             ; 4 (0)            ; 4 (0)           ; |fifo2|lpm_counter0:inst3                                                                       ;
;       |lpm_counter:lpm_counter_component| ; 4 (0)       ; 4            ; 0           ; 0            ; 0       ; 0         ; 0         ; 0    ; 0            ; 0 (0)        ; 0 (0)             ; 4 (0)            ; 4 (0)           ; |fifo2|lpm_counter0:inst3|lpm_counter:lpm_counter_component                                     ;
;          |cntr_gb7:auto_generated|        ; 4 (4)       ; 4            ; 0           ; 0            ; 0       ; 0         ; 0         ; 0    ; 0            ; 0 (0)        ; 0 (0)             ; 4 (4)            ; 4 (4)           ; |fifo2|lpm_counter0:inst3|lpm_counter:lpm_counter_component|cntr_gb7:auto_generated             ;
;    |lpm_counter0:inst4|                   ; 4 (0)       ; 4            ; 0           ; 0            ; 0       ; 0         ; 0         ; 0    ; 0            ; 0 (0)        ; 0 (0)             ; 4 (0)            ; 4 (0)           ; |fifo2|lpm_counter0:inst4                                                                       ;
;       |lpm_counter:lpm_counter_component| ; 4 (0)       ; 4            ; 0           ; 0            ; 0       ; 0         ; 0         ; 0    ; 0            ; 0 (0)        ; 0 (0)             ; 4 (0)            ; 4 (0)           ; |fifo2|lpm_counter0:inst4|lpm_counter:lpm_counter_component                                     ;
;          |cntr_gb7:auto_generated|        ; 4 (4)       ; 4            ; 0           ; 0            ; 0       ; 0         ; 0         ; 0    ; 0            ; 0 (0)        ; 0 (0)             ; 4 (4)            ; 4 (4)           ; |fifo2|lpm_counter0:inst4|lpm_counter:lpm_counter_component|cntr_gb7:auto_generated             ;
;    |sr_ff_or:inst5|                       ; 1 (1)       ; 0            ; 0           ; 0            ; 0       ; 0         ; 0         ; 0    ; 0            ; 1 (1)        ; 0 (0)             ; 0 (0)            ; 0 (0)           ; |fifo2|sr_ff_or:inst5                                                                           ;
+-------------------------------------------+-------------+--------------+-------------+--------------+---------+-----------+-----------+------+--------------+--------------+-------------------+------------------+-----------------+-------------------------------------------------------------------------------------------------+
Note: For table entries with two numbers listed, the numbers in parentheses indicate the number of resources of the given type used by the specific entity alone. The numbers listed outside of parentheses indicate the total resources of the given type used by the specific entity and all of its sub-entities in the hierarchy.


+---------------------------------------------------------------+
; User-Specified and Inferred Latches                           ;
+---------------------------------------------------------+-----+
; Latch Name                                              ;     ;
+---------------------------------------------------------+-----+
; altdpram0:inst|altdpram:altdpram_component|xql[7]       ;     ;
; altdpram0:inst|altdpram:altdpram_component|xql[6]       ;     ;
; altdpram0:inst|altdpram:altdpram_component|xql[5]       ;     ;
; altdpram0:inst|altdpram:altdpram_component|xql[4]       ;     ;
; altdpram0:inst|altdpram:altdpram_component|xql[3]       ;     ;
; altdpram0:inst|altdpram:altdpram_component|xql[2]       ;     ;
; altdpram0:inst|altdpram:altdpram_component|xql[1]       ;     ;
; altdpram0:inst|altdpram:altdpram_component|xql[0]       ;     ;
; altdpram0:inst|altdpram:altdpram_component|cells[5][7]  ;     ;
; altdpram0:inst|altdpram:altdpram_component|cells[6][7]  ;     ;
; altdpram0:inst|altdpram:altdpram_component|cells[4][7]  ;     ;
; altdpram0:inst|altdpram:altdpram_component|cells[7][7]  ;     ;
; altdpram0:inst|altdpram:altdpram_component|cells[14][7] ;     ;
; altdpram0:inst|altdpram:altdpram_component|cells[13][7] ;     ;
; altdpram0:inst|altdpram:altdpram_component|cells[12][7] ;     ;
; altdpram0:inst|altdpram:altdpram_component|cells[15][7] ;     ;
; altdpram0:inst|altdpram:altdpram_component|cells[1][7]  ;     ;
; altdpram0:inst|altdpram:altdpram_component|cells[2][7]  ;     ;
; altdpram0:inst|altdpram:altdpram_component|cells[0][7]  ;     ;
; altdpram0:inst|altdpram:altdpram_component|cells[3][7]  ;     ;
; altdpram0:inst|altdpram:altdpram_component|cells[8][7]  ;     ;
; altdpram0:inst|altdpram:altdpram_component|cells[10][7] ;     ;
; altdpram0:inst|altdpram:altdpram_component|cells[9][7]  ;     ;
; altdpram0:inst|altdpram:altdpram_component|cells[11][7] ;     ;
; altdpram0:inst|altdpram:altdpram_component|cells[6][6]  ;     ;
; altdpram0:inst|altdpram:altdpram_component|cells[5][6]  ;     ;
; altdpram0:inst|altdpram:altdpram_component|cells[4][6]  ;     ;
; altdpram0:inst|altdpram:altdpram_component|cells[7][6]  ;     ;
; altdpram0:inst|altdpram:altdpram_component|cells[13][6] ;     ;
; altdpram0:inst|altdpram:altdpram_component|cells[14][6] ;     ;
; altdpram0:inst|altdpram:altdpram_component|cells[12][6] ;     ;
; altdpram0:inst|altdpram:altdpram_component|cells[15][6] ;     ;
; altdpram0:inst|altdpram:altdpram_component|cells[2][6]  ;     ;
; altdpram0:inst|altdpram:altdpram_component|cells[1][6]  ;     ;
; altdpram0:inst|altdpram:altdpram_component|cells[0][6]  ;     ;
; altdpram0:inst|altdpram:altdpram_component|cells[3][6]  ;     ;
; altdpram0:inst|altdpram:altdpram_component|cells[8][6]  ;     ;
; altdpram0:inst|altdpram:altdpram_component|cells[10][6] ;     ;
; altdpram0:inst|altdpram:altdpram_component|cells[9][6]  ;     ;
; altdpram0:inst|altdpram:altdpram_component|cells[11][6] ;     ;
; altdpram0:inst|altdpram:altdpram_component|cells[5][5]  ;     ;
; altdpram0:inst|altdpram:altdpram_component|cells[6][5]  ;     ;
; altdpram0:inst|altdpram:altdpram_component|cells[4][5]  ;     ;
; altdpram0:inst|altdpram:altdpram_component|cells[7][5]  ;     ;
; altdpram0:inst|altdpram:altdpram_component|cells[14][5] ;     ;
; altdpram0:inst|altdpram:altdpram_component|cells[13][5] ;     ;
; altdpram0:inst|altdpram:altdpram_component|cells[12][5] ;     ;
; altdpram0:inst|altdpram:altdpram_component|cells[15][5] ;     ;
; altdpram0:inst|altdpram:altdpram_component|cells[1][5]  ;     ;
; altdpram0:inst|altdpram:altdpram_component|cells[2][5]  ;     ;
; altdpram0:inst|altdpram:altdpram_component|cells[0][5]  ;     ;
; altdpram0:inst|altdpram:altdpram_component|cells[3][5]  ;     ;
; altdpram0:inst|altdpram:altdpram_component|cells[8][5]  ;     ;
; altdpram0:inst|altdpram:altdpram_component|cells[10][5] ;     ;
; altdpram0:inst|altdpram:altdpram_component|cells[9][5]  ;     ;
; altdpram0:inst|altdpram:altdpram_component|cells[11][5] ;     ;
; altdpram0:inst|altdpram:altdpram_component|cells[6][4]  ;     ;
; altdpram0:inst|altdpram:altdpram_component|cells[5][4]  ;     ;
; altdpram0:inst|altdpram:altdpram_component|cells[4][4]  ;     ;
; altdpram0:inst|altdpram:altdpram_component|cells[7][4]  ;     ;
; altdpram0:inst|altdpram:altdpram_component|cells[13][4] ;     ;
; altdpram0:inst|altdpram:altdpram_component|cells[14][4] ;     ;
; altdpram0:inst|altdpram:altdpram_component|cells[12][4] ;     ;
; altdpram0:inst|altdpram:altdpram_component|cells[15][4] ;     ;
; altdpram0:inst|altdpram:altdpram_component|cells[2][4]  ;     ;
; altdpram0:inst|altdpram:altdpram_component|cells[1][4]  ;     ;
; altdpram0:inst|altdpram:altdpram_component|cells[0][4]  ;     ;
; altdpram0:inst|altdpram:altdpram_component|cells[3][4]  ;     ;
; altdpram0:inst|altdpram:altdpram_component|cells[8][4]  ;     ;
; altdpram0:inst|altdpram:altdpram_component|cells[10][4] ;     ;
; altdpram0:inst|altdpram:altdpram_component|cells[9][4]  ;     ;
; altdpram0:inst|altdpram:altdpram_component|cells[11][4] ;     ;
; altdpram0:inst|altdpram:altdpram_component|cells[5][3]  ;     ;
; altdpram0:inst|altdpram:altdpram_component|cells[6][3]  ;     ;
; altdpram0:inst|altdpram:altdpram_component|cells[4][3]  ;     ;
; altdpram0:inst|altdpram:altdpram_component|cells[7][3]  ;     ;
; altdpram0:inst|altdpram:altdpram_component|cells[14][3] ;     ;
; altdpram0:inst|altdpram:altdpram_component|cells[13][3] ;     ;
; altdpram0:inst|altdpram:altdpram_component|cells[12][3] ;     ;
; altdpram0:inst|altdpram:altdpram_component|cells[15][3] ;     ;
; altdpram0:inst|altdpram:altdpram_component|cells[1][3]  ;     ;
; altdpram0:inst|altdpram:altdpram_component|cells[2][3]  ;     ;
; altdpram0:inst|altdpram:altdpram_component|cells[0][3]  ;     ;
; altdpram0:inst|altdpram:altdpram_component|cells[3][3]  ;     ;
; altdpram0:inst|altdpram:altdpram_component|cells[8][3]  ;     ;
; altdpram0:inst|altdpram:altdpram_component|cells[10][3] ;     ;
; altdpram0:inst|altdpram:altdpram_component|cells[9][3]  ;     ;
; altdpram0:inst|altdpram:altdpram_component|cells[11][3] ;     ;
; altdpram0:inst|altdpram:altdpram_component|cells[6][2]  ;     ;
; altdpram0:inst|altdpram:altdpram_component|cells[5][2]  ;     ;
; altdpram0:inst|altdpram:altdpram_component|cells[4][2]  ;     ;
; altdpram0:inst|altdpram:altdpram_component|cells[7][2]  ;     ;
; altdpram0:inst|altdpram:altdpram_component|cells[13][2] ;     ;
; altdpram0:inst|altdpram:altdpram_component|cells[14][2] ;     ;
; altdpram0:inst|altdpram:altdpram_component|cells[12][2] ;     ;
; altdpram0:inst|altdpram:altdpram_component|cells[15][2] ;     ;
; altdpram0:inst|altdpram:altdpram_component|cells[2][2]  ;     ;
; altdpram0:inst|altdpram:altdpram_component|cells[1][2]  ;     ;
; altdpram0:inst|altdpram:altdpram_component|cells[0][2]  ;     ;
; altdpram0:inst|altdpram:altdpram_component|cells[3][2]  ;     ;
; Number of user-specified and inferred latches           ; 136 ;
+---------------------------------------------------------+-----+
Table restricted to first 100 entries. Note: All latches listed above may not be present at the end of synthesis due to various synthesis optimizations.


+------------------------------------------------------------+
; Logic Cells Representing Combinational Loops               ;
+--------------------------------------------------------+---+
; Logic Cell Name                                        ;   ;
+--------------------------------------------------------+---+
; sr_ff_or:inst5|inst2~0                                 ;   ;
; Number of logic cells representing combinational loops ; 1 ;
+--------------------------------------------------------+---+
Note: All cells listed above may not be present at the end of synthesis due to various synthesis optimizations.


+------------------------------------------------------+
; General Register Statistics                          ;
+----------------------------------------------+-------+
; Statistic                                    ; Value ;
+----------------------------------------------+-------+
; Total registers                              ; 8     ;
; Number of registers using Synchronous Clear  ; 0     ;
; Number of registers using Synchronous Load   ; 0     ;
; Number of registers using Asynchronous Clear ; 8     ;
; Number of registers using Asynchronous Load  ; 0     ;
; Number of registers using Clock Enable       ; 0     ;
; Number of registers using Preset             ; 0     ;
+----------------------------------------------+-------+


+---------------------------------------------------------------------------------------------------+
; Parameter Settings for User Entity Instance: lpm_compare0:inst6|lpm_compare:lpm_compare_component ;
+------------------------+----------+---------------------------------------------------------------+
; Parameter Name         ; Value    ; Type                                                          ;
+------------------------+----------+---------------------------------------------------------------+
; lpm_width              ; 4        ; Untyped                                                       ;
; LPM_REPRESENTATION     ; UNSIGNED ; Untyped                                                       ;
; LPM_PIPELINE           ; 0        ; Untyped                                                       ;
; CHAIN_SIZE             ; 8        ; Untyped                                                       ;
; ONE_INPUT_IS_CONSTANT  ; NO       ; Untyped                                                       ;
; CARRY_CHAIN            ; MANUAL   ; Untyped                                                       ;
; CASCADE_CHAIN          ; MANUAL   ; Untyped                                                       ;
; CARRY_CHAIN_LENGTH     ; 48       ; CARRY_CHAIN_LENGTH                                            ;
; CASCADE_CHAIN_LENGTH   ; 2        ; CASCADE_CHAIN_LENGTH                                          ;
; DEVICE_FAMILY          ; Stratix  ; Untyped                                                       ;
; CBXI_PARAMETER         ; NOTHING  ; Untyped                                                       ;
; AUTO_CARRY_CHAINS      ; ON       ; AUTO_CARRY                                                    ;
; IGNORE_CARRY_BUFFERS   ; OFF      ; IGNORE_CARRY                                                  ;
; AUTO_CASCADE_CHAINS    ; ON       ; AUTO_CASCADE                                                  ;
; IGNORE_CASCADE_BUFFERS ; OFF      ; IGNORE_CASCADE                                                ;
+------------------------+----------+---------------------------------------------------------------+
Note: In order to hide this table in the UI and the text report file, please set the "Show Parameter Settings Tables in Synthesis Report" option in "Analysis and Synthesis Settings -> More Settings" to "Off".


+---------------------------------------------------------------------------------------------------+
; Parameter Settings for User Entity Instance: lpm_counter0:inst4|lpm_counter:lpm_counter_component ;
+------------------------+----------+---------------------------------------------------------------+
; Parameter Name         ; Value    ; Type                                                          ;
+------------------------+----------+---------------------------------------------------------------+
; AUTO_CARRY_CHAINS      ; ON       ; AUTO_CARRY                                                    ;
; IGNORE_CARRY_BUFFERS   ; OFF      ; IGNORE_CARRY                                                  ;
; AUTO_CASCADE_CHAINS    ; ON       ; AUTO_CASCADE                                                  ;
; IGNORE_CASCADE_BUFFERS ; OFF      ; IGNORE_CASCADE                                                ;
; LPM_WIDTH              ; 4        ; Integer                                                       ;
; LPM_DIRECTION          ; UP       ; Untyped                                                       ;
; LPM_MODULUS            ; 0        ; Untyped                                                       ;
; LPM_AVALUE             ; UNUSED   ; Untyped                                                       ;
; LPM_SVALUE             ; UNUSED   ; Untyped                                                       ;
; DEVICE_FAMILY          ; Stratix  ; Untyped                                                       ;
; CARRY_CHAIN            ; MANUAL   ; Untyped                                                       ;
; CARRY_CHAIN_LENGTH     ; 48       ; CARRY_CHAIN_LENGTH                                            ;
; NOT_GATE_PUSH_BACK     ; ON       ; NOT_GATE_PUSH_BACK                                            ;
; CARRY_CNT_EN           ; SMART    ; Untyped                                                       ;
; LABWIDE_SCLR           ; ON       ; Untyped                                                       ;
; USE_NEW_VERSION        ; TRUE     ; Untyped                                                       ;
; CBXI_PARAMETER         ; cntr_gb7 ; Untyped                                                       ;
+------------------------+----------+---------------------------------------------------------------+
Note: In order to hide this table in the UI and the text report file, please set the "Show Parameter Settings Tables in Synthesis Report" option in "Analysis and Synthesis Settings -> More Settings" to "Off".


+---------------------------------------------------------------------------------------------------+
; Parameter Settings for User Entity Instance: lpm_counter0:inst3|lpm_counter:lpm_counter_component ;
+------------------------+----------+---------------------------------------------------------------+
; Parameter Name         ; Value    ; Type                                                          ;
+------------------------+----------+---------------------------------------------------------------+
; AUTO_CARRY_CHAINS      ; ON       ; AUTO_CARRY                                                    ;
; IGNORE_CARRY_BUFFERS   ; OFF      ; IGNORE_CARRY                                                  ;
; AUTO_CASCADE_CHAINS    ; ON       ; AUTO_CASCADE                                                  ;
; IGNORE_CASCADE_BUFFERS ; OFF      ; IGNORE_CASCADE                                                ;
; LPM_WIDTH              ; 4        ; Integer                                                       ;
; LPM_DIRECTION          ; UP       ; Untyped                                                       ;
; LPM_MODULUS            ; 0        ; Untyped                                                       ;
; LPM_AVALUE             ; UNUSED   ; Untyped                                                       ;
; LPM_SVALUE             ; UNUSED   ; Untyped                                                       ;
; DEVICE_FAMILY          ; Stratix  ; Untyped                                                       ;
; CARRY_CHAIN            ; MANUAL   ; Untyped                                                       ;
; CARRY_CHAIN_LENGTH     ; 48       ; CARRY_CHAIN_LENGTH                                            ;
; NOT_GATE_PUSH_BACK     ; ON       ; NOT_GATE_PUSH_BACK                                            ;
; CARRY_CNT_EN           ; SMART    ; Untyped                                                       ;
; LABWIDE_SCLR           ; ON       ; Untyped                                                       ;
; USE_NEW_VERSION        ; TRUE     ; Untyped                                                       ;
; CBXI_PARAMETER         ; cntr_gb7 ; Untyped                                                       ;
+------------------------+----------+---------------------------------------------------------------+
Note: In order to hide this table in the UI and the text report file, please set the "Show Parameter Settings Tables in Synthesis Report" option in "Analysis and Synthesis Settings -> More Settings" to "Off".


+-----------------------------------------------------------------------------------------+
; Parameter Settings for User Entity Instance: altdpram0:inst|altdpram:altdpram_component ;
+-------------------------------------+--------------+------------------------------------+
; Parameter Name                      ; Value        ; Type                               ;
+-------------------------------------+--------------+------------------------------------+
; WIDTH                               ; 8            ; Untyped                            ;
; WIDTHAD                             ; 4            ; Untyped                            ;
; NUMWORDS                            ; 16           ; Untyped                            ;
; FILE                                ; UNUSED       ; Untyped                            ;
; LPM_FILE                            ; UNUSED       ; Untyped                            ;
; INDATA_REG                          ; UNREGISTERED ; Untyped                            ;
; INDATA_ACLR                         ; OFF          ; Untyped                            ;
; WRADDRESS_REG                       ; UNREGISTERED ; Untyped                            ;
; WRADDRESS_ACLR                      ; OFF          ; Untyped                            ;
; WRCONTROL_REG                       ; UNREGISTERED ; Untyped                            ;
; WRCONTROL_ACLR                      ; OFF          ; Untyped                            ;
; RDADDRESS_REG                       ; UNREGISTERED ; Untyped                            ;
; RDADDRESS_ACLR                      ; OFF          ; Untyped                            ;
; RDCONTROL_REG                       ; UNREGISTERED ; Untyped                            ;
; RDCONTROL_ACLR                      ; OFF          ; Untyped                            ;
; OUTDATA_REG                         ; UNREGISTERED ; Untyped                            ;
; OUTDATA_ACLR                        ; OFF          ; Untyped                            ;
; USE_EAB                             ; OFF          ; Untyped                            ;
; MAXIMUM_DEPTH                       ; 2048         ; Untyped                            ;
; DEVICE_FAMILY                       ; Stratix      ; Untyped                            ;
; SUPPRESS_MEMORY_CONVERSION_WARNINGS ; OFF          ; Untyped                            ;
; INTENDED_DEVICE_FAMILY              ; FLEX10K      ; Untyped                            ;
; ENABLE_RAM_BENCHMARKING_MODE        ; OFF          ; Untyped                            ;
; AUTO_CARRY_CHAINS                   ; ON           ; AUTO_CARRY                         ;
; IGNORE_CARRY_BUFFERS                ; OFF          ; IGNORE_CARRY                       ;
; AUTO_CASCADE_CHAINS                 ; ON           ; AUTO_CASCADE                       ;
; IGNORE_CASCADE_BUFFERS              ; OFF          ; IGNORE_CASCADE                     ;
+-------------------------------------+--------------+------------------------------------+
Note: In order to hide this table in the UI and the text report file, please set the "Show Parameter Settings Tables in Synthesis Report" option in "Analysis and Synthesis Settings -> More Settings" to "Off".


+--------------------------------+
; Analysis & Synthesis Equations ;
+--------------------------------+
The equations can be found in C:/altera_labs/laba2/fifo2/fifo2.map.eqn.


+-------------------------------+
; Analysis & Synthesis Messages ;
+-------------------------------+
Info: *******************************************************************
Info: Running Quartus II Analysis & Synthesis
    Info: Version 5.0 Build 148 04/26/2005 SJ Full Version
    Info: Processing started: Thu Mar 14 19:44:14 2019
Info: Command: quartus_map --read_settings_files=on --write_settings_files=off fifo2 -c fifo2
Info: Found 1 design units, including 1 entities, in source file fifo2.bdf
    Info: Found entity 1: fifo2
Info: Elaborating entity "fifo2" for the top level hierarchy
Warning: Pin "DO[7..0]" is missing source
Info: Using design file lpm_compare0.tdf, which is not specified as a design file for the current project, but contains definitions for 1 design units and 1 entities in project
    Info: Found entity 1: lpm_compare0
Info: Elaborating entity "lpm_compare0" for hierarchy "lpm_compare0:inst6"
Info: Found 1 design units, including 1 entities, in source file ../../../altera/quartus50/libraries/megafunctions/lpm_compare.tdf
    Info: Found entity 1: lpm_compare
Info: Elaborating entity "lpm_compare" for hierarchy "lpm_compare0:inst6|lpm_compare:lpm_compare_component"
Info: Found 1 design units, including 1 entities, in source file ../../../altera/quartus50/libraries/megafunctions/comptree.tdf
    Info: Found entity 1: comptree
Info: Elaborating entity "comptree" for hierarchy "lpm_compare0:inst6|lpm_compare:lpm_compare_component|comptree:comparator"
Info: Found 1 design units, including 1 entities, in source file ../../../altera/quartus50/libraries/megafunctions/cmpchain.tdf
    Info: Found entity 1: cmpchain
Info: Elaborating entity "cmpchain" for hierarchy "lpm_compare0:inst6|lpm_compare:lpm_compare_component|comptree:comparator|cmpchain:cmp_end"
Info: Elaborating entity "comptree" for hierarchy "lpm_compare0:inst6|lpm_compare:lpm_compare_component|comptree:comparator|cmpchain:cmp_end|comptree:comp"
Info: Elaborating entity "cmpchain" for hierarchy "lpm_compare0:inst6|lpm_compare:lpm_compare_component|comptree:comparator|cmpchain:cmp_end|comptree:comp|cmpchain:cmp[1]"
Info: Elaborating entity "comptree" for hierarchy "lpm_compare0:inst6|lpm_compare:lpm_compare_component|comptree:comparator|cmpchain:cmp_end|comptree:comp|comptree:sub_comptree"
Info: Elaborating entity "cmpchain" for hierarchy "lpm_compare0:inst6|lpm_compare:lpm_compare_component|comptree:comparator|cmpchain:cmp_end|comptree:comp|comptree:sub_comptree|cmpchain:cmp_end"
Info: Found 1 design units, including 1 entities, in source file ../../../altera/quartus50/libraries/megafunctions/altshift.tdf
    Info: Found entity 1: altshift
Info: Elaborating entity "altshift" for hierarchy "lpm_compare0:inst6|lpm_compare:lpm_compare_component|altshift:aeb_ext_lat_ffs"
Info: Using design file lpm_counter0.vhd, which is not specified as a design file for the current project, but contains definitions for 2 design units and 1 entities in project
    Info: Found design unit 1: lpm_counter0-SYN
    Info: Found entity 1: lpm_counter0
Info: Elaborating entity "lpm_counter0" for hierarchy "lpm_counter0:inst4"
Info: Found 1 design units, including 1 entities, in source file ../../../altera/quartus50/libraries/megafunctions/lpm_counter.tdf
    Info: Found entity 1: lpm_counter
Info: Elaborating entity "lpm_counter" for hierarchy "lpm_counter0:inst4|lpm_counter:lpm_counter_component"
Info: Found 1 design units, including 1 entities, in source file db/cntr_gb7.tdf
    Info: Found entity 1: cntr_gb7
Info: Elaborating entity "cntr_gb7" for hierarchy "lpm_counter0:inst4|lpm_counter:lpm_counter_component|cntr_gb7:auto_generated"
Info: Using design file ../sr_ff_or/sr_ff_or.bdf, which is not specified as a design file for the current project, but contains definitions for 1 design units and 1 entities in project
    Info: Found entity 1: sr_ff_or
Info: Elaborating entity "sr_ff_or" for hierarchy "sr_ff_or:inst5"
Info: Using design file altdpram0.tdf, which is not specified as a design file for the current project, but contains definitions for 1 design units and 1 entities in project
    Info: Found entity 1: altdpram0
Info: Elaborating entity "altdpram0" for hierarchy "altdpram0:inst"
Info: Found 1 design units, including 1 entities, in source file ../../../altera/quartus50/libraries/megafunctions/altdpram.tdf
    Info: Found entity 1: altdpram
Info: Elaborating entity "altdpram" for hierarchy "altdpram0:inst|altdpram:altdpram_component"
Info: Found 1 design units, including 1 entities, in source file ../../../altera/quartus50/libraries/megafunctions/lpm_mux.tdf
    Info: Found entity 1: lpm_mux
Info: Elaborating entity "lpm_mux" for hierarchy "altdpram0:inst|altdpram:altdpram_component|lpm_mux:mux"
Info: Found 1 design units, including 1 entities, in source file db/mux_4ic.tdf
    Info: Found entity 1: mux_4ic
Info: Elaborating entity "mux_4ic" for hierarchy "altdpram0:inst|altdpram:altdpram_component|lpm_mux:mux|mux_4ic:auto_generated"
Info: Found 1 design units, including 1 entities, in source file ../../../altera/quartus50/libraries/megafunctions/lpm_decode.tdf
    Info: Found entity 1: lpm_decode
Info: Elaborating entity "lpm_decode" for hierarchy "altdpram0:inst|altdpram:altdpram_component|lpm_decode:wdecoder"
Info: Found 1 design units, including 1 entities, in source file db/decode_knb.tdf
    Info: Found entity 1: decode_knb
Info: Elaborating entity "decode_knb" for hierarchy "altdpram0:inst|altdpram:altdpram_component|lpm_decode:wdecoder|decode_knb:auto_generated"
Info: Ignored 3 buffer(s)
    Info: Ignored 3 SOFT buffer(s)
Warning: Output pins are stuck at VCC or GND
    Warning: Pin "DO[7]" stuck at GND
    Warning: Pin "DO[6]" stuck at GND
    Warning: Pin "DO[5]" stuck at GND
    Warning: Pin "DO[4]" stuck at GND
    Warning: Pin "DO[3]" stuck at GND
    Warning: Pin "DO[2]" stuck at GND
    Warning: Pin "DO[1]" stuck at GND
    Warning: Pin "DO[0]" stuck at GND
Info: Implemented 284 device resources after synthesis - the final resource count might be different
    Info: Implemented 11 input pins
    Info: Implemented 18 output pins
    Info: Implemented 255 logic cells
Info: Quartus II Analysis & Synthesis was successful. 0 errors, 10 warnings
    Info: Processing ended: Thu Mar 14 19:44:16 2019
    Info: Elapsed time: 00:00:02


