Analysis & Synthesis report for register
Sat Apr 20 18:42:35 2019
Version 5.0 Build 148 04/26/2005 SJ Full Version


---------------------
; Table of Contents ;
---------------------
  1. Legal Notice
  2. Analysis & Synthesis Summary
  3. Analysis & Synthesis Settings
  4. Analysis & Synthesis Source Files Read
  5. Analysis & Synthesis Resource Usage Summary
  6. Analysis & Synthesis Resource Utilization by Entity
  7. General Register Statistics
  8. Parameter Settings for User Entity Instance: Top-level Entity: |register
  9. Analysis & Synthesis Equations
 10. Analysis & Synthesis Messages



----------------
; Legal Notice ;
----------------
Copyright (C) 1991-2005 Altera Corporation
Your use of Altera Corporation's design tools, logic functions 
and other software and tools, and its AMPP partner logic       
functions, and any output files any of the foregoing           
(including device programming or simulation files), and any    
associated documentation or information are expressly subject  
to the terms and conditions of the Altera Program License      
Subscription Agreement, Altera MegaCore Function License       
Agreement, or other applicable license agreement, including,   
without limitation, that your use is for the sole purpose of   
programming logic devices manufactured by Altera and sold by   
Altera or its authorized distributors.  Please refer to the    
applicable agreement for further details.



+------------------------------------------------------------------------+
; Analysis & Synthesis Summary                                           ;
+-----------------------------+------------------------------------------+
; Analysis & Synthesis Status ; Successful - Sat Apr 20 18:42:35 2019    ;
; Quartus II Version          ; 5.0 Build 148 04/26/2005 SJ Full Version ;
; Revision Name               ; register                                 ;
; Top-level Entity Name       ; register                                 ;
; Family                      ; Stratix                                  ;
; Total logic elements        ; 16                                       ;
; Total pins                  ; 20                                       ;
; Total virtual pins          ; 0                                        ;
; Total memory bits           ; 0                                        ;
; DSP block 9-bit elements    ; 0                                        ;
; Total PLLs                  ; 0                                        ;
; Total DLLs                  ; 0                                        ;
+-----------------------------+------------------------------------------+


+---------------------------------------------------------------------------------------------------+
; Analysis & Synthesis Settings                                                                     ;
+--------------------------------------------------------------------+--------------+---------------+
; Option                                                             ; Setting      ; Default Value ;
+--------------------------------------------------------------------+--------------+---------------+
; Top-level entity name                                              ; register     ; register      ;
; Family name                                                        ; Stratix      ; Stratix       ;
; Use smart compilation                                              ; Off          ; Off           ;
; Restructure Multiplexers                                           ; Auto         ; Auto          ;
; Create Debugging Nodes for IP Cores                                ; off          ; off           ;
; Preserve fewer node names                                          ; On           ; On            ;
; Disable OpenCore Plus hardware evaluation                          ; Off          ; Off           ;
; Verilog Version                                                    ; Verilog_2001 ; Verilog_2001  ;
; VHDL Version                                                       ; VHDL93       ; VHDL93        ;
; State Machine Processing                                           ; Auto         ; Auto          ;
; Extract Verilog State Machines                                     ; On           ; On            ;
; Extract VHDL State Machines                                        ; On           ; On            ;
; Add Pass-Through Logic to Inferred RAMs                            ; On           ; On            ;
; DSP Block Balancing                                                ; Auto         ; Auto          ;
; Maximum DSP Block Usage                                            ; -1           ; -1            ;
; NOT Gate Push-Back                                                 ; On           ; On            ;
; Power-Up Don't Care                                                ; On           ; On            ;
; Remove Redundant Logic Cells                                       ; Off          ; Off           ;
; Remove Duplicate Registers                                         ; On           ; On            ;
; Ignore CARRY Buffers                                               ; Off          ; Off           ;
; Ignore CASCADE Buffers                                             ; Off          ; Off           ;
; Ignore GLOBAL Buffers                                              ; Off          ; Off           ;
; Ignore ROW GLOBAL Buffers                                          ; Off          ; Off           ;
; Ignore LCELL Buffers                                               ; Off          ; Off           ;
; Ignore SOFT Buffers                                                ; On           ; On            ;
; Limit AHDL Integers to 32 Bits                                     ; Off          ; Off           ;
; Optimization Technique -- Stratix/Stratix GX                       ; Balanced     ; Balanced      ;
; Carry Chain Length -- Stratix/Stratix GX/Cyclone/MAX II/Cyclone II ; 70           ; 70            ;
; Auto Carry Chains                                                  ; On           ; On            ;
; Auto Open-Drain Pins                                               ; On           ; On            ;
; Remove Duplicate Logic                                             ; On           ; On            ;
; Perform WYSIWYG Primitive Resynthesis                              ; Off          ; Off           ;
; Perform gate-level register retiming                               ; Off          ; Off           ;
; Allow register retiming to trade off Tsu/Tco with Fmax             ; On           ; On            ;
; Auto ROM Replacement                                               ; On           ; On            ;
; Auto RAM Replacement                                               ; On           ; On            ;
; Auto DSP Block Replacement                                         ; On           ; On            ;
; Auto Shift Register Replacement                                    ; On           ; On            ;
; Auto Clock Enable Replacement                                      ; On           ; On            ;
; Allows Synchronous Control Signal Usage in Normal Mode Logic Cells ; On           ; On            ;
; Auto RAM Block Balancing                                           ; On           ; On            ;
; Auto Resource Sharing                                              ; Off          ; Off           ;
; Allow Any RAM Size For Recognition                                 ; Off          ; Off           ;
; Allow Any ROM Size For Recognition                                 ; Off          ; Off           ;
; Allow Any Shift Register Size For Recognition                      ; Off          ; Off           ;
; Maximum Number of M512 Memory Blocks                               ; -1           ; -1            ;
; Maximum Number of M4K Memory Blocks                                ; -1           ; -1            ;
; Maximum Number of M-RAM Memory Blocks                              ; -1           ; -1            ;
; Ignore translate_off and translate_on Synthesis Directives         ; Off          ; Off           ;
; Show Parameter Settings Tables in Synthesis Report                 ; On           ; On            ;
+--------------------------------------------------------------------+--------------+---------------+


+-----------------------------------------------------------------------------------------------------+
; Analysis & Synthesis Source Files Read                                                              ;
+----------------------------------+-----------------+-----------+------------------------------------+
; File Name with User-Entered Path ; Used in Netlist ; File Type ; File Name with Absolute Path       ;
+----------------------------------+-----------------+-----------+------------------------------------+
; register.v                       ; yes             ; Other     ; C:/altera_labs/register/register.v ;
+----------------------------------+-----------------+-----------+------------------------------------+


+---------------------------------------------+
; Analysis & Synthesis Resource Usage Summary ;
+---------------------------------+-----------+
; Resource                        ; Usage     ;
+---------------------------------+-----------+
; Total logic elements            ; 16        ;
; Total combinational functions   ; 0         ;
;     -- Total 4-input functions  ; 0         ;
;     -- Total 3-input functions  ; 0         ;
;     -- Total 2-input functions  ; 0         ;
;     -- Total 1-input functions  ; 0         ;
;     -- Total 0-input functions  ; 0         ;
; Combinational cells for routing ; 0         ;
; Total registers                 ; 16        ;
; I/O pins                        ; 20        ;
; Maximum fan-out node            ; CLOCK     ;
; Maximum fan-out                 ; 16        ;
; Total fan-out                   ; 48        ;
; Average fan-out                 ; 1.33      ;
+---------------------------------+-----------+


+--------------------------------------------------------------------------------------------------------------------------------------------------------------------------------------------------------------------------------------------------+
; Analysis & Synthesis Resource Utilization by Entity                                                                                                                                                                                              ;
+----------------------------+-------------+--------------+-------------+--------------+---------+-----------+-----------+------+--------------+--------------+-------------------+------------------+-----------------+---------------------------+
; Compilation Hierarchy Node ; Logic Cells ; LC Registers ; Memory Bits ; DSP Elements ; DSP 9x9 ; DSP 18x18 ; DSP 36x36 ; Pins ; Virtual Pins ; LUT-Only LCs ; Register-Only LCs ; LUT/Register LCs ; Carry Chain LCs ; Full Hierarchy Name       ;
+----------------------------+-------------+--------------+-------------+--------------+---------+-----------+-----------+------+--------------+--------------+-------------------+------------------+-----------------+---------------------------+
; |register                  ; 16 (8)      ; 16           ; 0           ; 0            ; 0       ; 0         ; 0         ; 20   ; 0            ; 0 (0)        ; 16 (8)            ; 0 (0)            ; 0 (0)           ; |register                 ;
;    |DTrigger:Dtrig1|       ; 1 (1)       ; 1            ; 0           ; 0            ; 0       ; 0         ; 0         ; 0    ; 0            ; 0 (0)        ; 1 (1)             ; 0 (0)            ; 0 (0)           ; |register|DTrigger:Dtrig1 ;
;    |DTrigger:Dtrig2|       ; 1 (1)       ; 1            ; 0           ; 0            ; 0       ; 0         ; 0         ; 0    ; 0            ; 0 (0)        ; 1 (1)             ; 0 (0)            ; 0 (0)           ; |register|DTrigger:Dtrig2 ;
;    |DTrigger:Dtrig3|       ; 1 (1)       ; 1            ; 0           ; 0            ; 0       ; 0         ; 0         ; 0    ; 0            ; 0 (0)        ; 1 (1)             ; 0 (0)            ; 0 (0)           ; |register|DTrigger:Dtrig3 ;
;    |DTrigger:Dtrig4|       ; 1 (1)       ; 1            ; 0           ; 0            ; 0       ; 0         ; 0         ; 0    ; 0            ; 0 (0)        ; 1 (1)             ; 0 (0)            ; 0 (0)           ; |register|DTrigger:Dtrig4 ;
;    |DTrigger:Dtrig5|       ; 1 (1)       ; 1            ; 0           ; 0            ; 0       ; 0         ; 0         ; 0    ; 0            ; 0 (0)        ; 1 (1)             ; 0 (0)            ; 0 (0)           ; |register|DTrigger:Dtrig5 ;
;    |DTrigger:Dtrig6|       ; 1 (1)       ; 1            ; 0           ; 0            ; 0       ; 0         ; 0         ; 0    ; 0            ; 0 (0)        ; 1 (1)             ; 0 (0)            ; 0 (0)           ; |register|DTrigger:Dtrig6 ;
;    |DTrigger:Dtrig7|       ; 1 (1)       ; 1            ; 0           ; 0            ; 0       ; 0         ; 0         ; 0    ; 0            ; 0 (0)        ; 1 (1)             ; 0 (0)            ; 0 (0)           ; |register|DTrigger:Dtrig7 ;
;    |DTrigger:Dtrig8|       ; 1 (1)       ; 1            ; 0           ; 0            ; 0       ; 0         ; 0         ; 0    ; 0            ; 0 (0)        ; 1 (1)             ; 0 (0)            ; 0 (0)           ; |register|DTrigger:Dtrig8 ;
+----------------------------+-------------+--------------+-------------+--------------+---------+-----------+-----------+------+--------------+--------------+-------------------+------------------+-----------------+---------------------------+
Note: For table entries with two numbers listed, the numbers in parentheses indicate the number of resources of the given type used by the specific entity alone. The numbers listed outside of parentheses indicate the total resources of the given type used by the specific entity and all of its sub-entities in the hierarchy.


+------------------------------------------------------+
; General Register Statistics                          ;
+----------------------------------------------+-------+
; Statistic                                    ; Value ;
+----------------------------------------------+-------+
; Total registers                              ; 16    ;
; Number of registers using Synchronous Clear  ; 0     ;
; Number of registers using Synchronous Load   ; 0     ;
; Number of registers using Asynchronous Clear ; 0     ;
; Number of registers using Asynchronous Load  ; 0     ;
; Number of registers using Clock Enable       ; 8     ;
; Number of registers using Preset             ; 0     ;
+----------------------------------------------+-------+


+--------------------------------------------------------------------------+
; Parameter Settings for User Entity Instance: Top-level Entity: |register ;
+----------------+-------+-------------------------------------------------+
; Parameter Name ; Value ; Type                                            ;
+----------------+-------+-------------------------------------------------+
; numbits        ; 7     ; Integer                                         ;
+----------------+-------+-------------------------------------------------+
Note: In order to hide this table in the UI and the text report file, please set the "Show Parameter Settings Tables in Synthesis Report" option in "Analysis and Synthesis Settings -> More Settings" to "Off".


+--------------------------------+
; Analysis & Synthesis Equations ;
+--------------------------------+
The equations can be found in C:/altera_labs/register/register.map.eqn.


+-------------------------------+
; Analysis & Synthesis Messages ;
+-------------------------------+
Info: *******************************************************************
Info: Running Quartus II Analysis & Synthesis
    Info: Version 5.0 Build 148 04/26/2005 SJ Full Version
    Info: Processing started: Sat Apr 20 18:42:34 2019
Info: Command: quartus_map --read_settings_files=on --write_settings_files=off register -c register
Warning: (10273) Verilog HDL warning at register.v(45): extended using "x" or "z"
Info: (10281) Verilog HDL information at register.v(29): variable name "Res" and variable name "res" should not differ only in case
Info: Using design file register.v, which is not specified as a design file for the current project, but contains definitions for 2 design units and 2 entities in project
    Info: Found entity 1: DTrigger
    Info: Found entity 2: register
Info: Elaborating entity "register" for the top level hierarchy
Info: (10035) Verilog HDL or VHDL information at register.v(31): object "i" declared but not used
Warning: Verilog HDL assignment warning at register.v(45): truncated value with size 32 to match size of target (8)
Info: Elaborating entity "DTrigger" for hierarchy "DTrigger:Dtrig1"
Info: Duplicate registers merged to single register
    Info: Duplicate register "DTrigger:Dtrig8|Res" merged to single register "DTrigger:Dtrig8|Buf"
    Info: Duplicate register "DTrigger:Dtrig7|Res" merged to single register "DTrigger:Dtrig7|Buf"
    Info: Duplicate register "DTrigger:Dtrig6|Res" merged to single register "DTrigger:Dtrig6|Buf"
    Info: Duplicate register "DTrigger:Dtrig5|Res" merged to single register "DTrigger:Dtrig5|Buf"
    Info: Duplicate register "DTrigger:Dtrig4|Res" merged to single register "DTrigger:Dtrig4|Buf"
    Info: Duplicate register "DTrigger:Dtrig3|Res" merged to single register "DTrigger:Dtrig3|Buf"
    Info: Duplicate register "DTrigger:Dtrig2|Res" merged to single register "DTrigger:Dtrig2|Buf"
    Info: Duplicate register "DTrigger:Dtrig1|Res" merged to single register "DTrigger:Dtrig1|Buf"
Warning: Design contains 2 input pin(s) that do not drive logic
    Warning: No output dependent on input pin "RESET"
    Warning: No output dependent on input pin "EDY"
Info: Implemented 36 device resources after synthesis - the final resource count might be different
    Info: Implemented 12 input pins
    Info: Implemented 8 output pins
    Info: Implemented 16 logic cells
Info: Quartus II Analysis & Synthesis was successful. 0 errors, 5 warnings
    Info: Processing ended: Sat Apr 20 18:42:35 2019
    Info: Elapsed time: 00:00:01


