Timing Analyzer report for register
Sat Apr 20 18:42:42 2019
Version 5.0 Build 148 04/26/2005 SJ Full Version


---------------------
; Table of Contents ;
---------------------
  1. Legal Notice
  2. Timing Analyzer Summary
  3. Timing Analyzer Settings
  4. Clock Settings Summary
  5. Clock Setup: 'CLOCK'
  6. tsu
  7. tco
  8. th
  9. Timing Analyzer Messages



----------------
; Legal Notice ;
----------------
Copyright (C) 1991-2005 Altera Corporation
Your use of Altera Corporation's design tools, logic functions 
and other software and tools, and its AMPP partner logic       
functions, and any output files any of the foregoing           
(including device programming or simulation files), and any    
associated documentation or information are expressly subject  
to the terms and conditions of the Altera Program License      
Subscription Agreement, Altera MegaCore Function License       
Agreement, or other applicable license agreement, including,   
without limitation, that your use is for the sole purpose of   
programming logic devices manufactured by Altera and sold by   
Altera or its authorized distributors.  Please refer to the    
applicable agreement for further details.



+------------------------------------------------------------------------------------------------------------------------------------------------------------------------------------------+
; Timing Analyzer Summary                                                                                                                                                                  ;
+------------------------------+-------+---------------+------------------------------------------------+---------------------+---------------------+------------+----------+--------------+
; Type                         ; Slack ; Required Time ; Actual Time                                    ; From                ; To                  ; From Clock ; To Clock ; Failed Paths ;
+------------------------------+-------+---------------+------------------------------------------------+---------------------+---------------------+------------+----------+--------------+
; Worst-case tsu               ; N/A   ; None          ; 3.671 ns                                       ; EWR                 ; DTrigger:Dtrig5|Buf ;            ; CLOCK    ; 0            ;
; Worst-case tco               ; N/A   ; None          ; 6.743 ns                                       ; res[4]              ; OUTRESULT[4]        ; CLOCK      ;          ; 0            ;
; Worst-case th                ; N/A   ; None          ; -1.897 ns                                      ; DATA[6]             ; DTrigger:Dtrig7|Buf ;            ; CLOCK    ; 0            ;
; Clock Setup: 'CLOCK'         ; N/A   ; None          ; Restricted to 422.12 MHz ( period = 2.369 ns ) ; DTrigger:Dtrig8|Buf ; res[7]              ; CLOCK      ; CLOCK    ; 0            ;
; Total number of failed paths ;       ;               ;                                                ;                     ;                     ;            ;          ; 0            ;
+------------------------------+-------+---------------+------------------------------------------------+---------------------+---------------------+------------+----------+--------------+


+------------------------------------------------------------------------------------------------------+
; Timing Analyzer Settings                                                                             ;
+-------------------------------------------------------+--------------------+------+----+-------------+
; Option                                                ; Setting            ; From ; To ; Entity Name ;
+-------------------------------------------------------+--------------------+------+----+-------------+
; Device Name                                           ; EP1S10F484C5       ;      ;    ;             ;
; Timing Models                                         ; Final              ;      ;    ;             ;
; Number of source nodes to report per destination node ; 10                 ;      ;    ;             ;
; Number of destination nodes to report                 ; 10                 ;      ;    ;             ;
; Number of paths to report                             ; 200                ;      ;    ;             ;
; Report Minimum Timing Checks                          ; Off                ;      ;    ;             ;
; Use Fast Timing Models                                ; Off                ;      ;    ;             ;
; Report IO Paths Separately                            ; Off                ;      ;    ;             ;
; Default hold multicycle                               ; Same as Multicycle ;      ;    ;             ;
; Cut paths between unrelated clock domains             ; On                 ;      ;    ;             ;
; Cut off read during write signal paths                ; On                 ;      ;    ;             ;
; Cut off feedback from I/O pins                        ; On                 ;      ;    ;             ;
; Report Combined Fast/Slow Timing                      ; Off                ;      ;    ;             ;
; Ignore Clock Settings                                 ; Off                ;      ;    ;             ;
; Analyze latches as synchronous elements               ; Off                ;      ;    ;             ;
; Enable Recovery/Removal analysis                      ; Off                ;      ;    ;             ;
; Enable Clock Latency                                  ; Off                ;      ;    ;             ;
+-------------------------------------------------------+--------------------+------+----+-------------+


+------------------------------------------------------------------------------------------------------------------------------------------------------------------------------------+
; Clock Settings Summary                                                                                                                                                             ;
+-----------------+--------------------+----------+------------------+---------------+--------------+----------+-----------------------+---------------------+--------+--------------+
; Clock Node Name ; Clock Setting Name ; Type     ; Fmax Requirement ; Early Latency ; Late Latency ; Based on ; Multiply Base Fmax by ; Divide Base Fmax by ; Offset ; Phase offset ;
+-----------------+--------------------+----------+------------------+---------------+--------------+----------+-----------------------+---------------------+--------+--------------+
; CLOCK           ;                    ; User Pin ; NONE             ; 0.000 ns      ; 0.000 ns     ; NONE     ; N/A                   ; N/A                 ; N/A    ;              ;
+-----------------+--------------------+----------+------------------+---------------+--------------+----------+-----------------------+---------------------+--------+--------------+


+---------------------------------------------------------------------------------------------------------------------------------------------------------------------------------------------------+
; Clock Setup: 'CLOCK'                                                                                                                                                                              ;
+-------+------------------------------------------------+---------------------+--------+------------+----------+-----------------------------+---------------------------+-------------------------+
; Slack ; Actual fmax (period)                           ; From                ; To     ; From Clock ; To Clock ; Required Setup Relationship ; Required Longest P2P Time ; Actual Longest P2P Time ;
+-------+------------------------------------------------+---------------------+--------+------------+----------+-----------------------------+---------------------------+-------------------------+
; N/A   ; Restricted to 422.12 MHz ( period = 2.369 ns ) ; DTrigger:Dtrig8|Buf ; res[7] ; CLOCK      ; CLOCK    ; None                        ; None                      ; 0.607 ns                ;
; N/A   ; Restricted to 422.12 MHz ( period = 2.369 ns ) ; DTrigger:Dtrig7|Buf ; res[6] ; CLOCK      ; CLOCK    ; None                        ; None                      ; 0.604 ns                ;
; N/A   ; Restricted to 422.12 MHz ( period = 2.369 ns ) ; DTrigger:Dtrig4|Buf ; res[3] ; CLOCK      ; CLOCK    ; None                        ; None                      ; 0.603 ns                ;
; N/A   ; Restricted to 422.12 MHz ( period = 2.369 ns ) ; DTrigger:Dtrig2|Buf ; res[1] ; CLOCK      ; CLOCK    ; None                        ; None                      ; 0.490 ns                ;
; N/A   ; Restricted to 422.12 MHz ( period = 2.369 ns ) ; DTrigger:Dtrig5|Buf ; res[4] ; CLOCK      ; CLOCK    ; None                        ; None                      ; 0.489 ns                ;
; N/A   ; Restricted to 422.12 MHz ( period = 2.369 ns ) ; DTrigger:Dtrig3|Buf ; res[2] ; CLOCK      ; CLOCK    ; None                        ; None                      ; 0.489 ns                ;
; N/A   ; Restricted to 422.12 MHz ( period = 2.369 ns ) ; DTrigger:Dtrig1|Buf ; res[0] ; CLOCK      ; CLOCK    ; None                        ; None                      ; 0.488 ns                ;
; N/A   ; Restricted to 422.12 MHz ( period = 2.369 ns ) ; DTrigger:Dtrig6|Buf ; res[5] ; CLOCK      ; CLOCK    ; None                        ; None                      ; 0.486 ns                ;
+-------+------------------------------------------------+---------------------+--------+------------+----------+-----------------------------+---------------------------+-------------------------+


+------------------------------------------------------------------------------+
; tsu                                                                          ;
+-------+--------------+------------+---------+---------------------+----------+
; Slack ; Required tsu ; Actual tsu ; From    ; To                  ; To Clock ;
+-------+--------------+------------+---------+---------------------+----------+
; N/A   ; None         ; 3.671 ns   ; EWR     ; DTrigger:Dtrig1|Buf ; CLOCK    ;
; N/A   ; None         ; 3.671 ns   ; EWR     ; DTrigger:Dtrig2|Buf ; CLOCK    ;
; N/A   ; None         ; 3.671 ns   ; EWR     ; DTrigger:Dtrig3|Buf ; CLOCK    ;
; N/A   ; None         ; 3.671 ns   ; EWR     ; DTrigger:Dtrig4|Buf ; CLOCK    ;
; N/A   ; None         ; 3.671 ns   ; EWR     ; DTrigger:Dtrig5|Buf ; CLOCK    ;
; N/A   ; None         ; 2.939 ns   ; EWR     ; DTrigger:Dtrig6|Buf ; CLOCK    ;
; N/A   ; None         ; 2.939 ns   ; EWR     ; DTrigger:Dtrig7|Buf ; CLOCK    ;
; N/A   ; None         ; 2.939 ns   ; EWR     ; DTrigger:Dtrig8|Buf ; CLOCK    ;
; N/A   ; None         ; 2.259 ns   ; DATA[0] ; DTrigger:Dtrig1|Buf ; CLOCK    ;
; N/A   ; None         ; 2.211 ns   ; DATA[4] ; DTrigger:Dtrig5|Buf ; CLOCK    ;
; N/A   ; None         ; 2.188 ns   ; DATA[2] ; DTrigger:Dtrig3|Buf ; CLOCK    ;
; N/A   ; None         ; 2.135 ns   ; DATA[5] ; DTrigger:Dtrig6|Buf ; CLOCK    ;
; N/A   ; None         ; 2.076 ns   ; DATA[3] ; DTrigger:Dtrig4|Buf ; CLOCK    ;
; N/A   ; None         ; 2.071 ns   ; DATA[1] ; DTrigger:Dtrig2|Buf ; CLOCK    ;
; N/A   ; None         ; 2.007 ns   ; DATA[7] ; DTrigger:Dtrig8|Buf ; CLOCK    ;
; N/A   ; None         ; 2.007 ns   ; DATA[6] ; DTrigger:Dtrig7|Buf ; CLOCK    ;
+-------+--------------+------------+---------+---------------------+----------+


+------------------------------------------------------------------------+
; tco                                                                    ;
+-------+--------------+------------+--------+--------------+------------+
; Slack ; Required tco ; Actual tco ; From   ; To           ; From Clock ;
+-------+--------------+------------+--------+--------------+------------+
; N/A   ; None         ; 6.743 ns   ; res[4] ; OUTRESULT[4] ; CLOCK      ;
; N/A   ; None         ; 6.741 ns   ; res[2] ; OUTRESULT[2] ; CLOCK      ;
; N/A   ; None         ; 6.566 ns   ; res[7] ; OUTRESULT[7] ; CLOCK      ;
; N/A   ; None         ; 6.563 ns   ; res[6] ; OUTRESULT[6] ; CLOCK      ;
; N/A   ; None         ; 6.535 ns   ; res[5] ; OUTRESULT[5] ; CLOCK      ;
; N/A   ; None         ; 6.513 ns   ; res[3] ; OUTRESULT[3] ; CLOCK      ;
; N/A   ; None         ; 6.512 ns   ; res[1] ; OUTRESULT[1] ; CLOCK      ;
; N/A   ; None         ; 6.512 ns   ; res[0] ; OUTRESULT[0] ; CLOCK      ;
+-------+--------------+------------+--------+--------------+------------+


+------------------------------------------------------------------------------------+
; th                                                                                 ;
+---------------+-------------+-----------+---------+---------------------+----------+
; Minimum Slack ; Required th ; Actual th ; From    ; To                  ; To Clock ;
+---------------+-------------+-----------+---------+---------------------+----------+
; N/A           ; None        ; -1.897 ns ; DATA[7] ; DTrigger:Dtrig8|Buf ; CLOCK    ;
; N/A           ; None        ; -1.897 ns ; DATA[6] ; DTrigger:Dtrig7|Buf ; CLOCK    ;
; N/A           ; None        ; -1.961 ns ; DATA[1] ; DTrigger:Dtrig2|Buf ; CLOCK    ;
; N/A           ; None        ; -1.966 ns ; DATA[3] ; DTrigger:Dtrig4|Buf ; CLOCK    ;
; N/A           ; None        ; -2.025 ns ; DATA[5] ; DTrigger:Dtrig6|Buf ; CLOCK    ;
; N/A           ; None        ; -2.078 ns ; DATA[2] ; DTrigger:Dtrig3|Buf ; CLOCK    ;
; N/A           ; None        ; -2.101 ns ; DATA[4] ; DTrigger:Dtrig5|Buf ; CLOCK    ;
; N/A           ; None        ; -2.149 ns ; DATA[0] ; DTrigger:Dtrig1|Buf ; CLOCK    ;
; N/A           ; None        ; -2.829 ns ; EWR     ; DTrigger:Dtrig6|Buf ; CLOCK    ;
; N/A           ; None        ; -2.829 ns ; EWR     ; DTrigger:Dtrig7|Buf ; CLOCK    ;
; N/A           ; None        ; -2.829 ns ; EWR     ; DTrigger:Dtrig8|Buf ; CLOCK    ;
; N/A           ; None        ; -3.561 ns ; EWR     ; DTrigger:Dtrig1|Buf ; CLOCK    ;
; N/A           ; None        ; -3.561 ns ; EWR     ; DTrigger:Dtrig2|Buf ; CLOCK    ;
; N/A           ; None        ; -3.561 ns ; EWR     ; DTrigger:Dtrig3|Buf ; CLOCK    ;
; N/A           ; None        ; -3.561 ns ; EWR     ; DTrigger:Dtrig4|Buf ; CLOCK    ;
; N/A           ; None        ; -3.561 ns ; EWR     ; DTrigger:Dtrig5|Buf ; CLOCK    ;
+---------------+-------------+-----------+---------+---------------------+----------+


+--------------------------+
; Timing Analyzer Messages ;
+--------------------------+
Info: *******************************************************************
Info: Running Quartus II Timing Analyzer
    Info: Version 5.0 Build 148 04/26/2005 SJ Full Version
    Info: Processing started: Sat Apr 20 18:42:42 2019
Info: Command: quartus_tan --read_settings_files=off --write_settings_files=off register -c register --timing_analysis_only
Warning: Found pins functioning as undefined clocks and/or memory enables
    Info: Assuming node "CLOCK" is an undefined clock
Info: Clock "CLOCK" Internal fmax is restricted to 422.12 MHz between source register "DTrigger:Dtrig8|Buf" and destination register "res[7]"
    Info: fmax restricted to clock pin edge rate 2.369 ns. Expand message to see actual delay path.
        Info: + Longest register to register delay is 0.607 ns
            Info: 1: + IC(0.000 ns) + CELL(0.000 ns) = 0.000 ns; Loc. = LC_X19_Y30_N2; Fanout = 1; REG Node = 'DTrigger:Dtrig8|Buf'
            Info: 2: + IC(0.384 ns) + CELL(0.223 ns) = 0.607 ns; Loc. = LC_X19_Y30_N8; Fanout = 1; REG Node = 'res[7]'
            Info: Total cell delay = 0.223 ns ( 36.74 % )
            Info: Total interconnect delay = 0.384 ns ( 63.26 % )
        Info: - Smallest clock skew is 0.000 ns
            Info: + Shortest clock path from clock "CLOCK" to destination register is 2.842 ns
                Info: 1: + IC(0.000 ns) + CELL(0.725 ns) = 0.725 ns; Loc. = PIN_L2; Fanout = 16; CLK Node = 'CLOCK'
                Info: 2: + IC(1.575 ns) + CELL(0.542 ns) = 2.842 ns; Loc. = LC_X19_Y30_N8; Fanout = 1; REG Node = 'res[7]'
                Info: Total cell delay = 1.267 ns ( 44.58 % )
                Info: Total interconnect delay = 1.575 ns ( 55.42 % )
            Info: - Longest clock path from clock "CLOCK" to source register is 2.842 ns
                Info: 1: + IC(0.000 ns) + CELL(0.725 ns) = 0.725 ns; Loc. = PIN_L2; Fanout = 16; CLK Node = 'CLOCK'
                Info: 2: + IC(1.575 ns) + CELL(0.542 ns) = 2.842 ns; Loc. = LC_X19_Y30_N2; Fanout = 1; REG Node = 'DTrigger:Dtrig8|Buf'
                Info: Total cell delay = 1.267 ns ( 44.58 % )
                Info: Total interconnect delay = 1.575 ns ( 55.42 % )
        Info: + Micro clock to output delay of source is 0.156 ns
        Info: + Micro setup delay of destination is 0.010 ns
        Info: Delay path is controlled by inverted clocks -- if clock duty cycle is 50, fmax is divided by two
Info: tsu for register "DTrigger:Dtrig1|Buf" (data pin = "EWR", clock pin = "CLOCK") is 3.671 ns
    Info: + Longest pin to register delay is 6.451 ns
        Info: 1: + IC(0.000 ns) + CELL(1.087 ns) = 1.087 ns; Loc. = PIN_D12; Fanout = 8; PIN Node = 'EWR'
        Info: 2: + IC(4.659 ns) + CELL(0.705 ns) = 6.451 ns; Loc. = LC_X50_Y30_N7; Fanout = 1; REG Node = 'DTrigger:Dtrig1|Buf'
        Info: Total cell delay = 1.792 ns ( 27.78 % )
        Info: Total interconnect delay = 4.659 ns ( 72.22 % )
    Info: + Micro setup delay of destination is 0.010 ns
    Info: - Shortest clock path from clock "CLOCK" to destination register is 2.790 ns
        Info: 1: + IC(0.000 ns) + CELL(0.725 ns) = 0.725 ns; Loc. = PIN_L2; Fanout = 16; CLK Node = 'CLOCK'
        Info: 2: + IC(1.523 ns) + CELL(0.542 ns) = 2.790 ns; Loc. = LC_X50_Y30_N7; Fanout = 1; REG Node = 'DTrigger:Dtrig1|Buf'
        Info: Total cell delay = 1.267 ns ( 45.41 % )
        Info: Total interconnect delay = 1.523 ns ( 54.59 % )
Info: tco from clock "CLOCK" to destination pin "OUTRESULT[4]" through register "res[4]" is 6.743 ns
    Info: + Longest clock path from clock "CLOCK" to source register is 2.790 ns
        Info: 1: + IC(0.000 ns) + CELL(0.725 ns) = 0.725 ns; Loc. = PIN_L2; Fanout = 16; CLK Node = 'CLOCK'
        Info: 2: + IC(1.523 ns) + CELL(0.542 ns) = 2.790 ns; Loc. = LC_X50_Y30_N6; Fanout = 1; REG Node = 'res[4]'
        Info: Total cell delay = 1.267 ns ( 45.41 % )
        Info: Total interconnect delay = 1.523 ns ( 54.59 % )
    Info: + Micro clock to output delay of source is 0.156 ns
    Info: + Longest register to pin delay is 3.797 ns
        Info: 1: + IC(0.000 ns) + CELL(0.000 ns) = 0.000 ns; Loc. = LC_X50_Y30_N6; Fanout = 1; REG Node = 'res[4]'
        Info: 2: + IC(1.393 ns) + CELL(2.404 ns) = 3.797 ns; Loc. = PIN_D5; Fanout = 0; PIN Node = 'OUTRESULT[4]'
        Info: Total cell delay = 2.404 ns ( 63.31 % )
        Info: Total interconnect delay = 1.393 ns ( 36.69 % )
Info: th for register "DTrigger:Dtrig8|Buf" (data pin = "DATA[7]", clock pin = "CLOCK") is -1.897 ns
    Info: + Longest clock path from clock "CLOCK" to destination register is 2.842 ns
        Info: 1: + IC(0.000 ns) + CELL(0.725 ns) = 0.725 ns; Loc. = PIN_L2; Fanout = 16; CLK Node = 'CLOCK'
        Info: 2: + IC(1.575 ns) + CELL(0.542 ns) = 2.842 ns; Loc. = LC_X19_Y30_N2; Fanout = 1; REG Node = 'DTrigger:Dtrig8|Buf'
        Info: Total cell delay = 1.267 ns ( 44.58 % )
        Info: Total interconnect delay = 1.575 ns ( 55.42 % )
    Info: + Micro hold delay of destination is 0.100 ns
    Info: - Shortest pin to register delay is 4.839 ns
        Info: 1: + IC(0.000 ns) + CELL(1.087 ns) = 1.087 ns; Loc. = PIN_K14; Fanout = 1; PIN Node = 'DATA[7]'
        Info: 2: + IC(3.667 ns) + CELL(0.085 ns) = 4.839 ns; Loc. = LC_X19_Y30_N2; Fanout = 1; REG Node = 'DTrigger:Dtrig8|Buf'
        Info: Total cell delay = 1.172 ns ( 24.22 % )
        Info: Total interconnect delay = 3.667 ns ( 75.78 % )
Info: Quartus II Timing Analyzer was successful. 0 errors, 1 warning
    Info: Processing ended: Sat Apr 20 18:42:42 2019
    Info: Elapsed time: 00:00:00


