Timing Analyzer report for coder8_3
Fri Mar 15 05:33:54 2019
Version 5.0 Build 148 04/26/2005 SJ Full Version


---------------------
; Table of Contents ;
---------------------
  1. Legal Notice
  2. Timing Analyzer Summary
  3. Timing Analyzer Settings
  4. tpd
  5. Timing Analyzer Messages



----------------
; Legal Notice ;
----------------
Copyright (C) 1991-2005 Altera Corporation
Your use of Altera Corporation's design tools, logic functions 
and other software and tools, and its AMPP partner logic       
functions, and any output files any of the foregoing           
(including device programming or simulation files), and any    
associated documentation or information are expressly subject  
to the terms and conditions of the Altera Program License      
Subscription Agreement, Altera MegaCore Function License       
Agreement, or other applicable license agreement, including,   
without limitation, that your use is for the sole purpose of   
programming logic devices manufactured by Altera and sold by   
Altera or its authorized distributors.  Please refer to the    
applicable agreement for further details.



+-------------------------------------------------------------------------------------------------------------------------+
; Timing Analyzer Summary                                                                                                 ;
+------------------------------+-------+---------------+-------------+------+------+------------+----------+--------------+
; Type                         ; Slack ; Required Time ; Actual Time ; From ; To   ; From Clock ; To Clock ; Failed Paths ;
+------------------------------+-------+---------------+-------------+------+------+------------+----------+--------------+
; Worst-case tpd               ; N/A   ; None          ; 9.628 ns    ; X[3] ; Y[1] ;            ;          ; 0            ;
; Total number of failed paths ;       ;               ;             ;      ;      ;            ;          ; 0            ;
+------------------------------+-------+---------------+-------------+------+------+------------+----------+--------------+


+------------------------------------------------------------------------------------------------------+
; Timing Analyzer Settings                                                                             ;
+-------------------------------------------------------+--------------------+------+----+-------------+
; Option                                                ; Setting            ; From ; To ; Entity Name ;
+-------------------------------------------------------+--------------------+------+----+-------------+
; Device Name                                           ; EP1S10F484C5       ;      ;    ;             ;
; Timing Models                                         ; Final              ;      ;    ;             ;
; Number of source nodes to report per destination node ; 10                 ;      ;    ;             ;
; Number of destination nodes to report                 ; 10                 ;      ;    ;             ;
; Number of paths to report                             ; 200                ;      ;    ;             ;
; Report Minimum Timing Checks                          ; Off                ;      ;    ;             ;
; Use Fast Timing Models                                ; Off                ;      ;    ;             ;
; Report IO Paths Separately                            ; Off                ;      ;    ;             ;
; Default hold multicycle                               ; Same as Multicycle ;      ;    ;             ;
; Cut paths between unrelated clock domains             ; On                 ;      ;    ;             ;
; Cut off read during write signal paths                ; On                 ;      ;    ;             ;
; Cut off feedback from I/O pins                        ; On                 ;      ;    ;             ;
; Report Combined Fast/Slow Timing                      ; Off                ;      ;    ;             ;
; Ignore Clock Settings                                 ; Off                ;      ;    ;             ;
; Analyze latches as synchronous elements               ; Off                ;      ;    ;             ;
; Enable Recovery/Removal analysis                      ; Off                ;      ;    ;             ;
; Enable Clock Latency                                  ; Off                ;      ;    ;             ;
+-------------------------------------------------------+--------------------+------+----+-------------+


+-----------------------------------------------------------+
; tpd                                                       ;
+-------+-------------------+-----------------+------+------+
; Slack ; Required P2P Time ; Actual P2P Time ; From ; To   ;
+-------+-------------------+-----------------+------+------+
; N/A   ; None              ; 9.628 ns        ; X[3] ; Y[1] ;
; N/A   ; None              ; 9.469 ns        ; X[6] ; Y[1] ;
; N/A   ; None              ; 9.437 ns        ; X[4] ; Y[2] ;
; N/A   ; None              ; 9.390 ns        ; X[2] ; Y[1] ;
; N/A   ; None              ; 9.313 ns        ; X[7] ; Y[0] ;
; N/A   ; None              ; 9.288 ns        ; X[7] ; Y[1] ;
; N/A   ; None              ; 9.242 ns        ; X[6] ; Y[2] ;
; N/A   ; None              ; 9.175 ns        ; X[3] ; Y[0] ;
; N/A   ; None              ; 9.132 ns        ; X[7] ; Y[2] ;
; N/A   ; None              ; 9.023 ns        ; X[1] ; Y[0] ;
; N/A   ; None              ; 8.956 ns        ; X[5] ; Y[2] ;
; N/A   ; None              ; 8.824 ns        ; X[5] ; Y[0] ;
; N/A   ; None              ; 8.726 ns        ; X[2] ; Y[0] ;
; N/A   ; None              ; 8.720 ns        ; X[1] ; Y[1] ;
; N/A   ; None              ; 8.709 ns        ; X[4] ; Y[0] ;
; N/A   ; None              ; 8.705 ns        ; X[2] ; Y[2] ;
; N/A   ; None              ; 8.687 ns        ; X[4] ; Y[1] ;
; N/A   ; None              ; 8.642 ns        ; X[1] ; Y[2] ;
; N/A   ; None              ; 8.583 ns        ; X[3] ; Y[2] ;
; N/A   ; None              ; 8.517 ns        ; X[6] ; Y[0] ;
; N/A   ; None              ; 8.260 ns        ; X[0] ; Y[2] ;
; N/A   ; None              ; 8.252 ns        ; X[0] ; Y[0] ;
; N/A   ; None              ; 8.237 ns        ; X[0] ; Y[1] ;
; N/A   ; None              ; 8.125 ns        ; X[5] ; Y[1] ;
+-------+-------------------+-----------------+------+------+


+--------------------------+
; Timing Analyzer Messages ;
+--------------------------+
Info: *******************************************************************
Info: Running Quartus II Timing Analyzer
    Info: Version 5.0 Build 148 04/26/2005 SJ Full Version
    Info: Processing started: Fri Mar 15 05:33:54 2019
Info: Command: quartus_tan --read_settings_files=off --write_settings_files=off coder8_3 -c coder8_3 --timing_analysis_only
Info: Longest tpd from source pin "X[3]" to destination pin "Y[1]" is 9.628 ns
    Info: 1: + IC(0.000 ns) + CELL(1.234 ns) = 1.234 ns; Loc. = PIN_T18; Fanout = 3; PIN Node = 'X[3]'
    Info: 2: + IC(3.614 ns) + CELL(0.366 ns) = 5.214 ns; Loc. = LC_X1_Y1_N9; Fanout = 1; COMB Node = 'reduce_or~161'
    Info: 3: + IC(0.300 ns) + CELL(0.280 ns) = 5.794 ns; Loc. = LC_X1_Y1_N4; Fanout = 1; COMB Node = 'reduce_or~159'
    Info: 4: + IC(0.241 ns) + CELL(0.075 ns) = 6.110 ns; Loc. = LC_X1_Y1_N5; Fanout = 1; COMB Node = 'reduce_or~186'
    Info: 5: + IC(1.114 ns) + CELL(2.404 ns) = 9.628 ns; Loc. = PIN_AA20; Fanout = 0; PIN Node = 'Y[1]'
    Info: Total cell delay = 4.359 ns ( 45.27 % )
    Info: Total interconnect delay = 5.269 ns ( 54.73 % )
Info: Quartus II Timing Analyzer was successful. 0 errors, 0 warnings
    Info: Processing ended: Fri Mar 15 05:33:54 2019
    Info: Elapsed time: 00:00:00


