Timing Analyzer report for 7483_8_bit
Tue Dec 04 15:37:46 2018
Version 5.0 Build 148 04/26/2005 SJ Full Version


---------------------
; Table of Contents ;
---------------------
  1. Legal Notice
  2. Timing Analyzer Summary
  3. Timing Analyzer Settings
  4. tpd
  5. Timing Analyzer Messages



----------------
; Legal Notice ;
----------------
Copyright (C) 1991-2005 Altera Corporation
Your use of Altera Corporation's design tools, logic functions 
and other software and tools, and its AMPP partner logic       
functions, and any output files any of the foregoing           
(including device programming or simulation files), and any    
associated documentation or information are expressly subject  
to the terms and conditions of the Altera Program License      
Subscription Agreement, Altera MegaCore Function License       
Agreement, or other applicable license agreement, including,   
without limitation, that your use is for the sole purpose of   
programming logic devices manufactured by Altera and sold by   
Altera or its authorized distributors.  Please refer to the    
applicable agreement for further details.



+-----------------------------------------------------------------------------------------------------------------------+
; Timing Analyzer Summary                                                                                               ;
+------------------------------+-------+---------------+-------------+------+----+------------+----------+--------------+
; Type                         ; Slack ; Required Time ; Actual Time ; From ; To ; From Clock ; To Clock ; Failed Paths ;
+------------------------------+-------+---------------+-------------+------+----+------------+----------+--------------+
; Worst-case tpd               ; N/A   ; None          ; 13.754 ns   ; Y2   ; C4 ;            ;          ; 0            ;
; Total number of failed paths ;       ;               ;             ;      ;    ;            ;          ; 0            ;
+------------------------------+-------+---------------+-------------+------+----+------------+----------+--------------+


+------------------------------------------------------------------------------------------------------+
; Timing Analyzer Settings                                                                             ;
+-------------------------------------------------------+--------------------+------+----+-------------+
; Option                                                ; Setting            ; From ; To ; Entity Name ;
+-------------------------------------------------------+--------------------+------+----+-------------+
; Device Name                                           ; EP1S10F484C5       ;      ;    ;             ;
; Timing Models                                         ; Final              ;      ;    ;             ;
; Number of source nodes to report per destination node ; 10                 ;      ;    ;             ;
; Number of destination nodes to report                 ; 10                 ;      ;    ;             ;
; Number of paths to report                             ; 200                ;      ;    ;             ;
; Report Minimum Timing Checks                          ; Off                ;      ;    ;             ;
; Use Fast Timing Models                                ; Off                ;      ;    ;             ;
; Report IO Paths Separately                            ; Off                ;      ;    ;             ;
; Default hold multicycle                               ; Same as Multicycle ;      ;    ;             ;
; Cut paths between unrelated clock domains             ; On                 ;      ;    ;             ;
; Cut off read during write signal paths                ; On                 ;      ;    ;             ;
; Cut off feedback from I/O pins                        ; On                 ;      ;    ;             ;
; Report Combined Fast/Slow Timing                      ; Off                ;      ;    ;             ;
; Ignore Clock Settings                                 ; Off                ;      ;    ;             ;
; Analyze latches as synchronous elements               ; Off                ;      ;    ;             ;
; Enable Recovery/Removal analysis                      ; Off                ;      ;    ;             ;
; Enable Clock Latency                                  ; Off                ;      ;    ;             ;
+-------------------------------------------------------+--------------------+------+----+-------------+


+---------------------------------------------------------+
; tpd                                                     ;
+-------+-------------------+-----------------+------+----+
; Slack ; Required P2P Time ; Actual P2P Time ; From ; To ;
+-------+-------------------+-----------------+------+----+
; N/A   ; None              ; 13.754 ns       ; Y2   ; C4 ;
; N/A   ; None              ; 13.661 ns       ; Y1   ; C4 ;
; N/A   ; None              ; 13.571 ns       ; X1   ; C4 ;
; N/A   ; None              ; 13.447 ns       ; X2   ; C4 ;
; N/A   ; None              ; 13.347 ns       ; Y2   ; S7 ;
; N/A   ; None              ; 13.254 ns       ; Y1   ; S7 ;
; N/A   ; None              ; 13.238 ns       ; X3   ; C4 ;
; N/A   ; None              ; 13.164 ns       ; X1   ; S7 ;
; N/A   ; None              ; 13.142 ns       ; Y3   ; C4 ;
; N/A   ; None              ; 13.116 ns       ; Y4   ; C4 ;
; N/A   ; None              ; 13.040 ns       ; X2   ; S7 ;
; N/A   ; None              ; 13.031 ns       ; X4   ; C4 ;
; N/A   ; None              ; 12.997 ns       ; Y2   ; S8 ;
; N/A   ; None              ; 12.904 ns       ; Y1   ; S8 ;
; N/A   ; None              ; 12.831 ns       ; X3   ; S7 ;
; N/A   ; None              ; 12.814 ns       ; X1   ; S8 ;
; N/A   ; None              ; 12.735 ns       ; Y3   ; S7 ;
; N/A   ; None              ; 12.709 ns       ; Y4   ; S7 ;
; N/A   ; None              ; 12.690 ns       ; X2   ; S8 ;
; N/A   ; None              ; 12.624 ns       ; X4   ; S7 ;
; N/A   ; None              ; 12.591 ns       ; Y2   ; S6 ;
; N/A   ; None              ; 12.516 ns       ; Y2   ; S5 ;
; N/A   ; None              ; 12.498 ns       ; Y1   ; S6 ;
; N/A   ; None              ; 12.481 ns       ; X3   ; S8 ;
; N/A   ; None              ; 12.423 ns       ; Y1   ; S5 ;
; N/A   ; None              ; 12.408 ns       ; X1   ; S6 ;
; N/A   ; None              ; 12.385 ns       ; Y3   ; S8 ;
; N/A   ; None              ; 12.359 ns       ; Y4   ; S8 ;
; N/A   ; None              ; 12.333 ns       ; X1   ; S5 ;
; N/A   ; None              ; 12.284 ns       ; X2   ; S6 ;
; N/A   ; None              ; 12.274 ns       ; X4   ; S8 ;
; N/A   ; None              ; 12.209 ns       ; X2   ; S5 ;
; N/A   ; None              ; 12.075 ns       ; X3   ; S6 ;
; N/A   ; None              ; 12.000 ns       ; X3   ; S5 ;
; N/A   ; None              ; 11.979 ns       ; Y3   ; S6 ;
; N/A   ; None              ; 11.953 ns       ; Y4   ; S6 ;
; N/A   ; None              ; 11.904 ns       ; Y3   ; S5 ;
; N/A   ; None              ; 11.878 ns       ; Y4   ; S5 ;
; N/A   ; None              ; 11.868 ns       ; X4   ; S6 ;
; N/A   ; None              ; 11.793 ns       ; X4   ; S5 ;
; N/A   ; None              ; 10.432 ns       ; X6   ; C4 ;
; N/A   ; None              ; 10.334 ns       ; Y6   ; C4 ;
; N/A   ; None              ; 10.136 ns       ; X5   ; C4 ;
; N/A   ; None              ; 10.010 ns       ; Y5   ; C4 ;
; N/A   ; None              ; 9.771 ns        ; Y7   ; C4 ;
; N/A   ; None              ; 9.690 ns        ; X7   ; C4 ;
; N/A   ; None              ; 9.675 ns        ; X6   ; S8 ;
; N/A   ; None              ; 9.592 ns        ; Y5   ; S7 ;
; N/A   ; None              ; 9.577 ns        ; Y6   ; S8 ;
; N/A   ; None              ; 9.573 ns        ; Y2   ; S4 ;
; N/A   ; None              ; 9.490 ns        ; X5   ; S7 ;
; N/A   ; None              ; 9.480 ns        ; Y1   ; S4 ;
; N/A   ; None              ; 9.390 ns        ; X1   ; S4 ;
; N/A   ; None              ; 9.379 ns        ; X5   ; S8 ;
; N/A   ; None              ; 9.266 ns        ; X2   ; S4 ;
; N/A   ; None              ; 9.253 ns        ; Y5   ; S8 ;
; N/A   ; None              ; 9.179 ns        ; X6   ; S7 ;
; N/A   ; None              ; 9.091 ns        ; Y2   ; S3 ;
; N/A   ; None              ; 9.057 ns        ; X3   ; S4 ;
; N/A   ; None              ; 9.014 ns        ; Y7   ; S8 ;
; N/A   ; None              ; 8.998 ns        ; Y1   ; S3 ;
; N/A   ; None              ; 8.961 ns        ; Y3   ; S4 ;
; N/A   ; None              ; 8.933 ns        ; X7   ; S8 ;
; N/A   ; None              ; 8.908 ns        ; X1   ; S3 ;
; N/A   ; None              ; 8.887 ns        ; Y6   ; S7 ;
; N/A   ; None              ; 8.841 ns        ; Y5   ; S6 ;
; N/A   ; None              ; 8.784 ns        ; X2   ; S3 ;
; N/A   ; None              ; 8.775 ns        ; X8   ; S8 ;
; N/A   ; None              ; 8.767 ns        ; Y5   ; S5 ;
; N/A   ; None              ; 8.740 ns        ; X5   ; S6 ;
; N/A   ; None              ; 8.688 ns        ; Y8   ; S8 ;
; N/A   ; None              ; 8.662 ns        ; Y2   ; S2 ;
; N/A   ; None              ; 8.634 ns        ; Y4   ; S4 ;
; N/A   ; None              ; 8.594 ns        ; Y1   ; S1 ;
; N/A   ; None              ; 8.589 ns        ; X5   ; S5 ;
; N/A   ; None              ; 8.576 ns        ; X3   ; S3 ;
; N/A   ; None              ; 8.567 ns        ; Y1   ; S2 ;
; N/A   ; None              ; 8.550 ns        ; X4   ; S4 ;
; N/A   ; None              ; 8.501 ns        ; X1   ; S1 ;
; N/A   ; None              ; 8.484 ns        ; Y3   ; S3 ;
; N/A   ; None              ; 8.472 ns        ; X1   ; S2 ;
; N/A   ; None              ; 8.420 ns        ; X6   ; S6 ;
; N/A   ; None              ; 8.355 ns        ; X2   ; S2 ;
; N/A   ; None              ; 8.353 ns        ; X7   ; S7 ;
; N/A   ; None              ; 8.199 ns        ; Y8   ; C4 ;
; N/A   ; None              ; 8.128 ns        ; Y7   ; S7 ;
; N/A   ; None              ; 8.125 ns        ; Y6   ; S6 ;
; N/A   ; None              ; 7.991 ns        ; X8   ; C4 ;
+-------+-------------------+-----------------+------+----+


+--------------------------+
; Timing Analyzer Messages ;
+--------------------------+
Info: *******************************************************************
Info: Running Quartus II Timing Analyzer
    Info: Version 5.0 Build 148 04/26/2005 SJ Full Version
    Info: Processing started: Tue Dec 04 15:37:46 2018
Info: Command: quartus_tan --read_settings_files=off --write_settings_files=off 7483_8_bit -c 7483_8_bit --timing_analysis_only
Info: Longest tpd from source pin "Y2" to destination pin "C4" is 13.754 ns
    Info: 1: + IC(0.000 ns) + CELL(1.087 ns) = 1.087 ns; Loc. = PIN_D14; Fanout = 2; PIN Node = 'Y2'
    Info: 2: + IC(3.710 ns) + CELL(0.366 ns) = 5.163 ns; Loc. = LC_X18_Y30_N2; Fanout = 2; COMB Node = '7483:inst|1~199'
    Info: 3: + IC(0.326 ns) + CELL(0.075 ns) = 5.564 ns; Loc. = LC_X18_Y30_N7; Fanout = 2; COMB Node = '7483:inst|1~200'
    Info: 4: + IC(0.134 ns) + CELL(0.075 ns) = 5.773 ns; Loc. = LC_X18_Y30_N8; Fanout = 3; COMB Node = '7483:inst|2~77'
    Info: 5: + IC(2.981 ns) + CELL(0.183 ns) = 8.937 ns; Loc. = LC_X52_Y5_N5; Fanout = 2; COMB Node = '7483:inst1|1~54'
    Info: 6: + IC(0.935 ns) + CELL(0.366 ns) = 10.238 ns; Loc. = LC_X52_Y4_N2; Fanout = 1; COMB Node = '7483:inst1|2~69'
    Info: 7: + IC(1.140 ns) + CELL(2.376 ns) = 13.754 ns; Loc. = PIN_U5; Fanout = 0; PIN Node = 'C4'
    Info: Total cell delay = 4.528 ns ( 32.92 % )
    Info: Total interconnect delay = 9.226 ns ( 67.08 % )
Info: Quartus II Timing Analyzer was successful. 0 errors, 0 warnings
    Info: Processing ended: Tue Dec 04 15:37:46 2018
    Info: Elapsed time: 00:00:00


