Timing Analyzer report for DC_graph
Thu Nov 01 18:29:58 2018
Version 5.0 Build 148 04/26/2005 SJ Full Version


---------------------
; Table of Contents ;
---------------------
  1. Legal Notice
  2. Timing Analyzer Summary
  3. Timing Analyzer Settings
  4. tpd
  5. Timing Analyzer Messages



----------------
; Legal Notice ;
----------------
Copyright (C) 1991-2005 Altera Corporation
Your use of Altera Corporation's design tools, logic functions 
and other software and tools, and its AMPP partner logic       
functions, and any output files any of the foregoing           
(including device programming or simulation files), and any    
associated documentation or information are expressly subject  
to the terms and conditions of the Altera Program License      
Subscription Agreement, Altera MegaCore Function License       
Agreement, or other applicable license agreement, including,   
without limitation, that your use is for the sole purpose of   
programming logic devices manufactured by Altera and sold by   
Altera or its authorized distributors.  Please refer to the    
applicable agreement for further details.



+-----------------------------------------------------------------------------------------------------------------------+
; Timing Analyzer Summary                                                                                               ;
+------------------------------+-------+---------------+-------------+------+----+------------+----------+--------------+
; Type                         ; Slack ; Required Time ; Actual Time ; From ; To ; From Clock ; To Clock ; Failed Paths ;
+------------------------------+-------+---------------+-------------+------+----+------------+----------+--------------+
; Worst-case tpd               ; N/A   ; None          ; 8.814 ns    ; a0   ; q6 ;            ;          ; 0            ;
; Total number of failed paths ;       ;               ;             ;      ;    ;            ;          ; 0            ;
+------------------------------+-------+---------------+-------------+------+----+------------+----------+--------------+


+------------------------------------------------------------------------------------------------------+
; Timing Analyzer Settings                                                                             ;
+-------------------------------------------------------+--------------------+------+----+-------------+
; Option                                                ; Setting            ; From ; To ; Entity Name ;
+-------------------------------------------------------+--------------------+------+----+-------------+
; Device Name                                           ; EP1S10F484C5       ;      ;    ;             ;
; Timing Models                                         ; Final              ;      ;    ;             ;
; Number of source nodes to report per destination node ; 10                 ;      ;    ;             ;
; Number of destination nodes to report                 ; 10                 ;      ;    ;             ;
; Number of paths to report                             ; 200                ;      ;    ;             ;
; Report Minimum Timing Checks                          ; Off                ;      ;    ;             ;
; Use Fast Timing Models                                ; Off                ;      ;    ;             ;
; Report IO Paths Separately                            ; Off                ;      ;    ;             ;
; Default hold multicycle                               ; Same as Multicycle ;      ;    ;             ;
; Cut paths between unrelated clock domains             ; On                 ;      ;    ;             ;
; Cut off read during write signal paths                ; On                 ;      ;    ;             ;
; Cut off feedback from I/O pins                        ; On                 ;      ;    ;             ;
; Report Combined Fast/Slow Timing                      ; Off                ;      ;    ;             ;
; Ignore Clock Settings                                 ; Off                ;      ;    ;             ;
; Analyze latches as synchronous elements               ; Off                ;      ;    ;             ;
; Enable Recovery/Removal analysis                      ; Off                ;      ;    ;             ;
; Enable Clock Latency                                  ; Off                ;      ;    ;             ;
+-------------------------------------------------------+--------------------+------+----+-------------+


+---------------------------------------------------------+
; tpd                                                     ;
+-------+-------------------+-----------------+------+----+
; Slack ; Required P2P Time ; Actual P2P Time ; From ; To ;
+-------+-------------------+-----------------+------+----+
; N/A   ; None              ; 8.814 ns        ; a0   ; q6 ;
; N/A   ; None              ; 8.812 ns        ; a0   ; q2 ;
; N/A   ; None              ; 8.811 ns        ; a0   ; q0 ;
; N/A   ; None              ; 8.802 ns        ; a0   ; q5 ;
; N/A   ; None              ; 8.802 ns        ; a0   ; q4 ;
; N/A   ; None              ; 8.770 ns        ; a0   ; q1 ;
; N/A   ; None              ; 8.575 ns        ; ENB  ; q4 ;
; N/A   ; None              ; 8.573 ns        ; ENB  ; q2 ;
; N/A   ; None              ; 8.568 ns        ; ENB  ; q0 ;
; N/A   ; None              ; 8.567 ns        ; ENB  ; q6 ;
; N/A   ; None              ; 8.552 ns        ; ENB  ; q5 ;
; N/A   ; None              ; 8.540 ns        ; ENB  ; q1 ;
; N/A   ; None              ; 8.405 ns        ; a0   ; q7 ;
; N/A   ; None              ; 8.403 ns        ; a0   ; q3 ;
; N/A   ; None              ; 8.317 ns        ; a2   ; q4 ;
; N/A   ; None              ; 8.313 ns        ; a2   ; q2 ;
; N/A   ; None              ; 8.310 ns        ; a2   ; q6 ;
; N/A   ; None              ; 8.309 ns        ; a2   ; q0 ;
; N/A   ; None              ; 8.295 ns        ; a2   ; q5 ;
; N/A   ; None              ; 8.283 ns        ; a2   ; q1 ;
; N/A   ; None              ; 8.170 ns        ; ENB  ; q7 ;
; N/A   ; None              ; 8.170 ns        ; ENB  ; q3 ;
; N/A   ; None              ; 8.141 ns        ; a1   ; q4 ;
; N/A   ; None              ; 8.139 ns        ; a1   ; q2 ;
; N/A   ; None              ; 8.138 ns        ; a1   ; q6 ;
; N/A   ; None              ; 8.135 ns        ; a1   ; q0 ;
; N/A   ; None              ; 8.126 ns        ; a1   ; q5 ;
; N/A   ; None              ; 8.107 ns        ; a1   ; q1 ;
; N/A   ; None              ; 7.913 ns        ; a2   ; q3 ;
; N/A   ; None              ; 7.912 ns        ; a2   ; q7 ;
; N/A   ; None              ; 7.737 ns        ; a1   ; q3 ;
; N/A   ; None              ; 7.736 ns        ; a1   ; q7 ;
+-------+-------------------+-----------------+------+----+


+--------------------------+
; Timing Analyzer Messages ;
+--------------------------+
Info: *******************************************************************
Info: Running Quartus II Timing Analyzer
    Info: Version 5.0 Build 148 04/26/2005 SJ Full Version
    Info: Processing started: Thu Nov 01 18:29:58 2018
Info: Command: quartus_tan --read_settings_files=off --write_settings_files=off DC_graph -c DC_graph --timing_analysis_only
Info: Longest tpd from source pin "a0" to destination pin "q6" is 8.814 ns
    Info: 1: + IC(0.000 ns) + CELL(1.234 ns) = 1.234 ns; Loc. = PIN_E2; Fanout = 8; PIN Node = 'a0'
    Info: 2: + IC(3.681 ns) + CELL(0.366 ns) = 5.281 ns; Loc. = LC_X52_Y30_N3; Fanout = 1; COMB Node = 'inst17'
    Info: 3: + IC(1.129 ns) + CELL(2.404 ns) = 8.814 ns; Loc. = PIN_B2; Fanout = 0; PIN Node = 'q6'
    Info: Total cell delay = 4.004 ns ( 45.43 % )
    Info: Total interconnect delay = 4.810 ns ( 54.57 % )
Info: Quartus II Timing Analyzer was successful. 0 errors, 0 warnings
    Info: Processing ended: Thu Nov 01 18:29:58 2018
    Info: Elapsed time: 00:00:01


