Timing Analyzer report for lab8task5
Thu Nov 19 04:42:48 2020
Version 5.0 Build 148 04/26/2005 SJ Full Version


---------------------
; Table of Contents ;
---------------------
  1. Legal Notice
  2. Timing Analyzer Summary
  3. Timing Analyzer Settings
  4. tpd
  5. Timing Analyzer Messages



----------------
; Legal Notice ;
----------------
Copyright (C) 1991-2005 Altera Corporation
Your use of Altera Corporation's design tools, logic functions 
and other software and tools, and its AMPP partner logic       
functions, and any output files any of the foregoing           
(including device programming or simulation files), and any    
associated documentation or information are expressly subject  
to the terms and conditions of the Altera Program License      
Subscription Agreement, Altera MegaCore Function License       
Agreement, or other applicable license agreement, including,   
without limitation, that your use is for the sole purpose of   
programming logic devices manufactured by Altera and sold by   
Altera or its authorized distributors.  Please refer to the    
applicable agreement for further details.



+-----------------------------------------------------------------------------------------------------------------------+
; Timing Analyzer Summary                                                                                               ;
+------------------------------+-------+---------------+-------------+------+----+------------+----------+--------------+
; Type                         ; Slack ; Required Time ; Actual Time ; From ; To ; From Clock ; To Clock ; Failed Paths ;
+------------------------------+-------+---------------+-------------+------+----+------------+----------+--------------+
; Worst-case tpd               ; N/A   ; None          ; 9.715 ns    ; 1c2  ; 1y ;            ;          ; 0            ;
; Total number of failed paths ;       ;               ;             ;      ;    ;            ;          ; 0            ;
+------------------------------+-------+---------------+-------------+------+----+------------+----------+--------------+


+------------------------------------------------------------------------------------------------------+
; Timing Analyzer Settings                                                                             ;
+-------------------------------------------------------+--------------------+------+----+-------------+
; Option                                                ; Setting            ; From ; To ; Entity Name ;
+-------------------------------------------------------+--------------------+------+----+-------------+
; Device Name                                           ; EP1S10F484C5       ;      ;    ;             ;
; Timing Models                                         ; Final              ;      ;    ;             ;
; Number of source nodes to report per destination node ; 10                 ;      ;    ;             ;
; Number of destination nodes to report                 ; 10                 ;      ;    ;             ;
; Number of paths to report                             ; 200                ;      ;    ;             ;
; Report Minimum Timing Checks                          ; Off                ;      ;    ;             ;
; Use Fast Timing Models                                ; Off                ;      ;    ;             ;
; Report IO Paths Separately                            ; Off                ;      ;    ;             ;
; Default hold multicycle                               ; Same as Multicycle ;      ;    ;             ;
; Cut paths between unrelated clock domains             ; On                 ;      ;    ;             ;
; Cut off read during write signal paths                ; On                 ;      ;    ;             ;
; Cut off feedback from I/O pins                        ; On                 ;      ;    ;             ;
; Report Combined Fast/Slow Timing                      ; Off                ;      ;    ;             ;
; Ignore Clock Settings                                 ; Off                ;      ;    ;             ;
; Analyze latches as synchronous elements               ; Off                ;      ;    ;             ;
; Enable Recovery/Removal analysis                      ; Off                ;      ;    ;             ;
; Enable Clock Latency                                  ; Off                ;      ;    ;             ;
+-------------------------------------------------------+--------------------+------+----+-------------+


+---------------------------------------------------------+
; tpd                                                     ;
+-------+-------------------+-----------------+------+----+
; Slack ; Required P2P Time ; Actual P2P Time ; From ; To ;
+-------+-------------------+-----------------+------+----+
; N/A   ; None              ; 9.715 ns        ; 1c2  ; 1y ;
; N/A   ; None              ; 9.684 ns        ; a    ; 1y ;
; N/A   ; None              ; 9.525 ns        ; a    ; 2y ;
; N/A   ; None              ; 9.485 ns        ; 1c3  ; 1y ;
; N/A   ; None              ; 9.430 ns        ; 2c0  ; 2y ;
; N/A   ; None              ; 9.309 ns        ; 1c1  ; 1y ;
; N/A   ; None              ; 9.138 ns        ; 1c0  ; 1y ;
; N/A   ; None              ; 9.049 ns        ; 2c1  ; 2y ;
; N/A   ; None              ; 9.047 ns        ; 2c2  ; 2y ;
; N/A   ; None              ; 8.978 ns        ; 2c3  ; 2y ;
; N/A   ; None              ; 8.977 ns        ; 1gn  ; 1y ;
; N/A   ; None              ; 8.873 ns        ; b    ; 1y ;
; N/A   ; None              ; 8.675 ns        ; 2gn  ; 2y ;
; N/A   ; None              ; 8.641 ns        ; b    ; 2y ;
+-------+-------------------+-----------------+------+----+


+--------------------------+
; Timing Analyzer Messages ;
+--------------------------+
Info: *******************************************************************
Info: Running Quartus II Timing Analyzer
    Info: Version 5.0 Build 148 04/26/2005 SJ Full Version
    Info: Processing started: Thu Nov 19 04:42:48 2020
Info: Command: quartus_tan --read_settings_files=off --write_settings_files=off lab8task5 -c lab8task5 --timing_analysis_only
Info: Longest tpd from source pin "1c2" to destination pin "1y" is 9.715 ns
    Info: 1: + IC(0.000 ns) + CELL(1.087 ns) = 1.087 ns; Loc. = PIN_G9; Fanout = 1; PIN Node = '1c2'
    Info: 2: + IC(3.810 ns) + CELL(0.366 ns) = 5.263 ns; Loc. = LC_X33_Y30_N8; Fanout = 1; COMB Node = '74153:1|9~168'
    Info: 3: + IC(0.328 ns) + CELL(0.366 ns) = 5.957 ns; Loc. = LC_X33_Y30_N4; Fanout = 1; COMB Node = '74153:1|9~170'
    Info: 4: + IC(1.354 ns) + CELL(2.404 ns) = 9.715 ns; Loc. = PIN_D9; Fanout = 0; PIN Node = '1y'
    Info: Total cell delay = 4.223 ns ( 43.47 % )
    Info: Total interconnect delay = 5.492 ns ( 56.53 % )
Info: Quartus II Timing Analyzer was successful. 0 errors, 0 warnings
    Info: Processing ended: Thu Nov 19 04:42:48 2020
    Info: Elapsed time: 00:00:00


