This is XeTeX, Version 3.141592653-2.6-0.999997 (TeX Live 2026/dev/Arch Linux) (preloaded format=xelatex 2025.5.11)  18 MAY 2025 23:19
entering extended mode
 restricted \write18 enabled.
 %&-line parsing enabled.
**docs.tex
(./docs.tex
LaTeX2e <2024-11-01> patch level 2
L3 programming layer <2025-01-18>
(/usr/share/texmf-dist/tex/latex/base/article.cls
Document Class: article 2024/06/29 v1.4n Standard LaTeX document class
(/usr/share/texmf-dist/tex/latex/base/size10.clo
File: size10.clo 2024/06/29 v1.4n Standard LaTeX file (size option)

! Font TU/lmr/m/n/10=[lmroman10-regular]:mapping=tex-text; at 10.0pt not loadab
le: Metric (TFM) file or installed font not found.
<to be read again> 
                   relax 
l.54 \normalsize
                
? 
)
\c@part=\count192
\c@section=\count193
\c@subsection=\count194
\c@subsubsection=\count195
\c@paragraph=\count196
\c@subparagraph=\count197
\c@figure=\count198
\c@table=\count199
\abovecaptionskip=\skip49
\belowcaptionskip=\skip50
\bibindent=\dimen141
) (/usr/share/texmf-dist/tex/latex/fontspec/fontspec.sty
(/usr/share/texmf-dist/tex/latex/l3packages/xparse/xparse.sty
(/usr/share/texmf-dist/tex/latex/l3kernel/expl3.sty
Package: expl3 2025-01-18 L3 programming layer (loader) 

(/usr/share/texmf-dist/tex/latex/l3backend/l3backend-xetex.def
File: l3backend-xetex.def 2024-05-08 L3 backend support: XeTeX
\g__graphics_track_int=\count266
\l__pdf_internal_box=\box52
\g__pdf_backend_annotation_int=\count267
\g__pdf_backend_link_int=\count268
))
Package: xparse 2024-08-16 L3 Experimental document command parser
)
Package: fontspec 2024/05/11 v2.9e Font selection for XeLaTeX and LuaLaTeX

(/usr/share/texmf-dist/tex/latex/fontspec/fontspec-xetex.sty
Package: fontspec-xetex 2024/05/11 v2.9e Font selection for XeLaTeX and LuaLaTe
X
\l__fontspec_script_int=\count269
\l__fontspec_language_int=\count270
\l__fontspec_strnum_int=\count271
\l__fontspec_tmp_int=\count272
\l__fontspec_tmpa_int=\count273
\l__fontspec_tmpb_int=\count274
\l__fontspec_tmpc_int=\count275
\l__fontspec_em_int=\count276
\l__fontspec_emdef_int=\count277
\l__fontspec_strong_int=\count278
\l__fontspec_strongdef_int=\count279
\l__fontspec_tmpa_dim=\dimen142
\l__fontspec_tmpb_dim=\dimen143
\l__fontspec_tmpc_dim=\dimen144

(/usr/share/texmf-dist/tex/latex/base/fontenc.sty
Package: fontenc 2021/04/29 v2.0v Standard LaTeX package
)
(/usr/share/texmf-dist/tex/latex/fontspec/fontspec.cfg)
! Font TU/lmr/bx/n/10=[lmroman10-bold]:mapping=tex-text; at 10.0pt not loadable
: Metric (TFM) file or installed font not found.
<to be read again> 
                   relax 
l.4227 \strongfontdeclare{\bfseries}
                                    
? 
)) (/usr/share/texmf-dist/tex/latex/base/inputenc.sty
Package: inputenc 2024/02/08 v1.3d Input encoding file
\inpenc@prehook=\toks17
\inpenc@posthook=\toks18


Package inputenc Warning: inputenc package ignored with utf8 based engines.

)

Package fontspec Info: 
(fontspec)             Font family 'TimesNewRoman(0)' created for font 'Times
(fontspec)             New Roman' with options [Ligatures=TeX].
(fontspec)              
(fontspec)              This font family consists of the following NFSS
(fontspec)             series/shapes:
(fontspec)              
(fontspec)             - 'normal' (m/n) with NFSS spec.: <->"Times New
(fontspec)             Roman/OT:language=dflt;mapping=tex-text;"
(fontspec)             - 'bold' (b/n) with NFSS spec.: <->"Times New
(fontspec)             Roman/B/OT:language=dflt;mapping=tex-text;"
(fontspec)             - 'italic' (m/it) with NFSS spec.: <->"Times New
(fontspec)             Roman/I/OT:language=dflt;mapping=tex-text;"
(fontspec)             - 'bold italic' (b/it) with NFSS spec.: <->"Times New
(fontspec)             Roman/BI/OT:language=dflt;mapping=tex-text;"

 (/usr/share/texmf-dist/tex/generic/babel/babel.sty
Package: babel 2025/02/14 v25.4 The multilingual framework for pdfLaTeX, LuaLaT
eX and XeLaTeX
\babel@savecnt=\count280
\U@D=\dimen145
\l@unhyphenated=\language3

(/usr/share/texmf-dist/tex/generic/babel/xebabel.def)
\bbl@readstream=\read2
\bbl@dirlevel=\count281

(/usr/share/texmf-dist/tex/generic/babel/errbabel.def)

! Package babel Error: Unknown option 'russian'. Either you misspelled it
(babel)                or the language definition file russian.ldf
(babel)                was not found.

See the babel package documentation for explanation.
Type  H <return>  for immediate help.
 ...                                              
                                                  
l.4138 \ProcessOptions*
                       
? 
Package babel Info: You haven't specified a language as a class or package
(babel)             option. I'll load 'nil'. Reported on input line 4188.
(/usr/share/texmf-dist/tex/generic/babel/nil.ldf
Language: nil 2025/02/14 v25.4 Nil language
\l@nil=\language4
))
(/usr/share/texmf-dist/tex/latex/geometry/geometry.sty
Package: geometry 2020/01/02 v5.9 Page Geometry

(/usr/share/texmf-dist/tex/latex/graphics/keyval.sty
Package: keyval 2022/05/29 v1.15 key=value parser (DPC)
\KV@toks@=\toks19
)
(/usr/share/texmf-dist/tex/generic/iftex/ifvtex.sty
Package: ifvtex 2019/10/25 v1.7 ifvtex legacy package. Use iftex instead.

(/usr/share/texmf-dist/tex/generic/iftex/iftex.sty
Package: iftex 2024/12/12 v1.0g TeX engine tests
))
\Gm@cnth=\count282
\Gm@cntv=\count283
\c@Gm@tempcnt=\count284
\Gm@bindingoffset=\dimen146
\Gm@wd@mp=\dimen147
\Gm@odd@mp=\dimen148
\Gm@even@mp=\dimen149
\Gm@layoutwidth=\dimen150
\Gm@layoutheight=\dimen151
\Gm@layouthoffset=\dimen152
\Gm@layoutvoffset=\dimen153
\Gm@dimlist=\toks20
)
(/usr/share/texmf-dist/tex/latex/graphics/graphicx.sty
Package: graphicx 2021/09/16 v1.2d Enhanced LaTeX Graphics (DPC,SPQR)

(/usr/share/texmf-dist/tex/latex/graphics/graphics.sty
Package: graphics 2024/08/06 v1.4g Standard LaTeX Graphics (DPC,SPQR)

(/usr/share/texmf-dist/tex/latex/graphics/trig.sty
Package: trig 2023/12/02 v1.11 sin cos tan (DPC)
)
(/usr/share/texmf-dist/tex/latex/graphics-cfg/graphics.cfg
File: graphics.cfg 2016/06/04 v1.11 sample graphics configuration
)
Package graphics Info: Driver file: xetex.def on input line 106.

(/usr/share/texmf-dist/tex/latex/graphics-def/xetex.def
File: xetex.def 2022/09/22 v5.0n Graphics/color driver for xetex
))
\Gin@req@height=\dimen154
\Gin@req@width=\dimen155
)
(/usr/share/texmf-dist/tex/latex/tools/array.sty
Package: array 2024/10/17 v2.6g Tabular extension package (FMi)
\col@sep=\dimen156
\ar@mcellbox=\box53
\extrarowheight=\dimen157
\NC@list=\toks21
\extratabsurround=\skip51
\backup@length=\skip52
\ar@cellbox=\box54
)

LaTeX Warning: Unused global option(s):
    [4pt].

(./docs.aux)
\openout1 = `docs.aux'.

LaTeX Font Info:    Checking defaults for OML/cmm/m/it on input line 10.
LaTeX Font Info:    ... okay on input line 10.
LaTeX Font Info:    Checking defaults for OMS/cmsy/m/n on input line 10.
LaTeX Font Info:    ... okay on input line 10.
LaTeX Font Info:    Checking defaults for OT1/cmr/m/n on input line 10.
LaTeX Font Info:    ... okay on input line 10.
LaTeX Font Info:    Checking defaults for T1/cmr/m/n on input line 10.
LaTeX Font Info:    ... okay on input line 10.
LaTeX Font Info:    Checking defaults for TS1/cmr/m/n on input line 10.
LaTeX Font Info:    ... okay on input line 10.
LaTeX Font Info:    Checking defaults for TU/lmr/m/n on input line 10.
LaTeX Font Info:    ... okay on input line 10.
LaTeX Font Info:    Checking defaults for OMX/cmex/m/n on input line 10.
LaTeX Font Info:    ... okay on input line 10.
LaTeX Font Info:    Checking defaults for U/cmr/m/n on input line 10.
LaTeX Font Info:    ... okay on input line 10.

Package fontspec Info: 
(fontspec)             Adjusting the maths setup (use [no-math] to avoid
(fontspec)             this).

\symlegacymaths=\mathgroup4
LaTeX Font Info:    Overwriting symbol font `legacymaths' in version `bold'
(Font)                  OT1/cmr/m/n --> OT1/cmr/bx/n on input line 10.
LaTeX Font Info:    Redeclaring math accent \acute on input line 10.
LaTeX Font Info:    Redeclaring math accent \grave on input line 10.
LaTeX Font Info:    Redeclaring math accent \ddot on input line 10.
LaTeX Font Info:    Redeclaring math accent \tilde on input line 10.
LaTeX Font Info:    Redeclaring math accent \bar on input line 10.
LaTeX Font Info:    Redeclaring math accent \breve on input line 10.
LaTeX Font Info:    Redeclaring math accent \check on input line 10.
LaTeX Font Info:    Redeclaring math accent \hat on input line 10.
LaTeX Font Info:    Redeclaring math accent \dot on input line 10.
LaTeX Font Info:    Redeclaring math accent \mathring on input line 10.
LaTeX Font Info:    Redeclaring math symbol \colon on input line 10.
LaTeX Font Info:    Redeclaring math symbol \Gamma on input line 10.
LaTeX Font Info:    Redeclaring math symbol \Delta on input line 10.
LaTeX Font Info:    Redeclaring math symbol \Theta on input line 10.
LaTeX Font Info:    Redeclaring math symbol \Lambda on input line 10.
LaTeX Font Info:    Redeclaring math symbol \Xi on input line 10.
LaTeX Font Info:    Redeclaring math symbol \Pi on input line 10.
LaTeX Font Info:    Redeclaring math symbol \Sigma on input line 10.
LaTeX Font Info:    Redeclaring math symbol \Upsilon on input line 10.
LaTeX Font Info:    Redeclaring math symbol \Phi on input line 10.
LaTeX Font Info:    Redeclaring math symbol \Psi on input line 10.
LaTeX Font Info:    Redeclaring math symbol \Omega on input line 10.
LaTeX Font Info:    Redeclaring math symbol \mathdollar on input line 10.
LaTeX Font Info:    Redeclaring symbol font `operators' on input line 10.
LaTeX Font Info:    Encoding `OT1' has changed to `TU' for symbol font
(Font)              `operators' in the math version `normal' on input line 10.
LaTeX Font Info:    Overwriting symbol font `operators' in version `normal'
(Font)                  OT1/cmr/m/n --> TU/TimesNewRoman(0)/m/n on input line 1
0.
LaTeX Font Info:    Encoding `OT1' has changed to `TU' for symbol font
(Font)              `operators' in the math version `bold' on input line 10.
LaTeX Font Info:    Overwriting symbol font `operators' in version `bold'
(Font)                  OT1/cmr/bx/n --> TU/TimesNewRoman(0)/m/n on input line 
10.
LaTeX Font Info:    Overwriting symbol font `operators' in version `normal'
(Font)                  TU/TimesNewRoman(0)/m/n --> TU/TimesNewRoman(0)/m/n on 
input line 10.
LaTeX Font Info:    Overwriting math alphabet `\mathit' in version `normal'
(Font)                  OT1/cmr/m/it --> TU/TimesNewRoman(0)/m/it on input line
 10.
LaTeX Font Info:    Overwriting math alphabet `\mathbf' in version `normal'
(Font)                  OT1/cmr/bx/n --> TU/TimesNewRoman(0)/b/n on input line 
10.
LaTeX Font Info:    Overwriting math alphabet `\mathsf' in version `normal'
(Font)                  OT1/cmss/m/n --> TU/lmss/m/n on input line 10.
LaTeX Font Info:    Overwriting math alphabet `\mathtt' in version `normal'
(Font)                  OT1/cmtt/m/n --> TU/lmtt/m/n on input line 10.
LaTeX Font Info:    Overwriting symbol font `operators' in version `bold'
(Font)                  TU/TimesNewRoman(0)/m/n --> TU/TimesNewRoman(0)/b/n on 
input line 10.
LaTeX Font Info:    Overwriting math alphabet `\mathit' in version `bold'
(Font)                  OT1/cmr/bx/it --> TU/TimesNewRoman(0)/b/it on input lin
e 10.
LaTeX Font Info:    Overwriting math alphabet `\mathsf' in version `bold'
(Font)                  OT1/cmss/bx/n --> TU/lmss/b/n on input line 10.
LaTeX Font Info:    Overwriting math alphabet `\mathtt' in version `bold'
(Font)                  OT1/cmtt/m/n --> TU/lmtt/b/n on input line 10.

*geometry* driver: auto-detecting
*geometry* detected driver: xetex
*geometry* verbose mode - [ preamble ] result:
* driver: xetex
* paper: a4paper
* layout: <same size as paper>
* layoutoffset:(h,v)=(0.0pt,0.0pt)
* modes: 
* h-part:(L,W,R)=(0.0pt, 569.05513pt, 28.45274pt)
* v-part:(T,H,B)=(0.0pt, 845.04684pt, 0.0pt)
* \paperwidth=597.50787pt
* \paperheight=845.04684pt
* \textwidth=569.05513pt
* \textheight=845.04684pt
* \oddsidemargin=-72.26999pt
* \evensidemargin=-72.26999pt
* \topmargin=-109.26999pt
* \headheight=12.0pt
* \headsep=25.0pt
* \topskip=10.0pt
* \footskip=30.0pt
* \marginparwidth=57.0pt
* \marginparsep=11.0pt
* \columnsep=10.0pt
* \skip\footins=9.0pt plus 4.0pt minus 2.0pt
* \hoffset=0.0pt
* \voffset=0.0pt
* \mag=1000
* \@twocolumnfalse
* \@twosidefalse
* \@mparswitchfalse
* \@reversemarginfalse
* (1in=72.27pt=25.4mm, 1cm=28.453pt)

LaTeX Font Info:    Calculating math sizes for size <4> on input line 22.

LaTeX Font Warning: Font shape `OML/cmm/m/it' in size <4> not available
(Font)              size <5> substituted on input line 22.


LaTeX Font Warning: Font shape `OML/cmm/m/it' in size <2.79999> not available
(Font)              size <5> substituted on input line 22.


LaTeX Font Warning: Font shape `OML/cmm/m/it' in size <2> not available
(Font)              size <5> substituted on input line 22.


LaTeX Font Warning: Font shape `OMS/cmsy/m/n' in size <4> not available
(Font)              size <5> substituted on input line 22.


LaTeX Font Warning: Font shape `OMS/cmsy/m/n' in size <2.79999> not available
(Font)              size <5> substituted on input line 22.


LaTeX Font Warning: Font shape `OMS/cmsy/m/n' in size <2> not available
(Font)              size <5> substituted on input line 22.

LaTeX Font Info:    External font `cmex10' loaded for size
(Font)              <4> on input line 22.
LaTeX Font Info:    External font `cmex10' loaded for size
(Font)              <2.79999> on input line 22.
LaTeX Font Info:    External font `cmex10' loaded for size
(Font)              <2> on input line 22.

LaTeX Font Warning: Font shape `OT1/cmr/m/n' in size <4> not available
(Font)              size <5> substituted on input line 22.


LaTeX Font Warning: Font shape `OT1/cmr/m/n' in size <2.79999> not available
(Font)              size <5> substituted on input line 22.


LaTeX Font Warning: Font shape `OT1/cmr/m/n' in size <2> not available
(Font)              size <5> substituted on input line 22.

LaTeX Font Info:    External font `cmex10' loaded for size
(Font)              <5> on input line 28.
! Illegal unit of measure (pt inserted).
<to be read again> 
                   \relax 
l.36 ...width=40]{Pasted_image_20250511112728.png}
                                                  
? 
! Illegal unit of measure (pt inserted).
<to be read again> 
                   \relax 
l.36 ...width=40]{Pasted_image_20250511112728.png}
                                                  
? 
File: Pasted_image_20250511112728.png Graphic file (type bmp)
<Pasted_image_20250511112728.png>
! Illegal unit of measure (pt inserted).
<to be read again> 
                   \relax 
l.42 ...width=40]{Pasted_image_20250511113950.png}
                                                  
? 
! Illegal unit of measure (pt inserted).
<to be read again> 
                   \relax 
l.42 ...width=40]{Pasted_image_20250511113950.png}
                                                  
? 
File: Pasted_image_20250511113950.png Graphic file (type bmp)
<Pasted_image_20250511113950.png>
! Illegal unit of measure (pt inserted).
<to be read again> 
                   \relax 
l.46 ...width=50]{Pasted_image_20250510223317.png}
                                                  
? 
! Illegal unit of measure (pt inserted).
<to be read again> 
                   \relax 
l.46 ...width=50]{Pasted_image_20250510223317.png}
                                                  
? 
File: Pasted_image_20250510223317.png Graphic file (type bmp)
<Pasted_image_20250510223317.png>
! Illegal unit of measure (pt inserted).
<to be read again> 
                   \relax 
l.51 ...idth=120]{Pasted_image_20250509095614.png}
                                                  
? 
! Illegal unit of measure (pt inserted).
<to be read again> 
                   \relax 
l.51 ...idth=120]{Pasted_image_20250509095614.png}
                                                  
? 
File: Pasted_image_20250509095614.png Graphic file (type bmp)
<Pasted_image_20250509095614.png>
! Undefined control sequence.
l.64 ...евырожденной матрицы {\tiny $A_0\in\mathbb
                                                  {R}^{n\times n}$} алгоритм...

? 
! Illegal unit of measure (pt inserted).
<to be read again> 
                   \relax 
l.69 ...width=50]{Pasted_image_20250511114857.png}
                                                  
? 
! Illegal unit of measure (pt inserted).
<to be read again> 
                   \relax 
l.69 ...width=50]{Pasted_image_20250511114857.png}
                                                  
? 
File: Pasted_image_20250511114857.png Graphic file (type bmp)
<Pasted_image_20250511114857.png>
! Illegal unit of measure (pt inserted).
<to be read again> 
                   \relax 
l.80 ...width=40]{Pasted_image_20250511115916.png}
                                                  
? 
! Illegal unit of measure (pt inserted).
<to be read again> 
                   \relax 
l.80 ...width=40]{Pasted_image_20250511115916.png}
                                                  
? 
File: Pasted_image_20250511115916.png Graphic file (type bmp)
<Pasted_image_20250511115916.png>
! Illegal unit of measure (pt inserted).
<to be read again> 
                   \relax 
l.84 ...width=60]{Pasted_image_20250511120006.png}
                                                  
? 
! Illegal unit of measure (pt inserted).
<to be read again> 
                   \relax 
l.84 ...width=60]{Pasted_image_20250511120006.png}
                                                  
? 
File: Pasted_image_20250511120006.png Graphic file (type bmp)
<Pasted_image_20250511120006.png>
! Illegal unit of measure (pt inserted).
<to be read again> 
                   \relax 
l.88 ...width=60]{Pasted_image_20250511120043.png}
                                                  
? 
! Illegal unit of measure (pt inserted).
<to be read again> 
                   \relax 
l.88 ...width=60]{Pasted_image_20250511120043.png}
                                                  
? 
File: Pasted_image_20250511120043.png Graphic file (type bmp)
<Pasted_image_20250511120043.png>
! Illegal unit of measure (pt inserted).
<to be read again> 
                   \relax 
l.99 ...width=60]{Pasted_image_20250511105511.png}
                                                   (1)
? 
! Illegal unit of measure (pt inserted).
<to be read again> 
                   \relax 
l.99 ...width=60]{Pasted_image_20250511105511.png}
                                                   (1)
? 
File: Pasted_image_20250511105511.png Graphic file (type bmp)
<Pasted_image_20250511105511.png>
! Undefined control sequence.
l.118 ...м разложением матрицы {\tiny $A\in\mathbb
                                                  {R}^{m\times n}$} с вещест...

? 
! Undefined control sequence.
l.124 ...ественной матрицы {\tiny $( A \in \mathbb
                                                  {R}^{m \times n} )$}, синг...

? 
! Undefined control sequence.
l.128 - {\tiny ( $U \in \mathbb
                               {R}^{m \times m}$)}, {\tiny ( $V \in \mathbb{...

? 
! Undefined control sequence.
l.128 ...^{m \times m}$)}, {\tiny ( $V \in \mathbb
                                                  {R}^{n \times n}$ )} — орт...

? 
! Undefined control sequence.
l.129 - {\tiny ( $\Sigma \in \mathbb
                                    {R}^{m \times n}$ )} — диагональная матр...

? 
! Missing $ inserted.
<inserted text> 
                $
l.129 ...рицательными элементами {\tiny \( $\sigma
                                                  _k$ \)} на диагонали;
? 

! LaTeX Error: Bad math environment delimiter.

See the LaTeX manual or LaTeX Companion for explanation.
Type  H <return>  for immediate help.
 ...                                              
                                                  
l.129 ...льными элементами {\tiny \( $\sigma_k$ \)
                                                  } на диагонали;
? 
! Missing $ inserted.
<inserted text> 
                $
l.130 - {\tiny \( $\sigma
                         _k \geq 0$ \)} — сингулярные числа матрицы {\tiny \...

? 

! LaTeX Error: Bad math environment delimiter.

See the LaTeX manual or LaTeX Companion for explanation.
Type  H <return>  for immediate help.
 ...                                              
                                                  
l.130 - {\tiny \( $\sigma_k \geq 0$ \)
                                      } — сингулярные числа матрицы {\tiny \...

? 
! Missing $ inserted.
<inserted text> 
                $
l.131  2. Связь сингулярных чисел с {\tiny \( $A^
                                                 TA$ \)} и {\tiny \( $AA^T$ \)}

? 

! LaTeX Error: Bad math environment delimiter.

See the LaTeX manual or LaTeX Companion for explanation.
Type  H <return>  for immediate help.
 ...                                              
                                                  
l.131 ...ь сингулярных чисел с {\tiny \( $A^TA$ \)
                                                  } и {\tiny \( $AA^T$ \)}
? 
! Missing $ inserted.
<inserted text> 
                $
l.131 ...л с {\tiny \( $A^TA$ \)} и {\tiny \( $AA^
                                                  T$ \)}
? 

! LaTeX Error: Bad math environment delimiter.

See the LaTeX manual or LaTeX Companion for explanation.
Type  H <return>  for immediate help.
 ...                                              
                                                  
l.131 ...\tiny \( $A^TA$ \)} и {\tiny \( $AA^T$ \)
                                                  }
? 
! Missing $ inserted.
<inserted text> 
                $
l.134 - {\tiny \( $A^
                     TA = V \Sigma^T \Sigma V^T$ \)},
? 

! LaTeX Error: Bad math environment delimiter.

See the LaTeX manual or LaTeX Companion for explanation.
Type  H <return>  for immediate help.
 ...                                              
                                                  
l.134 ...tiny \( $A^TA = V \Sigma^T \Sigma V^T$ \)
                                                  },
? 
! Missing $ inserted.
<inserted text> 
                $
l.135 - {\tiny \( $AA^
                      T = U \Sigma \Sigma^T U^T$ \)}.
? 

! LaTeX Error: Bad math environment delimiter.

See the LaTeX manual or LaTeX Companion for explanation.
Type  H <return>  for immediate help.
 ...                                              
                                                  
l.135 ...tiny \( $AA^T = U \Sigma \Sigma^T U^T$ \)
                                                  }.
? 
! Missing $ inserted.
<inserted text> 
                $
l.137 ...ратам сингулярных чисел {\tiny \( $\sigma
                                                  _k^2$ \)}. Если {\tiny \( ...

? 

! LaTeX Error: Bad math environment delimiter.

See the LaTeX manual or LaTeX Companion for explanation.
Type  H <return>  for immediate help.
 ...                                              
                                                  
l.137 ...нгулярных чисел {\tiny \( $\sigma_k^2$ \)
                                                  }. Если {\tiny \( $m \geq ...

? 
! Missing $ inserted.
<inserted text> 
                $
l.137 ... $\sigma_k^2$ \)}. Если {\tiny \( $m \geq
                                                   n$ \)}, то {\tiny \( $A^T...

? 

! LaTeX Error: Bad math environment delimiter.

See the LaTeX manual or LaTeX Companion for explanation.
Type  H <return>  for immediate help.
 ...                                              
                                                  
l.137 ...ma_k^2$ \)}. Если {\tiny \( $m \geq n$ \)
                                                  }, то {\tiny \( $A^TA$ \)}...

? 
! Missing $ inserted.
<inserted text> 
                $
l.137 ...\tiny \( $m \geq n$ \)}, то {\tiny \( $A^
                                                  TA$ \)} имеет {\tiny $n$} ...

? 

! LaTeX Error: Bad math environment delimiter.

See the LaTeX manual or LaTeX Companion for explanation.
Type  H <return>  for immediate help.
 ...                                              
                                                  
l.137 ...\( $m \geq n$ \)}, то {\tiny \( $A^TA$ \)
                                                  } имеет {\tiny $n$} ненуле...

? 
! Missing $ inserted.
<inserted text> 
                $
l.137 ...венных значений (равных {\tiny \( $\sigma
                                                  _k^2$ \)}), а остальные — ...

? 

! LaTeX Error: Bad math environment delimiter.

See the LaTeX manual or LaTeX Companion for explanation.
Type  H <return>  for immediate help.
 ...                                              
                                                  
l.137 ...начений (равных {\tiny \( $\sigma_k^2$ \)
                                                  }), а остальные — нулевые.
? 
! Illegal unit of measure (pt inserted).
<to be read again> 
                   \relax 
l.138 ...idth=60]{Pasted_image_20250511121951.png}
                                                  
? 
! Illegal unit of measure (pt inserted).
<to be read again> 
                   \relax 
l.138 ...idth=60]{Pasted_image_20250511121951.png}
                                                  
? 
File: Pasted_image_20250511121951.png Graphic file (type bmp)
<Pasted_image_20250511121951.png>
! Undefined control sequence.
<recently read> \text 
                      
l.144 ^^I{\tiny $\text
                      {cond}(A) = \dfrac{\sigma_{\text{max}}}{\sigma_{\text{...

? 
! Undefined control sequence.
l.144 ^^I{\tiny $\text{cond}(A) = \dfrac
                                        {\sigma_{\text{max}}}{\sigma_{\text{...

? 
! Undefined control sequence.
l.144 ...ny $\text{cond}(A) = \dfrac{\sigma_{\text
                                                  {max}}}{\sigma_{\text{min}...

? 
! Undefined control sequence.
l.144 ...\dfrac{\sigma_{\text{max}}}{\sigma_{\text
                                                  {min}}}.$}
? 
! Missing $ inserted.
<inserted text> 
                $
l.149 ...ной матрицы и получения {\tiny \( $\Sigma
                                                  $ \)}.
? 

! LaTeX Error: Bad math environment delimiter.

See the LaTeX manual or LaTeX Companion for explanation.
Type  H <return>  for immediate help.
 ...                                              
                                                  
l.149 ...матрицы и получения {\tiny \( $\Sigma$ \)
                                                  }.
? 

! LaTeX Error: Environment lstlisting undefined.

See the LaTeX manual or LaTeX Companion for explanation.
Type  H <return>  for immediate help.
 ...                                              
                                                  
l.152 \begin{lstlisting}
                        
? 

! LaTeX Error: \begin{tabular} on input line 22 ended by \end{lstlisting}.

See the LaTeX manual or LaTeX Companion for explanation.
Type  H <return>  for immediate help.
 ...                                              
                                                  
l.154 \end{lstlisting}
                      
? 
! Missing $ inserted.
<inserted text> 
                $
l.166 При решении {\tiny \( $Ac \approx
                                        f$ \)}, заменяют {\tiny \( $A$ \)} н...

? 

! LaTeX Error: Bad math environment delimiter.

See the LaTeX manual or LaTeX Companion for explanation.
Type  H <return>  for immediate help.
 ...                                              
                                                  
l.166 При решении {\tiny \( $Ac \approx f$ \)
                                             }, заменяют {\tiny \( $A$ \)} н...

? 
! Missing $ inserted.
<inserted text> 
                $
l.166 ...т {\tiny \( $A$ \)} на {\tiny \( $U\Sigma
                                                   V^T$ \)} и получают:
? 

! LaTeX Error: Bad math environment delimiter.

See the LaTeX manual or LaTeX Companion for explanation.
Type  H <return>  for immediate help.
 ...                                              
                                                  
l.166 ... \( $A$ \)} на {\tiny \( $U\Sigma V^T$ \)
                                                  } и получают:
? 
! Undefined control sequence.
l.168 {\tiny $\Sigma c' \approx f',\quad \text
                                              {где } c' = V^T c,\; f' = U^T ...

? 
Missing character: There is no г ("433) in font cmmi5!
Missing character: There is no д ("434) in font cmmi5!
Missing character: There is no е ("435) in font cmmi5!
! Missing $ inserted.
<inserted text> 
                $
l.171 - {\tiny \( $\sigma
                         _k c'_k = f'_k$ \)} — если {\tiny \( $\sigma_k \neq...

? 

! LaTeX Error: Bad math environment delimiter.

See the LaTeX manual or LaTeX Companion for explanation.
Type  H <return>  for immediate help.
 ...                                              
                                                  
l.171 - {\tiny \( $\sigma_k c'_k = f'_k$ \)
                                           } — если {\tiny \( $\sigma_k \neq...

? 
! Missing $ inserted.
<inserted text> 
                $
l.171 ...c'_k = f'_k$ \)} — если {\tiny \( $\sigma
                                                  _k \neq 0$ \)},
? 

! LaTeX Error: Bad math environment delimiter.

See the LaTeX manual or LaTeX Companion for explanation.
Type  H <return>  for immediate help.
 ...                                              
                                                  
l.171 ...\)} — если {\tiny \( $\sigma_k \neq 0$ \)
                                                  },
? 
! Missing $ inserted.
<inserted text> 
                $
l.172 - {\tiny \( $f'_
                      k \approx 0$ \)} — если {\tiny \( $\sigma_k = 0$ \)}.
? 

! LaTeX Error: Bad math environment delimiter.

See the LaTeX manual or LaTeX Companion for explanation.
Type  H <return>  for immediate help.
 ...                                              
                                                  
l.172 - {\tiny \( $f'_k \approx 0$ \)
                                     } — если {\tiny \( $\sigma_k = 0$ \)}.
? 
! Missing $ inserted.
<inserted text> 
                $
l.172 ...k \approx 0$ \)} — если {\tiny \( $\sigma
                                                  _k = 0$ \)}.
? 

! LaTeX Error: Bad math environment delimiter.

See the LaTeX manual or LaTeX Companion for explanation.
Type  H <return>  for immediate help.
 ...                                              
                                                  
l.172 ...0$ \)} — если {\tiny \( $\sigma_k = 0$ \)
                                                  }.
? 
! Undefined control sequence.
l.175 {\tiny $c_{\text
                      {opt}} = \sum_{k=1}^r \dfrac{f'_k}{\sigma_k} v_k,$}
? 
! Undefined control sequence.
l.175 {\tiny $c_{\text{opt}} = \sum_{k=1}^r \dfrac
                                                  {f'_k}{\sigma_k} v_k,$}
? 
! Missing $ inserted.
<inserted text> 
                $
l.176 где {\tiny \( $v_
                       k$ \)} — столбцы матрицы {\tiny \( $V$ \)}, а {\tiny ...

? 

! LaTeX Error: Bad math environment delimiter.

See the LaTeX manual or LaTeX Companion for explanation.
Type  H <return>  for immediate help.
 ...                                              
                                                  
l.176 где {\tiny \( $v_k$ \)
                            } — столбцы матрицы {\tiny \( $V$ \)}, а {\tiny ...

? 
! Missing $ inserted.
<inserted text> 
                $
l.179 Если {\tiny \( $\sigma
                            _k < \varepsilon$ \)}, соответствующие члены опу...

? 

! LaTeX Error: Bad math environment delimiter.

See the LaTeX manual or LaTeX Companion for explanation.
Type  H <return>  for immediate help.
 ...                                              
                                                  
l.179 Если {\tiny \( $\sigma_k < \varepsilon$ \)
                                                }, соответствующие члены опу...

? 
! Missing $ inserted.
<inserted text> 
                $
l.179 ...сть, но увеличивает невязку {\tiny \( $\|
                                                  Ac - f\|$ \)}.
? 

! LaTeX Error: Bad math environment delimiter.

See the LaTeX manual or LaTeX Companion for explanation.
Type  H <return>  for immediate help.
 ...                                              
                                                  
l.179 ...ичивает невязку {\tiny \( $\|Ac - f\|$ \)
                                                  }.
? 
! Illegal unit of measure (pt inserted).
<to be read again> 
                   \relax 
l.183 ...idth=70]{Pasted_image_20250509123644.png}
                                                  
? 
! Illegal unit of measure (pt inserted).
<to be read again> 
                   \relax 
l.183 ...idth=70]{Pasted_image_20250509123644.png}
                                                  
? 
File: Pasted_image_20250509123644.png Graphic file (type bmp)
<Pasted_image_20250509123644.png>
! Undefined control sequence.
l.185 ...n(x) = \sum_{k=1}^n c_k\varphi_k(x) (\tag
                                                  {1})$
? 
! Undefined control sequence.
l.188 ...{n-1}(x) - f(x), Q_{n-1}(x) - f(x)) (\tag
                                                  {2})$
? 
! Undefined control sequence.
l.197 \tiny $(r, r) \to \min (\tag
                                  {0})$
? 
! Undefined control sequence.
l.199 ... V \tilde{c}, \quad f = U \tilde{f} (\tag
                                                  {4})$
? 
! Undefined control sequence.
l.200 ...$\Sigma \tilde{c} \approx \tilde{f} (\tag
                                                  {5})$
? 
! Undefined control sequence.
l.210 ...ilde{f}_k, \quad k = 1, 2, \dots, n (\tag
                                                  {6})$
? 
! Undefined control sequence.
l.211 ...tilde{f}_k, \quad k = n+1, \dots, m (\tag
                                                  {7})$
? 
! Undefined control sequence.
l.213 ...\sigma_k}, \quad k = 1, 2, \dots, n (\tag
                                                  {8})$
? 
! Undefined control sequence.
l.214 ...{r}) = \sum_{k=n+1}^m \tilde{f}_k^2 (\tag
                                                  {9})$
? 
! Undefined control sequence.
l.226 \tiny $A^+ \text
                      { — псевдообратная матрица, } x = A^+b$
? 
Missing character: There is no п ("43F) in font cmmi5!
Missing character: There is no с ("441) in font cmmi5!
Missing character: There is no е ("435) in font cmmi5!
Missing character: There is no в ("432) in font cmmi5!
Missing character: There is no д ("434) in font cmmi5!
Missing character: There is no о ("43E) in font cmmi5!
Missing character: There is no о ("43E) in font cmmi5!
Missing character: There is no б ("431) in font cmmi5!
Missing character: There is no р ("440) in font cmmi5!
Missing character: There is no а ("430) in font cmmi5!
Missing character: There is no т ("442) in font cmmi5!
Missing character: There is no н ("43D) in font cmmi5!
Missing character: There is no а ("430) in font cmmi5!
Missing character: There is no я ("44F) in font cmmi5!
Missing character: There is no м ("43C) in font cmmi5!
Missing character: There is no а ("430) in font cmmi5!
Missing character: There is no т ("442) in font cmmi5!
Missing character: There is no р ("440) in font cmmi5!
Missing character: There is no и ("438) in font cmmi5!
Missing character: There is no ц ("446) in font cmmi5!
Missing character: There is no а ("430) in font cmmi5!
! Illegal unit of measure (pt inserted).
<to be read again> 
                   \relax 
l.242 ...idth=70]{Pasted_image_20250509144613.png}
                                                  
? 
! Illegal unit of measure (pt inserted).
<to be read again> 
                   \relax 
l.242 ...idth=70]{Pasted_image_20250509144613.png}
                                                  
? 
File: Pasted_image_20250509144613.png Graphic file (type bmp)
<Pasted_image_20250509144613.png>
! Undefined control sequence.
l.248 \(\Sigma^+ \text
