Project Information                           c:\projects\alu\8digit_adder.rpt

MAX+plus II Compiler Report File
Version 9.01 07/30/98
Compiled: 12/17/20 01:46:19

Copyright (C) 1988-1998 Altera Corporation
Any megafunction design, and related net list (encrypted or decrypted),
support information, device programming or simulation file, and any other
associated documentation or information provided by Altera or a partner
under Altera's Megafunction Partnership Program may be used only to
program PLD devices (but not masked PLD devices) from Altera.  Any other
use of such megafunction design, net list, support information, device
programming or simulation file, or any other related documentation or
information is prohibited for any other purpose, including, but not
limited to modification, reverse engineering, de-compiling, or use with
any other silicon devices, unless such use is explicitly licensed under
a separate agreement with Altera or a megafunction partner.  Title to
the intellectual property, including patents, copyrights, trademarks,
trade secrets, or maskworks, embodied in any such megafunction design,
net list, support information, device programming or simulation file, or
any other related documentation or information provided by Altera or a
megafunction partner, remains with Altera, the megafunction partner, or
their respective licensors.  No other licenses, including any licenses
needed under any third party's intellectual property, are provided herein.



***** Project compilation was successful




** DEVICE SUMMARY **

Chip/                     Input   Output   Bidir         Shareable
POF       Device          Pins    Pins     Pins     LCs  Expanders  % Utilized

8digit_adder
      EPM7032LC44-6        16       9        0      20      11          62 %

User Pins:                 16       9        0  



Project Information                           c:\projects\alu\8digit_adder.rpt

** FILE HIERARCHY **



|7483:28|
|7483:27|


Device-Specific Information:                  c:\projects\alu\8digit_adder.rpt
8digit_adder

***** Logic for device '8digit_adder' compiled without errors.




Device: EPM7032LC44-6

Device Options:
    Turbo Bit                                    = ON
    Security Bit                                 = OFF

                                               
                                               
                                               
                                               
                                               
                       V  G  G  G  G  G        
              B  S  S  C  N  N  N  N  N  S  A  
              1  3  4  C  D  D  D  D  D  8  1  
            -----------------------------------_ 
          /   6  5  4  3  2  1 44 43 42 41 40   | 
      B3 |  7                                39 | B2 
      A3 |  8                                38 | RESERVED 
      A2 |  9                                37 | RESERVED 
     GND | 10                                36 | RESERVED 
      B7 | 11                                35 | VCC 
      B8 | 12         EPM7032LC44-6          34 | RESERVED 
      B5 | 13                                33 | RESERVED 
      B4 | 14                                32 | RESERVED 
     VCC | 15                                31 | S7 
      B6 | 16                                30 | GND 
      A8 | 17                                29 | S6 
         |_  18 19 20 21 22 23 24 25 26 27 28  _| 
           ------------------------------------ 
              A  A  A  A  G  V  S  S  S  R  C  
              7  6  5  4  N  C  2  1  5  E     
                          D  C           S     
                                         E     
                                         R     
                                         V     
                                         E     
                                         D     


N.C. = Not Connected.
VCC = Dedicated power pin, which MUST be connected to VCC.
GND = Dedicated ground pin or unused dedicated input, which MUST be connected to GND.
RESERVED = Unused I/O pin, which MUST be left unconnected.



Device-Specific Information:                  c:\projects\alu\8digit_adder.rpt
8digit_adder

** RESOURCE USAGE **

                                                Shareable     External
Logic Array Block     Logic Cells   I/O Pins    Expanders   Interconnect

A:     LC1 - LC16     4/16( 25%)  16/16(100%)   6/16( 37%)  12/36( 33%) 
B:    LC17 - LC32    16/16(100%)   9/16( 56%)  13/16( 81%)  21/36( 58%) 


Total dedicated input pins used:                 0/4      (  0%)
Total I/O pins used:                            25/32     ( 78%)
Total logic cells used:                         20/32     ( 62%)
Total shareable expanders used:                 11/32     ( 34%)
Total Turbo logic cells used:                   20/32     ( 62%)
Total shareable expanders not available (n/a):   8/32     ( 25%)
Average fan-in:                                  4.85
Total fan-in:                                    97

Total input pins required:                      16
Total output pins required:                      9
Total bidirectional pins required:               0
Total logic cells required:                     20
Total flipflops required:                        0
Total product terms required:                   79
Total logic cells lending parallel expanders:    0
Total shareable expanders in database:          11

Synthesized logic cells:                        10/  32   ( 31%)



Device-Specific Information:                  c:\projects\alu\8digit_adder.rpt
8digit_adder

** INPUTS **

                                         Shareable
                                         Expanders     Fan-In    Fan-Out
 Pin     LC  LAB  Primitive    Code   Total Shared n/a INP  FBK  OUT  FBK  Name
  40   (18)  (B)      INPUT               0      0   0    0    0    3    2  A1
   9    (6)  (A)      INPUT               0      0   0    0    0    2    4  A2
   8    (5)  (A)      INPUT               0      0   0    0    0    1    3  A3
  21   (16)  (A)      INPUT               0      0   0    0    0    0    2  A4
  20   (15)  (A)      INPUT               0      0   0    0    0    3    4  A5
  19   (14)  (A)      INPUT               0      0   0    0    0    3    4  A6
  18   (13)  (A)      INPUT               0      0   0    0    0    2    4  A7
  17   (12)  (A)      INPUT               0      0   0    0    0    1    1  A8
   6    (3)  (A)      INPUT               0      0   0    0    0    3    2  B1
  39   (19)  (B)      INPUT               0      0   0    0    0    2    4  B2
   7    (4)  (A)      INPUT               0      0   0    0    0    1    3  B3
  14   (10)  (A)      INPUT               0      0   0    0    0    0    2  B4
  13    (9)  (A)      INPUT               0      0   0    0    0    4    4  B5
  16   (11)  (A)      INPUT               0      0   0    0    0    3    4  B6
  11    (7)  (A)      INPUT               0      0   0    0    0    2    3  B7
  12    (8)  (A)      INPUT               0      0   0    0    0    1    1  B8


Code:

s = Synthesized pin or logic cell
t = Turbo logic cell
+ = Synchronous flipflop
! = NOT gate push-back
r = Fitter-inserted logic cell


Device-Specific Information:                  c:\projects\alu\8digit_adder.rpt
8digit_adder

** OUTPUTS **

                                         Shareable
                                         Expanders     Fan-In    Fan-Out
 Pin     LC  LAB  Primitive    Code   Total Shared n/a INP  FBK  OUT  FBK  Name
  28     28    B     OUTPUT      t        5      2   1    8    1    0    0  C (|7483:27|:83)
  25     31    B     OUTPUT      t        0      0   0    2    0    0    0  S1
  24     32    B     OUTPUT      t        0      0   0    4    0    0    0  S2
   5      2    A     OUTPUT      t        3      0   1    6    1    0    0  S3
   4      1    A     OUTPUT      t        0      0   0    0    3    0    0  S4
  26     30    B     OUTPUT      t        0      0   0    2    1    0    0  S5
  29     27    B     OUTPUT      t        3      0   1    4    1    0    0  S6
  31     26    B     OUTPUT      t        2      1   0    3    3    0    0  S7
  41     17    B     OUTPUT      t        1      1   0    2    4    0    0  S8


Code:

s = Synthesized pin or logic cell
t = Turbo logic cell
+ = Synchronous flipflop
! = NOT gate push-back
r = Fitter-inserted logic cell


Device-Specific Information:                  c:\projects\alu\8digit_adder.rpt
8digit_adder

** BURIED LOGIC **

                                         Shareable
                                         Expanders     Fan-In    Fan-Out
 Pin     LC  LAB  Primitive    Code   Total Shared n/a INP  FBK  OUT  FBK  Name
 (38)    20    B       SOFT    s t        1      0   1    4    1    1    0  |7483:27|S3~1 (|7483:27|~44~1)
 (33)    24    B       SOFT    s t        0      0   0    2    0    1    0  |7483:27|S3~2 (|7483:27|~44~2)
 (32)    25    B       SOFT    s t        1      0   1    5    1    1    0  |7483:27|S4~1 (|7483:27|~45~1)
 (27)    29    B       SOFT    s t        1      0   1    6    1    1    0  |7483:27|S4~2 (|7483:27|~45~2)
 (40)    18    B       SOFT    s t        0      0   0    6    1    1    0  |7483:27|S4~3 (|7483:27|~45~3)
 (39)    19    B       SOFT    s t        0      0   0    2    0    1    0  |7483:27|S4~4 (|7483:27|~45~4)
 (37)    21    B       SOFT    s t        0      0   0    2    0    1    1  |7483:28|~2~1
 (36)    22    B       SOFT    s t        1      0   1    6    0    1    0  |7483:28|S4~1 (|7483:28|~45~1)
 (34)    23    B       SOFT    s t        0      0   0    4    0    1    0  |7483:28|S4~2 (|7483:28|~45~2)
 (17)    12    A       SOFT    s t        0      0   0    2    0    1    0  |7483:28|S4~3 (|7483:28|~45~3)
 (21)    16    A       SOFT      t        3      0   1    8    1    4    4  |7483:28|C4 (|7483:28|:83)


Code:

s = Synthesized pin or logic cell
t = Turbo logic cell
+ = Synchronous flipflop
! = NOT gate push-back
r = Fitter-inserted logic cell


Device-Specific Information:                  c:\projects\alu\8digit_adder.rpt
8digit_adder

** LOGIC CELL INTERCONNECTIONS **

Logic Array Block 'A':

                 Logic cells placed in LAB 'A'
        +------- LC2 S3
        | +----- LC1 S4
        | | +--- LC12 |7483:28|S4~3
        | | | +- LC16 |7483:28|C4
        | | | | 
        | | | |   Other LABs fed by signals
        | | | |   that feed LAB 'A'
LC      | | | | | A B |     Logic cells that feed LAB 'A':
LC12 -> - * - - | * - | <-- |7483:28|S4~3

Pin
40   -> * - - * | * * | <-- A1
9    -> * - - * | * * | <-- A2
8    -> * - - * | * * | <-- A3
21   -> - - * * | * - | <-- A4
6    -> * - - * | * * | <-- B1
39   -> * - - * | * * | <-- B2
7    -> * - - * | * * | <-- B3
14   -> - - * * | * - | <-- B4
LC21 -> * - - * | * - | <-- |7483:28|~2~1
LC22 -> - * - - | * - | <-- |7483:28|S4~1
LC23 -> - * - - | * - | <-- |7483:28|S4~2


* = The logic cell or pin is an input to the logic cell (or LAB) through the PIA.
- = The logic cell or pin is not an input to the logic cell (or LAB).


Device-Specific Information:                  c:\projects\alu\8digit_adder.rpt
8digit_adder

** LOGIC CELL INTERCONNECTIONS **

Logic Array Block 'B':

                                         Logic cells placed in LAB 'B'
        +------------------------------- LC28 C
        | +----------------------------- LC31 S1
        | | +--------------------------- LC32 S2
        | | | +------------------------- LC30 S5
        | | | | +----------------------- LC27 S6
        | | | | | +--------------------- LC26 S7
        | | | | | | +------------------- LC17 S8
        | | | | | | | +----------------- LC20 |7483:27|S3~1
        | | | | | | | | +--------------- LC24 |7483:27|S3~2
        | | | | | | | | | +------------- LC25 |7483:27|S4~1
        | | | | | | | | | | +----------- LC29 |7483:27|S4~2
        | | | | | | | | | | | +--------- LC18 |7483:27|S4~3
        | | | | | | | | | | | | +------- LC19 |7483:27|S4~4
        | | | | | | | | | | | | | +----- LC21 |7483:28|~2~1
        | | | | | | | | | | | | | | +--- LC22 |7483:28|S4~1
        | | | | | | | | | | | | | | | +- LC23 |7483:28|S4~2
        | | | | | | | | | | | | | | | | 
        | | | | | | | | | | | | | | | |   Other LABs fed by signals
        | | | | | | | | | | | | | | | |   that feed LAB 'B'
LC      | | | | | | | | | | | | | | | | | A B |     Logic cells that feed LAB 'B':
LC20 -> - - - - - * - - - - - - - - - - | - * | <-- |7483:27|S3~1
LC24 -> - - - - - * - - - - - - - - - - | - * | <-- |7483:27|S3~2
LC25 -> - - - - - - * - - - - - - - - - | - * | <-- |7483:27|S4~1
LC29 -> - - - - - - * - - - - - - - - - | - * | <-- |7483:27|S4~2
LC18 -> - - - - - - * - - - - - - - - - | - * | <-- |7483:27|S4~3
LC19 -> - - - - - - * - - - - - - - - - | - * | <-- |7483:27|S4~4

Pin
40   -> - * * - - - - - - - - - - - * - | * * | <-- A1
9    -> - - * - - - - - - - - - - * * * | * * | <-- A2
8    -> - - - - - - - - - - - - - - * * | * * | <-- A3
20   -> * - - * * - - * - * * * - - - - | - * | <-- A5
19   -> * - - - * * - * - * * * - - - - | - * | <-- A6
18   -> * - - - - - * - * * * * - - - - | - * | <-- A7
17   -> * - - - - - - - - - - - * - - - | - * | <-- A8
6    -> - * * - - - - - - - - - - - * - | * * | <-- B1
39   -> - - * - - - - - - - - - - * * * | * * | <-- B2
7    -> - - - - - - - - - - - - - - * * | * * | <-- B3
13   -> * - - * * * - * - * * * - - - - | - * | <-- B5
16   -> * - - - * * - * - * * * - - - - | - * | <-- B6
11   -> * - - - - - * - * - * * - - - - | - * | <-- B7
12   -> * - - - - - - - - - - - * - - - | - * | <-- B8
LC16 -> * - - * * * - * - * * * - - - - | - * | <-- |7483:28|C4


* = The logic cell or pin is an input to the logic cell (or LAB) through the PIA.
- = The logic cell or pin is not an input to the logic cell (or LAB).


Device-Specific Information:                  c:\projects\alu\8digit_adder.rpt
8digit_adder

** EQUATIONS **

A1       : INPUT;
A2       : INPUT;
A3       : INPUT;
A4       : INPUT;
A5       : INPUT;
A6       : INPUT;
A7       : INPUT;
A8       : INPUT;
B1       : INPUT;
B2       : INPUT;
B3       : INPUT;
B4       : INPUT;
B5       : INPUT;
B6       : INPUT;
B7       : INPUT;
B8       : INPUT;

-- Node name is 'C' = '|7483:27|C4' 
-- Equation name is 'C', type is output 
 C       = LCELL( _EQ001 $  VCC);
  _EQ001 = !_LC016 &  _X001 &  _X002 &  _X003 &  _X004
         # !A5 & !B5 &  _X001 &  _X003 &  _X004
         # !A6 & !B6 &  _X003 &  _X004
         # !A7 & !B7 &  _X004
         # !A8 & !B8;
  _X001  = EXP( A6 &  B6);
  _X002  = EXP( A5 &  B5);
  _X003  = EXP( A7 &  B7);
  _X004  = EXP( A8 &  B8);

-- Node name is 'S1' 
-- Equation name is 'S1', location is LC031, type is output.
 S1      = LCELL( A1 $  B1);

-- Node name is 'S2' 
-- Equation name is 'S2', location is LC032, type is output.
 S2      = LCELL( _EQ002 $  B2);
  _EQ002 =  A1 & !A2 &  B1
         #  A2 & !B1
         # !A1 &  A2;

-- Node name is 'S3' 
-- Equation name is 'S3', location is LC002, type is output.
 S3      = LCELL( _EQ003 $  B3);
  _EQ003 =  A1 & !A3 &  B1 & !_LC021
         #  A2 & !A3 &  B2
         #  A3 & !B2 &  _X005
         # !A2 &  A3 &  _X006;
  _X005  = EXP( A1 &  A2 &  B1);
  _X006  = EXP( A1 &  B1);

-- Node name is 'S4' 
-- Equation name is 'S4', location is LC001, type is output.
 S4      = LCELL(!_LC012 $  _EQ004);
  _EQ004 = !_LC022 & !_LC023;

-- Node name is 'S5' 
-- Equation name is 'S5', location is LC030, type is output.
 S5      = LCELL( _EQ005 $  _LC016);
  _EQ005 = !A5 &  B5
         #  A5 & !B5;

-- Node name is 'S6' 
-- Equation name is 'S6', location is LC027, type is output.
 S6      = LCELL( _EQ006 $  B6);
  _EQ006 = !A6 &  B5 &  _LC016
         #  A5 & !A6 &  _X007
         #  A6 & !B5 &  _X008
         # !A5 &  A6 & !_LC016;
  _X007  = EXP(!B5 & !_LC016);
  _X008  = EXP( A5 &  _LC016);

-- Node name is 'S7' 
-- Equation name is 'S7', location is LC026, type is output.
 S7      = LCELL(!_LC024 $  _EQ007);
  _EQ007 = !_LC020 &  _X001 &  _X009;
  _X001  = EXP( A6 &  B6);
  _X009  = EXP( B5 &  B6 &  _LC016);

-- Node name is 'S8' 
-- Equation name is 'S8', location is LC017, type is output.
 S8      = LCELL(!_LC019 $  _EQ008);
  _EQ008 = !_LC018 & !_LC025 & !_LC029 &  _X003;
  _X003  = EXP( A7 &  B7);

-- Node name is '|7483:27|~44~1' = '|7483:27|S3~1' 
-- Equation name is '_LC020', type is buried 
-- synthesized logic cell 
_LC020   = LCELL( _EQ009 $  GND);
  _EQ009 =  A5 &  A6 &  B5
         #  A5 &  A6 &  _LC016
         #  A6 &  B5 &  _LC016
         #  A5 &  B5 &  B6
         #  A5 &  B6 &  _LC016;

-- Node name is '|7483:27|~44~2' = '|7483:27|S3~2' 
-- Equation name is '_LC024', type is buried 
-- synthesized logic cell 
_LC024   = LCELL( _EQ010 $  GND);
  _EQ010 = !A7 &  B7
         #  A7 & !B7;

-- Node name is '|7483:27|~45~1' = '|7483:27|S4~1' 
-- Equation name is '_LC025', type is buried 
-- synthesized logic cell 
_LC025   = LCELL( _EQ011 $  GND);
  _EQ011 =  A5 &  A6 &  A7 &  B5
         #  A5 &  A6 &  A7 &  _LC016
         #  A6 &  A7 &  B5 &  _LC016
         #  A5 &  A7 &  B5 &  B6
         #  A5 &  A7 &  B6 &  _LC016;

-- Node name is '|7483:27|~45~2' = '|7483:27|S4~2' 
-- Equation name is '_LC029', type is buried 
-- synthesized logic cell 
_LC029   = LCELL( _EQ012 $  GND);
  _EQ012 =  A7 &  B5 &  B6 &  _LC016
         #  A5 &  A6 &  B5 &  B7
         #  A5 &  A6 &  B7 &  _LC016
         #  A6 &  B5 &  B7 &  _LC016
         #  A5 &  B5 &  B6 &  B7;

-- Node name is '|7483:27|~45~3' = '|7483:27|S4~3' 
-- Equation name is '_LC018', type is buried 
-- synthesized logic cell 
_LC018   = LCELL( _EQ013 $  GND);
  _EQ013 =  A5 &  B6 &  B7 &  _LC016
         #  B5 &  B6 &  B7 &  _LC016
         #  A6 &  A7 &  B6
         #  A6 &  B6 &  B7;

-- Node name is '|7483:27|~45~4' = '|7483:27|S4~4' 
-- Equation name is '_LC019', type is buried 
-- synthesized logic cell 
_LC019   = LCELL( _EQ014 $  GND);
  _EQ014 = !A8 &  B8
         #  A8 & !B8;

-- Node name is '|7483:28|:83' = '|7483:28|C4' 
-- Equation name is '_LC016', type is buried 
_LC016   = LCELL( _EQ015 $  GND);
  _EQ015 =  A1 &  B1 &  B4 & !_LC021 &  _X010
         #  A1 &  A4 &  B1 & !_LC021 &  _X010
         #  A2 &  B2 &  _X010 &  _X011
         #  A3 &  B3 &  _X011
         #  A4 &  B4;
  _X010  = EXP(!A3 & !B3);
  _X011  = EXP(!A4 & !B4);

-- Node name is '|7483:28|~45~1' = '|7483:28|S4~1' 
-- Equation name is '_LC022', type is buried 
-- synthesized logic cell 
_LC022   = LCELL( _EQ016 $  GND);
  _EQ016 =  A1 &  A2 &  A3 &  B1
         #  A1 &  A3 &  B1 &  B2
         #  A1 &  A2 &  B1 &  B3
         #  A1 &  B1 &  B2 &  B3
         #  A2 &  A3 &  B2;

-- Node name is '|7483:28|~45~2' = '|7483:28|S4~2' 
-- Equation name is '_LC023', type is buried 
-- synthesized logic cell 
_LC023   = LCELL( _EQ017 $  GND);
  _EQ017 =  A2 &  B2 &  B3
         #  A3 &  B3;

-- Node name is '|7483:28|~45~3' = '|7483:28|S4~3' 
-- Equation name is '_LC012', type is buried 
-- synthesized logic cell 
_LC012   = LCELL( _EQ018 $  GND);
  _EQ018 = !A4 &  B4
         #  A4 & !B4;

-- Node name is '|7483:28|~2~1' 
-- Equation name is '_LC021', type is buried 
-- synthesized logic cell 
_LC021   = LCELL( _EQ019 $  GND);
  _EQ019 = !A2 & !B2;



--     Shareable expanders that are duplicated in multiple LABs:
--     (none)




Project Information                           c:\projects\alu\8digit_adder.rpt

** COMPILATION SETTINGS & TIMES **

Processing Menu Commands
------------------------

Design Doctor                             = off

Logic Synthesis:

   Synthesis Type Used                    = Standard

   Default Synthesis Style                = NORMAL

      Logic option settings in 'NORMAL' style for 'MAX7000' family

      DECOMPOSE_GATES                     = on
      DUPLICATE_LOGIC_EXTRACTION          = on
      MINIMIZATION                        = full
      MULTI_LEVEL_FACTORING               = on
      NOT_GATE_PUSH_BACK                  = on
      PARALLEL_EXPANDERS                  = off
      REDUCE_LOGIC                        = on
      REFACTORIZATION                     = on
      REGISTER_OPTIMIZATION               = on
      RESYNTHESIZE_NETWORK                = on
      SLOW_SLEW_RATE                      = off
      SOFT_BUFFER_INSERTION               = on
      SUBFACTOR_EXTRACTION                = on
      TURBO_BIT                           = on
      XOR_SYNTHESIS                       = on
      IGNORE_SOFT_BUFFERS                 = off
      USE_LPM_FOR_AHDL_OPERATORS          = off

   Other logic synthesis settings:

      Automatic Global Clock              = on
      Automatic Global Clear              = on
      Automatic Global Preset             = on
      Automatic Global Output Enable      = on
      Automatic Fast I/O                  = off
      Automatic Register Packing          = off
      Automatic Open-Drain Pins           = on
      Automatic Implement in EAB          = off
      One-Hot State Machine Encoding      = off
      Optimize                            = 5

Default Timing Specifications: None

Cut All Bidir Feedback Timing Paths       = on
Cut All Clear & Preset Timing Paths       = on

Ignore Timing Assignments                 = off

Functional SNF Extractor                  = off

Linked SNF Extractor                      = off
Timing SNF Extractor                      = on
Optimize Timing SNF                       = off
Generate AHDL TDO File                    = off
Fitter Settings                           = NORMAL
Smart Recompile                           = off
Total Recompile                           = off

Interfaces Menu Commands
------------------------

EDIF Netlist Writer                       = off
Verilog Netlist Writer                    = off
VHDL Netlist Writer                       = off

Compilation Times
-----------------

   Compiler Netlist Extractor             00:00:00
   Database Builder                       00:00:00
   Logic Synthesizer                      00:00:00
   Partitioner                            00:00:00
   Fitter                                 00:00:00
   Timing SNF Extractor                   00:00:00
   Assembler                              00:00:00
   --------------------------             --------
   Total Time                             00:00:00


Memory Allocated
-----------------

Peak memory allocated during compilation  = 2,881K
