Project Information                             c:\projects\alu\comparator.rpt

MAX+plus II Compiler Report File
Version 9.01 07/30/98
Compiled: 12/17/20 05:04:52

Copyright (C) 1988-1998 Altera Corporation
Any megafunction design, and related net list (encrypted or decrypted),
support information, device programming or simulation file, and any other
associated documentation or information provided by Altera or a partner
under Altera's Megafunction Partnership Program may be used only to
program PLD devices (but not masked PLD devices) from Altera.  Any other
use of such megafunction design, net list, support information, device
programming or simulation file, or any other related documentation or
information is prohibited for any other purpose, including, but not
limited to modification, reverse engineering, de-compiling, or use with
any other silicon devices, unless such use is explicitly licensed under
a separate agreement with Altera or a megafunction partner.  Title to
the intellectual property, including patents, copyrights, trademarks,
trade secrets, or maskworks, embodied in any such megafunction design,
net list, support information, device programming or simulation file, or
any other related documentation or information provided by Altera or a
megafunction partner, remains with Altera, the megafunction partner, or
their respective licensors.  No other licenses, including any licenses
needed under any third party's intellectual property, are provided herein.



***** Project compilation was successful




** DEVICE SUMMARY **

Chip/                     Input   Output   Bidir         Shareable
POF       Device          Pins    Pins     Pins     LCs  Expanders  % Utilized

comparator
      EPM7032LC44-6        8        3        0      15      5           46 %

User Pins:                 8        3        0  



Project Information                             c:\projects\alu\comparator.rpt

** FILE HIERARCHY **



|74181:1|


Device-Specific Information:                    c:\projects\alu\comparator.rpt
comparator

***** Logic for device 'comparator' compiled without errors.




Device: EPM7032LC44-6

Device Options:
    Turbo Bit                                    = ON
    Security Bit                                 = OFF

                                         R  R  
                                         E  E  
                                         S  S  
                                         E  E  
                                         R  R  
                       V  G  G  G  G  G  V  V  
              B  B  B  C  N  N  N  N  N  E  E  
              1  3  2  C  D  D  D  D  D  D  D  
            -----------------------------------_ 
          /   6  5  4  3  2  1 44 43 42 41 40   | 
      B0 |  7                                39 | RESERVED 
      A3 |  8                                38 | RESERVED 
      A2 |  9                                37 | RESERVED 
     GND | 10                                36 | RESERVED 
      A1 | 11                                35 | VCC 
      A0 | 12         EPM7032LC44-6          34 | RESERVED 
RESERVED | 13                                33 | RESERVED 
RESERVED | 14                                32 | RESERVED 
     VCC | 15                                31 | RESERVED 
RESERVED | 16                                30 | GND 
RESERVED | 17                                29 | AEQB 
         |_  18 19 20 21 22 23 24 25 26 27 28  _| 
           ------------------------------------ 
              R  R  R  R  G  V  R  R  A  R  A  
              E  E  E  E  N  C  E  E  L  E  M  
              S  S  S  S  D  C  S  S  B  S  B  
              E  E  E  E        E  E     E     
              R  R  R  R        R  R     R     
              V  V  V  V        V  V     V     
              E  E  E  E        E  E     E     
              D  D  D  D        D  D     D     


N.C. = Not Connected.
VCC = Dedicated power pin, which MUST be connected to VCC.
GND = Dedicated ground pin or unused dedicated input, which MUST be connected to GND.
RESERVED = Unused I/O pin, which MUST be left unconnected.



Device-Specific Information:                    c:\projects\alu\comparator.rpt
comparator

** RESOURCE USAGE **

                                                Shareable     External
Logic Array Block     Logic Cells   I/O Pins    Expanders   Interconnect

A:     LC1 - LC16     0/16(  0%)   8/16( 50%)   0/16(  0%)   0/36(  0%) 
B:    LC17 - LC32    15/16( 93%)   3/16( 18%)   7/16( 43%)  20/36( 55%) 


Total dedicated input pins used:                 0/4      (  0%)
Total I/O pins used:                            11/32     ( 34%)
Total logic cells used:                         15/32     ( 46%)
Total shareable expanders used:                  5/32     ( 15%)
Total Turbo logic cells used:                   15/32     ( 46%)
Total shareable expanders not available (n/a):   2/32     (  6%)
Average fan-in:                                  5.13
Total fan-in:                                    77

Total input pins required:                       8
Total output pins required:                      3
Total bidirectional pins required:               0
Total logic cells required:                     15
Total flipflops required:                        0
Total product terms required:                   45
Total logic cells lending parallel expanders:    0
Total shareable expanders in database:           5

Synthesized logic cells:                         0/  32   (  0%)



Device-Specific Information:                    c:\projects\alu\comparator.rpt
comparator

** INPUTS **

                                         Shareable
                                         Expanders     Fan-In    Fan-Out
 Pin     LC  LAB  Primitive    Code   Total Shared n/a INP  FBK  OUT  FBK  Name
  12    (8)  (A)      INPUT               0      0   0    0    0    1    6  A0
  11    (7)  (A)      INPUT               0      0   0    0    0    2    4  A1
   9    (6)  (A)      INPUT               0      0   0    0    0    2    3  A2
   8    (5)  (A)      INPUT               0      0   0    0    0    2    2  A3
   7    (4)  (A)      INPUT               0      0   0    0    0    1    6  B0
   6    (3)  (A)      INPUT               0      0   0    0    0    2    4  B1
   4    (1)  (A)      INPUT               0      0   0    0    0    2    3  B2
   5    (2)  (A)      INPUT               0      0   0    0    0    2    2  B3


Code:

s = Synthesized pin or logic cell
t = Turbo logic cell
+ = Synchronous flipflop
! = NOT gate push-back
r = Fitter-inserted logic cell


Device-Specific Information:                    c:\projects\alu\comparator.rpt
comparator

** OUTPUTS **

                                         Shareable
                                         Expanders     Fan-In    Fan-Out
 Pin     LC  LAB  Primitive    Code   Total Shared n/a INP  FBK  OUT  FBK  Name
  29     27    B     OUTPUT      t        0      0   0    0    4    0    0  AEQB
  26     30    B     OUTPUT      t        5      4   1    8    8    0    0  ALB
  28     28    B     OUTPUT      t        3      1   1    6    9    0    0  AMB


Code:

s = Synthesized pin or logic cell
t = Turbo logic cell
+ = Synchronous flipflop
! = NOT gate push-back
r = Fitter-inserted logic cell


Device-Specific Information:                    c:\projects\alu\comparator.rpt
comparator

** BURIED LOGIC **

                                         Shareable
                                         Expanders     Fan-In    Fan-Out
 Pin     LC  LAB  Primitive    Code   Total Shared n/a INP  FBK  OUT  FBK  Name
 (31)    26    B       SOFT      t        0      0   0    2    0    1    0  |74181:1|:37
 (27)    29    B       SOFT      t        0      0   0    2    0    2    4  |74181:1|:38
 (32)    25    B       SOFT      t        0      0   0    2    0    2    3  |74181:1|:40
 (33)    24    B       SOFT      t        0      0   0    2    0    2    2  |74181:1|:42
 (34)    23    B       SOFT      t        0      0   0    2    0    2    0  |74181:1|:49
 (37)    21    B       SOFT      t        1      1   0    6    3    0    1  |74181:1|:76
 (41)    17    B       SOFT      t        0      0   0    2    1    3    0  |74181:1|F3N (|74181:1|:84)
 (40)    18    B       SOFT      t        1      1   0    2    2    3    0  |74181:1|F2N (|74181:1|:85)
 (39)    19    B       SOFT      t        1      1   0    2    2    3    0  |74181:1|F1N (|74181:1|:86)
 (38)    20    B       SOFT      t        0      0   0    2    1    3    0  |74181:1|F0N (|74181:1|:87)
 (36)    22    B       SOFT      t        0      0   0    2    1    0    1  |74181:1|:88
 (25)    31    B       SOFT      t        2      2   0    4    2    0    1  |74181:1|:89


Code:

s = Synthesized pin or logic cell
t = Turbo logic cell
+ = Synchronous flipflop
! = NOT gate push-back
r = Fitter-inserted logic cell


Device-Specific Information:                    c:\projects\alu\comparator.rpt
comparator

** LOGIC CELL INTERCONNECTIONS **

Logic Array Block 'B':

                                       Logic cells placed in LAB 'B'
        +----------------------------- LC27 AEQB
        | +--------------------------- LC30 ALB
        | | +------------------------- LC28 AMB
        | | | +----------------------- LC26 |74181:1|:37
        | | | | +--------------------- LC29 |74181:1|:38
        | | | | | +------------------- LC25 |74181:1|:40
        | | | | | | +----------------- LC24 |74181:1|:42
        | | | | | | | +--------------- LC23 |74181:1|:49
        | | | | | | | | +------------- LC21 |74181:1|:76
        | | | | | | | | | +----------- LC17 |74181:1|F3N
        | | | | | | | | | | +--------- LC18 |74181:1|F2N
        | | | | | | | | | | | +------- LC19 |74181:1|F1N
        | | | | | | | | | | | | +----- LC20 |74181:1|F0N
        | | | | | | | | | | | | | +--- LC22 |74181:1|:88
        | | | | | | | | | | | | | | +- LC31 |74181:1|:89
        | | | | | | | | | | | | | | | 
        | | | | | | | | | | | | | | |   Other LABs fed by signals
        | | | | | | | | | | | | | | |   that feed LAB 'B'
LC      | | | | | | | | | | | | | | | | A B |     Logic cells that feed LAB 'B':
LC26 -> - - * - - - - - - - - - - - - | - * | <-- |74181:1|:37
LC29 -> - * * - - - - - * - - - * * * | - * | <-- |74181:1|:38
LC25 -> - * * - - - - - * - - * - - * | - * | <-- |74181:1|:40
LC24 -> - * * - - - - - * - * - - - - | - * | <-- |74181:1|:42
LC23 -> - * * - - - - - - - - - - - - | - * | <-- |74181:1|:49
LC21 -> - - - - - - - - - * - - - - - | - * | <-- |74181:1|:76
LC17 -> * * * - - - - - - - - - - - - | - * | <-- |74181:1|F3N
LC18 -> * * * - - - - - - - - - - - - | - * | <-- |74181:1|F2N
LC19 -> * * * - - - - - - - - - - - - | - * | <-- |74181:1|F1N
LC20 -> * * * - - - - - - - - - - - - | - * | <-- |74181:1|F0N
LC22 -> - - - - - - - - - - - * - - - | - * | <-- |74181:1|:88
LC31 -> - - - - - - - - - - * - - - - | - * | <-- |74181:1|:89

Pin
12   -> - * - * * - - - * - - - * * * | - * | <-- A0
11   -> - * * - - * - - * - - * - - * | - * | <-- A1
9    -> - * * - - - * - * - * - - - - | - * | <-- A2
8    -> - * * - - - - * - * - - - - - | - * | <-- A3
7    -> - * - * * - - - * - - - * * * | - * | <-- B0
6    -> - * * - - * - - * - - * - - * | - * | <-- B1
4    -> - * * - - - * - * - * - - - - | - * | <-- B2
5    -> - * * - - - - * - * - - - - - | - * | <-- B3


* = The logic cell or pin is an input to the logic cell (or LAB) through the PIA.
- = The logic cell or pin is not an input to the logic cell (or LAB).


Device-Specific Information:                    c:\projects\alu\comparator.rpt
comparator

** EQUATIONS **

A0       : INPUT;
A1       : INPUT;
A2       : INPUT;
A3       : INPUT;
B0       : INPUT;
B1       : INPUT;
B2       : INPUT;
B3       : INPUT;

-- Node name is 'AEQB' 
-- Equation name is 'AEQB', location is LC027, type is output.
 AEQB    = LCELL( _EQ001 $  GND);
  _EQ001 =  _LC017 &  _LC018 &  _LC019 &  _LC020;

-- Node name is 'ALB' 
-- Equation name is 'ALB', location is LC030, type is output.
 ALB     = LCELL( _EQ002 $  VCC);
  _EQ002 = !_LC029 &  _X001 &  _X002 &  _X003 &  _X004
         #  _LC017 &  _LC018 &  _LC019 &  _LC020
         # !_LC025 &  _X001 &  _X003 &  _X004
         # !_LC024 &  _X001 &  _X004
         # !_LC023 &  _X004;
  _X001  = EXP(!A2 &  B2);
  _X002  = EXP(!A0 &  B0);
  _X003  = EXP(!A1 &  B1);
  _X004  = EXP(!A3 &  B3);

-- Node name is 'AMB' 
-- Equation name is 'AMB', location is LC028, type is output.
 AMB     = LCELL( _EQ003 $  _EQ004);
  _EQ003 =  _LC017 &  _LC018 &  _LC019 &  _LC020 &  _X004
         #  _LC023 &  _LC024 &  _LC025 &  _X004 &  _X005
         # !A1 &  B1 &  _LC023 &  _LC024 &  _X004
         # !A2 &  B2 &  _LC023 &  _X004;
  _X004  = EXP(!A3 &  B3);
  _X005  = EXP(!_LC026 & !_LC029);
  _EQ004 =  _X004;
  _X004  = EXP(!A3 &  B3);

-- Node name is '|74181:1|:87' = '|74181:1|F0N' 
-- Equation name is '_LC020', type is buried 
_LC020   = LCELL( _EQ005 $  _LC029);
  _EQ005 = !A0 &  B0;

-- Node name is '|74181:1|:86' = '|74181:1|F1N' 
-- Equation name is '_LC019', type is buried 
_LC019   = LCELL( _EQ006 $  _LC022);
  _EQ006 = !A1 &  B1 & !_LC025
         #  _LC025 &  _X003;
  _X003  = EXP(!A1 &  B1);

-- Node name is '|74181:1|:85' = '|74181:1|F2N' 
-- Equation name is '_LC018', type is buried 
_LC018   = LCELL( _EQ007 $  _LC031);
  _EQ007 = !A2 &  B2 & !_LC024
         #  _LC024 &  _X001;
  _X001  = EXP(!A2 &  B2);

-- Node name is '|74181:1|:84' = '|74181:1|F3N' 
-- Equation name is '_LC017', type is buried 
_LC017   = LCELL( _EQ008 $  _LC021);
  _EQ008 =  A3 &  B3
         # !A3 & !B3;

-- Node name is '|74181:1|:37' 
-- Equation name is '_LC026', type is buried 
_LC026   = LCELL( _EQ009 $  GND);
  _EQ009 = !A0 &  B0;

-- Node name is '|74181:1|:38' 
-- Equation name is '_LC029', type is buried 
_LC029   = LCELL( _EQ010 $ !A0);
  _EQ010 =  A0 &  B0;

-- Node name is '|74181:1|:40' 
-- Equation name is '_LC025', type is buried 
_LC025   = LCELL( _EQ011 $ !A1);
  _EQ011 =  A1 &  B1;

-- Node name is '|74181:1|:42' 
-- Equation name is '_LC024', type is buried 
_LC024   = LCELL( _EQ012 $ !A2);
  _EQ012 =  A2 &  B2;

-- Node name is '|74181:1|:49' 
-- Equation name is '_LC023', type is buried 
_LC023   = LCELL( _EQ013 $ !A3);
  _EQ013 =  A3 &  B3;

-- Node name is '|74181:1|:76' 
-- Equation name is '_LC021', type is buried 
_LC021   = LCELL( _EQ014 $  _EQ015);
  _EQ014 = !A0 &  B0 &  _LC024 &  _LC025 &  _X001
         #  _LC024 &  _LC025 &  _LC029 &  _X001
         # !A1 &  B1 &  _LC024 &  _X001;
  _X001  = EXP(!A2 &  B2);
  _EQ015 =  _X001;
  _X001  = EXP(!A2 &  B2);

-- Node name is '|74181:1|:88' 
-- Equation name is '_LC022', type is buried 
_LC022   = LCELL( _EQ016 $ !_LC029);
  _EQ016 = !A0 &  B0 & !_LC029;

-- Node name is '|74181:1|:89' 
-- Equation name is '_LC031', type is buried 
_LC031   = LCELL( _EQ017 $ !_LC025);
  _EQ017 =  _LC025 & !_LC029 &  _X002 &  _X003
         # !A1 &  B1 & !_LC025;
  _X002  = EXP(!A0 &  B0);
  _X003  = EXP(!A1 &  B1);



--     Shareable expanders that are duplicated in multiple LABs:
--     (none)




Project Information                             c:\projects\alu\comparator.rpt

** COMPILATION SETTINGS & TIMES **

Processing Menu Commands
------------------------

Design Doctor                             = off

Logic Synthesis:

   Synthesis Type Used                    = Standard

   Default Synthesis Style                = NORMAL

      Logic option settings in 'NORMAL' style for 'MAX7000' family

      DECOMPOSE_GATES                     = on
      DUPLICATE_LOGIC_EXTRACTION          = on
      MINIMIZATION                        = full
      MULTI_LEVEL_FACTORING               = on
      NOT_GATE_PUSH_BACK                  = on
      PARALLEL_EXPANDERS                  = off
      REDUCE_LOGIC                        = on
      REFACTORIZATION                     = on
      REGISTER_OPTIMIZATION               = on
      RESYNTHESIZE_NETWORK                = on
      SLOW_SLEW_RATE                      = off
      SOFT_BUFFER_INSERTION               = on
      SUBFACTOR_EXTRACTION                = on
      TURBO_BIT                           = on
      XOR_SYNTHESIS                       = on
      IGNORE_SOFT_BUFFERS                 = off
      USE_LPM_FOR_AHDL_OPERATORS          = off

   Other logic synthesis settings:

      Automatic Global Clock              = on
      Automatic Global Clear              = on
      Automatic Global Preset             = on
      Automatic Global Output Enable      = on
      Automatic Fast I/O                  = off
      Automatic Register Packing          = off
      Automatic Open-Drain Pins           = on
      Automatic Implement in EAB          = off
      One-Hot State Machine Encoding      = off
      Optimize                            = 5

Default Timing Specifications: None

Cut All Bidir Feedback Timing Paths       = on
Cut All Clear & Preset Timing Paths       = on

Ignore Timing Assignments                 = off

Functional SNF Extractor                  = off

Linked SNF Extractor                      = off
Timing SNF Extractor                      = on
Optimize Timing SNF                       = off
Generate AHDL TDO File                    = off
Fitter Settings                           = NORMAL
Smart Recompile                           = off
Total Recompile                           = off

Interfaces Menu Commands
------------------------

EDIF Netlist Writer                       = off
Verilog Netlist Writer                    = off
VHDL Netlist Writer                       = off

Compilation Times
-----------------

   Compiler Netlist Extractor             00:00:00
   Database Builder                       00:00:00
   Logic Synthesizer                      00:00:00
   Partitioner                            00:00:00
   Fitter                                 00:00:00
   Timing SNF Extractor                   00:00:00
   Assembler                              00:00:00
   --------------------------             --------
   Total Time                             00:00:00


Memory Allocated
-----------------

Peak memory allocated during compilation  = 4,400K
