Project Information                              c:\projects\alu\component.rpt

MAX+plus II Compiler Report File
Version 9.01 07/30/98
Compiled: 12/17/20 15:21:14

Copyright (C) 1988-1998 Altera Corporation
Any megafunction design, and related net list (encrypted or decrypted),
support information, device programming or simulation file, and any other
associated documentation or information provided by Altera or a partner
under Altera's Megafunction Partnership Program may be used only to
program PLD devices (but not masked PLD devices) from Altera.  Any other
use of such megafunction design, net list, support information, device
programming or simulation file, or any other related documentation or
information is prohibited for any other purpose, including, but not
limited to modification, reverse engineering, de-compiling, or use with
any other silicon devices, unless such use is explicitly licensed under
a separate agreement with Altera or a megafunction partner.  Title to
the intellectual property, including patents, copyrights, trademarks,
trade secrets, or maskworks, embodied in any such megafunction design,
net list, support information, device programming or simulation file, or
any other related documentation or information provided by Altera or a
megafunction partner, remains with Altera, the megafunction partner, or
their respective licensors.  No other licenses, including any licenses
needed under any third party's intellectual property, are provided herein.



***** Project compilation was successful




** DEVICE SUMMARY **

Chip/                     Input   Output   Bidir         Shareable
POF       Device          Pins    Pins     Pins     LCs  Expanders  % Utilized

component
      EPM7064LC44-7        8        8        0      41      19          64 %

User Pins:                 8        8        0  



Project Information                              c:\projects\alu\component.rpt

** FILE HIERARCHY **



|4_2_msb:25|
|4_2_msb:25|1digit_summator:49|
|4_2_msb:25|1digit_summator:62|
|4_2_msb:25|1digit_summator:61|
|4_2_msb:25|1digit_summator:59|
|4_2_msb:25|1digit_summator:58|
|4_2_msb:25|1digit_summator:57|
|4_2_msb:25|1digit_summator:56|
|4_2_msb:25|1digit_summator:55|
|4_2_msb:25|1digit_summator:54|
|4_2_msb:25|1digit_summator:53|
|4_2_msb:25|1digit_summator:52|
|4_2_msb:25|1digit_summator:51|
|4_2_msb:25|1digit_summator:50|
|4_2_msb:26|
|4_2_msb:26|1digit_summator:49|
|4_2_msb:26|1digit_summator:62|
|4_2_msb:26|1digit_summator:61|
|4_2_msb:26|1digit_summator:59|
|4_2_msb:26|1digit_summator:58|
|4_2_msb:26|1digit_summator:57|
|4_2_msb:26|1digit_summator:56|
|4_2_msb:26|1digit_summator:55|
|4_2_msb:26|1digit_summator:54|
|4_2_msb:26|1digit_summator:53|
|4_2_msb:26|1digit_summator:52|
|4_2_msb:26|1digit_summator:51|
|4_2_msb:26|1digit_summator:50|


Device-Specific Information:                     c:\projects\alu\component.rpt
component

***** Logic for device 'component' compiled without errors.




Device: EPM7064LC44-7

Device Options:
    Turbo Bit                                    = ON
    Security Bit                                 = OFF

                                            R  
                                            E  
                                            S  
                                            E  
                                            R  
                       V  G  G  G  G  G     V  
              B  B  B  C  N  N  N  N  N  P  E  
              1  2  3  C  D  D  D  D  D  6  D  
            -----------------------------------_ 
          /   6  5  4  3  2  1 44 43 42 41 40   | 
      B0 |  7                                39 | RESERVED 
      A3 |  8                                38 | P5 
      A2 |  9                                37 | RESERVED 
     GND | 10                                36 | RESERVED 
      A1 | 11                                35 | VCC 
      A0 | 12         EPM7064LC44-7          34 | RESERVED 
RESERVED | 13                                33 | P7 
RESERVED | 14                                32 | RESERVED 
     VCC | 15                                31 | RESERVED 
      P4 | 16                                30 | GND 
      P2 | 17                                29 | RESERVED 
         |_  18 19 20 21 22 23 24 25 26 27 28  _| 
           ------------------------------------ 
              P  P  R  R  G  V  R  P  R  R  R  
              1  0  E  E  N  C  E  3  E  E  E  
                    S  S  D  C  S     S  S  S  
                    E  E        E     E  E  E  
                    R  R        R     R  R  R  
                    V  V        V     V  V  V  
                    E  E        E     E  E  E  
                    D  D        D     D  D  D  


N.C. = Not Connected.
VCC = Dedicated power pin, which MUST be connected to VCC.
GND = Dedicated ground pin or unused dedicated input, which MUST be connected to GND.
RESERVED = Unused I/O pin, which MUST be left unconnected.



Device-Specific Information:                     c:\projects\alu\component.rpt
component

** RESOURCE USAGE **

                                                Shareable     External
Logic Array Block     Logic Cells   I/O Pins    Expanders   Interconnect

A:     LC1 - LC16     0/16(  0%)   8/ 8(100%)   0/16(  0%)   0/36(  0%) 
B:    LC17 - LC32     9/16( 56%)   4/ 8( 50%)   9/16( 56%)  17/36( 47%) 
C:    LC33 - LC48    16/16(100%)   1/ 8( 12%)  16/16(100%)  15/36( 41%) 
D:    LC49 - LC64    16/16(100%)   3/ 8( 37%)  16/16(100%)  26/36( 72%) 


Total dedicated input pins used:                 0/4      (  0%)
Total I/O pins used:                            16/32     ( 50%)
Total logic cells used:                         41/64     ( 64%)
Total shareable expanders used:                 19/64     ( 29%)
Total Turbo logic cells used:                   41/64     ( 64%)
Total shareable expanders not available (n/a):  22/64     ( 34%)
Average fan-in:                                  7.85
Total fan-in:                                   322

Total input pins required:                       8
Total output pins required:                      8
Total bidirectional pins required:               0
Total logic cells required:                     41
Total flipflops required:                        0
Total product terms required:                  175
Total logic cells lending parallel expanders:    0
Total shareable expanders in database:          16

Synthesized logic cells:                        33/  64   ( 51%)



Device-Specific Information:                     c:\projects\alu\component.rpt
component

** INPUTS **

                                         Shareable
                                         Expanders     Fan-In    Fan-Out
 Pin     LC  LAB  Primitive    Code   Total Shared n/a INP  FBK  OUT  FBK  Name
  12    (1)  (A)      INPUT               0      0   0    0    0    6   24  A0
  11    (3)  (A)      INPUT               0      0   0    0    0    5   26  A1
   9    (4)  (A)      INPUT               0      0   0    0    0    4   28  A2
   8    (5)  (A)      INPUT               0      0   0    0    0    1   27  A3
   7    (8)  (A)      INPUT               0      0   0    0    0    6   23  B0
   6   (11)  (A)      INPUT               0      0   0    0    0    5   23  B1
   5   (14)  (A)      INPUT               0      0   0    0    0    4   26  B2
   4   (16)  (A)      INPUT               0      0   0    0    0    3   27  B3


Code:

s = Synthesized pin or logic cell
t = Turbo logic cell
+ = Synchronous flipflop
! = NOT gate push-back
r = Fitter-inserted logic cell


Device-Specific Information:                     c:\projects\alu\component.rpt
component

** OUTPUTS **

                                         Shareable
                                         Expanders     Fan-In    Fan-Out
 Pin     LC  LAB  Primitive    Code   Total Shared n/a INP  FBK  OUT  FBK  Name
  19     20    B     OUTPUT      t        0      0   0    2    0    0    0  P0
  18     21    B     OUTPUT      t        1      0   1    4    0    0    0  P1
  17     24    B     OUTPUT      t        2      0   1    6    1    0    0  P2
  25     35    C     OUTPUT      t        1      0   1    8    6    0    0  P3
  16     25    B     OUTPUT      t        0      0   0    0    4    0    0  P4
  38     56    D     OUTPUT      t        2      0   0    0    5    0    0  P5
  41     64    D     OUTPUT      t        2      2   0    7   10    0    0  P6
  33     49    D     OUTPUT      t        2      2   0    7    9    0    0  P7


Code:

s = Synthesized pin or logic cell
t = Turbo logic cell
+ = Synchronous flipflop
! = NOT gate push-back
r = Fitter-inserted logic cell


Device-Specific Information:                     c:\projects\alu\component.rpt
component

** BURIED LOGIC **

                                         Shareable
                                         Expanders     Fan-In    Fan-Out
 Pin     LC  LAB  Primitive    Code   Total Shared n/a INP  FBK  OUT  FBK  Name
 (32)    48    C       SOFT    s t        0      0   0    4    0    0    1  |4_2_msb:26|1digit_summator:51|~13~1
 (29)    41    C       SOFT    s t        1      1   0    6    0    0    2  |4_2_msb:26|1digit_summator:51|~18~1
   -     27    B       SOFT    s t        0      0   0    2    0    0    1  |4_2_msb:26|1digit_summator:52|~9~1
   -     47    C       SOFT    s t        1      1   0    6    0    0    4  |4_2_msb:26|1digit_summator:52|~17~1
   -     45    C       SOFT    s t        0      0   0    6    0    1    4  |4_2_msb:26|1digit_summator:52|~18~1
   -     63    D       SOFT    s t        3      0   1    8    0    3   12  |4_2_msb:26|1digit_summator:55|~13~1
   -     26    B       SOFT    s t        0      0   0    0    2    1    0  |4_2_msb:26|1digit_summator:55|~17~1
   -     60    D       SOFT    s t        1      0   1    8    1    0    1  |4_2_msb:26|1digit_summator:55|~17~2
   -     58    D       SOFT    s t        0      0   0    7    1    0    1  |4_2_msb:26|1digit_summator:55|~17~3
 (24)    33    C       SOFT    s t        5      1   1    8    1    3    7  |4_2_msb:26|1digit_summator:56|~9~1
   -     43    C       SOFT    s t        1      0   1    8    0    0    1  |4_2_msb:26|1digit_summator:56|~9~2
   -     34    C       SOFT    s t        0      0   0    8    0    3    7  |4_2_msb:26|1digit_summator:56|~13~1
   -     18    B       SOFT    s t        1      0   1    6    0    1    0  |4_2_msb:26|1digit_summator:57|C~1 (|4_2_msb:26|1digit_summator:57|~19~1)
 (26)    36    C       SOFT    s t        1      0   1    8    0    1    0  |4_2_msb:26|1digit_summator:58|C~1 (|4_2_msb:26|1digit_summator:58|~19~1)
 (27)    37    C       SOFT    s t        1      0   1    8    0    1    0  |4_2_msb:26|1digit_summator:58|C~2 (|4_2_msb:26|1digit_summator:58|~19~2)
   -     38    C       SOFT    s t        1      0   1    8    0    1    0  |4_2_msb:26|1digit_summator:58|C~3 (|4_2_msb:26|1digit_summator:58|~19~3)
   -     39    C       SOFT    s t        1      0   1    8    0    1    0  |4_2_msb:26|1digit_summator:58|C~4 (|4_2_msb:26|1digit_summator:58|~19~4)
 (28)    40    C       SOFT    s t        1      0   1    8    0    1    0  |4_2_msb:26|1digit_summator:58|C~5 (|4_2_msb:26|1digit_summator:58|~19~5)
   -     42    C       SOFT    s t        0      0   0    6    0    1    0  |4_2_msb:26|1digit_summator:58|C~6 (|4_2_msb:26|1digit_summator:58|~19~6)
 (21)    17    B       SOFT    s t        5      1   1    8    2    2    0  |4_2_msb:26|1digit_summator:58|~20~1
   -     44    C       SOFT    s t        1      0   1    7    0    0    1  |4_2_msb:26|1digit_summator:58|P~2 (|4_2_msb:26|1digit_summator:58|~20~2)
 (31)    46    C       SOFT    s t        1      0   1    8    0    0    1  |4_2_msb:26|1digit_summator:58|P~3 (|4_2_msb:26|1digit_summator:58|~20~3)
 (20)    19    B       SOFT    s t        0      0   0    0    2    1    0  |4_2_msb:26|1digit_summator:59|~14~1
   -     55    D       SOFT    s t        1      0   1    8    1    1    1  |4_2_msb:26|1digit_summator:59|~14~2
 (37)    53    D       SOFT    s t        0      0   0    7    1    1    1  |4_2_msb:26|1digit_summator:59|~14~3
 (36)    52    D       SOFT    s t        0      0   0    0    5    1    0  |4_2_msb:26|1digit_summator:61|~9~1
 (34)    51    D       SOFT    s t        1      0   1    8    4    2    0  |4_2_msb:26|1digit_summator:61|~13~1
   -     50    D       SOFT    s t        2      2   0    4    6    2    0  |4_2_msb:26|1digit_summator:61|~14~1
   -     61    D       SOFT    s t        1      0   1    0    8    0    1  |4_2_msb:26|1digit_summator:61|~14~2
   -     59    D       SOFT    s t        2      2   0    7    6    1    0  |4_2_msb:26|1digit_summator:62|~20~1
 (39)    57    D       SOFT    s t        1      0   1    8    3    2    1  |4_2_msb:26|1digit_summator:62|P~2 (|4_2_msb:26|1digit_summator:62|~20~2)
   -     54    D       SOFT    s t        1      0   1    8    3    2    1  |4_2_msb:26|1digit_summator:62|P~3 (|4_2_msb:26|1digit_summator:62|~20~3)
 (40)    62    D       SOFT    s t        1      0   1    8    3    2    1  |4_2_msb:26|1digit_summator:62|P~4 (|4_2_msb:26|1digit_summator:62|~20~4)


Code:

s = Synthesized pin or logic cell
t = Turbo logic cell
+ = Synchronous flipflop
! = NOT gate push-back
r = Fitter-inserted logic cell


Device-Specific Information:                     c:\projects\alu\component.rpt
component

** LOGIC CELL INTERCONNECTIONS **

Logic Array Block 'B':

                           Logic cells placed in LAB 'B'
        +----------------- LC20 P0
        | +--------------- LC21 P1
        | | +------------- LC24 P2
        | | | +----------- LC25 P4
        | | | | +--------- LC27 |4_2_msb:26|1digit_summator:52|~9~1
        | | | | | +------- LC26 |4_2_msb:26|1digit_summator:55|~17~1
        | | | | | | +----- LC18 |4_2_msb:26|1digit_summator:57|C~1
        | | | | | | | +--- LC17 |4_2_msb:26|1digit_summator:58|~20~1
        | | | | | | | | +- LC19 |4_2_msb:26|1digit_summator:59|~14~1
        | | | | | | | | | 
        | | | | | | | | |   Other LABs fed by signals
        | | | | | | | | |   that feed LAB 'B'
LC      | | | | | | | | | | A B C D |     Logic cells that feed LAB 'B':
LC26 -> - - - * - - - - - | - * - - | <-- |4_2_msb:26|1digit_summator:55|~17~1
LC18 -> - - * - - - - - - | - * - - | <-- |4_2_msb:26|1digit_summator:57|C~1
LC17 -> - - - * - - - - - | - * - * | <-- |4_2_msb:26|1digit_summator:58|~20~1

Pin
12   -> * * * - - - * * - | - * * * | <-- A0
11   -> - * * - - - * * - | - * * * | <-- A1
9    -> - - * - - - * * - | - * * * | <-- A2
8    -> - - - - * - - * - | - * * * | <-- A3
7    -> * * * - - - * * - | - * * * | <-- B0
6    -> - * * - - - * * - | - * * * | <-- B1
5    -> - - * - - - * * - | - * * * | <-- B2
4    -> - - - - * - - * - | - * * * | <-- B3
LC60 -> - - - - - * - - - | - * - - | <-- |4_2_msb:26|1digit_summator:55|~17~2
LC58 -> - - - - - * - - - | - * - - | <-- |4_2_msb:26|1digit_summator:55|~17~3
LC44 -> - - - - - - - * - | - * - - | <-- |4_2_msb:26|1digit_summator:58|P~2
LC46 -> - - - - - - - * - | - * - - | <-- |4_2_msb:26|1digit_summator:58|P~3
LC55 -> - - - * - - - - * | - * - - | <-- |4_2_msb:26|1digit_summator:59|~14~2
LC53 -> - - - * - - - - * | - * - - | <-- |4_2_msb:26|1digit_summator:59|~14~3


* = The logic cell or pin is an input to the logic cell (or LAB) through the PIA.
- = The logic cell or pin is not an input to the logic cell (or LAB).


Device-Specific Information:                     c:\projects\alu\component.rpt
component

** LOGIC CELL INTERCONNECTIONS **

Logic Array Block 'C':

                                         Logic cells placed in LAB 'C'
        +------------------------------- LC35 P3
        | +----------------------------- LC48 |4_2_msb:26|1digit_summator:51|~13~1
        | | +--------------------------- LC41 |4_2_msb:26|1digit_summator:51|~18~1
        | | | +------------------------- LC47 |4_2_msb:26|1digit_summator:52|~17~1
        | | | | +----------------------- LC45 |4_2_msb:26|1digit_summator:52|~18~1
        | | | | | +--------------------- LC33 |4_2_msb:26|1digit_summator:56|~9~1
        | | | | | | +------------------- LC43 |4_2_msb:26|1digit_summator:56|~9~2
        | | | | | | | +----------------- LC34 |4_2_msb:26|1digit_summator:56|~13~1
        | | | | | | | | +--------------- LC36 |4_2_msb:26|1digit_summator:58|C~1
        | | | | | | | | | +------------- LC37 |4_2_msb:26|1digit_summator:58|C~2
        | | | | | | | | | | +----------- LC38 |4_2_msb:26|1digit_summator:58|C~3
        | | | | | | | | | | | +--------- LC39 |4_2_msb:26|1digit_summator:58|C~4
        | | | | | | | | | | | | +------- LC40 |4_2_msb:26|1digit_summator:58|C~5
        | | | | | | | | | | | | | +----- LC42 |4_2_msb:26|1digit_summator:58|C~6
        | | | | | | | | | | | | | | +--- LC44 |4_2_msb:26|1digit_summator:58|P~2
        | | | | | | | | | | | | | | | +- LC46 |4_2_msb:26|1digit_summator:58|P~3
        | | | | | | | | | | | | | | | | 
        | | | | | | | | | | | | | | | |   Other LABs fed by signals
        | | | | | | | | | | | | | | | |   that feed LAB 'C'
LC      | | | | | | | | | | | | | | | | | A B C D |     Logic cells that feed LAB 'C':
LC43 -> - - - - - * - - - - - - - - - - | - - * - | <-- |4_2_msb:26|1digit_summator:56|~9~2
LC36 -> * - - - - - - - - - - - - - - - | - - * - | <-- |4_2_msb:26|1digit_summator:58|C~1
LC37 -> * - - - - - - - - - - - - - - - | - - * - | <-- |4_2_msb:26|1digit_summator:58|C~2
LC38 -> * - - - - - - - - - - - - - - - | - - * - | <-- |4_2_msb:26|1digit_summator:58|C~3
LC39 -> * - - - - - - - - - - - - - - - | - - * - | <-- |4_2_msb:26|1digit_summator:58|C~4
LC40 -> * - - - - - - - - - - - - - - - | - - * - | <-- |4_2_msb:26|1digit_summator:58|C~5
LC42 -> * - - - - - - - - - - - - - - - | - - * - | <-- |4_2_msb:26|1digit_summator:58|C~6

Pin
12   -> * - * * * * * * * * * * * * * * | - * * * | <-- A0
11   -> * - * * * * * * * * * * * * * * | - * * * | <-- A1
9    -> * * * * * * * * * * * * * * * * | - * * * | <-- A2
8    -> * * * * * * * * * * * * * * * * | - * * * | <-- A3
7    -> * - - - - * * * * * * * * * * * | - * * * | <-- B0
6    -> * - - - - * * * * * * * * * * * | - * * * | <-- B1
5    -> * * * * * * * * * * * * * - - * | - * * * | <-- B2
4    -> * * * * * * * * * * * * * - * * | - * * * | <-- B3


* = The logic cell or pin is an input to the logic cell (or LAB) through the PIA.
- = The logic cell or pin is not an input to the logic cell (or LAB).


Device-Specific Information:                     c:\projects\alu\component.rpt
component

** LOGIC CELL INTERCONNECTIONS **

Logic Array Block 'D':

                                         Logic cells placed in LAB 'D'
        +------------------------------- LC56 P5
        | +----------------------------- LC64 P6
        | | +--------------------------- LC49 P7
        | | | +------------------------- LC63 |4_2_msb:26|1digit_summator:55|~13~1
        | | | | +----------------------- LC60 |4_2_msb:26|1digit_summator:55|~17~2
        | | | | | +--------------------- LC58 |4_2_msb:26|1digit_summator:55|~17~3
        | | | | | | +------------------- LC55 |4_2_msb:26|1digit_summator:59|~14~2
        | | | | | | | +----------------- LC53 |4_2_msb:26|1digit_summator:59|~14~3
        | | | | | | | | +--------------- LC52 |4_2_msb:26|1digit_summator:61|~9~1
        | | | | | | | | | +------------- LC51 |4_2_msb:26|1digit_summator:61|~13~1
        | | | | | | | | | | +----------- LC50 |4_2_msb:26|1digit_summator:61|~14~1
        | | | | | | | | | | | +--------- LC61 |4_2_msb:26|1digit_summator:61|~14~2
        | | | | | | | | | | | | +------- LC59 |4_2_msb:26|1digit_summator:62|~20~1
        | | | | | | | | | | | | | +----- LC57 |4_2_msb:26|1digit_summator:62|P~2
        | | | | | | | | | | | | | | +--- LC54 |4_2_msb:26|1digit_summator:62|P~3
        | | | | | | | | | | | | | | | +- LC62 |4_2_msb:26|1digit_summator:62|P~4
        | | | | | | | | | | | | | | | | 
        | | | | | | | | | | | | | | | |   Other LABs fed by signals
        | | | | | | | | | | | | | | | |   that feed LAB 'D'
LC      | | | | | | | | | | | | | | | | | A B C D |     Logic cells that feed LAB 'D':
LC63 -> * * * - * * * * * * * * * * * * | - - - * | <-- |4_2_msb:26|1digit_summator:55|~13~1
LC52 -> - * - - - - - - - - - - - - - - | - - - * | <-- |4_2_msb:26|1digit_summator:61|~9~1
LC51 -> - * * - - - - - - - - - - - - - | - - - * | <-- |4_2_msb:26|1digit_summator:61|~13~1
LC50 -> - * * - - - - - - - - - - - - - | - - - * | <-- |4_2_msb:26|1digit_summator:61|~14~1
LC61 -> - - - - - - - - - - * - - - - - | - - - * | <-- |4_2_msb:26|1digit_summator:61|~14~2
LC59 -> - * - - - - - - - - - - - - - - | - - - * | <-- |4_2_msb:26|1digit_summator:62|~20~1
LC57 -> - * * - - - - - - - - - * - - - | - - - * | <-- |4_2_msb:26|1digit_summator:62|P~2
LC54 -> - * * - - - - - - - - - * - - - | - - - * | <-- |4_2_msb:26|1digit_summator:62|P~3
LC62 -> - * * - - - - - - - - - * - - - | - - - * | <-- |4_2_msb:26|1digit_summator:62|P~4

Pin
12   -> - * * * * - * - - * - - * * * * | - * * * | <-- A0
11   -> - * * * * * * * - * - - * * * * | - * * * | <-- A1
9    -> - * * * * * * * - * * - * * * * | - * * * | <-- A2
8    -> - - - * * * * * - * * - - * * * | - * * * | <-- A3
7    -> - * * * * * * * - * - - * * * * | - * * * | <-- B0
6    -> - * * * * * * * - * - - * * * * | - * * * | <-- B1
5    -> - * * * * * * * - * * - * * * * | - * * * | <-- B2
4    -> - * * * * * * * - * * - * * * * | - * * * | <-- B3
LC48 -> - - - - - - - - - - - * - - - - | - - - * | <-- |4_2_msb:26|1digit_summator:51|~13~1
LC41 -> - - - - - - - - - - * * - - - - | - - - * | <-- |4_2_msb:26|1digit_summator:51|~18~1
LC27 -> - - - - - - - - - - - * - - - - | - - - * | <-- |4_2_msb:26|1digit_summator:52|~9~1
LC47 -> - - - - - - - - * * * * - - - - | - - - * | <-- |4_2_msb:26|1digit_summator:52|~17~1
LC45 -> - - * - - - - - * * * * - - - - | - - - * | <-- |4_2_msb:26|1digit_summator:52|~18~1
LC33 -> * * * - - - - - * * - * * * * * | - - - * | <-- |4_2_msb:26|1digit_summator:56|~9~1
LC34 -> * * * - - - - - * - * * * * * * | - - - * | <-- |4_2_msb:26|1digit_summator:56|~13~1
LC17 -> * - - - - - - - - - - - - - - - | - * - * | <-- |4_2_msb:26|1digit_summator:58|~20~1
LC19 -> * - - - - - - - - - - - - - - - | - - - * | <-- |4_2_msb:26|1digit_summator:59|~14~1


* = The logic cell or pin is an input to the logic cell (or LAB) through the PIA.
- = The logic cell or pin is not an input to the logic cell (or LAB).


Device-Specific Information:                     c:\projects\alu\component.rpt
component

** EQUATIONS **

A0       : INPUT;
A1       : INPUT;
A2       : INPUT;
A3       : INPUT;
B0       : INPUT;
B1       : INPUT;
B2       : INPUT;
B3       : INPUT;

-- Node name is 'P0' 
-- Equation name is 'P0', location is LC020, type is output.
 P0      = LCELL( _EQ001 $  GND);
  _EQ001 =  A0 &  B0;

-- Node name is 'P1' 
-- Equation name is 'P1', location is LC021, type is output.
 P1      = LCELL( _EQ002 $  A1);
  _EQ002 =  A0 &  A1 &  B0 &  B1
         #  A0 & !A1 &  B1
         #  A1 & !B0 & !B1
         # !A0 &  A1 & !B0;

-- Node name is 'P2' 
-- Equation name is 'P2', location is LC024, type is output.
 P2      = LCELL( _EQ003 $  _EQ004);
  _EQ003 =  A0 &  A1 & !B0 &  B1 &  B2 & !_LC018 &  _X001
         # !A0 &  A1 &  A2 &  B0 &  B1 & !_LC018 &  _X001
         #  A0 &  A2 &  B0 &  B2 & !_LC018 &  _X001
         #  A0 & !A2 &  B0 & !B2 & !_LC018 &  _X001;
  _X001  = EXP(!A0 & !A1 & !A2);
  _EQ004 = !_LC018 &  _X001;
  _X001  = EXP(!A0 & !A1 & !A2);

-- Node name is 'P3' 
-- Equation name is 'P3', location is LC035, type is output.
 P3      = LCELL( _EQ005 $  _EQ006);
  _EQ005 =  A0 &  A1 & !A2 &  A3 &  B1 & !B2 & !B3 & !_LC036 & !_LC037 & 
             !_LC038 & !_LC039 & !_LC040 & !_LC042
         #  A0 & !A1 &  A2 &  A3 & !B1 &  B2 & !B3 & !_LC036 & !_LC037 & 
             !_LC038 & !_LC039 & !_LC040 & !_LC042
         #  A1 & !A2 & !A3 &  B0 &  B1 & !B2 &  B3 & !_LC036 & !_LC037 & 
             !_LC038 & !_LC039 & !_LC040 & !_LC042
         # !A1 &  A2 & !A3 &  B0 & !B1 &  B2 &  B3 & !_LC036 & !_LC037 & 
             !_LC038 & !_LC039 & !_LC040 & !_LC042;
  _EQ006 = !_LC036 & !_LC037 & !_LC038 & !_LC039 & !_LC040 & !_LC042;

-- Node name is 'P4' 
-- Equation name is 'P4', location is LC025, type is output.
 P4      = LCELL( _EQ007 $  VCC);
  _EQ007 = !_LC017 & !_LC053 & !_LC055
         #  _LC017 &  _LC026;

-- Node name is 'P5' 
-- Equation name is 'P5', location is LC056, type is output.
 P5      = LCELL( _EQ008 $  VCC);
  _EQ008 =  _LC017 &  _LC019 &  _LC033 &  _LC034 &  _LC063
         #  _LC017 &  _LC019 & !_LC063 &  _X002
         #  _LC033 &  _LC034 & !_LC063 &  _X003
         #  _LC063 &  _X002 &  _X003;
  _X002  = EXP( _LC033 &  _LC034);
  _X003  = EXP( _LC017 &  _LC019);

-- Node name is 'P6' 
-- Equation name is 'P6', location is LC064, type is output.
 P6      = LCELL( _EQ009 $  VCC);
  _EQ009 = !_LC050 & !_LC054 & !_LC057 & !_LC062 &  _X004 &  _X005
         #  _LC051 &  _LC052 &  _LC059;
  _X004  = EXP( A0 & !A1 &  A2 &  B0 &  B2 &  B3 &  _LC033 &  _LC034 &  _LC063);
  _X005  = EXP( A1 &  A2 & !B0 &  B1 &  B2 & !B3 &  _LC033 &  _LC034 &  _LC063);

-- Node name is 'P7' 
-- Equation name is 'P7', location is LC049, type is output.
 P7      = LCELL( _EQ010 $  VCC);
  _EQ010 =  _LC045 &  _LC051 & !_LC054 & !_LC057 & !_LC062 &  _X004 &  _X005
         #  _LC045 & !_LC050 &  _LC051;
  _X004  = EXP( A0 & !A1 &  A2 &  B0 &  B2 &  B3 &  _LC033 &  _LC034 &  _LC063);
  _X005  = EXP( A1 &  A2 & !B0 &  B1 &  B2 & !B3 &  _LC033 &  _LC034 &  _LC063);

-- Node name is '|4_2_msb:26|1digit_summator:51|~13~1' 
-- Equation name is '_LC048', type is buried 
-- synthesized logic cell 
_LC048   = LCELL( _EQ011 $  VCC);
  _EQ011 =  A2 &  A3 &  B2 &  B3;

-- Node name is '|4_2_msb:26|1digit_summator:51|~18~1' 
-- Equation name is '_LC041', type is buried 
-- synthesized logic cell 
_LC041   = LCELL( _EQ012 $  VCC);
  _EQ012 =  A0 &  A1 &  A3 &  B2 &  B3 &  _X006
         #  A1 &  A2 &  B2 &  B3 &  _X006;
  _X006  = EXP( A2 &  A3 &  B2 &  B3);

-- Node name is '|4_2_msb:26|1digit_summator:52|~9~1' 
-- Equation name is '_LC027', type is buried 
-- synthesized logic cell 
_LC027   = LCELL( _EQ013 $  GND);
  _EQ013 =  A3 &  B3;

-- Node name is '|4_2_msb:26|1digit_summator:52|~17~1' 
-- Equation name is '_LC047', type is buried 
-- synthesized logic cell 
_LC047   = LCELL( _EQ014 $  _EQ015);
  _EQ014 =  A0 &  A1 &  A3 &  B2 &  B3 &  _X007
         #  A2 &  A3 &  B2 &  B3 &  _X007
         #  A1 &  A2 &  B2 &  B3 &  _X007;
  _X007  = EXP( A3 &  B3);
  _EQ015 =  A3 &  B3;

-- Node name is '|4_2_msb:26|1digit_summator:52|~18~1' 
-- Equation name is '_LC045', type is buried 
-- synthesized logic cell 
_LC045   = LCELL( _EQ016 $  VCC);
  _EQ016 =  A0 &  A1 &  A3 &  B2 &  B3
         #  A2 &  A3 &  B2 &  B3;

-- Node name is '|4_2_msb:26|1digit_summator:55|~13~1' 
-- Equation name is '_LC063', type is buried 
-- synthesized logic cell 
_LC063   = LCELL( _EQ017 $  VCC);
  _EQ017 =  A1 &  A2 & !A3 &  B0 &  B1 &  B2 &  _X008
         #  A1 &  A2 & !A3 &  B0 &  B1 & !B2 &  B3
         #  A2 &  A3 & !B0 &  B1 &  B2 &  _X009
         # !A0 &  A1 & !A2 &  A3 &  B1 &  B3
         #  A1 &  A3 & !B0 &  B1 & !B2 &  B3;
  _X008  = EXP(!A0 &  B3);
  _X009  = EXP(!A0 &  A1 &  B3);

-- Node name is '|4_2_msb:26|1digit_summator:55|~17~1' 
-- Equation name is '_LC026', type is buried 
-- synthesized logic cell 
_LC026   = LCELL( _EQ018 $  VCC);
  _EQ018 = !_LC058 & !_LC060;

-- Node name is '|4_2_msb:26|1digit_summator:55|~17~2' 
-- Equation name is '_LC060', type is buried 
-- synthesized logic cell 
_LC060   = LCELL( _EQ019 $  GND);
  _EQ019 =  A1 &  A2 & !A3 &  B0 &  B1 &  _LC063
         # !A0 & !A2 &  A3 &  B1 &  _LC063
         # !A1 & !A2 &  A3 &  B1 &  _LC063
         # !A0 &  A1 & !A2 &  B3 &  _LC063
         #  A0 &  A2 &  B2 &  _LC063;

-- Node name is '|4_2_msb:26|1digit_summator:55|~17~3' 
-- Equation name is '_LC058', type is buried 
-- synthesized logic cell 
_LC058   = LCELL( _EQ020 $  GND);
  _EQ020 =  A3 & !B0 &  B1 &  _LC063
         #  A1 & !B2 &  B3 &  _LC063
         #  A2 &  B2 & !B3 &  _LC063
         # !A1 &  A2 &  B2 &  _LC063;

-- Node name is '|4_2_msb:26|1digit_summator:56|~9~1' 
-- Equation name is '_LC033', type is buried 
-- synthesized logic cell 
_LC033   = LCELL( _EQ021 $  _EQ022);
  _EQ021 =  A0 &  A1 & !A2 &  A3 & !B1 &  B3 & !_LC043 &  _X010 &  _X011 & 
              _X012 &  _X013
         #  A0 &  A1 & !A2 &  A3 & !B0 &  B3 & !_LC043 &  _X010 &  _X011 & 
              _X012 &  _X013
         # !A1 &  A2 &  A3 & !B0 &  B2 &  B3 & !_LC043 &  _X010 &  _X011 & 
              _X012 &  _X013
         # !A1 &  A2 &  A3 & !B1 &  B2 &  B3 & !_LC043 &  _X010 &  _X011 & 
              _X012 &  _X013;
  _X010  = EXP(!A1 & !A2 & !A3);
  _X011  = EXP(!A1 & !A2 & !B2);
  _X012  = EXP(!A2 & !A3 & !B2);
  _X013  = EXP(!A3 & !B3);
  _EQ022 = !_LC043 &  _X010 &  _X011 &  _X012 &  _X013;
  _X010  = EXP(!A1 & !A2 & !A3);
  _X011  = EXP(!A1 & !A2 & !B2);
  _X012  = EXP(!A2 & !A3 & !B2);
  _X013  = EXP(!A3 & !B3);

-- Node name is '|4_2_msb:26|1digit_summator:56|~9~2' 
-- Equation name is '_LC043', type is buried 
-- synthesized logic cell 
_LC043   = LCELL( _EQ023 $  GND);
  _EQ023 =  A1 &  A2 & !A3 &  B2
         # !A0 &  A1 & !A3 &  B2
         # !B0 & !B2 & !B3
         # !B1 & !B2 & !B3
         # !A0 & !A2 & !B2;

-- Node name is '|4_2_msb:26|1digit_summator:56|~13~1' 
-- Equation name is '_LC034', type is buried 
-- synthesized logic cell 
_LC034   = LCELL( _EQ024 $  VCC);
  _EQ024 =  A0 &  A1 &  A3 &  B0 &  B1 &  B2 & !B3
         #  A1 &  A2 &  A3 &  B0 &  B1 &  B2
         #  A2 &  A3 &  B0 &  B1 & !B2 &  B3
         #  A2 &  A3 &  B0 &  B1 &  B2 & !B3;

-- Node name is '|4_2_msb:26|1digit_summator:57|~19~1' = '|4_2_msb:26|1digit_summator:57|C~1' 
-- Equation name is '_LC018', type is buried 
-- synthesized logic cell 
_LC018   = LCELL( _EQ025 $  GND);
  _EQ025 = !B0 & !B1 & !B2
         # !A1 & !B0 & !B2
         # !A0 & !B0 & !B1
         # !A0 & !A1 & !B0
         # !A0 & !A2 & !B1;

-- Node name is '|4_2_msb:26|1digit_summator:58|~19~1' = '|4_2_msb:26|1digit_summator:58|C~1' 
-- Equation name is '_LC036', type is buried 
-- synthesized logic cell 
_LC036   = LCELL( _EQ026 $  GND);
  _EQ026 =  A0 & !A1 &  A2 & !A3 &  B1 & !B2 &  B3
         #  A1 & !A2 &  A3 &  B0 & !B1 &  B2 & !B3
         #  A0 &  A1 & !A2 & !A3 & !B1 &  B2 &  B3
         # !A1 &  A2 &  A3 &  B0 &  B1 & !B2 & !B3
         #  A0 &  A1 &  A2 &  A3 &  B1 &  B3;

-- Node name is '|4_2_msb:26|1digit_summator:58|~19~2' = '|4_2_msb:26|1digit_summator:58|C~2' 
-- Equation name is '_LC037', type is buried 
-- synthesized logic cell 
_LC037   = LCELL( _EQ027 $  GND);
  _EQ027 =  A0 &  A2 &  A3 &  B1 &  B2 &  B3
         #  A0 &  A1 &  A2 &  A3 &  B2 &  B3
         #  A1 &  A3 &  B0 &  B1 &  B2 &  B3
         #  A0 & !A3 &  B0 &  B1 &  B2 & !B3
         #  A0 &  A1 &  A2 & !A3 &  B0 & !B3;

-- Node name is '|4_2_msb:26|1digit_summator:58|~19~3' = '|4_2_msb:26|1digit_summator:58|C~3' 
-- Equation name is '_LC038', type is buried 
-- synthesized logic cell 
_LC038   = LCELL( _EQ028 $  GND);
  _EQ028 =  A0 & !A1 & !A2 &  A3 &  B0 &  B3
         # !A0 &  A1 &  A2 & !B0 &  B1 &  B2
         #  A0 &  A3 &  B0 & !B1 & !B2 &  B3
         #  A0 &  A1 & !B0 & !B1 &  B2 &  B3
         # !A0 & !A1 &  A2 &  A3 &  B0 &  B1;

-- Node name is '|4_2_msb:26|1digit_summator:58|~19~4' = '|4_2_msb:26|1digit_summator:58|C~4' 
-- Equation name is '_LC039', type is buried 
-- synthesized logic cell 
_LC039   = LCELL( _EQ029 $  GND);
  _EQ029 = !A0 &  A1 &  A3 &  B0 &  B2
         #  A0 &  A2 & !B0 &  B1 &  B3
         # !A0 &  A1 & !A3 &  B0 & !B2
         #  A0 & !A2 & !B0 &  B1 & !B3
         # !B0 & !B1 & !B2 & !B3;

-- Node name is '|4_2_msb:26|1digit_summator:58|~19~5' = '|4_2_msb:26|1digit_summator:58|C~5' 
-- Equation name is '_LC040', type is buried 
-- synthesized logic cell 
_LC040   = LCELL( _EQ030 $  GND);
  _EQ030 = !A3 & !B1 & !B2 & !B3
         # !A0 & !B0 & !B1 & !B2
         # !A0 & !A2 & !B0 & !B2
         # !A1 & !A2 & !A3 & !B3
         # !A1 & !B0 & !B1 & !B3;

-- Node name is '|4_2_msb:26|1digit_summator:58|~19~6' = '|4_2_msb:26|1digit_summator:58|C~6' 
-- Equation name is '_LC042', type is buried 
-- synthesized logic cell 
_LC042   = LCELL( _EQ031 $  GND);
  _EQ031 = !A0 & !A1 & !A2 & !A3
         # !A0 & !A1 & !B0 & !B1
         # !A0 & !A1 & !A2 & !B0
         # !A0 & !A1 & !A3 & !B1;

-- Node name is '|4_2_msb:26|1digit_summator:58|~20~2' = '|4_2_msb:26|1digit_summator:58|P~2' 
-- Equation name is '_LC044', type is buried 
-- synthesized logic cell 
_LC044   = LCELL( _EQ032 $  GND);
  _EQ032 = !A1 &  A3 &  B1 & !B3
         # !A1 & !A3 & !B1 & !B3
         # !A2 & !B0 &  B3
         # !A0 & !A3 &  B0
         # !A1 & !B0 & !B3;

-- Node name is '|4_2_msb:26|1digit_summator:58|~20~3' = '|4_2_msb:26|1digit_summator:58|P~3' 
-- Equation name is '_LC046', type is buried 
-- synthesized logic cell 
_LC046   = LCELL( _EQ033 $  GND);
  _EQ033 = !A1 & !A2 & !B3
         # !A3 & !B1 & !B2
         # !A2 & !A3 & !B1
         # !A0 & !A2 & !B0
         # !A0 & !A1;

-- Node name is '|4_2_msb:26|1digit_summator:58|~20~1' 
-- Equation name is '_LC017', type is buried 
-- synthesized logic cell 
_LC017   = LCELL( _EQ034 $  _EQ035);
  _EQ034 =  A0 &  A1 & !A2 &  A3 &  B0 &  B1 & !_LC044 & !_LC046 &  _X010 & 
              _X014 &  _X015 &  _X016
         # !A1 &  A2 &  A3 &  B0 &  B1 & !B2 & !_LC044 & !_LC046 &  _X010 & 
              _X014 &  _X015 &  _X016
         #  A1 &  A2 & !A3 &  B0 &  B3 & !_LC044 & !_LC046 &  _X010 &  _X014 & 
              _X015 &  _X016
         #  A0 &  A1 & !A2 &  B2 &  B3 & !_LC044 & !_LC046 &  _X010 &  _X014 & 
              _X015 &  _X016;
  _X010  = EXP(!A1 & !A2 & !A3);
  _X014  = EXP(!B0 & !B1);
  _X015  = EXP(!A0 & !B2);
  _X016  = EXP(!B2 & !B3);
  _EQ035 = !_LC044 & !_LC046 &  _X010 &  _X014 &  _X015 &  _X016;
  _X010  = EXP(!A1 & !A2 & !A3);
  _X014  = EXP(!B0 & !B1);
  _X015  = EXP(!A0 & !B2);
  _X016  = EXP(!B2 & !B3);

-- Node name is '|4_2_msb:26|1digit_summator:59|~14~1' 
-- Equation name is '_LC019', type is buried 
-- synthesized logic cell 
_LC019   = LCELL( _EQ036 $  VCC);
  _EQ036 = !_LC053 & !_LC055;

-- Node name is '|4_2_msb:26|1digit_summator:59|~14~2' 
-- Equation name is '_LC055', type is buried 
-- synthesized logic cell 
_LC055   = LCELL( _EQ037 $  GND);
  _EQ037 =  A1 &  A2 & !A3 &  B0 &  B1 &  _LC063
         # !A0 & !A2 &  A3 &  B1 &  _LC063
         # !A1 & !A2 &  A3 &  B1 &  _LC063
         # !A0 &  A1 & !A2 &  B3 &  _LC063
         #  A0 &  A2 &  B2 &  _LC063;

-- Node name is '|4_2_msb:26|1digit_summator:59|~14~3' 
-- Equation name is '_LC053', type is buried 
-- synthesized logic cell 
_LC053   = LCELL( _EQ038 $  GND);
  _EQ038 =  A3 & !B0 &  B1 &  _LC063
         #  A1 & !B2 &  B3 &  _LC063
         #  A2 &  B2 & !B3 &  _LC063
         # !A1 &  A2 &  B2 &  _LC063;

-- Node name is '|4_2_msb:26|1digit_summator:61|~9~1' 
-- Equation name is '_LC052', type is buried 
-- synthesized logic cell 
_LC052   = LCELL( _EQ039 $ !_LC034);
  _EQ039 =  _LC034 &  _LC045 &  _LC047
         #  _LC033 &  _LC034 & !_LC063;

-- Node name is '|4_2_msb:26|1digit_summator:61|~13~1' 
-- Equation name is '_LC051', type is buried 
-- synthesized logic cell 
_LC051   = LCELL( _EQ040 $  VCC);
  _EQ040 =  A0 &  A1 &  A3 &  B0 &  B1 &  B2 & !B3 &  _LC045 &  _LC047
         #  A1 &  A2 &  A3 &  B0 &  B1 &  B2 &  _LC045 &  _LC047
         #  A2 &  A3 &  B0 &  B1 & !B2 &  B3 &  _LC045 &  _LC047
         #  A2 &  A3 &  B0 &  B1 &  B2 & !B3 &  _LC045 &  _LC047
         #  _LC033 &  _LC045 &  _LC047 & !_LC063;

-- Node name is '|4_2_msb:26|1digit_summator:61|~14~1' 
-- Equation name is '_LC050', type is buried 
-- synthesized logic cell 
_LC050   = LCELL( _EQ041 $ !_LC061);
  _EQ041 =  _LC034 &  _LC041 & !_LC061 &  _LC063 &  _X006 &  _X007
         #  _LC041 &  _LC045 &  _LC047 & !_LC061 &  _X006 &  _X007;
  _X006  = EXP( A2 &  A3 &  B2 &  B3);
  _X007  = EXP( A3 &  B3);

-- Node name is '|4_2_msb:26|1digit_summator:61|~14~2' 
-- Equation name is '_LC061', type is buried 
-- synthesized logic cell 
_LC061   = LCELL( _EQ042 $  GND);
  _EQ042 = !_LC027 & !_LC033 &  _LC034 &  _LC041 &  _LC048
         #  _LC033 &  _LC045 &  _LC047 & !_LC063
         #  _LC034 & !_LC045 &  _LC063
         # !_LC034 &  _LC045 &  _LC047
         # !_LC033 &  _LC034 & !_LC045;

-- Node name is '|4_2_msb:26|1digit_summator:62|~20~2' = '|4_2_msb:26|1digit_summator:62|P~2' 
-- Equation name is '_LC057', type is buried 
-- synthesized logic cell 
_LC057   = LCELL( _EQ043 $  GND);
  _EQ043 =  A0 &  A1 & !A2 & !A3 &  B0 &  B1 & !B2 &  B3 &  _LC033 &  _LC034 & 
              _LC063
         # !A0 &  A1 &  A3 &  B0 &  B1 &  B2 & !B3 &  _LC033 &  _LC034 & 
              _LC063
         #  A0 & !A1 & !A2 &  A3 &  B0 &  B1 &  B3 &  _LC033 &  _LC034 & 
              _LC063
         # !A0 &  A1 & !A2 &  A3 &  B0 &  B2 &  B3 &  _LC033 &  _LC034 & 
              _LC063
         #  A0 &  A1 &  A3 & !B0 &  B1 &  B2 & !B3 &  _LC033 &  _LC034 & 
              _LC063;

-- Node name is '|4_2_msb:26|1digit_summator:62|~20~3' = '|4_2_msb:26|1digit_summator:62|P~3' 
-- Equation name is '_LC054', type is buried 
-- synthesized logic cell 
_LC054   = LCELL( _EQ044 $  GND);
  _EQ044 =  A0 &  A1 &  A3 &  B0 & !B1 & !B2 &  B3 &  _LC033 &  _LC034 & 
              _LC063
         #  A0 &  A2 & !A3 &  B0 &  B1 &  B2 & !B3 &  _LC033 &  _LC034 & 
              _LC063
         #  A0 &  A1 &  A2 &  A3 &  B1 &  B3 &  _LC033 &  _LC034 &  _LC063
         #  A0 & !A1 &  A2 &  B1 &  B2 &  B3 &  _LC033 &  _LC034 &  _LC063
         #  A0 &  A2 &  A3 & !B0 &  B1 &  B3 &  _LC033 &  _LC034 &  _LC063;

-- Node name is '|4_2_msb:26|1digit_summator:62|~20~4' = '|4_2_msb:26|1digit_summator:62|P~4' 
-- Equation name is '_LC062', type is buried 
-- synthesized logic cell 
_LC062   = LCELL( _EQ045 $  GND);
  _EQ045 =  A0 &  A2 &  A3 &  B0 & !B1 &  B2 &  _LC033 &  _LC034 &  _LC063
         #  A1 &  A2 &  A3 & !B0 &  B1 &  B2 &  _LC033 &  _LC034 &  _LC063
         #  A0 &  A1 &  A2 & !B0 &  B1 &  B3 &  _LC033 &  _LC034 &  _LC063
         #  A0 &  A1 &  A2 &  B0 &  B2 & !B3 &  _LC033 &  _LC034 &  _LC063
         #  A1 &  A2 &  A3 &  B0 &  B2 & !B3 &  _LC033 &  _LC034 &  _LC063;

-- Node name is '|4_2_msb:26|1digit_summator:62|~20~1' 
-- Equation name is '_LC059', type is buried 
-- synthesized logic cell 
_LC059   = LCELL( _EQ046 $  VCC);
  _EQ046 = !_LC054 & !_LC057 & !_LC062 &  _X004 &  _X005;
  _X004  = EXP( A0 & !A1 &  A2 &  B0 &  B2 &  B3 &  _LC033 &  _LC034 &  _LC063);
  _X005  = EXP( A1 &  A2 & !B0 &  B1 &  B2 & !B3 &  _LC033 &  _LC034 &  _LC063);



--     Shareable expanders that are duplicated in multiple LABs:
--    _X006 occurs in LABs C, D
--    _X007 occurs in LABs C, D
--    _X010 occurs in LABs B, C




Project Information                              c:\projects\alu\component.rpt

** COMPILATION SETTINGS & TIMES **

Processing Menu Commands
------------------------

Design Doctor                             = off

Logic Synthesis:

   Synthesis Type Used                    = Standard

   Default Synthesis Style                = NORMAL

      Logic option settings in 'NORMAL' style for 'MAX7000' family

      DECOMPOSE_GATES                     = on
      DUPLICATE_LOGIC_EXTRACTION          = on
      MINIMIZATION                        = full
      MULTI_LEVEL_FACTORING               = on
      NOT_GATE_PUSH_BACK                  = on
      PARALLEL_EXPANDERS                  = off
      REDUCE_LOGIC                        = on
      REFACTORIZATION                     = on
      REGISTER_OPTIMIZATION               = on
      RESYNTHESIZE_NETWORK                = on
      SLOW_SLEW_RATE                      = off
      SOFT_BUFFER_INSERTION               = on
      SUBFACTOR_EXTRACTION                = on
      TURBO_BIT                           = on
      XOR_SYNTHESIS                       = on
      IGNORE_SOFT_BUFFERS                 = off
      USE_LPM_FOR_AHDL_OPERATORS          = off

   Other logic synthesis settings:

      Automatic Global Clock              = on
      Automatic Global Clear              = on
      Automatic Global Preset             = on
      Automatic Global Output Enable      = on
      Automatic Fast I/O                  = off
      Automatic Register Packing          = off
      Automatic Open-Drain Pins           = on
      Automatic Implement in EAB          = off
      One-Hot State Machine Encoding      = off
      Optimize                            = 5

Default Timing Specifications: None

Cut All Bidir Feedback Timing Paths       = on
Cut All Clear & Preset Timing Paths       = on

Ignore Timing Assignments                 = off

Functional SNF Extractor                  = off

Linked SNF Extractor                      = off
Timing SNF Extractor                      = on
Optimize Timing SNF                       = off
Generate AHDL TDO File                    = off
Fitter Settings                           = NORMAL
Smart Recompile                           = off
Total Recompile                           = off

Interfaces Menu Commands
------------------------

EDIF Netlist Writer                       = off
Verilog Netlist Writer                    = off
VHDL Netlist Writer                       = off

Compilation Times
-----------------

   Compiler Netlist Extractor             00:00:00
   Database Builder                       00:00:00
   Logic Synthesizer                      00:00:00
   Partitioner                            00:00:00
   Fitter                                 00:00:00
   Timing SNF Extractor                   00:00:00
   Assembler                              00:00:00
   --------------------------             --------
   Total Time                             00:00:00


Memory Allocated
-----------------

Peak memory allocated during compilation  = 3,145K
