Timing Analyzer report for p7_reg
Thu Oct 18 19:40:05 2018
Version 5.0 Build 148 04/26/2005 SJ Full Version


---------------------
; Table of Contents ;
---------------------
  1. Legal Notice
  2. Timing Analyzer Summary
  3. Timing Analyzer Settings
  4. Clock Settings Summary
  5. Clock Setup: 'c'
  6. tsu
  7. tco
  8. th
  9. Timing Analyzer Messages



----------------
; Legal Notice ;
----------------
Copyright (C) 1991-2005 Altera Corporation
Your use of Altera Corporation's design tools, logic functions 
and other software and tools, and its AMPP partner logic       
functions, and any output files any of the foregoing           
(including device programming or simulation files), and any    
associated documentation or information are expressly subject  
to the terms and conditions of the Altera Program License      
Subscription Agreement, Altera MegaCore Function License       
Agreement, or other applicable license agreement, including,   
without limitation, that your use is for the sole purpose of   
programming logic devices manufactured by Altera and sold by   
Altera or its authorized distributors.  Please refer to the    
applicable agreement for further details.



+------------------------------------------------------------------------------------------------------------------------------------------------------------------+
; Timing Analyzer Summary                                                                                                                                          ;
+------------------------------+-------+---------------+------------------------------------------------+---------+---------+------------+----------+--------------+
; Type                         ; Slack ; Required Time ; Actual Time                                    ; From    ; To      ; From Clock ; To Clock ; Failed Paths ;
+------------------------------+-------+---------------+------------------------------------------------+---------+---------+------------+----------+--------------+
; Worst-case tsu               ; N/A   ; None          ; 2.537 ns                                       ; r       ; q2~reg0 ;            ; c        ; 0            ;
; Worst-case tco               ; N/A   ; None          ; 6.937 ns                                       ; q2~reg0 ; q2      ; c          ;          ; 0            ;
; Worst-case th                ; N/A   ; None          ; -1.956 ns                                      ; d       ; d1~reg0 ;            ; c        ; 0            ;
; Clock Setup: 'c'             ; N/A   ; None          ; Restricted to 422.12 MHz ( period = 2.369 ns ) ; d21     ; d31     ; c          ; c        ; 0            ;
; Total number of failed paths ;       ;               ;                                                ;         ;         ;            ;          ; 0            ;
+------------------------------+-------+---------------+------------------------------------------------+---------+---------+------------+----------+--------------+


+------------------------------------------------------------------------------------------------------+
; Timing Analyzer Settings                                                                             ;
+-------------------------------------------------------+--------------------+------+----+-------------+
; Option                                                ; Setting            ; From ; To ; Entity Name ;
+-------------------------------------------------------+--------------------+------+----+-------------+
; Device Name                                           ; EP1S10F484C5       ;      ;    ;             ;
; Timing Models                                         ; Final              ;      ;    ;             ;
; Number of source nodes to report per destination node ; 10                 ;      ;    ;             ;
; Number of destination nodes to report                 ; 10                 ;      ;    ;             ;
; Number of paths to report                             ; 200                ;      ;    ;             ;
; Report Minimum Timing Checks                          ; Off                ;      ;    ;             ;
; Use Fast Timing Models                                ; Off                ;      ;    ;             ;
; Report IO Paths Separately                            ; Off                ;      ;    ;             ;
; Default hold multicycle                               ; Same as Multicycle ;      ;    ;             ;
; Cut paths between unrelated clock domains             ; On                 ;      ;    ;             ;
; Cut off read during write signal paths                ; On                 ;      ;    ;             ;
; Cut off feedback from I/O pins                        ; On                 ;      ;    ;             ;
; Report Combined Fast/Slow Timing                      ; Off                ;      ;    ;             ;
; Ignore Clock Settings                                 ; Off                ;      ;    ;             ;
; Analyze latches as synchronous elements               ; Off                ;      ;    ;             ;
; Enable Recovery/Removal analysis                      ; Off                ;      ;    ;             ;
; Enable Clock Latency                                  ; Off                ;      ;    ;             ;
+-------------------------------------------------------+--------------------+------+----+-------------+


+------------------------------------------------------------------------------------------------------------------------------------------------------------------------------------+
; Clock Settings Summary                                                                                                                                                             ;
+-----------------+--------------------+----------+------------------+---------------+--------------+----------+-----------------------+---------------------+--------+--------------+
; Clock Node Name ; Clock Setting Name ; Type     ; Fmax Requirement ; Early Latency ; Late Latency ; Based on ; Multiply Base Fmax by ; Divide Base Fmax by ; Offset ; Phase offset ;
+-----------------+--------------------+----------+------------------+---------------+--------------+----------+-----------------------+---------------------+--------+--------------+
; c               ;                    ; User Pin ; NONE             ; 0.000 ns      ; 0.000 ns     ; NONE     ; N/A                   ; N/A                 ; N/A    ;              ;
+-----------------+--------------------+----------+------------------+---------------+--------------+----------+-----------------------+---------------------+--------+--------------+


+----------------------------------------------------------------------------------------------------------------------------------------------------------------------------------------+
; Clock Setup: 'c'                                                                                                                                                                       ;
+-------+------------------------------------------------+---------+---------+------------+----------+-----------------------------+---------------------------+-------------------------+
; Slack ; Actual fmax (period)                           ; From    ; To      ; From Clock ; To Clock ; Required Setup Relationship ; Required Longest P2P Time ; Actual Longest P2P Time ;
+-------+------------------------------------------------+---------+---------+------------+----------+-----------------------------+---------------------------+-------------------------+
; N/A   ; Restricted to 422.12 MHz ( period = 2.369 ns ) ; d31     ; q2~reg0 ; c          ; c        ; None                        ; None                      ; 0.605 ns                ;
; N/A   ; Restricted to 422.12 MHz ( period = 2.369 ns ) ; d21     ; d31     ; c          ; c        ; None                        ; None                      ; 0.605 ns                ;
; N/A   ; Restricted to 422.12 MHz ( period = 2.369 ns ) ; d1~reg0 ; d21     ; c          ; c        ; None                        ; None                      ; 0.484 ns                ;
+-------+------------------------------------------------+---------+---------+------------+----------+-----------------------------+---------------------------+-------------------------+


+---------------------------------------------------------------+
; tsu                                                           ;
+-------+--------------+------------+------+---------+----------+
; Slack ; Required tsu ; Actual tsu ; From ; To      ; To Clock ;
+-------+--------------+------------+------+---------+----------+
; N/A   ; None         ; 2.537 ns   ; r    ; d1~reg0 ; c        ;
; N/A   ; None         ; 2.537 ns   ; r    ; d31     ; c        ;
; N/A   ; None         ; 2.537 ns   ; r    ; d21     ; c        ;
; N/A   ; None         ; 2.537 ns   ; r    ; q2~reg0 ; c        ;
; N/A   ; None         ; 2.066 ns   ; d    ; d1~reg0 ; c        ;
+-------+--------------+------------+------+---------+----------+


+---------------------------------------------------------------+
; tco                                                           ;
+-------+--------------+------------+---------+----+------------+
; Slack ; Required tco ; Actual tco ; From    ; To ; From Clock ;
+-------+--------------+------------+---------+----+------------+
; N/A   ; None         ; 6.937 ns   ; q2~reg0 ; q2 ; c          ;
; N/A   ; None         ; 6.934 ns   ; d21     ; q1 ; c          ;
; N/A   ; None         ; 6.933 ns   ; d1~reg0 ; d1 ; c          ;
; N/A   ; None         ; 6.652 ns   ; d31     ; d2 ; c          ;
+-------+--------------+------------+---------+----+------------+


+---------------------------------------------------------------------+
; th                                                                  ;
+---------------+-------------+-----------+------+---------+----------+
; Minimum Slack ; Required th ; Actual th ; From ; To      ; To Clock ;
+---------------+-------------+-----------+------+---------+----------+
; N/A           ; None        ; -1.956 ns ; d    ; d1~reg0 ; c        ;
; N/A           ; None        ; -2.427 ns ; r    ; d1~reg0 ; c        ;
; N/A           ; None        ; -2.427 ns ; r    ; d31     ; c        ;
; N/A           ; None        ; -2.427 ns ; r    ; d21     ; c        ;
; N/A           ; None        ; -2.427 ns ; r    ; q2~reg0 ; c        ;
+---------------+-------------+-----------+------+---------+----------+


+--------------------------+
; Timing Analyzer Messages ;
+--------------------------+
Info: *******************************************************************
Info: Running Quartus II Timing Analyzer
    Info: Version 5.0 Build 148 04/26/2005 SJ Full Version
    Info: Processing started: Thu Oct 18 19:40:04 2018
Info: Command: quartus_tan --read_settings_files=off --write_settings_files=off p7_reg -c p7_reg --timing_analysis_only
Warning: Found pins functioning as undefined clocks and/or memory enables
    Info: Assuming node "c" is an undefined clock
Info: Clock "c" Internal fmax is restricted to 422.12 MHz between source register "d31" and destination register "q2~reg0"
    Info: fmax restricted to clock pin edge rate 2.369 ns. Expand message to see actual delay path.
        Info: + Longest register to register delay is 0.605 ns
            Info: 1: + IC(0.000 ns) + CELL(0.000 ns) = 0.000 ns; Loc. = LC_X25_Y1_N4; Fanout = 2; REG Node = 'd31'
            Info: 2: + IC(0.382 ns) + CELL(0.223 ns) = 0.605 ns; Loc. = LC_X25_Y1_N2; Fanout = 1; REG Node = 'q2~reg0'
            Info: Total cell delay = 0.223 ns ( 36.86 % )
            Info: Total interconnect delay = 0.382 ns ( 63.14 % )
        Info: - Smallest clock skew is 0.000 ns
            Info: + Shortest clock path from clock "c" to destination register is 2.933 ns
                Info: 1: + IC(0.000 ns) + CELL(0.725 ns) = 0.725 ns; Loc. = PIN_L2; Fanout = 4; CLK Node = 'c'
                Info: 2: + IC(1.666 ns) + CELL(0.542 ns) = 2.933 ns; Loc. = LC_X25_Y1_N2; Fanout = 1; REG Node = 'q2~reg0'
                Info: Total cell delay = 1.267 ns ( 43.20 % )
                Info: Total interconnect delay = 1.666 ns ( 56.80 % )
            Info: - Longest clock path from clock "c" to source register is 2.933 ns
                Info: 1: + IC(0.000 ns) + CELL(0.725 ns) = 0.725 ns; Loc. = PIN_L2; Fanout = 4; CLK Node = 'c'
                Info: 2: + IC(1.666 ns) + CELL(0.542 ns) = 2.933 ns; Loc. = LC_X25_Y1_N4; Fanout = 2; REG Node = 'd31'
                Info: Total cell delay = 1.267 ns ( 43.20 % )
                Info: Total interconnect delay = 1.666 ns ( 56.80 % )
        Info: + Micro clock to output delay of source is 0.156 ns
        Info: + Micro setup delay of destination is 0.010 ns
        Info: Delay path is controlled by inverted clocks -- if clock duty cycle is 50, fmax is divided by two
Info: tsu for register "d1~reg0" (data pin = "r", clock pin = "c") is 2.537 ns
    Info: + Longest pin to register delay is 5.460 ns
        Info: 1: + IC(0.000 ns) + CELL(1.087 ns) = 1.087 ns; Loc. = PIN_AB12; Fanout = 4; PIN Node = 'r'
        Info: 2: + IC(3.668 ns) + CELL(0.705 ns) = 5.460 ns; Loc. = LC_X25_Y1_N5; Fanout = 2; REG Node = 'd1~reg0'
        Info: Total cell delay = 1.792 ns ( 32.82 % )
        Info: Total interconnect delay = 3.668 ns ( 67.18 % )
    Info: + Micro setup delay of destination is 0.010 ns
    Info: - Shortest clock path from clock "c" to destination register is 2.933 ns
        Info: 1: + IC(0.000 ns) + CELL(0.725 ns) = 0.725 ns; Loc. = PIN_L2; Fanout = 4; CLK Node = 'c'
        Info: 2: + IC(1.666 ns) + CELL(0.542 ns) = 2.933 ns; Loc. = LC_X25_Y1_N5; Fanout = 2; REG Node = 'd1~reg0'
        Info: Total cell delay = 1.267 ns ( 43.20 % )
        Info: Total interconnect delay = 1.666 ns ( 56.80 % )
Info: tco from clock "c" to destination pin "q2" through register "q2~reg0" is 6.937 ns
    Info: + Longest clock path from clock "c" to source register is 2.933 ns
        Info: 1: + IC(0.000 ns) + CELL(0.725 ns) = 0.725 ns; Loc. = PIN_L2; Fanout = 4; CLK Node = 'c'
        Info: 2: + IC(1.666 ns) + CELL(0.542 ns) = 2.933 ns; Loc. = LC_X25_Y1_N2; Fanout = 1; REG Node = 'q2~reg0'
        Info: Total cell delay = 1.267 ns ( 43.20 % )
        Info: Total interconnect delay = 1.666 ns ( 56.80 % )
    Info: + Micro clock to output delay of source is 0.156 ns
    Info: + Longest register to pin delay is 3.848 ns
        Info: 1: + IC(0.000 ns) + CELL(0.000 ns) = 0.000 ns; Loc. = LC_X25_Y1_N2; Fanout = 1; REG Node = 'q2~reg0'
        Info: 2: + IC(1.161 ns) + CELL(2.687 ns) = 3.848 ns; Loc. = PIN_AA12; Fanout = 0; PIN Node = 'q2'
        Info: Total cell delay = 2.687 ns ( 69.83 % )
        Info: Total interconnect delay = 1.161 ns ( 30.17 % )
Info: th for register "d1~reg0" (data pin = "d", clock pin = "c") is -1.956 ns
    Info: + Longest clock path from clock "c" to destination register is 2.933 ns
        Info: 1: + IC(0.000 ns) + CELL(0.725 ns) = 0.725 ns; Loc. = PIN_L2; Fanout = 4; CLK Node = 'c'
        Info: 2: + IC(1.666 ns) + CELL(0.542 ns) = 2.933 ns; Loc. = LC_X25_Y1_N5; Fanout = 2; REG Node = 'd1~reg0'
        Info: Total cell delay = 1.267 ns ( 43.20 % )
        Info: Total interconnect delay = 1.666 ns ( 56.80 % )
    Info: + Micro hold delay of destination is 0.100 ns
    Info: - Shortest pin to register delay is 4.989 ns
        Info: 1: + IC(0.000 ns) + CELL(1.087 ns) = 1.087 ns; Loc. = PIN_Y12; Fanout = 1; PIN Node = 'd'
        Info: 2: + IC(3.679 ns) + CELL(0.223 ns) = 4.989 ns; Loc. = LC_X25_Y1_N5; Fanout = 2; REG Node = 'd1~reg0'
        Info: Total cell delay = 1.310 ns ( 26.26 % )
        Info: Total interconnect delay = 3.679 ns ( 73.74 % )
Info: Quartus II Timing Analyzer was successful. 0 errors, 1 warning
    Info: Processing ended: Thu Oct 18 19:40:05 2018
    Info: Elapsed time: 00:00:01


