Timing Analyzer report for 74153_only
Tue Nov 13 17:26:27 2018
Version 5.0 Build 148 04/26/2005 SJ Full Version


---------------------
; Table of Contents ;
---------------------
  1. Legal Notice
  2. Timing Analyzer Summary
  3. Timing Analyzer Settings
  4. tpd
  5. Timing Analyzer Messages



----------------
; Legal Notice ;
----------------
Copyright (C) 1991-2005 Altera Corporation
Your use of Altera Corporation's design tools, logic functions 
and other software and tools, and its AMPP partner logic       
functions, and any output files any of the foregoing           
(including device programming or simulation files), and any    
associated documentation or information are expressly subject  
to the terms and conditions of the Altera Program License      
Subscription Agreement, Altera MegaCore Function License       
Agreement, or other applicable license agreement, including,   
without limitation, that your use is for the sole purpose of   
programming logic devices manufactured by Altera and sold by   
Altera or its authorized distributors.  Please refer to the    
applicable agreement for further details.



+-----------------------------------------------------------------------------------------------------------------------+
; Timing Analyzer Summary                                                                                               ;
+------------------------------+-------+---------------+-------------+------+----+------------+----------+--------------+
; Type                         ; Slack ; Required Time ; Actual Time ; From ; To ; From Clock ; To Clock ; Failed Paths ;
+------------------------------+-------+---------------+-------------+------+----+------------+----------+--------------+
; Worst-case tpd               ; N/A   ; None          ; 9.247 ns    ; 1C0  ; 1Y ;            ;          ; 0            ;
; Total number of failed paths ;       ;               ;             ;      ;    ;            ;          ; 0            ;
+------------------------------+-------+---------------+-------------+------+----+------------+----------+--------------+


+------------------------------------------------------------------------------------------------------+
; Timing Analyzer Settings                                                                             ;
+-------------------------------------------------------+--------------------+------+----+-------------+
; Option                                                ; Setting            ; From ; To ; Entity Name ;
+-------------------------------------------------------+--------------------+------+----+-------------+
; Device Name                                           ; EP1S10F484C5       ;      ;    ;             ;
; Timing Models                                         ; Final              ;      ;    ;             ;
; Number of source nodes to report per destination node ; 10                 ;      ;    ;             ;
; Number of destination nodes to report                 ; 10                 ;      ;    ;             ;
; Number of paths to report                             ; 200                ;      ;    ;             ;
; Report Minimum Timing Checks                          ; Off                ;      ;    ;             ;
; Use Fast Timing Models                                ; Off                ;      ;    ;             ;
; Report IO Paths Separately                            ; Off                ;      ;    ;             ;
; Default hold multicycle                               ; Same as Multicycle ;      ;    ;             ;
; Cut paths between unrelated clock domains             ; On                 ;      ;    ;             ;
; Cut off read during write signal paths                ; On                 ;      ;    ;             ;
; Cut off feedback from I/O pins                        ; On                 ;      ;    ;             ;
; Report Combined Fast/Slow Timing                      ; Off                ;      ;    ;             ;
; Ignore Clock Settings                                 ; Off                ;      ;    ;             ;
; Analyze latches as synchronous elements               ; Off                ;      ;    ;             ;
; Enable Recovery/Removal analysis                      ; Off                ;      ;    ;             ;
; Enable Clock Latency                                  ; Off                ;      ;    ;             ;
+-------------------------------------------------------+--------------------+------+----+-------------+


+---------------------------------------------------------+
; tpd                                                     ;
+-------+-------------------+-----------------+------+----+
; Slack ; Required P2P Time ; Actual P2P Time ; From ; To ;
+-------+-------------------+-----------------+------+----+
; N/A   ; None              ; 9.247 ns        ; 1C0  ; 1Y ;
; N/A   ; None              ; 9.168 ns        ; A    ; 1Y ;
; N/A   ; None              ; 9.102 ns        ; 2C2  ; 2Y ;
; N/A   ; None              ; 8.980 ns        ; A    ; 2Y ;
; N/A   ; None              ; 8.975 ns        ; B    ; 1Y ;
; N/A   ; None              ; 8.784 ns        ; B    ; 2Y ;
; N/A   ; None              ; 8.764 ns        ; 1C1  ; 1Y ;
; N/A   ; None              ; 8.670 ns        ; 2C1  ; 2Y ;
; N/A   ; None              ; 8.648 ns        ; 1C3  ; 1Y ;
; N/A   ; None              ; 8.629 ns        ; 2C3  ; 2Y ;
; N/A   ; None              ; 8.579 ns        ; 2C0  ; 2Y ;
; N/A   ; None              ; 8.555 ns        ; 1C2  ; 1Y ;
+-------+-------------------+-----------------+------+----+


+--------------------------+
; Timing Analyzer Messages ;
+--------------------------+
Info: *******************************************************************
Info: Running Quartus II Timing Analyzer
    Info: Version 5.0 Build 148 04/26/2005 SJ Full Version
    Info: Processing started: Tue Nov 13 17:26:27 2018
Info: Command: quartus_tan --read_settings_files=off --write_settings_files=off 74153_only -c 74153_only --timing_analysis_only
Info: Longest tpd from source pin "1C0" to destination pin "1Y" is 9.247 ns
    Info: 1: + IC(0.000 ns) + CELL(1.087 ns) = 1.087 ns; Loc. = PIN_W4; Fanout = 1; PIN Node = '1C0'
    Info: 2: + IC(3.694 ns) + CELL(0.366 ns) = 5.147 ns; Loc. = LC_X52_Y1_N6; Fanout = 1; COMB Node = '74153:inst|9~6'
    Info: 3: + IC(0.302 ns) + CELL(0.280 ns) = 5.729 ns; Loc. = LC_X52_Y1_N4; Fanout = 1; COMB Node = '74153:inst|9~7'
    Info: 4: + IC(1.114 ns) + CELL(2.404 ns) = 9.247 ns; Loc. = PIN_AA2; Fanout = 0; PIN Node = '1Y'
    Info: Total cell delay = 4.137 ns ( 44.74 % )
    Info: Total interconnect delay = 5.110 ns ( 55.26 % )
Info: Quartus II Timing Analyzer was successful. 0 errors, 0 warnings
    Info: Processing ended: Tue Nov 13 17:26:27 2018
    Info: Elapsed time: 00:00:00


