Timing Analyzer report for hpri
Tue Nov 06 22:54:52 2018
Version 5.0 Build 148 04/26/2005 SJ Full Version


---------------------
; Table of Contents ;
---------------------
  1. Legal Notice
  2. Timing Analyzer Summary
  3. Timing Analyzer Settings
  4. tpd
  5. Timing Analyzer Messages



----------------
; Legal Notice ;
----------------
Copyright (C) 1991-2005 Altera Corporation
Your use of Altera Corporation's design tools, logic functions 
and other software and tools, and its AMPP partner logic       
functions, and any output files any of the foregoing           
(including device programming or simulation files), and any    
associated documentation or information are expressly subject  
to the terms and conditions of the Altera Program License      
Subscription Agreement, Altera MegaCore Function License       
Agreement, or other applicable license agreement, including,   
without limitation, that your use is for the sole purpose of   
programming logic devices manufactured by Altera and sold by   
Altera or its authorized distributors.  Please refer to the    
applicable agreement for further details.



+-----------------------------------------------------------------------------------------------------------------------+
; Timing Analyzer Summary                                                                                               ;
+------------------------------+-------+---------------+-------------+------+----+------------+----------+--------------+
; Type                         ; Slack ; Required Time ; Actual Time ; From ; To ; From Clock ; To Clock ; Failed Paths ;
+------------------------------+-------+---------------+-------------+------+----+------------+----------+--------------+
; Worst-case tpd               ; N/A   ; None          ; 9.341 ns    ; r5   ; a2 ;            ;          ; 0            ;
; Total number of failed paths ;       ;               ;             ;      ;    ;            ;          ; 0            ;
+------------------------------+-------+---------------+-------------+------+----+------------+----------+--------------+


+------------------------------------------------------------------------------------------------------+
; Timing Analyzer Settings                                                                             ;
+-------------------------------------------------------+--------------------+------+----+-------------+
; Option                                                ; Setting            ; From ; To ; Entity Name ;
+-------------------------------------------------------+--------------------+------+----+-------------+
; Device Name                                           ; EP1S10F484C5       ;      ;    ;             ;
; Timing Models                                         ; Final              ;      ;    ;             ;
; Number of source nodes to report per destination node ; 10                 ;      ;    ;             ;
; Number of destination nodes to report                 ; 10                 ;      ;    ;             ;
; Number of paths to report                             ; 200                ;      ;    ;             ;
; Report Minimum Timing Checks                          ; Off                ;      ;    ;             ;
; Use Fast Timing Models                                ; Off                ;      ;    ;             ;
; Report IO Paths Separately                            ; Off                ;      ;    ;             ;
; Default hold multicycle                               ; Same as Multicycle ;      ;    ;             ;
; Cut paths between unrelated clock domains             ; On                 ;      ;    ;             ;
; Cut off read during write signal paths                ; On                 ;      ;    ;             ;
; Cut off feedback from I/O pins                        ; On                 ;      ;    ;             ;
; Report Combined Fast/Slow Timing                      ; Off                ;      ;    ;             ;
; Ignore Clock Settings                                 ; Off                ;      ;    ;             ;
; Analyze latches as synchronous elements               ; Off                ;      ;    ;             ;
; Enable Recovery/Removal analysis                      ; Off                ;      ;    ;             ;
; Enable Clock Latency                                  ; Off                ;      ;    ;             ;
+-------------------------------------------------------+--------------------+------+----+-------------+


+---------------------------------------------------------+
; tpd                                                     ;
+-------+-------------------+-----------------+------+----+
; Slack ; Required P2P Time ; Actual P2P Time ; From ; To ;
+-------+-------------------+-----------------+------+----+
; N/A   ; None              ; 9.341 ns        ; r5   ; a2 ;
; N/A   ; None              ; 9.309 ns        ; r5   ; G  ;
; N/A   ; None              ; 9.283 ns        ; r5   ; EO ;
; N/A   ; None              ; 9.203 ns        ; r7   ; a2 ;
; N/A   ; None              ; 9.171 ns        ; r7   ; G  ;
; N/A   ; None              ; 9.162 ns        ; r5   ; a1 ;
; N/A   ; None              ; 9.145 ns        ; r7   ; EO ;
; N/A   ; None              ; 9.118 ns        ; r1   ; G  ;
; N/A   ; None              ; 9.103 ns        ; r4   ; a2 ;
; N/A   ; None              ; 9.097 ns        ; r1   ; EO ;
; N/A   ; None              ; 9.078 ns        ; r6   ; a2 ;
; N/A   ; None              ; 9.071 ns        ; r4   ; G  ;
; N/A   ; None              ; 9.046 ns        ; r6   ; G  ;
; N/A   ; None              ; 9.045 ns        ; r4   ; EO ;
; N/A   ; None              ; 9.020 ns        ; r6   ; EO ;
; N/A   ; None              ; 9.003 ns        ; r4   ; a1 ;
; N/A   ; None              ; 8.998 ns        ; r0   ; G  ;
; N/A   ; None              ; 8.998 ns        ; r6   ; a1 ;
; N/A   ; None              ; 8.977 ns        ; r0   ; EO ;
; N/A   ; None              ; 8.937 ns        ; r3   ; G  ;
; N/A   ; None              ; 8.927 ns        ; r5   ; a0 ;
; N/A   ; None              ; 8.920 ns        ; r3   ; a1 ;
; N/A   ; None              ; 8.916 ns        ; r3   ; EO ;
; N/A   ; None              ; 8.885 ns        ; r2   ; G  ;
; N/A   ; None              ; 8.871 ns        ; r2   ; a1 ;
; N/A   ; None              ; 8.864 ns        ; r2   ; EO ;
; N/A   ; None              ; 8.811 ns        ; r7   ; a1 ;
; N/A   ; None              ; 8.790 ns        ; r7   ; a0 ;
; N/A   ; None              ; 8.676 ns        ; r6   ; a0 ;
; N/A   ; None              ; 8.668 ns        ; r1   ; a0 ;
; N/A   ; None              ; 8.566 ns        ; r4   ; a0 ;
; N/A   ; None              ; 8.486 ns        ; r3   ; a0 ;
; N/A   ; None              ; 8.433 ns        ; r2   ; a0 ;
; N/A   ; None              ; 8.396 ns        ; EI   ; a1 ;
; N/A   ; None              ; 8.370 ns        ; EI   ; a0 ;
; N/A   ; None              ; 8.294 ns        ; EI   ; G  ;
; N/A   ; None              ; 8.277 ns        ; EI   ; EO ;
; N/A   ; None              ; 8.172 ns        ; EI   ; a2 ;
+-------+-------------------+-----------------+------+----+


+--------------------------+
; Timing Analyzer Messages ;
+--------------------------+
Info: *******************************************************************
Info: Running Quartus II Timing Analyzer
    Info: Version 5.0 Build 148 04/26/2005 SJ Full Version
    Info: Processing started: Tue Nov 06 22:54:52 2018
Info: Command: quartus_tan --read_settings_files=off --write_settings_files=off hpri -c hpri --timing_analysis_only
Info: Longest tpd from source pin "r5" to destination pin "a2" is 9.341 ns
    Info: 1: + IC(0.000 ns) + CELL(1.234 ns) = 1.234 ns; Loc. = PIN_T5; Fanout = 3; PIN Node = 'r5'
    Info: 2: + IC(3.615 ns) + CELL(0.366 ns) = 5.215 ns; Loc. = LC_X52_Y1_N1; Fanout = 3; COMB Node = 'inst13~38'
    Info: 3: + IC(0.326 ns) + CELL(0.280 ns) = 5.821 ns; Loc. = LC_X52_Y1_N5; Fanout = 1; COMB Node = 'inst13~39'
    Info: 4: + IC(1.116 ns) + CELL(2.404 ns) = 9.341 ns; Loc. = PIN_AA3; Fanout = 0; PIN Node = 'a2'
    Info: Total cell delay = 4.284 ns ( 45.86 % )
    Info: Total interconnect delay = 5.057 ns ( 54.14 % )
Info: Quartus II Timing Analyzer was successful. 0 errors, 0 warnings
    Info: Processing ended: Tue Nov 06 22:54:52 2018
    Info: Elapsed time: 00:00:00


