Project Information                            e:\term3\lab20\cacheelement.rpt

MAX+plus II Compiler Report File
Version 9.01 07/30/98
Compiled: 11/02/16 12:49:59

Copyright (C) 1988-1998 Altera Corporation
Any megafunction design, and related net list (encrypted or decrypted),
support information, device programming or simulation file, and any other
associated documentation or information provided by Altera or a partner
under Altera's Megafunction Partnership Program may be used only to
program PLD devices (but not masked PLD devices) from Altera.  Any other
use of such megafunction design, net list, support information, device
programming or simulation file, or any other related documentation or
information is prohibited for any other purpose, including, but not
limited to modification, reverse engineering, de-compiling, or use with
any other silicon devices, unless such use is explicitly licensed under
a separate agreement with Altera or a megafunction partner.  Title to
the intellectual property, including patents, copyrights, trademarks,
trade secrets, or maskworks, embodied in any such megafunction design,
net list, support information, device programming or simulation file, or
any other related documentation or information provided by Altera or a
megafunction partner, remains with Altera, the megafunction partner, or
their respective licensors.  No other licenses, including any licenses
needed under any third party's intellectual property, are provided herein.



***** Project compilation was successful




** DEVICE SUMMARY **

Chip/                     Input   Output   Bidir         Shareable
POF       Device          Pins    Pins     Pins     LCs  Expanders  % Utilized

cacheelement
      EPM9320LC84-15       12       9        0      12      3           3  %

User Pins:                 12       9        0  



Project Information                            e:\term3\lab20\cacheelement.rpt

** AUTO GLOBAL SIGNALS **



INFO: Signal 'wr' chosen for auto global Clock


Project Information                            e:\term3\lab20\cacheelement.rpt

** FILE HIERARCHY **



|dtrigger8x:3|
|dtrigger3x:9|
|lpm_compare:10|
|lpm_compare:10|comptree:comparator|
|lpm_compare:10|comptree:comparator|cmpchain:cmp_end|
|lpm_compare:10|altshift:aeb_ext_lat_ffs|
|lpm_compare:10|altshift:agb_ext_lat_ffs|


Device-Specific Information:                   e:\term3\lab20\cacheelement.rpt
cacheelement

***** Logic for device 'cacheelement' compiled without errors.




Device: EPM9320LC84-15

Device Options:
    Turbo Bit                                    = ON
    Security Bit                                 = OFF
    User Code                                  = ffff
    MultiVolt I/O                              = OFF

              R  R  R  R  R     R  R  R  R        R  R  R  R     R  R  R  R  
              E  E  E  E  E     E  E  E  E        E  E  E  E     E  E  E  E  
              S  S  S  S  S     S  S  S  S        S  S  S  S     S  S  S  S  
              E  E  E  E  E     E  E  E  E        E  E  E  E  V  E  E  E  E  
              R  R  R  R  R     R  R  R  R     T  R  R  R  R  C  R  R  R  R  
              V  V  V  V  V  G  V  V  V  V     A  V  V  V  V  C  V  V  V  V  
              E  E  E  E  E  N  E  E  E  E  w  G  E  E  E  E  I  E  E  E  E  
              D  D  D  D  D  D  D  D  D  D  r  1  D  D  D  D  O  D  D  D  D  
            -----------------------------------------------------------------_ 
          /  11 10  9  8  7  6  5  4  3  2  1 84 83 82 81 80 79 78 77 76 75   | 
RESERVED | 12                                                              74 | RESERVED 
    TAG2 | 13                                                              73 | RESERVED 
  VCCINT | 14                                                              72 | TAG0 
   VCCIO | 15                                                              71 | VCCINT 
  odata2 | 16                                                              70 | GND 
   data6 | 17                                                              69 | odata6 
     GND | 18                                                              68 | data2 
  odata3 | 19                                                              67 | GND 
   data7 | 20                                                              66 | odata7 
  VCCINT | 21                                                              65 | data3 
  odata4 | 22                        EPM9320LC84-15                        64 | VCCINT 
   data0 | 23                                                              63 | hit 
     GND | 24                                                              62 | data4 
     GND | 25                                                              61 | GND 
  odata1 | 26                                                              60 | VCCIO 
   data5 | 27                                                              59 | odata5 
  VCCINT | 28                                                              58 | data1 
    N.C. | 29                                                              57 | VCCINT 
    #TDO | 30                                                              56 | ^VPP 
RESERVED | 31                                                              55 | #TMS 
RESERVED | 32                                                              54 | RESERVED 
         |_  33 34 35 36 37 38 39 40 41 42 43 44 45 46 47 48 49 50 51 52 53  _| 
           ------------------------------------------------------------------ 
              R  R  R  R  V  R  R  R  R  #  #  R  R  o  R  G  R  R  R  R  R  
              E  E  E  E  C  E  E  E  E  T  T  E  E  d  E  N  E  E  E  E  E  
              S  S  S  S  C  S  S  S  S  D  C  S  S  a  S  D  S  S  S  S  S  
              E  E  E  E  I  E  E  E  E  I  K  E  E  t  E     E  E  E  E  E  
              R  R  R  R  O  R  R  R  R        R  R  a  R     R  R  R  R  R  
              V  V  V  V     V  V  V  V        V  V  0  V     V  V  V  V  V  
              E  E  E  E     E  E  E  E        E  E     E     E  E  E  E  E  
              D  D  D  D     D  D  D  D        D  D     D     D  D  D  D  D  


N.C. = Not Connected.
VCCINT = Dedicated power pin, which MUST be connected to VCC (5.0 volts).
VCCIO = Dedicated power pin, which MUST be connected to VCC (5.0 volts).
GND = Dedicated ground pin or unused dedicated input, which MUST be connected to GND.
RESERVED = Unused I/O pin, which MUST be left unconnected.

# = JTAG Boundary-Scan Testing/In-System Programming or Configuration Pin. The JTAG inputs (TMS, TCK, TDI) should be tied to VCC when not in use.
& = JTAG pin used for I/O. When used as user I/O, JTAG pins must be kept stable before and during configuration.  JTAG pin stability prevents accidental loading of JTAG instructions.


Device-Specific Information:                   e:\term3\lab20\cacheelement.rpt
cacheelement

** RESOURCE USAGE **

Logic                Column       Row                                   
Array                Interconnect Interconnect         Clears/     External    Shareable
Block   Logic Cells  Driven       Driven       Clocks  Presets   Interconnect  Expanders
A1       1/16(  6%)   0/16(  0%)   1/16(  6%)    0/2    0/2       1/33(  3%)    0/16(  0%)  
A2       1/16(  6%)   0/16(  0%)   1/16(  6%)    0/2    0/2       1/33(  3%)    0/16(  0%)  
B3       4/16( 25%)   0/16(  0%)   1/16(  6%)    0/2    0/2       3/33(  9%)    3/16( 18%)  
B4       1/16(  6%)   1/16(  6%)   0/16(  0%)    0/2    0/2       1/33(  3%)    0/16(  0%)  
B5       1/16(  6%)   0/16(  0%)   1/16(  6%)    0/2    0/2       1/33(  3%)    0/16(  0%)  
C1       1/16(  6%)   0/16(  0%)   1/16(  6%)    0/2    0/2       1/33(  3%)    0/16(  0%)  
C2       1/16(  6%)   0/16(  0%)   1/16(  6%)    0/2    0/2       1/33(  3%)    0/16(  0%)  
D3       1/16(  6%)   0/16(  0%)   1/16(  6%)    0/2    0/2       1/33(  3%)    0/16(  0%)  
D4       1/16(  6%)   0/16(  0%)   1/16(  6%)    0/2    0/2       1/33(  3%)    0/16(  0%)  


Total dedicated input pins used:                 4/4      (100%)
Total I/O pins used:                            17/56     ( 30%)
Total logic cells used:                         12/320    (  3%)
Total shareable expanders used:                  2/320    (  1%)
Total Turbo logic cells used:                   12/320    (  3%)
Total shareable expanders not available (n/a):   1/320    (  0%)
Average fan-in:                                  2.33
Total fan-in:                                    28

Total input pins required:                      12
Total input I/O cell registers required:         0
Total output pins required:                      9
Total output I/O cell registers required:        0
Total buried I/O cell registers required:        0
Total bidirectional pins required:               0
Total logic cells required:                     12
Total flipflops required:                       11
Total product terms required:                   18
Total logic cells lending parallel expanders:    0
Total shareable expanders in database:           2
Total packed registers required:                 0

Synthesized logic cells:                         0/ 320   (  0%)

Logic Cell Counts

Column:  01  02  03  04  05  Total
 A:      1   1   0   0   0      2
 B:      0   0   4   1   1      6
 C:      1   1   0   0   0      2
 D:      0   0   1   1   0      2

Total:   2   2   5   2   1     12



Device-Specific Information:                   e:\term3\lab20\cacheelement.rpt
cacheelement

** INPUTS **

                                               Shareable
                                               Expanders     Fan-In    Fan-Out
 Pin     LC   Row  Col  Primitive    Code   Total Shared n/a INP  FBK  OUT  FBK  Name
  23      -    B    --      INPUT               0      0   0    0    0    0    1  data0
  58      -    A    --      INPUT               0      0   0    0    0    0    1  data1
  68      -    D    --      INPUT               0      0   0    0    0    0    1  data2
  65      -    C    --      INPUT               0      0   0    0    0    0    1  data3
  62      -    B    --      INPUT               0      0   0    0    0    0    1  data4
  27      -    A    --      INPUT               0      0   0    0    0    0    1  data5
  17      -    D    --      INPUT               0      0   0    0    0    0    1  data6
  20      -    C    --      INPUT               0      0   0    0    0    0    1  data7
  72      -    -    --      INPUT               0      0   0    0    0    0    2  TAG0
  84      -    -    --      INPUT               0      0   0    0    0    0    2  TAG1
  13      -    -    --      INPUT               0      0   0    0    0    0    2  TAG2
   1      -    -    --      INPUT  G            0      0   0    0    0    0    0  wr


Code:

s = Synthesized pin or logic cell
t = Turbo logic cell
+ = Synchronous flipflop
/ = Slow slew-rate output
! = NOT gate push-back
r = Fitter-inserted logic cell
G = Global Source. Fan-out destinations counted here do not include destinations
that are driven using global routing resources. Refer to the Auto Global Signals,
Clock Signals, Clear Signals, Synchronous Load Signals, and Synchronous Clear Signals
Sections of this Report File for information on which signals' fan-outs are used as
Clock, Clear, Preset, Output Enable, and synchronous Load signals.


Device-Specific Information:                   e:\term3\lab20\cacheelement.rpt
cacheelement

** OUTPUTS **

                                               Shareable
                                               Expanders     Fan-In    Fan-Out
 Pin     LC   Row  Col  Primitive    Code   Total Shared n/a INP  FBK  OUT  FBK  Name
  63      -    B    --     OUTPUT               0      0   0    0    1    0    0  hit
  46      -    -    04     OUTPUT               0      0   0    0    1    0    0  odata0
  26      -    A    --     OUTPUT               0      0   0    0    1    0    0  odata1
  16      -    D    --     OUTPUT               0      0   0    0    1    0    0  odata2
  19      -    C    --     OUTPUT               0      0   0    0    1    0    0  odata3
  22      -    B    --     OUTPUT               0      0   0    0    1    0    0  odata4
  59      -    A    --     OUTPUT               0      0   0    0    1    0    0  odata5
  69      -    D    --     OUTPUT               0      0   0    0    1    0    0  odata6
  66      -    C    --     OUTPUT               0      0   0    0    1    0    0  odata7


Code:

s = Synthesized pin or logic cell
t = Turbo logic cell
+ = Synchronous flipflop
/ = Slow slew-rate output
! = NOT gate push-back
r = Fitter-inserted logic cell


Device-Specific Information:                   e:\term3\lab20\cacheelement.rpt
cacheelement

** BURIED LOGIC **

                                               Shareable
                                               Expanders     Fan-In    Fan-Out
 IOC     LC   Row  Col  Primitive    Code   Total Shared n/a INP  FBK  OUT  FBK Name
   -      1    B    03       DFFE   +  t        0      0   0    1    0    0    1  |dtrigger3x:9|Q0 (|dtrigger3x:9|:12)
   -      2    B    03       DFFE   +  t        0      0   0    1    0    0    1  |dtrigger3x:9|Q1 (|dtrigger3x:9|:15)
   -      3    B    03       DFFE   +  t        0      0   0    1    0    0    1  |dtrigger3x:9|Q2 (|dtrigger3x:9|:16)
   -      1    B    04       DFFE   +  t        0      0   0    1    0    1    0  |dtrigger8x:3|Q0 (|dtrigger8x:3|:12)
   -     11    A    01       DFFE   +  t        0      0   0    1    0    1    0  |dtrigger8x:3|Q1 (|dtrigger8x:3|:15)
   -     11    D    03       DFFE   +  t        0      0   0    1    0    1    0  |dtrigger8x:3|Q2 (|dtrigger8x:3|:16)
   -     11    C    01       DFFE   +  t        0      0   0    1    0    1    0  |dtrigger8x:3|Q3 (|dtrigger8x:3|:17)
   -     11    B    05       DFFE   +  t        0      0   0    1    0    1    0  |dtrigger8x:3|Q4 (|dtrigger8x:3|:18)
   -     11    A    02       DFFE   +  t        0      0   0    1    0    1    0  |dtrigger8x:3|Q5 (|dtrigger8x:3|:19)
   -     11    D    04       DFFE   +  t        0      0   0    1    0    1    0  |dtrigger8x:3|Q6 (|dtrigger8x:3|:20)
   -     11    C    02       DFFE   +  t        0      0   0    1    0    1    0  |dtrigger8x:3|Q7 (|dtrigger8x:3|:21)
   -     11    B    03       SOFT      t        3      0   1    3    3    1    0  |LPM_COMPARE:10|comptree:comparator|cmpchain:cmp_end|aeb_out


Code:

s = Synthesized pin or logic cell
t = Turbo logic cell
+ = Synchronous flipflop
/ = Slow slew-rate output
! = NOT gate push-back
r = Fitter-inserted logic cell
p = Packed register


Device-Specific Information:                   e:\term3\lab20\cacheelement.rpt
cacheelement

** FASTTRACK INTERCONNECT UTILIZATION **

Row FastTrack Interconnect:

         FastTrack                                 
Row     Interconnect    Input Pins     Output Pins     Bidir Pins
A:       4/ 96(  4%)    2/16( 12%)      2/16( 12%)     0/16(  0%)
B:       7/ 96(  7%)    2/16( 12%)      2/16( 12%)     0/16(  0%)
C:       4/ 96(  4%)    2/16( 12%)      2/16( 12%)     0/16(  0%)
D:       4/ 96(  4%)    2/16( 12%)      2/16( 12%)     0/16(  0%)


Column FastTrack Interconnect:

         FastTrack                                 
Column  Interconnect    Input Pins     Output Pins     Bidir Pins
01:      0/48(  0%)     0/20(  0%)      0/20(  0%)       0/20(  0%)
02:      0/48(  0%)     0/20(  0%)      0/20(  0%)       0/20(  0%)
03:      0/48(  0%)     0/20(  0%)      0/20(  0%)       0/20(  0%)
04:      1/48(  2%)     0/20(  0%)      1/20(  5%)       0/20(  0%)
05:      0/48(  0%)     0/20(  0%)      0/20(  0%)       0/20(  0%)


Device-Specific Information:                   e:\term3\lab20\cacheelement.rpt
cacheelement

** EQUATIONS **

data0    : INPUT;
data1    : INPUT;
data2    : INPUT;
data3    : INPUT;
data4    : INPUT;
data5    : INPUT;
data6    : INPUT;
data7    : INPUT;
TAG0     : INPUT;
TAG1     : INPUT;
TAG2     : INPUT;
wr       : INPUT;

-- Node name is 'hit' 
-- Equation name is 'hit', type is output 
hit      =  _LC11_B3;

-- Node name is 'odata0' 
-- Equation name is 'odata0', type is output 
odata0   =  _LC1_B4;

-- Node name is 'odata1' 
-- Equation name is 'odata1', type is output 
odata1   =  _LC11_A1;

-- Node name is 'odata2' 
-- Equation name is 'odata2', type is output 
odata2   =  _LC11_D3;

-- Node name is 'odata3' 
-- Equation name is 'odata3', type is output 
odata3   =  _LC11_C1;

-- Node name is 'odata4' 
-- Equation name is 'odata4', type is output 
odata4   =  _LC11_B5;

-- Node name is 'odata5' 
-- Equation name is 'odata5', type is output 
odata5   =  _LC11_A2;

-- Node name is 'odata6' 
-- Equation name is 'odata6', type is output 
odata6   =  _LC11_D4;

-- Node name is 'odata7' 
-- Equation name is 'odata7', type is output 
odata7   =  _LC11_C2;

-- Node name is '|dtrigger3x:9|:12' = '|dtrigger3x:9|Q0' 
-- Equation name is '_LC1_B3', type is buried 
_LC1_B3  = DFFE( TAG0 $  GND, GLOBAL( wr),  VCC,  VCC,  VCC);

-- Node name is '|dtrigger3x:9|:15' = '|dtrigger3x:9|Q1' 
-- Equation name is '_LC2_B3', type is buried 
_LC2_B3  = DFFE( TAG1 $  GND, GLOBAL( wr),  VCC,  VCC,  VCC);

-- Node name is '|dtrigger3x:9|:16' = '|dtrigger3x:9|Q2' 
-- Equation name is '_LC3_B3', type is buried 
_LC3_B3  = DFFE( TAG2 $  GND, GLOBAL( wr),  VCC,  VCC,  VCC);

-- Node name is '|dtrigger8x:3|:12' = '|dtrigger8x:3|Q0' 
-- Equation name is '_LC1_B4', type is buried 
_LC1_B4  = DFFE( data0 $  GND, GLOBAL( wr),  VCC,  VCC,  VCC);

-- Node name is '|dtrigger8x:3|:15' = '|dtrigger8x:3|Q1' 
-- Equation name is '_LC11_A1', type is buried 
_LC11_A1 = DFFE( data1 $  GND, GLOBAL( wr),  VCC,  VCC,  VCC);

-- Node name is '|dtrigger8x:3|:16' = '|dtrigger8x:3|Q2' 
-- Equation name is '_LC11_D3', type is buried 
_LC11_D3 = DFFE( data2 $  GND, GLOBAL( wr),  VCC,  VCC,  VCC);

-- Node name is '|dtrigger8x:3|:17' = '|dtrigger8x:3|Q3' 
-- Equation name is '_LC11_C1', type is buried 
_LC11_C1 = DFFE( data3 $  GND, GLOBAL( wr),  VCC,  VCC,  VCC);

-- Node name is '|dtrigger8x:3|:18' = '|dtrigger8x:3|Q4' 
-- Equation name is '_LC11_B5', type is buried 
_LC11_B5 = DFFE( data4 $  GND, GLOBAL( wr),  VCC,  VCC,  VCC);

-- Node name is '|dtrigger8x:3|:19' = '|dtrigger8x:3|Q5' 
-- Equation name is '_LC11_A2', type is buried 
_LC11_A2 = DFFE( data5 $  GND, GLOBAL( wr),  VCC,  VCC,  VCC);

-- Node name is '|dtrigger8x:3|:20' = '|dtrigger8x:3|Q6' 
-- Equation name is '_LC11_D4', type is buried 
_LC11_D4 = DFFE( data6 $  GND, GLOBAL( wr),  VCC,  VCC,  VCC);

-- Node name is '|dtrigger8x:3|:21' = '|dtrigger8x:3|Q7' 
-- Equation name is '_LC11_C2', type is buried 
_LC11_C2 = DFFE( data7 $  GND, GLOBAL( wr),  VCC,  VCC,  VCC);

-- Node name is '|LPM_COMPARE:10|comptree:comparator|cmpchain:cmp_end|aeb_out' from file "cmpchain.tdf" line 256, column 6
-- Equation name is '_LC11_B3', type is buried 
_LC11_B3 = LCELL( _EQ001 $  _EQ002);
  _EQ001 = !_LC2_B3 &  TAG1 &  _X001 &  _X002
         #  _LC2_B3 & !TAG1 &  _X001 &  _X002
         # !_LC3_B3 &  TAG2 &  _X001 &  _X002
         #  _LC3_B3 & !TAG2 &  _X001 &  _X002;
  _X001  = EXP(!_LC1_B3 &  TAG0);
  _X002  = EXP( _LC1_B3 & !TAG0);
  _EQ002 =  _X001 &  _X002;
  _X001  = EXP(!_LC1_B3 &  TAG0);
  _X002  = EXP( _LC1_B3 & !TAG0);



Project Information                            e:\term3\lab20\cacheelement.rpt

** COMPILATION SETTINGS & TIMES **

Processing Menu Commands
------------------------

Design Doctor                             = off

Logic Synthesis:

   Synthesis Type Used                    = Multi-Level

   Default Synthesis Style                = NORMAL

      Logic option settings in 'NORMAL' style for 'MAX9000' family

      DECOMPOSE_GATES                     = on
      DUPLICATE_LOGIC_EXTRACTION          = on
      MINIMIZATION                        = full
      MULTI_LEVEL_FACTORING               = on
      NOT_GATE_PUSH_BACK                  = on
      PARALLEL_EXPANDERS                  = off
      REDUCE_LOGIC                        = on
      REFACTORIZATION                     = on
      REGISTER_OPTIMIZATION               = on
      RESYNTHESIZE_NETWORK                = on
      SLOW_SLEW_RATE                      = off
      SOFT_BUFFER_INSERTION               = on
      SUBFACTOR_EXTRACTION                = on
      TURBO_BIT                           = on
      XOR_SYNTHESIS                       = on
      IGNORE_SOFT_BUFFERS                 = off
      USE_LPM_FOR_AHDL_OPERATORS          = off

   Other logic synthesis settings:

      Automatic Global Clock              = on
      Automatic Global Clear              = on
      Automatic Global Preset             = on
      Automatic Global Output Enable      = on
      Automatic Fast I/O                  = off
      Automatic Register Packing          = off
      Automatic Open-Drain Pins           = on
      Automatic Implement in EAB          = off
      One-Hot State Machine Encoding      = off
      Optimize                            = 5

Default Timing Specifications: None

Cut All Bidir Feedback Timing Paths       = on
Cut All Clear & Preset Timing Paths       = on

Ignore Timing Assignments                 = off

Functional SNF Extractor                  = off

Linked SNF Extractor                      = off
Timing SNF Extractor                      = on
Optimize Timing SNF                       = off
Generate AHDL TDO File                    = off
Fitter Settings                           = NORMAL
Smart Recompile                           = off
Total Recompile                           = off

Interfaces Menu Commands
------------------------

EDIF Netlist Writer                       = off
Verilog Netlist Writer                    = off
VHDL Netlist Writer                       = off

Compilation Times
-----------------

   Compiler Netlist Extractor             00:00:00
   Database Builder                       00:00:00
   Logic Synthesizer                      00:00:00
   Partitioner                            00:00:00
   Fitter                                 00:00:00
   Timing SNF Extractor                   00:00:00
   Assembler                              00:00:00
   --------------------------             --------
   Total Time                             00:00:00


Memory Allocated
-----------------

Peak memory allocated during compilation  = 11,520K
