Project Information                                c:\maxplusii\lab2\cache.rpt

MAX+plus II Compiler Report File
Version 9.01 07/30/98
Compiled: 02/24/19 12:31:00

Copyright (C) 1988-1998 Altera Corporation
Any megafunction design, and related net list (encrypted or decrypted),
support information, device programming or simulation file, and any other
associated documentation or information provided by Altera or a partner
under Altera's Megafunction Partnership Program may be used only to
program PLD devices (but not masked PLD devices) from Altera.  Any other
use of such megafunction design, net list, support information, device
programming or simulation file, or any other related documentation or
information is prohibited for any other purpose, including, but not
limited to modification, reverse engineering, de-compiling, or use with
any other silicon devices, unless such use is explicitly licensed under
a separate agreement with Altera or a megafunction partner.  Title to
the intellectual property, including patents, copyrights, trademarks,
trade secrets, or maskworks, embodied in any such megafunction design,
net list, support information, device programming or simulation file, or
any other related documentation or information provided by Altera or a
megafunction partner, remains with Altera, the megafunction partner, or
their respective licensors.  No other licenses, including any licenses
needed under any third party's intellectual property, are provided herein.



***** Project compilation was successful




** DEVICE SUMMARY **

Chip/                     Input   Output   Bidir         Shareable
POF       Device          Pins    Pins     Pins     LCs  Expanders  % Utilized

cache     EPM9320LC84-15   12       12       0      111     55          34 %

User Pins:                 12       12       0  



Project Information                                c:\maxplusii\lab2\cache.rpt

** FILE HIERARCHY **



|lpm_mux:17|
|lpm_mux:17|bypassff:sel_latency_ff0|
|lpm_mux:17|altshift:external_latency_ffs|
|lpm_mux:17|muxlut:135|
|lpm_mux:17|muxlut:135|muxlut:43|
|lpm_mux:17|muxlut:135|muxlut:60|
|lpm_mux:17|muxlut:135|muxlut:77|
|lpm_mux:17|muxlut:156|
|lpm_mux:17|muxlut:156|muxlut:43|
|lpm_mux:17|muxlut:156|muxlut:60|
|lpm_mux:17|muxlut:156|muxlut:77|
|lpm_mux:17|muxlut:177|
|lpm_mux:17|muxlut:177|muxlut:43|
|lpm_mux:17|muxlut:177|muxlut:60|
|lpm_mux:17|muxlut:177|muxlut:77|
|lpm_mux:17|muxlut:198|
|lpm_mux:17|muxlut:198|muxlut:43|
|lpm_mux:17|muxlut:198|muxlut:60|
|lpm_mux:17|muxlut:198|muxlut:77|
|lpm_mux:17|muxlut:219|
|lpm_mux:17|muxlut:219|muxlut:43|
|lpm_mux:17|muxlut:219|muxlut:60|
|lpm_mux:17|muxlut:219|muxlut:77|
|lpm_mux:17|muxlut:240|
|lpm_mux:17|muxlut:240|muxlut:43|
|lpm_mux:17|muxlut:240|muxlut:60|
|lpm_mux:17|muxlut:240|muxlut:77|
|lpm_mux:17|muxlut:261|
|lpm_mux:17|muxlut:261|muxlut:43|
|lpm_mux:17|muxlut:261|muxlut:60|
|lpm_mux:17|muxlut:261|muxlut:77|
|lpm_mux:17|muxlut:282|
|lpm_mux:17|muxlut:282|muxlut:43|
|lpm_mux:17|muxlut:282|muxlut:60|
|lpm_mux:17|muxlut:282|muxlut:77|
|cacheelement:120|
|cacheelement:120|dtrigger8x:3|
|cacheelement:120|dtrigger3x:9|
|cacheelement:120|lpm_compare:10|
|cacheelement:120|lpm_compare:10|comptree:comparator|
|cacheelement:120|lpm_compare:10|comptree:comparator|cmpchain:cmp_end|
|cacheelement:120|lpm_compare:10|altshift:aeb_ext_lat_ffs|
|cacheelement:120|lpm_compare:10|altshift:agb_ext_lat_ffs|
|cacheelement:25|
|cacheelement:25|dtrigger8x:3|
|cacheelement:25|dtrigger3x:9|
|cacheelement:25|lpm_compare:10|
|cacheelement:25|lpm_compare:10|comptree:comparator|
|cacheelement:25|lpm_compare:10|comptree:comparator|cmpchain:cmp_end|
|cacheelement:25|lpm_compare:10|altshift:aeb_ext_lat_ffs|
|cacheelement:25|lpm_compare:10|altshift:agb_ext_lat_ffs|
|cacheelement:26|
|cacheelement:26|dtrigger8x:3|
|cacheelement:26|dtrigger3x:9|
|cacheelement:26|lpm_compare:10|
|cacheelement:26|lpm_compare:10|comptree:comparator|
|cacheelement:26|lpm_compare:10|comptree:comparator|cmpchain:cmp_end|
|cacheelement:26|lpm_compare:10|altshift:aeb_ext_lat_ffs|
|cacheelement:26|lpm_compare:10|altshift:agb_ext_lat_ffs|
|cacheelement:32|
|cacheelement:32|dtrigger8x:3|
|cacheelement:32|dtrigger3x:9|
|cacheelement:32|lpm_compare:10|
|cacheelement:32|lpm_compare:10|comptree:comparator|
|cacheelement:32|lpm_compare:10|comptree:comparator|cmpchain:cmp_end|
|cacheelement:32|lpm_compare:10|altshift:aeb_ext_lat_ffs|
|cacheelement:32|lpm_compare:10|altshift:agb_ext_lat_ffs|
|cacheelement:31|
|cacheelement:31|dtrigger8x:3|
|cacheelement:31|dtrigger3x:9|
|cacheelement:31|lpm_compare:10|
|cacheelement:31|lpm_compare:10|comptree:comparator|
|cacheelement:31|lpm_compare:10|comptree:comparator|cmpchain:cmp_end|
|cacheelement:31|lpm_compare:10|altshift:aeb_ext_lat_ffs|
|cacheelement:31|lpm_compare:10|altshift:agb_ext_lat_ffs|
|cacheelement:123|
|cacheelement:123|dtrigger8x:3|
|cacheelement:123|dtrigger3x:9|
|cacheelement:123|lpm_compare:10|
|cacheelement:123|lpm_compare:10|comptree:comparator|
|cacheelement:123|lpm_compare:10|comptree:comparator|cmpchain:cmp_end|
|cacheelement:123|lpm_compare:10|altshift:aeb_ext_lat_ffs|
|cacheelement:123|lpm_compare:10|altshift:agb_ext_lat_ffs|
|cacheelement:122|
|cacheelement:122|dtrigger8x:3|
|cacheelement:122|dtrigger3x:9|
|cacheelement:122|lpm_compare:10|
|cacheelement:122|lpm_compare:10|comptree:comparator|
|cacheelement:122|lpm_compare:10|comptree:comparator|cmpchain:cmp_end|
|cacheelement:122|lpm_compare:10|altshift:aeb_ext_lat_ffs|
|cacheelement:122|lpm_compare:10|altshift:agb_ext_lat_ffs|
|cacheelement:121|
|cacheelement:121|dtrigger8x:3|
|cacheelement:121|dtrigger3x:9|
|cacheelement:121|lpm_compare:10|
|cacheelement:121|lpm_compare:10|comptree:comparator|
|cacheelement:121|lpm_compare:10|comptree:comparator|cmpchain:cmp_end|
|cacheelement:121|lpm_compare:10|altshift:aeb_ext_lat_ffs|
|cacheelement:121|lpm_compare:10|altshift:agb_ext_lat_ffs|
|lpm_decode:30|
|lpm_decode:30|altshift:external_latency_ffs|
|lpm_decode:30|lpm_compare:comparator7|
|lpm_decode:30|lpm_compare:comparator7|comptree:comparator|
|lpm_decode:30|lpm_compare:comparator7|comptree:comparator|cmpchain:cmp_end|
|lpm_decode:30|lpm_compare:comparator7|altshift:aeb_ext_lat_ffs|
|lpm_decode:30|lpm_compare:comparator7|altshift:agb_ext_lat_ffs|
|lpm_decode:30|lpm_compare:comparator6|
|lpm_decode:30|lpm_compare:comparator6|comptree:comparator|
|lpm_decode:30|lpm_compare:comparator6|comptree:comparator|cmpchain:cmp_end|
|lpm_decode:30|lpm_compare:comparator6|altshift:aeb_ext_lat_ffs|
|lpm_decode:30|lpm_compare:comparator6|altshift:agb_ext_lat_ffs|
|lpm_decode:30|lpm_compare:comparator5|
|lpm_decode:30|lpm_compare:comparator5|comptree:comparator|
|lpm_decode:30|lpm_compare:comparator5|comptree:comparator|cmpchain:cmp_end|
|lpm_decode:30|lpm_compare:comparator5|altshift:aeb_ext_lat_ffs|
|lpm_decode:30|lpm_compare:comparator5|altshift:agb_ext_lat_ffs|
|lpm_decode:30|lpm_compare:comparator4|
|lpm_decode:30|lpm_compare:comparator4|comptree:comparator|
|lpm_decode:30|lpm_compare:comparator4|comptree:comparator|cmpchain:cmp_end|
|lpm_decode:30|lpm_compare:comparator4|altshift:aeb_ext_lat_ffs|
|lpm_decode:30|lpm_compare:comparator4|altshift:agb_ext_lat_ffs|
|lpm_decode:30|lpm_compare:comparator3|
|lpm_decode:30|lpm_compare:comparator3|comptree:comparator|
|lpm_decode:30|lpm_compare:comparator3|comptree:comparator|cmpchain:cmp_end|
|lpm_decode:30|lpm_compare:comparator3|altshift:aeb_ext_lat_ffs|
|lpm_decode:30|lpm_compare:comparator3|altshift:agb_ext_lat_ffs|
|lpm_decode:30|lpm_compare:comparator2|
|lpm_decode:30|lpm_compare:comparator2|comptree:comparator|
|lpm_decode:30|lpm_compare:comparator2|comptree:comparator|cmpchain:cmp_end|
|lpm_decode:30|lpm_compare:comparator2|altshift:aeb_ext_lat_ffs|
|lpm_decode:30|lpm_compare:comparator2|altshift:agb_ext_lat_ffs|
|lpm_decode:30|lpm_compare:comparator1|
|lpm_decode:30|lpm_compare:comparator1|comptree:comparator|
|lpm_decode:30|lpm_compare:comparator1|comptree:comparator|cmpchain:cmp_end|
|lpm_decode:30|lpm_compare:comparator1|altshift:aeb_ext_lat_ffs|
|lpm_decode:30|lpm_compare:comparator1|altshift:agb_ext_lat_ffs|
|lpm_decode:30|lpm_compare:comparator0|
|lpm_decode:30|lpm_compare:comparator0|comptree:comparator|
|lpm_decode:30|lpm_compare:comparator0|comptree:comparator|cmpchain:cmp_end|
|lpm_decode:30|lpm_compare:comparator0|altshift:aeb_ext_lat_ffs|
|lpm_decode:30|lpm_compare:comparator0|altshift:agb_ext_lat_ffs|
|lpm_decode:30|lpm_constant:230|
|lpm_decode:30|lpm_constant:236|
|lpm_decode:30|lpm_constant:242|
|lpm_decode:30|lpm_constant:248|
|lpm_decode:30|lpm_constant:254|
|lpm_decode:30|lpm_constant:260|
|lpm_decode:30|lpm_constant:266|
|lpm_decode:30|lpm_constant:272|
|coderv2:158|
|busmux:159|
|busmux:159|lpm_mux:37|
|busmux:159|lpm_mux:37|altshift:external_latency_ffs|
|busmux:159|lpm_mux:37|muxlut:50|
|busmux:159|lpm_mux:37|muxlut:63|
|busmux:159|lpm_mux:37|muxlut:76|


Device-Specific Information:                       c:\maxplusii\lab2\cache.rpt
cache

***** Logic for device 'cache' compiled without errors.




Device: EPM9320LC84-15

Device Options:
    Turbo Bit                                    = ON
    Security Bit                                 = OFF
    User Code                                  = ffff
    MultiVolt I/O                              = OFF

              R  R  R  R  R     R  R  R  R        R  R  R        R  R  R  R  
              E  E  E  E  E     E  E  E  E        E  E  E        E  E  E  E  
              S  S  S  S  S     S  S  S  S        S  S  S  O     S  S  S  S  
              E  E  E  E  E     E  E  E  E  a  a  E  E  E  d  V  E  E  E  E  
              R  R  R  R  R     R  R  R  R  d  d  R  R  R  a  C  R  R  R  R  
              V  V  V  V  V  G  V  V  V  V  d  d  V  V  V  t  C  V  V  V  V  
              E  E  E  E  E  N  E  E  E  E  r  r  E  E  E  a  I  E  E  E  E  
              D  D  D  D  D  D  D  D  D  D  0  1  D  D  D  1  O  D  D  D  D  
            -----------------------------------------------------------------_ 
          /  11 10  9  8  7  6  5  4  3  2  1 84 83 82 81 80 79 78 77 76 75   | 
RESERVED | 12                                                              74 | RESERVED 
      wr | 13                                                              73 | RESERVED 
  VCCINT | 14                                                              72 | addr2 
   VCCIO | 15                                                              71 | VCCINT 
   data2 | 16                                                              70 | GND 
   data1 | 17                                                              69 | Odata3 
     GND | 18                                                              68 | data3 
   data0 | 19                                                              67 | GND 
   data5 | 20                                                              66 | Odata5 
  VCCINT | 21                                                              65 | data4 
     hit | 22                        EPM9320LC84-15                        64 | VCCINT 
   Otag0 | 23                                                              63 | Otag1 
     GND | 24                                                              62 | Otag2 
     GND | 25                                                              61 | GND 
  Odata6 | 26                                                              60 | VCCIO 
   data6 | 27                                                              59 | Odata7 
  VCCINT | 28                                                              58 | data7 
    N.C. | 29                                                              57 | VCCINT 
    #TDO | 30                                                              56 | ^VPP 
RESERVED | 31                                                              55 | #TMS 
RESERVED | 32                                                              54 | RESERVED 
         |_  33 34 35 36 37 38 39 40 41 42 43 44 45 46 47 48 49 50 51 52 53  _| 
           ------------------------------------------------------------------ 
              R  R  R  R  V  R  R  O  R  #  #  R  R  O  R  G  R  R  O  R  R  
              E  E  E  E  C  E  E  d  E  T  T  E  E  d  E  N  E  E  d  E  E  
              S  S  S  S  C  S  S  a  S  D  C  S  S  a  S  D  S  S  a  S  S  
              E  E  E  E  I  E  E  t  E  I  K  E  E  t  E     E  E  t  E  E  
              R  R  R  R  O  R  R  a  R        R  R  a  R     R  R  a  R  R  
              V  V  V  V     V  V  4  V        V  V  2  V     V  V  0  V  V  
              E  E  E  E     E  E     E        E  E     E     E  E     E  E  
              D  D  D  D     D  D     D        D  D     D     D  D     D  D  


N.C. = Not Connected.
VCCINT = Dedicated power pin, which MUST be connected to VCC (5.0 volts).
VCCIO = Dedicated power pin, which MUST be connected to VCC (5.0 volts).
GND = Dedicated ground pin or unused dedicated input, which MUST be connected to GND.
RESERVED = Unused I/O pin, which MUST be left unconnected.

# = JTAG Boundary-Scan Testing/In-System Programming or Configuration Pin. The JTAG inputs (TMS, TCK, TDI) should be tied to VCC when not in use.
& = JTAG pin used for I/O. When used as user I/O, JTAG pins must be kept stable before and during configuration.  JTAG pin stability prevents accidental loading of JTAG instructions.


Device-Specific Information:                       c:\maxplusii\lab2\cache.rpt
cache

** RESOURCE USAGE **

Logic                Column       Row                                   
Array                Interconnect Interconnect         Clears/     External    Shareable
Block   Logic Cells  Driven       Driven       Clocks  Presets   Interconnect  Expanders
A2      13/16( 81%)   2/16( 12%)   1/16(  6%)    0/2    0/2       9/33( 27%)    7/16( 43%)  
A5      15/16( 93%)   0/16(  0%)   2/16( 12%)    0/2    0/2       6/33( 18%)    1/16(  6%)  
B1      16/16(100%)   3/16( 18%)   4/16( 25%)    0/2    0/2       9/33( 27%)   12/16( 75%)  
B4      12/16( 75%)   0/16(  0%)   3/16( 18%)    0/2    0/2       7/33( 21%)    9/16( 56%)  
C3      14/16( 87%)   1/16(  6%)   1/16(  6%)    0/2    0/2       7/33( 21%)    6/16( 37%)  
C5      14/16( 87%)   1/16(  6%)   1/16(  6%)    0/2    0/2       6/33( 18%)    5/16( 31%)  
D2       1/16(  6%)   0/16(  0%)   1/16(  6%)    0/2    0/2       5/33( 15%)    0/16(  0%)  
D3       9/16( 56%)   0/16(  0%)   1/16(  6%)    0/2    0/2       5/33( 15%)    5/16( 31%)  
D4      16/16(100%)   2/16( 12%)   0/16(  0%)    0/2    0/2       8/33( 24%)   10/16( 62%)  
D5       1/16(  6%)   0/16(  0%)   1/16(  6%)    0/2    0/2       5/33( 15%)    0/16(  0%)  


Total dedicated input pins used:                 4/4      (100%)
Total I/O pins used:                            20/56     ( 35%)
Total logic cells used:                        111/320    ( 34%)
Total shareable expanders used:                 36/320    ( 11%)
Total Turbo logic cells used:                  111/320    ( 34%)
Total shareable expanders not available (n/a):  19/320    (  5%)
Average fan-in:                                  5.57
Total fan-in:                                   619

Total input pins required:                      12
Total input I/O cell registers required:         0
Total output pins required:                     12
Total output I/O cell registers required:        0
Total buried I/O cell registers required:        0
Total bidirectional pins required:               0
Total logic cells required:                    111
Total flipflops required:                       88
Total product terms required:                  321
Total logic cells lending parallel expanders:    0
Total shareable expanders in database:          36
Total packed registers required:                 0

Synthesized logic cells:                         3/ 320   (  0%)

Logic Cell Counts

Column:  01  02  03  04  05  Total
 A:      0  13   0   0  15     28
 B:     16   0   0  12   0     28
 C:      0   0  14   0  14     28
 D:      0   1   9  16   1     27

Total:  16  14  23  28  30    111



Device-Specific Information:                       c:\maxplusii\lab2\cache.rpt
cache

** INPUTS **

                                               Shareable
                                               Expanders     Fan-In    Fan-Out
 Pin     LC   Row  Col  Primitive    Code   Total Shared n/a INP  FBK  OUT  FBK  Name
   1      -    -    --      INPUT               0      0   0    0    0    0   17  addr0
  84      -    -    --      INPUT               0      0   0    0    0    0   17  addr1
  72      -    -    --      INPUT               0      0   0    0    0    0   17  addr2
  19      -    C    --      INPUT               0      0   0    0    0    0    8  data0
  17      -    D    --      INPUT               0      0   0    0    0    0    8  data1
  16      -    D    --      INPUT               0      0   0    0    0    0    8  data2
  68      -    D    --      INPUT               0      0   0    0    0    0    8  data3
  65      -    C    --      INPUT               0      0   0    0    0    0    8  data4
  20      -    C    --      INPUT               0      0   0    0    0    0    8  data5
  27      -    A    --      INPUT               0      0   0    0    0    0    8  data6
  58      -    A    --      INPUT               0      0   0    0    0    0    8  data7
  13      -    -    --      INPUT               0      0   0    0    0    0   88  wr


Code:

s = Synthesized pin or logic cell
t = Turbo logic cell
+ = Synchronous flipflop
/ = Slow slew-rate output
! = NOT gate push-back
r = Fitter-inserted logic cell


Device-Specific Information:                       c:\maxplusii\lab2\cache.rpt
cache

** OUTPUTS **

                                               Shareable
                                               Expanders     Fan-In    Fan-Out
 Pin     LC   Row  Col  Primitive    Code   Total Shared n/a INP  FBK  OUT  FBK  Name
  22      -    B    --     OUTPUT               0      0   0    0    1    0    0  hit
  51      -    -    05     OUTPUT               0      0   0    0    1    0    0  Odata0
  80      -    -    04     OUTPUT               0      0   0    0    1    0    0  Odata1
  46      -    -    04     OUTPUT               0      0   0    0    1    0    0  Odata2
  69      -    D    --     OUTPUT               0      0   0    0    1    0    0  Odata3
  40      -    -    03     OUTPUT               0      0   0    0    1    0    0  Odata4
  66      -    C    --     OUTPUT               0      0   0    0    1    0    0  Odata5
  26      -    A    --     OUTPUT               0      0   0    0    1    0    0  Odata6
  59      -    A    --     OUTPUT               0      0   0    0    1    0    0  Odata7
  23      -    B    --     OUTPUT               0      0   0    0    1    0    0  Otag0
  63      -    B    --     OUTPUT               0      0   0    0    1    0    0  Otag1
  62      -    B    --     OUTPUT               0      0   0    0    1    0    0  Otag2


Code:

s = Synthesized pin or logic cell
t = Turbo logic cell
+ = Synchronous flipflop
/ = Slow slew-rate output
! = NOT gate push-back
r = Fitter-inserted logic cell


Device-Specific Information:                       c:\maxplusii\lab2\cache.rpt
cache

** BURIED LOGIC **

                                               Shareable
                                               Expanders     Fan-In    Fan-Out
 IOC     LC   Row  Col  Primitive    Code   Total Shared n/a INP  FBK  OUT  FBK Name
   -     13    B    01        OR2      t        1      0   1    1    8    1   99  |BUSMUX:159|lpm_mux:37|muxlut:50|result_node
   -     11    B    01        OR2      t        1      0   1    1    7    1   99  |BUSMUX:159|lpm_mux:37|muxlut:63|result_node
   -      9    B    01        OR2      t        1      0   1    1    5    1   99  |BUSMUX:159|lpm_mux:37|muxlut:76|result_node
   -      4    B    01       DFFE      t        0      0   0    2    3    0    1  |cacheelement:25|dtrigger3x:9|Q0 (|cacheelement:25|dtrigger3x:9|:12)
   -      5    B    01       DFFE      t        0      0   0    2    3    0    1  |cacheelement:25|dtrigger3x:9|Q1 (|cacheelement:25|dtrigger3x:9|:15)
   -      6    B    01       DFFE      t        0      0   0    2    3    0    1  |cacheelement:25|dtrigger3x:9|Q2 (|cacheelement:25|dtrigger3x:9|:16)
   -      9    C    05       DFFE      t        0      0   0    2    3    0    1  |cacheelement:25|dtrigger8x:3|Q0 (|cacheelement:25|dtrigger8x:3|:12)
   -      1    D    05       DFFE      t        0      0   0    2    3    0    1  |cacheelement:25|dtrigger8x:3|Q1 (|cacheelement:25|dtrigger8x:3|:15)
   -      9    D    04       DFFE      t        0      0   0    2    3    0    1  |cacheelement:25|dtrigger8x:3|Q2 (|cacheelement:25|dtrigger8x:3|:16)
   -      5    D    03       DFFE      t        0      0   0    2    3    0    1  |cacheelement:25|dtrigger8x:3|Q3 (|cacheelement:25|dtrigger8x:3|:17)
   -      6    C    03       DFFE      t        0      0   0    2    3    0    1  |cacheelement:25|dtrigger8x:3|Q4 (|cacheelement:25|dtrigger8x:3|:18)
   -      5    C    03       DFFE      t        0      0   0    2    3    0    1  |cacheelement:25|dtrigger8x:3|Q5 (|cacheelement:25|dtrigger8x:3|:19)
   -      7    A    02       DFFE      t        0      0   0    2    3    0    1  |cacheelement:25|dtrigger8x:3|Q6 (|cacheelement:25|dtrigger8x:3|:20)
   -      6    A    05       DFFE      t        0      0   0    2    3    0    1  |cacheelement:25|dtrigger8x:3|Q7 (|cacheelement:25|dtrigger8x:3|:21)
   -      2    B    01      LCELL      t        3      0   1    3    3    0    1  |cacheelement:25|LPM_COMPARE:10|comptree:comparator|cmpchain:cmp_end|aeb_out
   -      6    A    02       DFFE      t        0      0   0    2    3    0    1  |cacheelement:26|dtrigger3x:9|Q0 (|cacheelement:26|dtrigger3x:9|:12)
   -      5    A    02       DFFE      t        0      0   0    2    3    0    1  |cacheelement:26|dtrigger3x:9|Q1 (|cacheelement:26|dtrigger3x:9|:15)
   -      4    A    02       DFFE      t        0      0   0    2    3    0    1  |cacheelement:26|dtrigger3x:9|Q2 (|cacheelement:26|dtrigger3x:9|:16)
   -      6    C    05       DFFE      t        0      0   0    2    3    0    1  |cacheelement:26|dtrigger8x:3|Q0 (|cacheelement:26|dtrigger8x:3|:12)
   -      1    D    02       DFFE      t        0      0   0    2    3    0    1  |cacheelement:26|dtrigger8x:3|Q1 (|cacheelement:26|dtrigger8x:3|:15)
   -      6    D    04       DFFE      t        0      0   0    2    3    0    1  |cacheelement:26|dtrigger8x:3|Q2 (|cacheelement:26|dtrigger8x:3|:16)
   -      3    D    03       DFFE      t        0      0   0    2    3    0    1  |cacheelement:26|dtrigger8x:3|Q3 (|cacheelement:26|dtrigger8x:3|:17)
   -      9    C    03       DFFE      t        0      0   0    2    3    0    1  |cacheelement:26|dtrigger8x:3|Q4 (|cacheelement:26|dtrigger8x:3|:18)
   -     13    C    03       DFFE      t        0      0   0    2    3    0    1  |cacheelement:26|dtrigger8x:3|Q5 (|cacheelement:26|dtrigger8x:3|:19)
   -      9    A    02       DFFE      t        0      0   0    2    3    0    1  |cacheelement:26|dtrigger8x:3|Q6 (|cacheelement:26|dtrigger8x:3|:20)
   -     10    A    05       DFFE      t        0      0   0    2    3    0    1  |cacheelement:26|dtrigger8x:3|Q7 (|cacheelement:26|dtrigger8x:3|:21)
   -      2    A    02      LCELL      t        3      0   1    3    3    0    2  |cacheelement:26|LPM_COMPARE:10|comptree:comparator|cmpchain:cmp_end|aeb_out
   -      7    B    04       DFFE      t        0      0   0    2    3    0    1  |cacheelement:31|dtrigger3x:9|Q0 (|cacheelement:31|dtrigger3x:9|:12)
   -      8    B    04       DFFE      t        0      0   0    2    3    0    1  |cacheelement:31|dtrigger3x:9|Q1 (|cacheelement:31|dtrigger3x:9|:15)
   -      9    B    04       DFFE      t        0      0   0    2    3    0    1  |cacheelement:31|dtrigger3x:9|Q2 (|cacheelement:31|dtrigger3x:9|:16)
   -     10    C    05       DFFE      t        0      0   0    2    3    0    1  |cacheelement:31|dtrigger8x:3|Q0 (|cacheelement:31|dtrigger8x:3|:12)
   -     10    D    04       DFFE      t        0      0   0    2    3    0    1  |cacheelement:31|dtrigger8x:3|Q1 (|cacheelement:31|dtrigger8x:3|:15)
   -     11    D    04       DFFE      t        0      0   0    2    3    0    1  |cacheelement:31|dtrigger8x:3|Q2 (|cacheelement:31|dtrigger8x:3|:16)
   -      6    D    03       DFFE      t        0      0   0    2    3    0    1  |cacheelement:31|dtrigger8x:3|Q3 (|cacheelement:31|dtrigger8x:3|:17)
   -      7    C    03       DFFE      t        0      0   0    2    3    0    1  |cacheelement:31|dtrigger8x:3|Q4 (|cacheelement:31|dtrigger8x:3|:18)
   -      8    C    03       DFFE      t        0      0   0    2    3    0    1  |cacheelement:31|dtrigger8x:3|Q5 (|cacheelement:31|dtrigger8x:3|:19)
   -     10    A    02       DFFE      t        0      0   0    2    3    0    1  |cacheelement:31|dtrigger8x:3|Q6 (|cacheelement:31|dtrigger8x:3|:20)
   -     12    A    05       DFFE      t        0      0   0    2    3    0    1  |cacheelement:31|dtrigger8x:3|Q7 (|cacheelement:31|dtrigger8x:3|:21)
   -      5    B    04      LCELL      t        3      0   1    3    3    0    3  |cacheelement:31|LPM_COMPARE:10|comptree:comparator|cmpchain:cmp_end|aeb_out
   -     10    B    01       DFFE      t        0      0   0    2    3    0    1  |cacheelement:32|dtrigger3x:9|Q0 (|cacheelement:32|dtrigger3x:9|:12)
   -     12    B    01       DFFE      t        0      0   0    2    3    0    1  |cacheelement:32|dtrigger3x:9|Q1 (|cacheelement:32|dtrigger3x:9|:15)
   -     14    B    01       DFFE      t        0      0   0    2    3    0    1  |cacheelement:32|dtrigger3x:9|Q2 (|cacheelement:32|dtrigger3x:9|:16)
   -     11    C    05       DFFE      t        0      0   0    2    3    0    1  |cacheelement:32|dtrigger8x:3|Q0 (|cacheelement:32|dtrigger8x:3|:12)
   -     12    D    04       DFFE      t        0      0   0    2    3    0    1  |cacheelement:32|dtrigger8x:3|Q1 (|cacheelement:32|dtrigger8x:3|:15)
   -      5    D    04       DFFE      t        0      0   0    2    3    0    1  |cacheelement:32|dtrigger8x:3|Q2 (|cacheelement:32|dtrigger8x:3|:16)
   -      2    D    03       DFFE      t        0      0   0    2    3    0    1  |cacheelement:32|dtrigger8x:3|Q3 (|cacheelement:32|dtrigger8x:3|:17)
   -      3    C    03       DFFE      t        0      0   0    2    3    0    1  |cacheelement:32|dtrigger8x:3|Q4 (|cacheelement:32|dtrigger8x:3|:18)
   -      3    C    05       DFFE      t        0      0   0    2    3    0    1  |cacheelement:32|dtrigger8x:3|Q5 (|cacheelement:32|dtrigger8x:3|:19)
   -      3    A    05       DFFE      t        0      0   0    2    3    0    1  |cacheelement:32|dtrigger8x:3|Q6 (|cacheelement:32|dtrigger8x:3|:20)
   -      2    A    05       DFFE      t        0      0   0    2    3    0    1  |cacheelement:32|dtrigger8x:3|Q7 (|cacheelement:32|dtrigger8x:3|:21)
   -      1    B    01      LCELL      t        3      0   1    3    3    0    3  |cacheelement:32|LPM_COMPARE:10|comptree:comparator|cmpchain:cmp_end|aeb_out
   -      4    B    04       DFFE      t        0      0   0    2    3    0    1  |cacheelement:120|dtrigger3x:9|Q0 (|cacheelement:120|dtrigger3x:9|:12)
   -      3    B    04       DFFE      t        0      0   0    2    3    0    1  |cacheelement:120|dtrigger3x:9|Q1 (|cacheelement:120|dtrigger3x:9|:15)
   -      6    B    04       DFFE      t        0      0   0    2    3    0    1  |cacheelement:120|dtrigger3x:9|Q2 (|cacheelement:120|dtrigger3x:9|:16)
   -      4    C    05       DFFE      t        0      0   0    2    3    0    1  |cacheelement:120|dtrigger8x:3|Q0 (|cacheelement:120|dtrigger8x:3|:12)
   -      3    D    04       DFFE      t        0      0   0    2    3    0    1  |cacheelement:120|dtrigger8x:3|Q1 (|cacheelement:120|dtrigger8x:3|:15)
   -      4    D    04       DFFE      t        0      0   0    2    3    0    1  |cacheelement:120|dtrigger8x:3|Q2 (|cacheelement:120|dtrigger8x:3|:16)
   -      1    D    03       DFFE      t        0      0   0    2    3    0    1  |cacheelement:120|dtrigger8x:3|Q3 (|cacheelement:120|dtrigger8x:3|:17)
   -      2    C    03       DFFE      t        0      0   0    2    3    0    1  |cacheelement:120|dtrigger8x:3|Q4 (|cacheelement:120|dtrigger8x:3|:18)
   -      5    C    05       DFFE      t        0      0   0    2    3    0    1  |cacheelement:120|dtrigger8x:3|Q5 (|cacheelement:120|dtrigger8x:3|:19)
   -      4    A    05       DFFE      t        0      0   0    2    3    0    1  |cacheelement:120|dtrigger8x:3|Q6 (|cacheelement:120|dtrigger8x:3|:20)
   -      5    A    05       DFFE      t        0      0   0    2    3    0    1  |cacheelement:120|dtrigger8x:3|Q7 (|cacheelement:120|dtrigger8x:3|:21)
   -      2    B    04      LCELL      t        3      0   1    3    3    0    4  |cacheelement:120|LPM_COMPARE:10|comptree:comparator|cmpchain:cmp_end|aeb_out
   -      3    A    02       DFFE      t        0      0   0    2    3    0    1  |cacheelement:121|dtrigger3x:9|Q0 (|cacheelement:121|dtrigger3x:9|:12)
   -     13    A    02       DFFE      t        0      0   0    2    3    0    1  |cacheelement:121|dtrigger3x:9|Q1 (|cacheelement:121|dtrigger3x:9|:15)
   -      8    A    02       DFFE      t        0      0   0    2    3    0    1  |cacheelement:121|dtrigger3x:9|Q2 (|cacheelement:121|dtrigger3x:9|:16)
   -     12    C    05       DFFE      t        0      0   0    2    3    0    1  |cacheelement:121|dtrigger8x:3|Q0 (|cacheelement:121|dtrigger8x:3|:12)
   -     13    D    04       DFFE      t        0      0   0    2    3    0    1  |cacheelement:121|dtrigger8x:3|Q1 (|cacheelement:121|dtrigger8x:3|:15)
   -     14    D    04       DFFE      t        0      0   0    2    3    0    1  |cacheelement:121|dtrigger8x:3|Q2 (|cacheelement:121|dtrigger8x:3|:16)
   -      8    D    03       DFFE      t        0      0   0    2    3    0    1  |cacheelement:121|dtrigger8x:3|Q3 (|cacheelement:121|dtrigger8x:3|:17)
   -     14    C    03       DFFE      t        0      0   0    2    3    0    1  |cacheelement:121|dtrigger8x:3|Q4 (|cacheelement:121|dtrigger8x:3|:18)
   -     14    C    05       DFFE      t        0      0   0    2    3    0    1  |cacheelement:121|dtrigger8x:3|Q5 (|cacheelement:121|dtrigger8x:3|:19)
   -     15    A    05       DFFE      t        0      0   0    2    3    0    1  |cacheelement:121|dtrigger8x:3|Q6 (|cacheelement:121|dtrigger8x:3|:20)
   -     14    A    05       DFFE      t        0      0   0    2    3    0    1  |cacheelement:121|dtrigger8x:3|Q7 (|cacheelement:121|dtrigger8x:3|:21)
   -      1    A    02      LCELL      t        3      0   1    3    3    0    4  |cacheelement:121|LPM_COMPARE:10|comptree:comparator|cmpchain:cmp_end|aeb_out
   -     12    B    04       DFFE      t        0      0   0    2    3    0    1  |cacheelement:122|dtrigger3x:9|Q0 (|cacheelement:122|dtrigger3x:9|:12)
   -     11    B    04       DFFE      t        0      0   0    2    3    0    1  |cacheelement:122|dtrigger3x:9|Q1 (|cacheelement:122|dtrigger3x:9|:15)
   -     10    B    04       DFFE      t        0      0   0    2    3    0    1  |cacheelement:122|dtrigger3x:9|Q2 (|cacheelement:122|dtrigger3x:9|:16)
   -     13    C    05       DFFE      t        0      0   0    2    3    0    1  |cacheelement:122|dtrigger8x:3|Q0 (|cacheelement:122|dtrigger8x:3|:12)
   -     16    D    04       DFFE      t        0      0   0    2    3    0    1  |cacheelement:122|dtrigger8x:3|Q1 (|cacheelement:122|dtrigger8x:3|:15)
   -     15    D    04       DFFE      t        0      0   0    2    3    0    1  |cacheelement:122|dtrigger8x:3|Q2 (|cacheelement:122|dtrigger8x:3|:16)
   -      7    D    03       DFFE      t        0      0   0    2    3    0    1  |cacheelement:122|dtrigger8x:3|Q3 (|cacheelement:122|dtrigger8x:3|:17)
   -     12    C    03       DFFE      t        0      0   0    2    3    0    1  |cacheelement:122|dtrigger8x:3|Q4 (|cacheelement:122|dtrigger8x:3|:18)
   -     10    C    03       DFFE      t        0      0   0    2    3    0    1  |cacheelement:122|dtrigger8x:3|Q5 (|cacheelement:122|dtrigger8x:3|:19)
   -     12    A    02       DFFE      t        0      0   0    2    3    0    1  |cacheelement:122|dtrigger8x:3|Q6 (|cacheelement:122|dtrigger8x:3|:20)
   -     13    A    05       DFFE      t        0      0   0    2    3    0    1  |cacheelement:122|dtrigger8x:3|Q7 (|cacheelement:122|dtrigger8x:3|:21)
   -      1    B    04      LCELL      t        3      0   1    3    3    0    4  |cacheelement:122|LPM_COMPARE:10|comptree:comparator|cmpchain:cmp_end|aeb_out
   -     16    B    01       DFFE      t        0      0   0    2    3    0    1  |cacheelement:123|dtrigger3x:9|Q0 (|cacheelement:123|dtrigger3x:9|:12)
   -      8    B    01       DFFE      t        0      0   0    2    3    0    1  |cacheelement:123|dtrigger3x:9|Q1 (|cacheelement:123|dtrigger3x:9|:15)
   -      7    B    01       DFFE      t        0      0   0    2    3    0    1  |cacheelement:123|dtrigger3x:9|Q2 (|cacheelement:123|dtrigger3x:9|:16)
   -      7    C    05       DFFE      t        0      0   0    2    3    0    1  |cacheelement:123|dtrigger8x:3|Q0 (|cacheelement:123|dtrigger8x:3|:12)
   -      7    D    04       DFFE      t        0      0   0    2    3    0    1  |cacheelement:123|dtrigger8x:3|Q1 (|cacheelement:123|dtrigger8x:3|:15)
   -      8    D    04       DFFE      t        0      0   0    2    3    0    1  |cacheelement:123|dtrigger8x:3|Q2 (|cacheelement:123|dtrigger8x:3|:16)
   -      4    D    03       DFFE      t        0      0   0    2    3    0    1  |cacheelement:123|dtrigger8x:3|Q3 (|cacheelement:123|dtrigger8x:3|:17)
   -      4    C    03       DFFE      t        0      0   0    2    3    0    1  |cacheelement:123|dtrigger8x:3|Q4 (|cacheelement:123|dtrigger8x:3|:18)
   -      8    C    05       DFFE      t        0      0   0    2    3    0    1  |cacheelement:123|dtrigger8x:3|Q5 (|cacheelement:123|dtrigger8x:3|:19)
   -      7    A    05       DFFE      t        0      0   0    2    3    0    1  |cacheelement:123|dtrigger8x:3|Q6 (|cacheelement:123|dtrigger8x:3|:20)
   -      8    A    05       DFFE      t        0      0   0    2    3    0    1  |cacheelement:123|dtrigger8x:3|Q7 (|cacheelement:123|dtrigger8x:3|:21)
   -      3    B    01      LCELL      t        3      0   1    3    3    0    4  |cacheelement:123|LPM_COMPARE:10|comptree:comparator|cmpchain:cmp_end|aeb_out
   -      1    C    05        XOR      t        5      0   1    0   11    1    0  |LPM_MUX:17|muxlut:135|muxlut:77|result_node
   -      2    D    04        XOR      t        5      0   1    0   11    1    0  |LPM_MUX:17|muxlut:156|muxlut:77|result_node
   -      1    D    04        XOR      t        5      0   1    0   11    1    0  |LPM_MUX:17|muxlut:177|muxlut:77|result_node
   -     11    D    03        XOR      t        5      0   1    0   11    1    0  |LPM_MUX:17|muxlut:198|muxlut:77|result_node
   -      1    C    03        XOR      t        5      0   1    0   11    1    0  |LPM_MUX:17|muxlut:219|muxlut:77|result_node
   -     11    C    03        XOR      t        1      0   1    0    8    1    0  |LPM_MUX:17|muxlut:240|muxlut:77|result_node
   -      2    C    05       SOFT    s t        0      0   0    0    7    0    1  |LPM_MUX:17|muxlut:240|muxlut:77|result_node~1
   -     11    A    02        XOR      t        1      0   1    0    8    1    0  |LPM_MUX:17|muxlut:261|muxlut:77|result_node
   -      1    A    05       SOFT    s t        0      0   0    0    7    0    1  |LPM_MUX:17|muxlut:261|muxlut:77|result_node~1
   -     11    A    05        XOR      t        1      0   1    0    8    1    0  |LPM_MUX:17|muxlut:282|muxlut:77|result_node
   -      9    A    05       SOFT    s t        0      0   0    0    7    0    1  |LPM_MUX:17|muxlut:282|muxlut:77|result_node~1
   -     15    B    01        XOR      t        0      0   0    0    8    1    3  :124


Code:

s = Synthesized pin or logic cell
t = Turbo logic cell
+ = Synchronous flipflop
/ = Slow slew-rate output
! = NOT gate push-back
r = Fitter-inserted logic cell
p = Packed register


Device-Specific Information:                       c:\maxplusii\lab2\cache.rpt
cache

** FASTTRACK INTERCONNECT UTILIZATION **

Row FastTrack Interconnect:

         FastTrack                                 
Row     Interconnect    Input Pins     Output Pins     Bidir Pins
A:      12/ 96( 12%)    2/16( 12%)      2/16( 12%)     0/16(  0%)
B:      13/ 96( 13%)    0/16(  0%)      4/16( 25%)     0/16(  0%)
C:       9/ 96(  9%)    3/16( 18%)      1/16(  6%)     0/16(  0%)
D:      10/ 96( 10%)    3/16( 18%)      1/16(  6%)     0/16(  0%)


Column FastTrack Interconnect:

         FastTrack                                 
Column  Interconnect    Input Pins     Output Pins     Bidir Pins
01:      3/48(  6%)     0/20(  0%)      0/20(  0%)       0/20(  0%)
02:      2/48(  4%)     0/20(  0%)      0/20(  0%)       0/20(  0%)
03:      1/48(  2%)     0/20(  0%)      1/20(  5%)       0/20(  0%)
04:      2/48(  4%)     0/20(  0%)      2/20( 10%)       0/20(  0%)
05:      1/48(  2%)     0/20(  0%)      1/20(  5%)       0/20(  0%)


Device-Specific Information:                       c:\maxplusii\lab2\cache.rpt
cache

** EQUATIONS **

addr0    : INPUT;
addr1    : INPUT;
addr2    : INPUT;
data0    : INPUT;
data1    : INPUT;
data2    : INPUT;
data3    : INPUT;
data4    : INPUT;
data5    : INPUT;
data6    : INPUT;
data7    : INPUT;
wr       : INPUT;

-- Node name is 'hit' 
-- Equation name is 'hit', type is output 
hit      =  _LC15_B1;

-- Node name is 'Odata0' 
-- Equation name is 'Odata0', type is output 
Odata0   =  _LC1_C5;

-- Node name is 'Odata1' 
-- Equation name is 'Odata1', type is output 
Odata1   =  _LC2_D4;

-- Node name is 'Odata2' 
-- Equation name is 'Odata2', type is output 
Odata2   =  _LC1_D4;

-- Node name is 'Odata3' 
-- Equation name is 'Odata3', type is output 
Odata3   =  _LC11_D3;

-- Node name is 'Odata4' 
-- Equation name is 'Odata4', type is output 
Odata4   =  _LC1_C3;

-- Node name is 'Odata5' 
-- Equation name is 'Odata5', type is output 
Odata5   =  _LC11_C3;

-- Node name is 'Odata6' 
-- Equation name is 'Odata6', type is output 
Odata6   =  _LC11_A2;

-- Node name is 'Odata7' 
-- Equation name is 'Odata7', type is output 
Odata7   =  _LC11_A5;

-- Node name is 'Otag0' 
-- Equation name is 'Otag0', type is output 
Otag0    =  _LC13_B1;

-- Node name is 'Otag1' 
-- Equation name is 'Otag1', type is output 
Otag1    =  _LC11_B1;

-- Node name is 'Otag2' 
-- Equation name is 'Otag2', type is output 
Otag2    =  _LC9_B1;

-- Node name is '|BUSMUX:159|lpm_mux:37|muxlut:50|result_node' from file "muxlut.tdf" line 128, column 40
-- Equation name is '_LC13_B1', type is buried 
_LC13_B1 = LCELL( _EQ001 $  GND);
  _EQ001 =  addr0 & !_LC15_B1
         # !_LC1_A2 & !_LC1_B1 &  _LC2_A2 & !_LC3_B1 &  _LC15_B1
         # !_LC1_A2 & !_LC3_B1 &  _LC5_B4 &  _LC15_B1
         # !_LC1_A2 &  _LC1_B4 &  _LC15_B1
         #  _LC2_B4 &  _LC15_B1;

-- Node name is '|BUSMUX:159|lpm_mux:37|muxlut:63|result_node' from file "muxlut.tdf" line 128, column 40
-- Equation name is '_LC11_B1', type is buried 
_LC11_B1 = LCELL( _EQ002 $  GND);
  _EQ002 =  addr1 & !_LC15_B1
         #  _LC1_B1 & !_LC1_B4 & !_LC3_B1 &  _LC15_B1
         # !_LC1_B4 & !_LC3_B1 &  _LC5_B4 &  _LC15_B1
         #  _LC1_A2 &  _LC15_B1
         #  _LC2_B4 &  _LC15_B1;

-- Node name is '|BUSMUX:159|lpm_mux:37|muxlut:76|result_node' from file "muxlut.tdf" line 128, column 40
-- Equation name is '_LC9_B1', type is buried 
_LC9_B1  = LCELL( _EQ003 $  GND);
  _EQ003 =  addr2 & !_LC15_B1
         #  _LC3_B1 &  _LC15_B1
         #  _LC1_B4 &  _LC15_B1
         #  _LC1_A2 &  _LC15_B1
         #  _LC2_B4 &  _LC15_B1;

-- Node name is '|cacheelement:25|dtrigger3x:9|:12' = '|cacheelement:25|dtrigger3x:9|Q0' 
-- Equation name is '_LC4_B1', type is buried 
_LC4_B1  = DFFE( addr0 $  GND,  _EQ004,  VCC,  VCC,  VCC);
  _EQ004 = !_LC9_B1 & !_LC11_B1 & !_LC13_B1 &  wr;

-- Node name is '|cacheelement:25|dtrigger3x:9|:15' = '|cacheelement:25|dtrigger3x:9|Q1' 
-- Equation name is '_LC5_B1', type is buried 
_LC5_B1  = DFFE( addr1 $  GND,  _EQ005,  VCC,  VCC,  VCC);
  _EQ005 = !_LC9_B1 & !_LC11_B1 & !_LC13_B1 &  wr;

-- Node name is '|cacheelement:25|dtrigger3x:9|:16' = '|cacheelement:25|dtrigger3x:9|Q2' 
-- Equation name is '_LC6_B1', type is buried 
_LC6_B1  = DFFE( addr2 $  GND,  _EQ006,  VCC,  VCC,  VCC);
  _EQ006 = !_LC9_B1 & !_LC11_B1 & !_LC13_B1 &  wr;

-- Node name is '|cacheelement:25|dtrigger8x:3|:12' = '|cacheelement:25|dtrigger8x:3|Q0' 
-- Equation name is '_LC9_C5', type is buried 
_LC9_C5  = DFFE( data0 $  GND,  _EQ007,  VCC,  VCC,  VCC);
  _EQ007 = !_LC9_B1 & !_LC11_B1 & !_LC13_B1 &  wr;

-- Node name is '|cacheelement:25|dtrigger8x:3|:15' = '|cacheelement:25|dtrigger8x:3|Q1' 
-- Equation name is '_LC1_D5', type is buried 
_LC1_D5  = DFFE( data1 $  GND,  _EQ008,  VCC,  VCC,  VCC);
  _EQ008 = !_LC9_B1 & !_LC11_B1 & !_LC13_B1 &  wr;

-- Node name is '|cacheelement:25|dtrigger8x:3|:16' = '|cacheelement:25|dtrigger8x:3|Q2' 
-- Equation name is '_LC9_D4', type is buried 
_LC9_D4  = DFFE( data2 $  GND,  _EQ009,  VCC,  VCC,  VCC);
  _EQ009 = !_LC9_B1 & !_LC11_B1 & !_LC13_B1 &  wr;

-- Node name is '|cacheelement:25|dtrigger8x:3|:17' = '|cacheelement:25|dtrigger8x:3|Q3' 
-- Equation name is '_LC5_D3', type is buried 
_LC5_D3  = DFFE( data3 $  GND,  _EQ010,  VCC,  VCC,  VCC);
  _EQ010 = !_LC9_B1 & !_LC11_B1 & !_LC13_B1 &  wr;

-- Node name is '|cacheelement:25|dtrigger8x:3|:18' = '|cacheelement:25|dtrigger8x:3|Q4' 
-- Equation name is '_LC6_C3', type is buried 
_LC6_C3  = DFFE( data4 $  GND,  _EQ011,  VCC,  VCC,  VCC);
  _EQ011 = !_LC9_B1 & !_LC11_B1 & !_LC13_B1 &  wr;

-- Node name is '|cacheelement:25|dtrigger8x:3|:19' = '|cacheelement:25|dtrigger8x:3|Q5' 
-- Equation name is '_LC5_C3', type is buried 
_LC5_C3  = DFFE( data5 $  GND,  _EQ012,  VCC,  VCC,  VCC);
  _EQ012 = !_LC9_B1 & !_LC11_B1 & !_LC13_B1 &  wr;

-- Node name is '|cacheelement:25|dtrigger8x:3|:20' = '|cacheelement:25|dtrigger8x:3|Q6' 
-- Equation name is '_LC7_A2', type is buried 
_LC7_A2  = DFFE( data6 $  GND,  _EQ013,  VCC,  VCC,  VCC);
  _EQ013 = !_LC9_B1 & !_LC11_B1 & !_LC13_B1 &  wr;

-- Node name is '|cacheelement:25|dtrigger8x:3|:21' = '|cacheelement:25|dtrigger8x:3|Q7' 
-- Equation name is '_LC6_A5', type is buried 
_LC6_A5  = DFFE( data7 $  GND,  _EQ014,  VCC,  VCC,  VCC);
  _EQ014 = !_LC9_B1 & !_LC11_B1 & !_LC13_B1 &  wr;

-- Node name is '|cacheelement:25|LPM_COMPARE:10|comptree:comparator|cmpchain:cmp_end|aeb_out' from file "cmpchain.tdf" line 256, column 6
-- Equation name is '_LC2_B1', type is buried 
_LC2_B1  = LCELL( _EQ015 $  _EQ016);
  _EQ015 = !addr1 &  _LC5_B1 &  _X001 &  _X002
         #  addr1 & !_LC5_B1 &  _X001 &  _X002
         # !addr2 &  _LC6_B1 &  _X001 &  _X002
         #  addr2 & !_LC6_B1 &  _X001 &  _X002;
  _X001  = EXP(!addr0 &  _LC4_B1);
  _X002  = EXP( addr0 & !_LC4_B1);
  _EQ016 =  _X001 &  _X002;
  _X001  = EXP(!addr0 &  _LC4_B1);
  _X002  = EXP( addr0 & !_LC4_B1);

-- Node name is '|cacheelement:26|dtrigger3x:9|:12' = '|cacheelement:26|dtrigger3x:9|Q0' 
-- Equation name is '_LC6_A2', type is buried 
_LC6_A2  = DFFE( addr0 $  GND,  _EQ017,  VCC,  VCC,  VCC);
  _EQ017 = !_LC9_B1 & !_LC11_B1 &  _LC13_B1 &  wr;

-- Node name is '|cacheelement:26|dtrigger3x:9|:15' = '|cacheelement:26|dtrigger3x:9|Q1' 
-- Equation name is '_LC5_A2', type is buried 
_LC5_A2  = DFFE( addr1 $  GND,  _EQ018,  VCC,  VCC,  VCC);
  _EQ018 = !_LC9_B1 & !_LC11_B1 &  _LC13_B1 &  wr;

-- Node name is '|cacheelement:26|dtrigger3x:9|:16' = '|cacheelement:26|dtrigger3x:9|Q2' 
-- Equation name is '_LC4_A2', type is buried 
_LC4_A2  = DFFE( addr2 $  GND,  _EQ019,  VCC,  VCC,  VCC);
  _EQ019 = !_LC9_B1 & !_LC11_B1 &  _LC13_B1 &  wr;

-- Node name is '|cacheelement:26|dtrigger8x:3|:12' = '|cacheelement:26|dtrigger8x:3|Q0' 
-- Equation name is '_LC6_C5', type is buried 
_LC6_C5  = DFFE( data0 $  GND,  _EQ020,  VCC,  VCC,  VCC);
  _EQ020 = !_LC9_B1 & !_LC11_B1 &  _LC13_B1 &  wr;

-- Node name is '|cacheelement:26|dtrigger8x:3|:15' = '|cacheelement:26|dtrigger8x:3|Q1' 
-- Equation name is '_LC1_D2', type is buried 
_LC1_D2  = DFFE( data1 $  GND,  _EQ021,  VCC,  VCC,  VCC);
  _EQ021 = !_LC9_B1 & !_LC11_B1 &  _LC13_B1 &  wr;

-- Node name is '|cacheelement:26|dtrigger8x:3|:16' = '|cacheelement:26|dtrigger8x:3|Q2' 
-- Equation name is '_LC6_D4', type is buried 
_LC6_D4  = DFFE( data2 $  GND,  _EQ022,  VCC,  VCC,  VCC);
  _EQ022 = !_LC9_B1 & !_LC11_B1 &  _LC13_B1 &  wr;

-- Node name is '|cacheelement:26|dtrigger8x:3|:17' = '|cacheelement:26|dtrigger8x:3|Q3' 
-- Equation name is '_LC3_D3', type is buried 
_LC3_D3  = DFFE( data3 $  GND,  _EQ023,  VCC,  VCC,  VCC);
  _EQ023 = !_LC9_B1 & !_LC11_B1 &  _LC13_B1 &  wr;

-- Node name is '|cacheelement:26|dtrigger8x:3|:18' = '|cacheelement:26|dtrigger8x:3|Q4' 
-- Equation name is '_LC9_C3', type is buried 
_LC9_C3  = DFFE( data4 $  GND,  _EQ024,  VCC,  VCC,  VCC);
  _EQ024 = !_LC9_B1 & !_LC11_B1 &  _LC13_B1 &  wr;

-- Node name is '|cacheelement:26|dtrigger8x:3|:19' = '|cacheelement:26|dtrigger8x:3|Q5' 
-- Equation name is '_LC13_C3', type is buried 
_LC13_C3 = DFFE( data5 $  GND,  _EQ025,  VCC,  VCC,  VCC);
  _EQ025 = !_LC9_B1 & !_LC11_B1 &  _LC13_B1 &  wr;

-- Node name is '|cacheelement:26|dtrigger8x:3|:20' = '|cacheelement:26|dtrigger8x:3|Q6' 
-- Equation name is '_LC9_A2', type is buried 
_LC9_A2  = DFFE( data6 $  GND,  _EQ026,  VCC,  VCC,  VCC);
  _EQ026 = !_LC9_B1 & !_LC11_B1 &  _LC13_B1 &  wr;

-- Node name is '|cacheelement:26|dtrigger8x:3|:21' = '|cacheelement:26|dtrigger8x:3|Q7' 
-- Equation name is '_LC10_A5', type is buried 
_LC10_A5 = DFFE( data7 $  GND,  _EQ027,  VCC,  VCC,  VCC);
  _EQ027 = !_LC9_B1 & !_LC11_B1 &  _LC13_B1 &  wr;

-- Node name is '|cacheelement:26|LPM_COMPARE:10|comptree:comparator|cmpchain:cmp_end|aeb_out' from file "cmpchain.tdf" line 256, column 6
-- Equation name is '_LC2_A2', type is buried 
_LC2_A2  = LCELL( _EQ028 $  _EQ029);
  _EQ028 = !addr1 &  _LC5_A2 &  _X003 &  _X004
         #  addr1 & !_LC5_A2 &  _X003 &  _X004
         # !addr2 &  _LC4_A2 &  _X003 &  _X004
         #  addr2 & !_LC4_A2 &  _X003 &  _X004;
  _X003  = EXP(!addr0 &  _LC6_A2);
  _X004  = EXP( addr0 & !_LC6_A2);
  _EQ029 =  _X003 &  _X004;
  _X003  = EXP(!addr0 &  _LC6_A2);
  _X004  = EXP( addr0 & !_LC6_A2);

-- Node name is '|cacheelement:31|dtrigger3x:9|:12' = '|cacheelement:31|dtrigger3x:9|Q0' 
-- Equation name is '_LC7_B4', type is buried 
_LC7_B4  = DFFE( addr0 $  GND,  _EQ030,  VCC,  VCC,  VCC);
  _EQ030 = !_LC9_B1 &  _LC11_B1 &  _LC13_B1 &  wr;

-- Node name is '|cacheelement:31|dtrigger3x:9|:15' = '|cacheelement:31|dtrigger3x:9|Q1' 
-- Equation name is '_LC8_B4', type is buried 
_LC8_B4  = DFFE( addr1 $  GND,  _EQ031,  VCC,  VCC,  VCC);
  _EQ031 = !_LC9_B1 &  _LC11_B1 &  _LC13_B1 &  wr;

-- Node name is '|cacheelement:31|dtrigger3x:9|:16' = '|cacheelement:31|dtrigger3x:9|Q2' 
-- Equation name is '_LC9_B4', type is buried 
_LC9_B4  = DFFE( addr2 $  GND,  _EQ032,  VCC,  VCC,  VCC);
  _EQ032 = !_LC9_B1 &  _LC11_B1 &  _LC13_B1 &  wr;

-- Node name is '|cacheelement:31|dtrigger8x:3|:12' = '|cacheelement:31|dtrigger8x:3|Q0' 
-- Equation name is '_LC10_C5', type is buried 
_LC10_C5 = DFFE( data0 $  GND,  _EQ033,  VCC,  VCC,  VCC);
  _EQ033 = !_LC9_B1 &  _LC11_B1 &  _LC13_B1 &  wr;

-- Node name is '|cacheelement:31|dtrigger8x:3|:15' = '|cacheelement:31|dtrigger8x:3|Q1' 
-- Equation name is '_LC10_D4', type is buried 
_LC10_D4 = DFFE( data1 $  GND,  _EQ034,  VCC,  VCC,  VCC);
  _EQ034 = !_LC9_B1 &  _LC11_B1 &  _LC13_B1 &  wr;

-- Node name is '|cacheelement:31|dtrigger8x:3|:16' = '|cacheelement:31|dtrigger8x:3|Q2' 
-- Equation name is '_LC11_D4', type is buried 
_LC11_D4 = DFFE( data2 $  GND,  _EQ035,  VCC,  VCC,  VCC);
  _EQ035 = !_LC9_B1 &  _LC11_B1 &  _LC13_B1 &  wr;

-- Node name is '|cacheelement:31|dtrigger8x:3|:17' = '|cacheelement:31|dtrigger8x:3|Q3' 
-- Equation name is '_LC6_D3', type is buried 
_LC6_D3  = DFFE( data3 $  GND,  _EQ036,  VCC,  VCC,  VCC);
  _EQ036 = !_LC9_B1 &  _LC11_B1 &  _LC13_B1 &  wr;

-- Node name is '|cacheelement:31|dtrigger8x:3|:18' = '|cacheelement:31|dtrigger8x:3|Q4' 
-- Equation name is '_LC7_C3', type is buried 
_LC7_C3  = DFFE( data4 $  GND,  _EQ037,  VCC,  VCC,  VCC);
  _EQ037 = !_LC9_B1 &  _LC11_B1 &  _LC13_B1 &  wr;

-- Node name is '|cacheelement:31|dtrigger8x:3|:19' = '|cacheelement:31|dtrigger8x:3|Q5' 
-- Equation name is '_LC8_C3', type is buried 
_LC8_C3  = DFFE( data5 $  GND,  _EQ038,  VCC,  VCC,  VCC);
  _EQ038 = !_LC9_B1 &  _LC11_B1 &  _LC13_B1 &  wr;

-- Node name is '|cacheelement:31|dtrigger8x:3|:20' = '|cacheelement:31|dtrigger8x:3|Q6' 
-- Equation name is '_LC10_A2', type is buried 
_LC10_A2 = DFFE( data6 $  GND,  _EQ039,  VCC,  VCC,  VCC);
  _EQ039 = !_LC9_B1 &  _LC11_B1 &  _LC13_B1 &  wr;

-- Node name is '|cacheelement:31|dtrigger8x:3|:21' = '|cacheelement:31|dtrigger8x:3|Q7' 
-- Equation name is '_LC12_A5', type is buried 
_LC12_A5 = DFFE( data7 $  GND,  _EQ040,  VCC,  VCC,  VCC);
  _EQ040 = !_LC9_B1 &  _LC11_B1 &  _LC13_B1 &  wr;

-- Node name is '|cacheelement:31|LPM_COMPARE:10|comptree:comparator|cmpchain:cmp_end|aeb_out' from file "cmpchain.tdf" line 256, column 6
-- Equation name is '_LC5_B4', type is buried 
_LC5_B4  = LCELL( _EQ041 $  _EQ042);
  _EQ041 = !addr1 &  _LC8_B4 &  _X005 &  _X006
         #  addr1 & !_LC8_B4 &  _X005 &  _X006
         # !addr2 &  _LC9_B4 &  _X005 &  _X006
         #  addr2 & !_LC9_B4 &  _X005 &  _X006;
  _X005  = EXP(!addr0 &  _LC7_B4);
  _X006  = EXP( addr0 & !_LC7_B4);
  _EQ042 =  _X005 &  _X006;
  _X005  = EXP(!addr0 &  _LC7_B4);
  _X006  = EXP( addr0 & !_LC7_B4);

-- Node name is '|cacheelement:32|dtrigger3x:9|:12' = '|cacheelement:32|dtrigger3x:9|Q0' 
-- Equation name is '_LC10_B1', type is buried 
_LC10_B1 = DFFE( addr0 $  GND,  _EQ043,  VCC,  VCC,  VCC);
  _EQ043 = !_LC9_B1 &  _LC11_B1 & !_LC13_B1 &  wr;

-- Node name is '|cacheelement:32|dtrigger3x:9|:15' = '|cacheelement:32|dtrigger3x:9|Q1' 
-- Equation name is '_LC12_B1', type is buried 
_LC12_B1 = DFFE( addr1 $  GND,  _EQ044,  VCC,  VCC,  VCC);
  _EQ044 = !_LC9_B1 &  _LC11_B1 & !_LC13_B1 &  wr;

-- Node name is '|cacheelement:32|dtrigger3x:9|:16' = '|cacheelement:32|dtrigger3x:9|Q2' 
-- Equation name is '_LC14_B1', type is buried 
_LC14_B1 = DFFE( addr2 $  GND,  _EQ045,  VCC,  VCC,  VCC);
  _EQ045 = !_LC9_B1 &  _LC11_B1 & !_LC13_B1 &  wr;

-- Node name is '|cacheelement:32|dtrigger8x:3|:12' = '|cacheelement:32|dtrigger8x:3|Q0' 
-- Equation name is '_LC11_C5', type is buried 
_LC11_C5 = DFFE( data0 $  GND,  _EQ046,  VCC,  VCC,  VCC);
  _EQ046 = !_LC9_B1 &  _LC11_B1 & !_LC13_B1 &  wr;

-- Node name is '|cacheelement:32|dtrigger8x:3|:15' = '|cacheelement:32|dtrigger8x:3|Q1' 
-- Equation name is '_LC12_D4', type is buried 
_LC12_D4 = DFFE( data1 $  GND,  _EQ047,  VCC,  VCC,  VCC);
  _EQ047 = !_LC9_B1 &  _LC11_B1 & !_LC13_B1 &  wr;

-- Node name is '|cacheelement:32|dtrigger8x:3|:16' = '|cacheelement:32|dtrigger8x:3|Q2' 
-- Equation name is '_LC5_D4', type is buried 
_LC5_D4  = DFFE( data2 $  GND,  _EQ048,  VCC,  VCC,  VCC);
  _EQ048 = !_LC9_B1 &  _LC11_B1 & !_LC13_B1 &  wr;

-- Node name is '|cacheelement:32|dtrigger8x:3|:17' = '|cacheelement:32|dtrigger8x:3|Q3' 
-- Equation name is '_LC2_D3', type is buried 
_LC2_D3  = DFFE( data3 $  GND,  _EQ049,  VCC,  VCC,  VCC);
  _EQ049 = !_LC9_B1 &  _LC11_B1 & !_LC13_B1 &  wr;

-- Node name is '|cacheelement:32|dtrigger8x:3|:18' = '|cacheelement:32|dtrigger8x:3|Q4' 
-- Equation name is '_LC3_C3', type is buried 
_LC3_C3  = DFFE( data4 $  GND,  _EQ050,  VCC,  VCC,  VCC);
  _EQ050 = !_LC9_B1 &  _LC11_B1 & !_LC13_B1 &  wr;

-- Node name is '|cacheelement:32|dtrigger8x:3|:19' = '|cacheelement:32|dtrigger8x:3|Q5' 
-- Equation name is '_LC3_C5', type is buried 
_LC3_C5  = DFFE( data5 $  GND,  _EQ051,  VCC,  VCC,  VCC);
  _EQ051 = !_LC9_B1 &  _LC11_B1 & !_LC13_B1 &  wr;

-- Node name is '|cacheelement:32|dtrigger8x:3|:20' = '|cacheelement:32|dtrigger8x:3|Q6' 
-- Equation name is '_LC3_A5', type is buried 
_LC3_A5  = DFFE( data6 $  GND,  _EQ052,  VCC,  VCC,  VCC);
  _EQ052 = !_LC9_B1 &  _LC11_B1 & !_LC13_B1 &  wr;

-- Node name is '|cacheelement:32|dtrigger8x:3|:21' = '|cacheelement:32|dtrigger8x:3|Q7' 
-- Equation name is '_LC2_A5', type is buried 
_LC2_A5  = DFFE( data7 $  GND,  _EQ053,  VCC,  VCC,  VCC);
  _EQ053 = !_LC9_B1 &  _LC11_B1 & !_LC13_B1 &  wr;

-- Node name is '|cacheelement:32|LPM_COMPARE:10|comptree:comparator|cmpchain:cmp_end|aeb_out' from file "cmpchain.tdf" line 256, column 6
-- Equation name is '_LC1_B1', type is buried 
_LC1_B1  = LCELL( _EQ054 $  _EQ055);
  _EQ054 = !addr1 &  _LC12_B1 &  _X007 &  _X008
         #  addr1 & !_LC12_B1 &  _X007 &  _X008
         # !addr2 &  _LC14_B1 &  _X007 &  _X008
         #  addr2 & !_LC14_B1 &  _X007 &  _X008;
  _X007  = EXP(!addr0 &  _LC10_B1);
  _X008  = EXP( addr0 & !_LC10_B1);
  _EQ055 =  _X007 &  _X008;
  _X007  = EXP(!addr0 &  _LC10_B1);
  _X008  = EXP( addr0 & !_LC10_B1);

-- Node name is '|cacheelement:120|dtrigger3x:9|:12' = '|cacheelement:120|dtrigger3x:9|Q0' 
-- Equation name is '_LC4_B4', type is buried 
_LC4_B4  = DFFE( addr0 $  GND,  _EQ056,  VCC,  VCC,  VCC);
  _EQ056 =  _LC9_B1 &  _LC11_B1 &  _LC13_B1 &  wr;

-- Node name is '|cacheelement:120|dtrigger3x:9|:15' = '|cacheelement:120|dtrigger3x:9|Q1' 
-- Equation name is '_LC3_B4', type is buried 
_LC3_B4  = DFFE( addr1 $  GND,  _EQ057,  VCC,  VCC,  VCC);
  _EQ057 =  _LC9_B1 &  _LC11_B1 &  _LC13_B1 &  wr;

-- Node name is '|cacheelement:120|dtrigger3x:9|:16' = '|cacheelement:120|dtrigger3x:9|Q2' 
-- Equation name is '_LC6_B4', type is buried 
_LC6_B4  = DFFE( addr2 $  GND,  _EQ058,  VCC,  VCC,  VCC);
  _EQ058 =  _LC9_B1 &  _LC11_B1 &  _LC13_B1 &  wr;

-- Node name is '|cacheelement:120|dtrigger8x:3|:12' = '|cacheelement:120|dtrigger8x:3|Q0' 
-- Equation name is '_LC4_C5', type is buried 
_LC4_C5  = DFFE( data0 $  GND,  _EQ059,  VCC,  VCC,  VCC);
  _EQ059 =  _LC9_B1 &  _LC11_B1 &  _LC13_B1 &  wr;

-- Node name is '|cacheelement:120|dtrigger8x:3|:15' = '|cacheelement:120|dtrigger8x:3|Q1' 
-- Equation name is '_LC3_D4', type is buried 
_LC3_D4  = DFFE( data1 $  GND,  _EQ060,  VCC,  VCC,  VCC);
  _EQ060 =  _LC9_B1 &  _LC11_B1 &  _LC13_B1 &  wr;

-- Node name is '|cacheelement:120|dtrigger8x:3|:16' = '|cacheelement:120|dtrigger8x:3|Q2' 
-- Equation name is '_LC4_D4', type is buried 
_LC4_D4  = DFFE( data2 $  GND,  _EQ061,  VCC,  VCC,  VCC);
  _EQ061 =  _LC9_B1 &  _LC11_B1 &  _LC13_B1 &  wr;

-- Node name is '|cacheelement:120|dtrigger8x:3|:17' = '|cacheelement:120|dtrigger8x:3|Q3' 
-- Equation name is '_LC1_D3', type is buried 
_LC1_D3  = DFFE( data3 $  GND,  _EQ062,  VCC,  VCC,  VCC);
  _EQ062 =  _LC9_B1 &  _LC11_B1 &  _LC13_B1 &  wr;

-- Node name is '|cacheelement:120|dtrigger8x:3|:18' = '|cacheelement:120|dtrigger8x:3|Q4' 
-- Equation name is '_LC2_C3', type is buried 
_LC2_C3  = DFFE( data4 $  GND,  _EQ063,  VCC,  VCC,  VCC);
  _EQ063 =  _LC9_B1 &  _LC11_B1 &  _LC13_B1 &  wr;

-- Node name is '|cacheelement:120|dtrigger8x:3|:19' = '|cacheelement:120|dtrigger8x:3|Q5' 
-- Equation name is '_LC5_C5', type is buried 
_LC5_C5  = DFFE( data5 $  GND,  _EQ064,  VCC,  VCC,  VCC);
  _EQ064 =  _LC9_B1 &  _LC11_B1 &  _LC13_B1 &  wr;

-- Node name is '|cacheelement:120|dtrigger8x:3|:20' = '|cacheelement:120|dtrigger8x:3|Q6' 
-- Equation name is '_LC4_A5', type is buried 
_LC4_A5  = DFFE( data6 $  GND,  _EQ065,  VCC,  VCC,  VCC);
  _EQ065 =  _LC9_B1 &  _LC11_B1 &  _LC13_B1 &  wr;

-- Node name is '|cacheelement:120|dtrigger8x:3|:21' = '|cacheelement:120|dtrigger8x:3|Q7' 
-- Equation name is '_LC5_A5', type is buried 
_LC5_A5  = DFFE( data7 $  GND,  _EQ066,  VCC,  VCC,  VCC);
  _EQ066 =  _LC9_B1 &  _LC11_B1 &  _LC13_B1 &  wr;

-- Node name is '|cacheelement:120|LPM_COMPARE:10|comptree:comparator|cmpchain:cmp_end|aeb_out' from file "cmpchain.tdf" line 256, column 6
-- Equation name is '_LC2_B4', type is buried 
_LC2_B4  = LCELL( _EQ067 $  _EQ068);
  _EQ067 = !addr1 &  _LC3_B4 &  _X009 &  _X010
         #  addr1 & !_LC3_B4 &  _X009 &  _X010
         # !addr2 &  _LC6_B4 &  _X009 &  _X010
         #  addr2 & !_LC6_B4 &  _X009 &  _X010;
  _X009  = EXP(!addr0 &  _LC4_B4);
  _X010  = EXP( addr0 & !_LC4_B4);
  _EQ068 =  _X009 &  _X010;
  _X009  = EXP(!addr0 &  _LC4_B4);
  _X010  = EXP( addr0 & !_LC4_B4);

-- Node name is '|cacheelement:121|dtrigger3x:9|:12' = '|cacheelement:121|dtrigger3x:9|Q0' 
-- Equation name is '_LC3_A2', type is buried 
_LC3_A2  = DFFE( addr0 $  GND,  _EQ069,  VCC,  VCC,  VCC);
  _EQ069 =  _LC9_B1 &  _LC11_B1 & !_LC13_B1 &  wr;

-- Node name is '|cacheelement:121|dtrigger3x:9|:15' = '|cacheelement:121|dtrigger3x:9|Q1' 
-- Equation name is '_LC13_A2', type is buried 
_LC13_A2 = DFFE( addr1 $  GND,  _EQ070,  VCC,  VCC,  VCC);
  _EQ070 =  _LC9_B1 &  _LC11_B1 & !_LC13_B1 &  wr;

-- Node name is '|cacheelement:121|dtrigger3x:9|:16' = '|cacheelement:121|dtrigger3x:9|Q2' 
-- Equation name is '_LC8_A2', type is buried 
_LC8_A2  = DFFE( addr2 $  GND,  _EQ071,  VCC,  VCC,  VCC);
  _EQ071 =  _LC9_B1 &  _LC11_B1 & !_LC13_B1 &  wr;

-- Node name is '|cacheelement:121|dtrigger8x:3|:12' = '|cacheelement:121|dtrigger8x:3|Q0' 
-- Equation name is '_LC12_C5', type is buried 
_LC12_C5 = DFFE( data0 $  GND,  _EQ072,  VCC,  VCC,  VCC);
  _EQ072 =  _LC9_B1 &  _LC11_B1 & !_LC13_B1 &  wr;

-- Node name is '|cacheelement:121|dtrigger8x:3|:15' = '|cacheelement:121|dtrigger8x:3|Q1' 
-- Equation name is '_LC13_D4', type is buried 
_LC13_D4 = DFFE( data1 $  GND,  _EQ073,  VCC,  VCC,  VCC);
  _EQ073 =  _LC9_B1 &  _LC11_B1 & !_LC13_B1 &  wr;

-- Node name is '|cacheelement:121|dtrigger8x:3|:16' = '|cacheelement:121|dtrigger8x:3|Q2' 
-- Equation name is '_LC14_D4', type is buried 
_LC14_D4 = DFFE( data2 $  GND,  _EQ074,  VCC,  VCC,  VCC);
  _EQ074 =  _LC9_B1 &  _LC11_B1 & !_LC13_B1 &  wr;

-- Node name is '|cacheelement:121|dtrigger8x:3|:17' = '|cacheelement:121|dtrigger8x:3|Q3' 
-- Equation name is '_LC8_D3', type is buried 
_LC8_D3  = DFFE( data3 $  GND,  _EQ075,  VCC,  VCC,  VCC);
  _EQ075 =  _LC9_B1 &  _LC11_B1 & !_LC13_B1 &  wr;

-- Node name is '|cacheelement:121|dtrigger8x:3|:18' = '|cacheelement:121|dtrigger8x:3|Q4' 
-- Equation name is '_LC14_C3', type is buried 
_LC14_C3 = DFFE( data4 $  GND,  _EQ076,  VCC,  VCC,  VCC);
  _EQ076 =  _LC9_B1 &  _LC11_B1 & !_LC13_B1 &  wr;

-- Node name is '|cacheelement:121|dtrigger8x:3|:19' = '|cacheelement:121|dtrigger8x:3|Q5' 
-- Equation name is '_LC14_C5', type is buried 
_LC14_C5 = DFFE( data5 $  GND,  _EQ077,  VCC,  VCC,  VCC);
  _EQ077 =  _LC9_B1 &  _LC11_B1 & !_LC13_B1 &  wr;

-- Node name is '|cacheelement:121|dtrigger8x:3|:20' = '|cacheelement:121|dtrigger8x:3|Q6' 
-- Equation name is '_LC15_A5', type is buried 
_LC15_A5 = DFFE( data6 $  GND,  _EQ078,  VCC,  VCC,  VCC);
  _EQ078 =  _LC9_B1 &  _LC11_B1 & !_LC13_B1 &  wr;

-- Node name is '|cacheelement:121|dtrigger8x:3|:21' = '|cacheelement:121|dtrigger8x:3|Q7' 
-- Equation name is '_LC14_A5', type is buried 
_LC14_A5 = DFFE( data7 $  GND,  _EQ079,  VCC,  VCC,  VCC);
  _EQ079 =  _LC9_B1 &  _LC11_B1 & !_LC13_B1 &  wr;

-- Node name is '|cacheelement:121|LPM_COMPARE:10|comptree:comparator|cmpchain:cmp_end|aeb_out' from file "cmpchain.tdf" line 256, column 6
-- Equation name is '_LC1_A2', type is buried 
_LC1_A2  = LCELL( _EQ080 $  _EQ081);
  _EQ080 = !addr1 &  _LC13_A2 &  _X011 &  _X012
         #  addr1 & !_LC13_A2 &  _X011 &  _X012
         # !addr2 &  _LC8_A2 &  _X011 &  _X012
         #  addr2 & !_LC8_A2 &  _X011 &  _X012;
  _X011  = EXP(!addr0 &  _LC3_A2);
  _X012  = EXP( addr0 & !_LC3_A2);
  _EQ081 =  _X011 &  _X012;
  _X011  = EXP(!addr0 &  _LC3_A2);
  _X012  = EXP( addr0 & !_LC3_A2);

-- Node name is '|cacheelement:122|dtrigger3x:9|:12' = '|cacheelement:122|dtrigger3x:9|Q0' 
-- Equation name is '_LC12_B4', type is buried 
_LC12_B4 = DFFE( addr0 $  GND,  _EQ082,  VCC,  VCC,  VCC);
  _EQ082 =  _LC9_B1 & !_LC11_B1 &  _LC13_B1 &  wr;

-- Node name is '|cacheelement:122|dtrigger3x:9|:15' = '|cacheelement:122|dtrigger3x:9|Q1' 
-- Equation name is '_LC11_B4', type is buried 
_LC11_B4 = DFFE( addr1 $  GND,  _EQ083,  VCC,  VCC,  VCC);
  _EQ083 =  _LC9_B1 & !_LC11_B1 &  _LC13_B1 &  wr;

-- Node name is '|cacheelement:122|dtrigger3x:9|:16' = '|cacheelement:122|dtrigger3x:9|Q2' 
-- Equation name is '_LC10_B4', type is buried 
_LC10_B4 = DFFE( addr2 $  GND,  _EQ084,  VCC,  VCC,  VCC);
  _EQ084 =  _LC9_B1 & !_LC11_B1 &  _LC13_B1 &  wr;

-- Node name is '|cacheelement:122|dtrigger8x:3|:12' = '|cacheelement:122|dtrigger8x:3|Q0' 
-- Equation name is '_LC13_C5', type is buried 
_LC13_C5 = DFFE( data0 $  GND,  _EQ085,  VCC,  VCC,  VCC);
  _EQ085 =  _LC9_B1 & !_LC11_B1 &  _LC13_B1 &  wr;

-- Node name is '|cacheelement:122|dtrigger8x:3|:15' = '|cacheelement:122|dtrigger8x:3|Q1' 
-- Equation name is '_LC16_D4', type is buried 
_LC16_D4 = DFFE( data1 $  GND,  _EQ086,  VCC,  VCC,  VCC);
  _EQ086 =  _LC9_B1 & !_LC11_B1 &  _LC13_B1 &  wr;

-- Node name is '|cacheelement:122|dtrigger8x:3|:16' = '|cacheelement:122|dtrigger8x:3|Q2' 
-- Equation name is '_LC15_D4', type is buried 
_LC15_D4 = DFFE( data2 $  GND,  _EQ087,  VCC,  VCC,  VCC);
  _EQ087 =  _LC9_B1 & !_LC11_B1 &  _LC13_B1 &  wr;

-- Node name is '|cacheelement:122|dtrigger8x:3|:17' = '|cacheelement:122|dtrigger8x:3|Q3' 
-- Equation name is '_LC7_D3', type is buried 
_LC7_D3  = DFFE( data3 $  GND,  _EQ088,  VCC,  VCC,  VCC);
  _EQ088 =  _LC9_B1 & !_LC11_B1 &  _LC13_B1 &  wr;

-- Node name is '|cacheelement:122|dtrigger8x:3|:18' = '|cacheelement:122|dtrigger8x:3|Q4' 
-- Equation name is '_LC12_C3', type is buried 
_LC12_C3 = DFFE( data4 $  GND,  _EQ089,  VCC,  VCC,  VCC);
  _EQ089 =  _LC9_B1 & !_LC11_B1 &  _LC13_B1 &  wr;

-- Node name is '|cacheelement:122|dtrigger8x:3|:19' = '|cacheelement:122|dtrigger8x:3|Q5' 
-- Equation name is '_LC10_C3', type is buried 
_LC10_C3 = DFFE( data5 $  GND,  _EQ090,  VCC,  VCC,  VCC);
  _EQ090 =  _LC9_B1 & !_LC11_B1 &  _LC13_B1 &  wr;

-- Node name is '|cacheelement:122|dtrigger8x:3|:20' = '|cacheelement:122|dtrigger8x:3|Q6' 
-- Equation name is '_LC12_A2', type is buried 
_LC12_A2 = DFFE( data6 $  GND,  _EQ091,  VCC,  VCC,  VCC);
  _EQ091 =  _LC9_B1 & !_LC11_B1 &  _LC13_B1 &  wr;

-- Node name is '|cacheelement:122|dtrigger8x:3|:21' = '|cacheelement:122|dtrigger8x:3|Q7' 
-- Equation name is '_LC13_A5', type is buried 
_LC13_A5 = DFFE( data7 $  GND,  _EQ092,  VCC,  VCC,  VCC);
  _EQ092 =  _LC9_B1 & !_LC11_B1 &  _LC13_B1 &  wr;

-- Node name is '|cacheelement:122|LPM_COMPARE:10|comptree:comparator|cmpchain:cmp_end|aeb_out' from file "cmpchain.tdf" line 256, column 6
-- Equation name is '_LC1_B4', type is buried 
_LC1_B4  = LCELL( _EQ093 $  _EQ094);
  _EQ093 = !addr1 &  _LC11_B4 &  _X013 &  _X014
         #  addr1 & !_LC11_B4 &  _X013 &  _X014
         # !addr2 &  _LC10_B4 &  _X013 &  _X014
         #  addr2 & !_LC10_B4 &  _X013 &  _X014;
  _X013  = EXP(!addr0 &  _LC12_B4);
  _X014  = EXP( addr0 & !_LC12_B4);
  _EQ094 =  _X013 &  _X014;
  _X013  = EXP(!addr0 &  _LC12_B4);
  _X014  = EXP( addr0 & !_LC12_B4);

-- Node name is '|cacheelement:123|dtrigger3x:9|:12' = '|cacheelement:123|dtrigger3x:9|Q0' 
-- Equation name is '_LC16_B1', type is buried 
_LC16_B1 = DFFE( addr0 $  GND,  _EQ095,  VCC,  VCC,  VCC);
  _EQ095 =  _LC9_B1 & !_LC11_B1 & !_LC13_B1 &  wr;

-- Node name is '|cacheelement:123|dtrigger3x:9|:15' = '|cacheelement:123|dtrigger3x:9|Q1' 
-- Equation name is '_LC8_B1', type is buried 
_LC8_B1  = DFFE( addr1 $  GND,  _EQ096,  VCC,  VCC,  VCC);
  _EQ096 =  _LC9_B1 & !_LC11_B1 & !_LC13_B1 &  wr;

-- Node name is '|cacheelement:123|dtrigger3x:9|:16' = '|cacheelement:123|dtrigger3x:9|Q2' 
-- Equation name is '_LC7_B1', type is buried 
_LC7_B1  = DFFE( addr2 $  GND,  _EQ097,  VCC,  VCC,  VCC);
  _EQ097 =  _LC9_B1 & !_LC11_B1 & !_LC13_B1 &  wr;

-- Node name is '|cacheelement:123|dtrigger8x:3|:12' = '|cacheelement:123|dtrigger8x:3|Q0' 
-- Equation name is '_LC7_C5', type is buried 
_LC7_C5  = DFFE( data0 $  GND,  _EQ098,  VCC,  VCC,  VCC);
  _EQ098 =  _LC9_B1 & !_LC11_B1 & !_LC13_B1 &  wr;

-- Node name is '|cacheelement:123|dtrigger8x:3|:15' = '|cacheelement:123|dtrigger8x:3|Q1' 
-- Equation name is '_LC7_D4', type is buried 
_LC7_D4  = DFFE( data1 $  GND,  _EQ099,  VCC,  VCC,  VCC);
  _EQ099 =  _LC9_B1 & !_LC11_B1 & !_LC13_B1 &  wr;

-- Node name is '|cacheelement:123|dtrigger8x:3|:16' = '|cacheelement:123|dtrigger8x:3|Q2' 
-- Equation name is '_LC8_D4', type is buried 
_LC8_D4  = DFFE( data2 $  GND,  _EQ100,  VCC,  VCC,  VCC);
  _EQ100 =  _LC9_B1 & !_LC11_B1 & !_LC13_B1 &  wr;

-- Node name is '|cacheelement:123|dtrigger8x:3|:17' = '|cacheelement:123|dtrigger8x:3|Q3' 
-- Equation name is '_LC4_D3', type is buried 
_LC4_D3  = DFFE( data3 $  GND,  _EQ101,  VCC,  VCC,  VCC);
  _EQ101 =  _LC9_B1 & !_LC11_B1 & !_LC13_B1 &  wr;

-- Node name is '|cacheelement:123|dtrigger8x:3|:18' = '|cacheelement:123|dtrigger8x:3|Q4' 
-- Equation name is '_LC4_C3', type is buried 
_LC4_C3  = DFFE( data4 $  GND,  _EQ102,  VCC,  VCC,  VCC);
  _EQ102 =  _LC9_B1 & !_LC11_B1 & !_LC13_B1 &  wr;

-- Node name is '|cacheelement:123|dtrigger8x:3|:19' = '|cacheelement:123|dtrigger8x:3|Q5' 
-- Equation name is '_LC8_C5', type is buried 
_LC8_C5  = DFFE( data5 $  GND,  _EQ103,  VCC,  VCC,  VCC);
  _EQ103 =  _LC9_B1 & !_LC11_B1 & !_LC13_B1 &  wr;

-- Node name is '|cacheelement:123|dtrigger8x:3|:20' = '|cacheelement:123|dtrigger8x:3|Q6' 
-- Equation name is '_LC7_A5', type is buried 
_LC7_A5  = DFFE( data6 $  GND,  _EQ104,  VCC,  VCC,  VCC);
  _EQ104 =  _LC9_B1 & !_LC11_B1 & !_LC13_B1 &  wr;

-- Node name is '|cacheelement:123|dtrigger8x:3|:21' = '|cacheelement:123|dtrigger8x:3|Q7' 
-- Equation name is '_LC8_A5', type is buried 
_LC8_A5  = DFFE( data7 $  GND,  _EQ105,  VCC,  VCC,  VCC);
  _EQ105 =  _LC9_B1 & !_LC11_B1 & !_LC13_B1 &  wr;

-- Node name is '|cacheelement:123|LPM_COMPARE:10|comptree:comparator|cmpchain:cmp_end|aeb_out' from file "cmpchain.tdf" line 256, column 6
-- Equation name is '_LC3_B1', type is buried 
_LC3_B1  = LCELL( _EQ106 $  _EQ107);
  _EQ106 = !addr1 &  _LC8_B1 &  _X015 &  _X016
         #  addr1 & !_LC8_B1 &  _X015 &  _X016
         # !addr2 &  _LC7_B1 &  _X015 &  _X016
         #  addr2 & !_LC7_B1 &  _X015 &  _X016;
  _X015  = EXP(!addr0 &  _LC16_B1);
  _X016  = EXP( addr0 & !_LC16_B1);
  _EQ107 =  _X015 &  _X016;
  _X015  = EXP(!addr0 &  _LC16_B1);
  _X016  = EXP( addr0 & !_LC16_B1);

-- Node name is '|LPM_MUX:17|muxlut:135|muxlut:77|result_node' from file "muxlut.tdf" line 128, column 40
-- Equation name is '_LC1_C5', type is buried 
_LC1_C5  = LCELL( _EQ108 $  _EQ109);
  _EQ108 =  _LC9_B1 & !_LC11_B1 &  _LC13_B1 & !_LC13_C5 &  _X017 &  _X018 & 
              _X019 &  _X020
         # !_LC9_B1 & !_LC10_C5 &  _LC11_B1 &  _LC13_B1 &  _X017 &  _X018 & 
              _X019 &  _X020
         # !_LC9_B1 & !_LC9_C5 & !_LC11_B1 & !_LC13_B1 &  _X017 &  _X018 & 
              _X019 &  _X020
         # !_LC6_C5 & !_LC9_B1 & !_LC11_B1 &  _LC13_B1 &  _X017 &  _X018 & 
              _X019 &  _X020;
  _X017  = EXP( _LC9_B1 &  _LC11_B1 & !_LC12_C5 & !_LC13_B1);
  _X018  = EXP(!_LC4_C5 &  _LC9_B1 &  _LC11_B1 &  _LC13_B1);
  _X019  = EXP(!_LC7_C5 &  _LC9_B1 & !_LC11_B1 & !_LC13_B1);
  _X020  = EXP(!_LC9_B1 &  _LC11_B1 & !_LC11_C5 & !_LC13_B1);
  _EQ109 =  _X017 &  _X018 &  _X019 &  _X020;
  _X017  = EXP( _LC9_B1 &  _LC11_B1 & !_LC12_C5 & !_LC13_B1);
  _X018  = EXP(!_LC4_C5 &  _LC9_B1 &  _LC11_B1 &  _LC13_B1);
  _X019  = EXP(!_LC7_C5 &  _LC9_B1 & !_LC11_B1 & !_LC13_B1);
  _X020  = EXP(!_LC9_B1 &  _LC11_B1 & !_LC11_C5 & !_LC13_B1);

-- Node name is '|LPM_MUX:17|muxlut:156|muxlut:77|result_node' from file "muxlut.tdf" line 128, column 40
-- Equation name is '_LC2_D4', type is buried 
_LC2_D4  = LCELL( _EQ110 $  _EQ111);
  _EQ110 =  _LC9_B1 & !_LC11_B1 &  _LC13_B1 & !_LC16_D4 &  _X021 &  _X022 & 
              _X023 &  _X024
         # !_LC9_B1 & !_LC10_D4 &  _LC11_B1 &  _LC13_B1 &  _X021 &  _X022 & 
              _X023 &  _X024
         # !_LC1_D5 & !_LC9_B1 & !_LC11_B1 & !_LC13_B1 &  _X021 &  _X022 & 
              _X023 &  _X024
         # !_LC1_D2 & !_LC9_B1 & !_LC11_B1 &  _LC13_B1 &  _X021 &  _X022 & 
              _X023 &  _X024;
  _X021  = EXP( _LC9_B1 &  _LC11_B1 & !_LC13_B1 & !_LC13_D4);
  _X022  = EXP(!_LC3_D4 &  _LC9_B1 &  _LC11_B1 &  _LC13_B1);
  _X023  = EXP(!_LC7_D4 &  _LC9_B1 & !_LC11_B1 & !_LC13_B1);
  _X024  = EXP(!_LC9_B1 &  _LC11_B1 & !_LC12_D4 & !_LC13_B1);
  _EQ111 =  _X021 &  _X022 &  _X023 &  _X024;
  _X021  = EXP( _LC9_B1 &  _LC11_B1 & !_LC13_B1 & !_LC13_D4);
  _X022  = EXP(!_LC3_D4 &  _LC9_B1 &  _LC11_B1 &  _LC13_B1);
  _X023  = EXP(!_LC7_D4 &  _LC9_B1 & !_LC11_B1 & !_LC13_B1);
  _X024  = EXP(!_LC9_B1 &  _LC11_B1 & !_LC12_D4 & !_LC13_B1);

-- Node name is '|LPM_MUX:17|muxlut:177|muxlut:77|result_node' from file "muxlut.tdf" line 128, column 40
-- Equation name is '_LC1_D4', type is buried 
_LC1_D4  = LCELL( _EQ112 $  _EQ113);
  _EQ112 =  _LC9_B1 & !_LC11_B1 &  _LC13_B1 & !_LC15_D4 &  _X025 &  _X026 & 
              _X027 &  _X028
         # !_LC9_B1 &  _LC11_B1 & !_LC11_D4 &  _LC13_B1 &  _X025 &  _X026 & 
              _X027 &  _X028
         # !_LC9_B1 & !_LC9_D4 & !_LC11_B1 & !_LC13_B1 &  _X025 &  _X026 & 
              _X027 &  _X028
         # !_LC6_D4 & !_LC9_B1 & !_LC11_B1 &  _LC13_B1 &  _X025 &  _X026 & 
              _X027 &  _X028;
  _X025  = EXP( _LC9_B1 &  _LC11_B1 & !_LC13_B1 & !_LC14_D4);
  _X026  = EXP(!_LC4_D4 &  _LC9_B1 &  _LC11_B1 &  _LC13_B1);
  _X027  = EXP(!_LC8_D4 &  _LC9_B1 & !_LC11_B1 & !_LC13_B1);
  _X028  = EXP(!_LC5_D4 & !_LC9_B1 &  _LC11_B1 & !_LC13_B1);
  _EQ113 =  _X025 &  _X026 &  _X027 &  _X028;
  _X025  = EXP( _LC9_B1 &  _LC11_B1 & !_LC13_B1 & !_LC14_D4);
  _X026  = EXP(!_LC4_D4 &  _LC9_B1 &  _LC11_B1 &  _LC13_B1);
  _X027  = EXP(!_LC8_D4 &  _LC9_B1 & !_LC11_B1 & !_LC13_B1);
  _X028  = EXP(!_LC5_D4 & !_LC9_B1 &  _LC11_B1 & !_LC13_B1);

-- Node name is '|LPM_MUX:17|muxlut:198|muxlut:77|result_node' from file "muxlut.tdf" line 128, column 40
-- Equation name is '_LC11_D3', type is buried 
_LC11_D3 = LCELL( _EQ114 $  _EQ115);
  _EQ114 = !_LC7_D3 &  _LC9_B1 & !_LC11_B1 &  _LC13_B1 &  _X029 &  _X030 & 
              _X031 &  _X032
         # !_LC6_D3 & !_LC9_B1 &  _LC11_B1 &  _LC13_B1 &  _X029 &  _X030 & 
              _X031 &  _X032
         # !_LC5_D3 & !_LC9_B1 & !_LC11_B1 & !_LC13_B1 &  _X029 &  _X030 & 
              _X031 &  _X032
         # !_LC3_D3 & !_LC9_B1 & !_LC11_B1 &  _LC13_B1 &  _X029 &  _X030 & 
              _X031 &  _X032;
  _X029  = EXP(!_LC8_D3 &  _LC9_B1 &  _LC11_B1 & !_LC13_B1);
  _X030  = EXP(!_LC1_D3 &  _LC9_B1 &  _LC11_B1 &  _LC13_B1);
  _X031  = EXP(!_LC4_D3 &  _LC9_B1 & !_LC11_B1 & !_LC13_B1);
  _X032  = EXP(!_LC2_D3 & !_LC9_B1 &  _LC11_B1 & !_LC13_B1);
  _EQ115 =  _X029 &  _X030 &  _X031 &  _X032;
  _X029  = EXP(!_LC8_D3 &  _LC9_B1 &  _LC11_B1 & !_LC13_B1);
  _X030  = EXP(!_LC1_D3 &  _LC9_B1 &  _LC11_B1 &  _LC13_B1);
  _X031  = EXP(!_LC4_D3 &  _LC9_B1 & !_LC11_B1 & !_LC13_B1);
  _X032  = EXP(!_LC2_D3 & !_LC9_B1 &  _LC11_B1 & !_LC13_B1);

-- Node name is '|LPM_MUX:17|muxlut:219|muxlut:77|result_node' from file "muxlut.tdf" line 128, column 40
-- Equation name is '_LC1_C3', type is buried 
_LC1_C3  = LCELL( _EQ116 $  _EQ117);
  _EQ116 =  _LC9_B1 & !_LC11_B1 & !_LC12_C3 &  _LC13_B1 &  _X033 &  _X034 & 
              _X035 &  _X036
         # !_LC7_C3 & !_LC9_B1 &  _LC11_B1 &  _LC13_B1 &  _X033 &  _X034 & 
              _X035 &  _X036
         # !_LC6_C3 & !_LC9_B1 & !_LC11_B1 & !_LC13_B1 &  _X033 &  _X034 & 
              _X035 &  _X036
         # !_LC9_B1 & !_LC9_C3 & !_LC11_B1 &  _LC13_B1 &  _X033 &  _X034 & 
              _X035 &  _X036;
  _X033  = EXP( _LC9_B1 &  _LC11_B1 & !_LC13_B1 & !_LC14_C3);
  _X034  = EXP(!_LC2_C3 &  _LC9_B1 &  _LC11_B1 &  _LC13_B1);
  _X035  = EXP(!_LC4_C3 &  _LC9_B1 & !_LC11_B1 & !_LC13_B1);
  _X036  = EXP(!_LC3_C3 & !_LC9_B1 &  _LC11_B1 & !_LC13_B1);
  _EQ117 =  _X033 &  _X034 &  _X035 &  _X036;
  _X033  = EXP( _LC9_B1 &  _LC11_B1 & !_LC13_B1 & !_LC14_C3);
  _X034  = EXP(!_LC2_C3 &  _LC9_B1 &  _LC11_B1 &  _LC13_B1);
  _X035  = EXP(!_LC4_C3 &  _LC9_B1 & !_LC11_B1 & !_LC13_B1);
  _X036  = EXP(!_LC3_C3 & !_LC9_B1 &  _LC11_B1 & !_LC13_B1);

-- Node name is '|LPM_MUX:17|muxlut:240|muxlut:77|result_node' from file "muxlut.tdf" line 128, column 40
-- Equation name is '_LC11_C3', type is buried 
_LC11_C3 = LCELL( _EQ118 $ !_LC2_C5);
  _EQ118 = !_LC2_C5 &  _LC9_B1 & !_LC10_C3 & !_LC11_B1 &  _LC13_B1
         # !_LC2_C5 & !_LC8_C3 & !_LC9_B1 &  _LC11_B1 &  _LC13_B1
         # !_LC2_C5 & !_LC5_C3 & !_LC9_B1 & !_LC11_B1 & !_LC13_B1
         # !_LC2_C5 & !_LC9_B1 & !_LC11_B1 &  _LC13_B1 & !_LC13_C3;

-- Node name is '|LPM_MUX:17|muxlut:240|muxlut:77|result_node~1' from file "muxlut.tdf" line 128, column 40
-- Equation name is '_LC2_C5', type is buried 
-- synthesized logic cell 
_LC2_C5  = LCELL( _EQ119 $  GND);
  _EQ119 =  _LC9_B1 &  _LC11_B1 & !_LC13_B1 & !_LC14_C5
         # !_LC5_C5 &  _LC9_B1 &  _LC11_B1 &  _LC13_B1
         # !_LC8_C5 &  _LC9_B1 & !_LC11_B1 & !_LC13_B1
         # !_LC3_C5 & !_LC9_B1 &  _LC11_B1 & !_LC13_B1;

-- Node name is '|LPM_MUX:17|muxlut:261|muxlut:77|result_node' from file "muxlut.tdf" line 128, column 40
-- Equation name is '_LC11_A2', type is buried 
_LC11_A2 = LCELL( _EQ120 $ !_LC1_A5);
  _EQ120 = !_LC1_A5 &  _LC9_B1 & !_LC11_B1 & !_LC12_A2 &  _LC13_B1
         # !_LC1_A5 & !_LC9_B1 & !_LC10_A2 &  _LC11_B1 &  _LC13_B1
         # !_LC1_A5 & !_LC7_A2 & !_LC9_B1 & !_LC11_B1 & !_LC13_B1
         # !_LC1_A5 & !_LC9_A2 & !_LC9_B1 & !_LC11_B1 &  _LC13_B1;

-- Node name is '|LPM_MUX:17|muxlut:261|muxlut:77|result_node~1' from file "muxlut.tdf" line 128, column 40
-- Equation name is '_LC1_A5', type is buried 
-- synthesized logic cell 
_LC1_A5  = LCELL( _EQ121 $  GND);
  _EQ121 =  _LC9_B1 &  _LC11_B1 & !_LC13_B1 & !_LC15_A5
         # !_LC4_A5 &  _LC9_B1 &  _LC11_B1 &  _LC13_B1
         # !_LC7_A5 &  _LC9_B1 & !_LC11_B1 & !_LC13_B1
         # !_LC3_A5 & !_LC9_B1 &  _LC11_B1 & !_LC13_B1;

-- Node name is '|LPM_MUX:17|muxlut:282|muxlut:77|result_node' from file "muxlut.tdf" line 128, column 40
-- Equation name is '_LC11_A5', type is buried 
_LC11_A5 = LCELL( _EQ122 $ !_LC9_A5);
  _EQ122 = !_LC9_A5 &  _LC9_B1 & !_LC11_B1 & !_LC13_A5 &  _LC13_B1
         # !_LC9_A5 & !_LC9_B1 &  _LC11_B1 & !_LC12_A5 &  _LC13_B1
         # !_LC6_A5 & !_LC9_A5 & !_LC9_B1 & !_LC11_B1 & !_LC13_B1
         # !_LC9_A5 & !_LC9_B1 & !_LC10_A5 & !_LC11_B1 &  _LC13_B1;

-- Node name is '|LPM_MUX:17|muxlut:282|muxlut:77|result_node~1' from file "muxlut.tdf" line 128, column 40
-- Equation name is '_LC9_A5', type is buried 
-- synthesized logic cell 
_LC9_A5  = LCELL( _EQ123 $  GND);
  _EQ123 =  _LC9_B1 &  _LC11_B1 & !_LC13_B1 & !_LC14_A5
         # !_LC5_A5 &  _LC9_B1 &  _LC11_B1 &  _LC13_B1
         # !_LC8_A5 &  _LC9_B1 & !_LC11_B1 & !_LC13_B1
         # !_LC2_A5 & !_LC9_B1 &  _LC11_B1 & !_LC13_B1;

-- Node name is ':124' 
-- Equation name is '_LC15_B1', type is buried 
_LC15_B1 = LCELL( VCC $  _EQ124);
  _EQ124 = !_LC1_A2 & !_LC1_B1 & !_LC1_B4 & !_LC2_A2 & !_LC2_B1 & !_LC2_B4 & 
             !_LC3_B1 & !_LC5_B4;



Project Information                                c:\maxplusii\lab2\cache.rpt

** COMPILATION SETTINGS & TIMES **

Processing Menu Commands
------------------------

Design Doctor                             = off

Logic Synthesis:

   Synthesis Type Used                    = Multi-Level

   Default Synthesis Style                = NORMAL

      Logic option settings in 'NORMAL' style for 'MAX9000' family

      DECOMPOSE_GATES                     = on
      DUPLICATE_LOGIC_EXTRACTION          = on
      MINIMIZATION                        = full
      MULTI_LEVEL_FACTORING               = on
      NOT_GATE_PUSH_BACK                  = on
      PARALLEL_EXPANDERS                  = off
      REDUCE_LOGIC                        = on
      REFACTORIZATION                     = on
      REGISTER_OPTIMIZATION               = on
      RESYNTHESIZE_NETWORK                = on
      SLOW_SLEW_RATE                      = off
      SOFT_BUFFER_INSERTION               = on
      SUBFACTOR_EXTRACTION                = on
      TURBO_BIT                           = on
      XOR_SYNTHESIS                       = on
      IGNORE_SOFT_BUFFERS                 = off
      USE_LPM_FOR_AHDL_OPERATORS          = off

   Other logic synthesis settings:

      Automatic Global Clock              = on
      Automatic Global Clear              = on
      Automatic Global Preset             = on
      Automatic Global Output Enable      = on
      Automatic Fast I/O                  = off
      Automatic Register Packing          = off
      Automatic Open-Drain Pins           = on
      Automatic Implement in EAB          = off
      One-Hot State Machine Encoding      = off
      Optimize                            = 5

Default Timing Specifications: None

Cut All Bidir Feedback Timing Paths       = on
Cut All Clear & Preset Timing Paths       = on

Ignore Timing Assignments                 = off

Functional SNF Extractor                  = off

Linked SNF Extractor                      = off
Timing SNF Extractor                      = on
Optimize Timing SNF                       = off
Generate AHDL TDO File                    = off
Fitter Settings                           = NORMAL
Smart Recompile                           = off
Total Recompile                           = off

Interfaces Menu Commands
------------------------

EDIF Netlist Writer                       = off
Verilog Netlist Writer                    = off
VHDL Netlist Writer                       = off

Compilation Times
-----------------

   Compiler Netlist Extractor             00:00:00
   Database Builder                       00:00:00
   Logic Synthesizer                      00:00:01
   Partitioner                            00:00:00
   Fitter                                 00:00:00
   Timing SNF Extractor                   00:00:00
   Assembler                              00:00:00
   --------------------------             --------
   Total Time                             00:00:01


Memory Allocated
-----------------

Peak memory allocated during compilation  = 11,378K
