Project Information                                   e:\term3\lab20\delay.rpt

MAX+plus II Compiler Report File
Version 9.01 07/30/98
Compiled: 10/19/16 11:36:52

Copyright (C) 1988-1998 Altera Corporation
Any megafunction design, and related net list (encrypted or decrypted),
support information, device programming or simulation file, and any other
associated documentation or information provided by Altera or a partner
under Altera's Megafunction Partnership Program may be used only to
program PLD devices (but not masked PLD devices) from Altera.  Any other
use of such megafunction design, net list, support information, device
programming or simulation file, or any other related documentation or
information is prohibited for any other purpose, including, but not
limited to modification, reverse engineering, de-compiling, or use with
any other silicon devices, unless such use is explicitly licensed under
a separate agreement with Altera or a megafunction partner.  Title to
the intellectual property, including patents, copyrights, trademarks,
trade secrets, or maskworks, embodied in any such megafunction design,
net list, support information, device programming or simulation file, or
any other related documentation or information provided by Altera or a
megafunction partner, remains with Altera, the megafunction partner, or
their respective licensors.  No other licenses, including any licenses
needed under any third party's intellectual property, are provided herein.



***** Project compilation was successful




** DEVICE SUMMARY **

Chip/                     Input   Output   Bidir         Shareable
POF       Device          Pins    Pins     Pins     LCs  Expanders  % Utilized

delay     EPM7032LC44-6    3        3        0      24      0           75 %

User Pins:                 3        3        0  



Device-Specific Information:                          e:\term3\lab20\delay.rpt
delay

***** Logic for device 'delay' compiled without errors.




Device: EPM7032LC44-6

Device Options:
    Turbo Bit                                    = ON
    Security Bit                                 = OFF

                                         R  R  
                                         E  E  
                                         S  S  
                                         E  E  
                                         R  R  
              i  i  i  V  G  G  G  G  G  V  V  
              n  n  n  C  N  N  N  N  N  E  E  
              2  1  0  C  D  D  D  D  D  D  D  
            -----------------------------------_ 
          /   6  5  4  3  2  1 44 43 42 41 40   | 
RESERVED |  7                                39 | RESERVED 
RESERVED |  8                                38 | RESERVED 
RESERVED |  9                                37 | RESERVED 
     GND | 10                                36 | out0 
RESERVED | 11                                35 | VCC 
RESERVED | 12         EPM7032LC44-6          34 | out1 
RESERVED | 13                                33 | out2 
RESERVED | 14                                32 | RESERVED 
     VCC | 15                                31 | RESERVED 
RESERVED | 16                                30 | GND 
RESERVED | 17                                29 | RESERVED 
         |_  18 19 20 21 22 23 24 25 26 27 28  _| 
           ------------------------------------ 
              R  R  R  R  G  V  R  R  R  R  R  
              E  E  E  E  N  C  E  E  E  E  E  
              S  S  S  S  D  C  S  S  S  S  S  
              E  E  E  E        E  E  E  E  E  
              R  R  R  R        R  R  R  R  R  
              V  V  V  V        V  V  V  V  V  
              E  E  E  E        E  E  E  E  E  
              D  D  D  D        D  D  D  D  D  


N.C. = Not Connected.
VCC = Dedicated power pin, which MUST be connected to VCC.
GND = Dedicated ground pin or unused dedicated input, which MUST be connected to GND.
RESERVED = Unused I/O pin, which MUST be left unconnected.



Device-Specific Information:                          e:\term3\lab20\delay.rpt
delay

** RESOURCE USAGE **

                                                Shareable     External
Logic Array Block     Logic Cells   I/O Pins    Expanders   Interconnect

A:     LC1 - LC16     8/16( 50%)   3/16( 18%)   0/16(  0%)   8/36( 22%) 
B:    LC17 - LC32    16/16(100%)   3/16( 18%)   0/16(  0%)  16/36( 44%) 


Total dedicated input pins used:                 0/4      (  0%)
Total I/O pins used:                             6/32     ( 18%)
Total logic cells used:                         24/32     ( 75%)
Total shareable expanders used:                  0/32     (  0%)
Total Turbo logic cells used:                   24/32     ( 75%)
Total shareable expanders not available (n/a):   0/32     (  0%)
Average fan-in:                                  1.00
Total fan-in:                                    24

Total input pins required:                       3
Total output pins required:                      3
Total bidirectional pins required:               0
Total logic cells required:                     24
Total flipflops required:                        0
Total product terms required:                   24
Total logic cells lending parallel expanders:    0
Total shareable expanders in database:           0

Synthesized logic cells:                         0/  32   (  0%)



Device-Specific Information:                          e:\term3\lab20\delay.rpt
delay

** INPUTS **

                                         Shareable
                                         Expanders     Fan-In    Fan-Out
 Pin     LC  LAB  Primitive    Code   Total Shared n/a INP  FBK  OUT  FBK  Name
   4    (1)  (A)      INPUT               0      0   0    0    0    0    1  in0
   5    (2)  (A)      INPUT               0      0   0    0    0    0    1  in1
   6    (3)  (A)      INPUT               0      0   0    0    0    0    1  in2


Code:

s = Synthesized pin or logic cell
t = Turbo logic cell
+ = Synchronous flipflop
! = NOT gate push-back
r = Fitter-inserted logic cell


Device-Specific Information:                          e:\term3\lab20\delay.rpt
delay

** OUTPUTS **

                                         Shareable
                                         Expanders     Fan-In    Fan-Out
 Pin     LC  LAB  Primitive    Code   Total Shared n/a INP  FBK  OUT  FBK  Name
  36     22    B     OUTPUT      t        0      0   0    0    1    0    0  out0
  34     23    B     OUTPUT      t        0      0   0    0    1    0    0  out1
  33     24    B     OUTPUT      t        0      0   0    0    1    0    0  out2


Code:

s = Synthesized pin or logic cell
t = Turbo logic cell
+ = Synchronous flipflop
! = NOT gate push-back
r = Fitter-inserted logic cell


Device-Specific Information:                          e:\term3\lab20\delay.rpt
delay

** BURIED LOGIC **

                                         Shareable
                                         Expanders     Fan-In    Fan-Out
 Pin     LC  LAB  Primitive    Code   Total Shared n/a INP  FBK  OUT  FBK  Name
 (26)    30    B      LCELL      t        0      0   0    1    0    0    1  :36
 (25)    31    B      LCELL      t        0      0   0    1    0    0    1  :37
 (24)    32    B      LCELL      t        0      0   0    0    1    0    1  :38
 (31)    26    B      LCELL      t        0      0   0    0    1    0    1  :39
 (29)    27    B      LCELL      t        0      0   0    1    0    0    1  :42
 (28)    28    B      LCELL      t        0      0   0    0    1    0    1  :44
 (27)    29    B      LCELL      t        0      0   0    0    1    0    1  :47
 (32)    25    B      LCELL      t        0      0   0    0    1    0    1  :48
 (41)    17    B      LCELL      t        0      0   0    0    1    0    1  :49
 (40)    18    B      LCELL      t        0      0   0    0    1    0    1  :53
 (39)    19    B      LCELL      t        0      0   0    0    1    0    1  :54
 (38)    20    B      LCELL      t        0      0   0    0    1    0    1  :55
  (7)     4    A      LCELL      t        0      0   0    0    1    0    1  :56
 (37)    21    B      LCELL      t        0      0   0    0    1    0    1  :57
  (8)     5    A      LCELL      t        0      0   0    0    1    0    1  :58
  (9)     6    A      LCELL      t        0      0   0    0    1    0    1  :59
 (11)     7    A      LCELL      t        0      0   0    0    1    1    0  :60
 (12)     8    A      LCELL      t        0      0   0    0    1    0    1  :61
 (16)    11    A      LCELL      t        0      0   0    0    1    0    1  :62
 (17)    12    A      LCELL      t        0      0   0    0    1    1    0  :63
 (21)    16    A      LCELL      t        0      0   0    0    1    1    0  :64


Code:

s = Synthesized pin or logic cell
t = Turbo logic cell
+ = Synchronous flipflop
! = NOT gate push-back
r = Fitter-inserted logic cell


Device-Specific Information:                          e:\term3\lab20\delay.rpt
delay

** LOGIC CELL INTERCONNECTIONS **

Logic Array Block 'A':

                         Logic cells placed in LAB 'A'
        +--------------- LC4 :56
        | +------------- LC5 :58
        | | +----------- LC6 :59
        | | | +--------- LC7 :60
        | | | | +------- LC8 :61
        | | | | | +----- LC11 :62
        | | | | | | +--- LC12 :63
        | | | | | | | +- LC16 :64
        | | | | | | | | 
        | | | | | | | |   Other LABs fed by signals
        | | | | | | | |   that feed LAB 'A'
LC      | | | | | | | | | A B |     Logic cells that feed LAB 'A':
LC5  -> - - - - - * - - | * - | <-- :58
LC6  -> - - - * - - - - | * - | <-- :59
LC8  -> - - - - - - - * | * - | <-- :61
LC11 -> - - - - - - * - | * - | <-- :62

Pin
LC17 -> * - - - - - - - | * - | <-- :49
LC19 -> - - * - - - - - | * - | <-- :54
LC20 -> - * - - - - - - | * - | <-- :55
LC21 -> - - - - * - - - | * - | <-- :57


* = The logic cell or pin is an input to the logic cell (or LAB) through the PIA.
- = The logic cell or pin is not an input to the logic cell (or LAB).


Device-Specific Information:                          e:\term3\lab20\delay.rpt
delay

** LOGIC CELL INTERCONNECTIONS **

Logic Array Block 'B':

                                         Logic cells placed in LAB 'B'
        +------------------------------- LC22 out0
        | +----------------------------- LC23 out1
        | | +--------------------------- LC24 out2
        | | | +------------------------- LC30 :36
        | | | | +----------------------- LC31 :37
        | | | | | +--------------------- LC32 :38
        | | | | | | +------------------- LC26 :39
        | | | | | | | +----------------- LC27 :42
        | | | | | | | | +--------------- LC28 :44
        | | | | | | | | | +------------- LC29 :47
        | | | | | | | | | | +----------- LC25 :48
        | | | | | | | | | | | +--------- LC17 :49
        | | | | | | | | | | | | +------- LC18 :53
        | | | | | | | | | | | | | +----- LC19 :54
        | | | | | | | | | | | | | | +--- LC20 :55
        | | | | | | | | | | | | | | | +- LC21 :57
        | | | | | | | | | | | | | | | | 
        | | | | | | | | | | | | | | | |   Other LABs fed by signals
        | | | | | | | | | | | | | | | |   that feed LAB 'B'
LC      | | | | | | | | | | | | | | | | | A B |     Logic cells that feed LAB 'B':
LC30 -> - - - - - * - - - - - - - - - - | - * | <-- :36
LC31 -> - - - - - - * - - - - - - - - - | - * | <-- :37
LC32 -> - - - - - - - - - - - * - - - - | - * | <-- :38
LC26 -> - - - - - - - - - * - - - - - - | - * | <-- :39
LC27 -> - - - - - - - - * - - - - - - - | - * | <-- :42
LC28 -> - - - - - - - - - - * - - - - - | - * | <-- :44
LC29 -> - - - - - - - - - - - - * - - - | - * | <-- :47
LC25 -> - - - - - - - - - - - - - - * - | - * | <-- :48
LC18 -> - - - - - - - - - - - - - * - - | - * | <-- :53

Pin
4    -> - - - - * - - - - - - - - - - - | - * | <-- in0
5    -> - - - * - - - - - - - - - - - - | - * | <-- in1
6    -> - - - - - - - * - - - - - - - - | - * | <-- in2
LC4  -> - - - - - - - - - - - - - - - * | - * | <-- :56
LC7  -> * - - - - - - - - - - - - - - - | - * | <-- :60
LC12 -> - - * - - - - - - - - - - - - - | - * | <-- :63
LC16 -> - * - - - - - - - - - - - - - - | - * | <-- :64


* = The logic cell or pin is an input to the logic cell (or LAB) through the PIA.
- = The logic cell or pin is not an input to the logic cell (or LAB).


Device-Specific Information:                          e:\term3\lab20\delay.rpt
delay

** EQUATIONS **

in0      : INPUT;
in1      : INPUT;
in2      : INPUT;

-- Node name is 'out0' = ':50' 
-- Equation name is 'out0', type is output 
 out0    = LCELL( _LC007 $  GND);

-- Node name is 'out1' = ':51' 
-- Equation name is 'out1', type is output 
 out1    = LCELL( _LC016 $  GND);

-- Node name is 'out2' = ':52' 
-- Equation name is 'out2', type is output 
 out2    = LCELL( _LC012 $  GND);

-- Node name is ':36' 
-- Equation name is '_LC030', type is buried 
_LC030   = LCELL( in1 $  GND);

-- Node name is ':37' 
-- Equation name is '_LC031', type is buried 
_LC031   = LCELL( in0 $  GND);

-- Node name is ':38' 
-- Equation name is '_LC032', type is buried 
_LC032   = LCELL( _LC030 $  GND);

-- Node name is ':39' 
-- Equation name is '_LC026', type is buried 
_LC026   = LCELL( _LC031 $  GND);

-- Node name is ':42' 
-- Equation name is '_LC027', type is buried 
_LC027   = LCELL( in2 $  GND);

-- Node name is ':44' 
-- Equation name is '_LC028', type is buried 
_LC028   = LCELL( _LC027 $  GND);

-- Node name is ':47' 
-- Equation name is '_LC029', type is buried 
_LC029   = LCELL( _LC026 $  GND);

-- Node name is ':48' 
-- Equation name is '_LC025', type is buried 
_LC025   = LCELL( _LC028 $  GND);

-- Node name is ':49' 
-- Equation name is '_LC017', type is buried 
_LC017   = LCELL( _LC032 $  GND);

-- Node name is ':53' 
-- Equation name is '_LC018', type is buried 
_LC018   = LCELL( _LC029 $  GND);

-- Node name is ':54' 
-- Equation name is '_LC019', type is buried 
_LC019   = LCELL( _LC018 $  GND);

-- Node name is ':55' 
-- Equation name is '_LC020', type is buried 
_LC020   = LCELL( _LC025 $  GND);

-- Node name is ':56' 
-- Equation name is '_LC004', type is buried 
_LC004   = LCELL( _LC017 $  GND);

-- Node name is ':57' 
-- Equation name is '_LC021', type is buried 
_LC021   = LCELL( _LC004 $  GND);

-- Node name is ':58' 
-- Equation name is '_LC005', type is buried 
_LC005   = LCELL( _LC020 $  GND);

-- Node name is ':59' 
-- Equation name is '_LC006', type is buried 
_LC006   = LCELL( _LC019 $  GND);

-- Node name is ':60' 
-- Equation name is '_LC007', type is buried 
_LC007   = LCELL( _LC006 $  GND);

-- Node name is ':61' 
-- Equation name is '_LC008', type is buried 
_LC008   = LCELL( _LC021 $  GND);

-- Node name is ':62' 
-- Equation name is '_LC011', type is buried 
_LC011   = LCELL( _LC005 $  GND);

-- Node name is ':63' 
-- Equation name is '_LC012', type is buried 
_LC012   = LCELL( _LC011 $  GND);

-- Node name is ':64' 
-- Equation name is '_LC016', type is buried 
_LC016   = LCELL( _LC008 $  GND);



--     Shareable expanders that are duplicated in multiple LABs:
--     (none)




Project Information                                   e:\term3\lab20\delay.rpt

** COMPILATION SETTINGS & TIMES **

Processing Menu Commands
------------------------

Design Doctor                             = off

Logic Synthesis:

   Synthesis Type Used                    = Standard

   Default Synthesis Style                = NORMAL

      Logic option settings in 'NORMAL' style for 'MAX7000' family

      DECOMPOSE_GATES                     = on
      DUPLICATE_LOGIC_EXTRACTION          = on
      MINIMIZATION                        = full
      MULTI_LEVEL_FACTORING               = on
      NOT_GATE_PUSH_BACK                  = on
      PARALLEL_EXPANDERS                  = off
      REDUCE_LOGIC                        = on
      REFACTORIZATION                     = on
      REGISTER_OPTIMIZATION               = on
      RESYNTHESIZE_NETWORK                = on
      SLOW_SLEW_RATE                      = off
      SOFT_BUFFER_INSERTION               = on
      SUBFACTOR_EXTRACTION                = on
      TURBO_BIT                           = on
      XOR_SYNTHESIS                       = on
      IGNORE_SOFT_BUFFERS                 = off
      USE_LPM_FOR_AHDL_OPERATORS          = off

   Other logic synthesis settings:

      Automatic Global Clock              = on
      Automatic Global Clear              = on
      Automatic Global Preset             = on
      Automatic Global Output Enable      = on
      Automatic Fast I/O                  = off
      Automatic Register Packing          = off
      Automatic Open-Drain Pins           = on
      Automatic Implement in EAB          = off
      One-Hot State Machine Encoding      = off
      Optimize                            = 5

Default Timing Specifications: None

Cut All Bidir Feedback Timing Paths       = on
Cut All Clear & Preset Timing Paths       = on

Ignore Timing Assignments                 = off

Functional SNF Extractor                  = off

Linked SNF Extractor                      = off
Timing SNF Extractor                      = on
Optimize Timing SNF                       = off
Generate AHDL TDO File                    = off
Fitter Settings                           = NORMAL
Smart Recompile                           = off
Total Recompile                           = off

Interfaces Menu Commands
------------------------

EDIF Netlist Writer                       = off
Verilog Netlist Writer                    = off
VHDL Netlist Writer                       = off

Compilation Times
-----------------

   Compiler Netlist Extractor             00:00:00
   Database Builder                       00:00:00
   Logic Synthesizer                      00:00:00
   Partitioner                            00:00:00
   Fitter                                 00:00:00
   Timing SNF Extractor                   00:00:00
   Assembler                              00:00:00
   --------------------------             --------
   Total Time                             00:00:00


Memory Allocated
-----------------

Peak memory allocated during compilation  = 9,141K
