Project Information                            e:\term3\lab20\registerfile.rpt

MAX+plus II Compiler Report File
Version 9.01 07/30/98
Compiled: 10/19/16 10:57:56

Copyright (C) 1988-1998 Altera Corporation
Any megafunction design, and related net list (encrypted or decrypted),
support information, device programming or simulation file, and any other
associated documentation or information provided by Altera or a partner
under Altera's Megafunction Partnership Program may be used only to
program PLD devices (but not masked PLD devices) from Altera.  Any other
use of such megafunction design, net list, support information, device
programming or simulation file, or any other related documentation or
information is prohibited for any other purpose, including, but not
limited to modification, reverse engineering, de-compiling, or use with
any other silicon devices, unless such use is explicitly licensed under
a separate agreement with Altera or a megafunction partner.  Title to
the intellectual property, including patents, copyrights, trademarks,
trade secrets, or maskworks, embodied in any such megafunction design,
net list, support information, device programming or simulation file, or
any other related documentation or information provided by Altera or a
megafunction partner, remains with Altera, the megafunction partner, or
their respective licensors.  No other licenses, including any licenses
needed under any third party's intellectual property, are provided herein.



***** Project compilation was successful




** DEVICE SUMMARY **

Chip/                     Input Output Bidir  Memory  Memory  			 LCs
POF       Device          Pins  Pins   Pins   Bits % Utilized  LCs  % Utilized

registerfile
      EPF10K10LC84-3       16     8      0    0         0  %    120      20 %

User Pins:                 16     8      0  



Project Information                            e:\term3\lab20\registerfile.rpt

** FILE HIERARCHY **



|lpm_decode:6|
|lpm_decode:6|altshift:external_latency_ffs|
|lpm_decode:6|declut:decoder|
|dtrigger8x:7|
|dtrigger8x:18|
|dtrigger8x:8|
|dtrigger8x:14|
|dtrigger8x:13|
|dtrigger8x:12|
|dtrigger8x:11|
|dtrigger8x:10|
|dtrigger8x:9|
|lpm_mux:19|
|lpm_mux:19|bypassff:sel_latency_ff0|
|lpm_mux:19|altshift:external_latency_ffs|
|lpm_mux:19|muxlut:135|
|lpm_mux:19|muxlut:135|muxlut:43|
|lpm_mux:19|muxlut:135|muxlut:60|
|lpm_mux:19|muxlut:135|muxlut:77|
|lpm_mux:19|muxlut:156|
|lpm_mux:19|muxlut:156|muxlut:43|
|lpm_mux:19|muxlut:156|muxlut:60|
|lpm_mux:19|muxlut:156|muxlut:77|
|lpm_mux:19|muxlut:177|
|lpm_mux:19|muxlut:177|muxlut:43|
|lpm_mux:19|muxlut:177|muxlut:60|
|lpm_mux:19|muxlut:177|muxlut:77|
|lpm_mux:19|muxlut:198|
|lpm_mux:19|muxlut:198|muxlut:43|
|lpm_mux:19|muxlut:198|muxlut:60|
|lpm_mux:19|muxlut:198|muxlut:77|
|lpm_mux:19|muxlut:219|
|lpm_mux:19|muxlut:219|muxlut:43|
|lpm_mux:19|muxlut:219|muxlut:60|
|lpm_mux:19|muxlut:219|muxlut:77|
|lpm_mux:19|muxlut:240|
|lpm_mux:19|muxlut:240|muxlut:43|
|lpm_mux:19|muxlut:240|muxlut:60|
|lpm_mux:19|muxlut:240|muxlut:77|
|lpm_mux:19|muxlut:261|
|lpm_mux:19|muxlut:261|muxlut:43|
|lpm_mux:19|muxlut:261|muxlut:60|
|lpm_mux:19|muxlut:261|muxlut:77|
|lpm_mux:19|muxlut:282|
|lpm_mux:19|muxlut:282|muxlut:43|
|lpm_mux:19|muxlut:282|muxlut:60|
|lpm_mux:19|muxlut:282|muxlut:77|


Device-Specific Information:                   e:\term3\lab20\registerfile.rpt
registerfile

***** Logic for device 'registerfile' compiled without errors.




Device: EPF10K10LC84-3

FLEX 10K Configuration Scheme: Passive Serial

Device Options:
    User-Supplied Start-Up Clock               = OFF
    Auto-Restart Configuration on Frame Error  = OFF
    Release Clears Before Tri-States           = OFF
    Enable Chip_Wide Reset                     = OFF
    Enable Chip-Wide Output Enable             = OFF
    Enable INIT_DONE Output                    = OFF
    JTAG User Code                             = 7f

                                                                         ^     
                                                                         C     
                R  R  R  R  R  R  R     R           R     R  R  R  R     O     
                E  E  E  E  E  E  E     E  r  w  r  E     E  E  E  E     N     
                S  S  S  S  S  S  S  V  S  d  r  d  S  G  S  S  S  S     F     
                E  E  E  E  E  E  E  C  E  a  a  a  E  N  E  E  E  E     _  ^  
                R  R  R  R  R  R  R  C  R  d  d  d  R  D  R  R  R  R  #  D  n  
                V  V  V  V  V  V  V  I  V  d  d  d  V  I  V  V  V  V  T  O  C  
                E  E  E  E  E  E  E  N  E  r  r  r  E  N  E  E  E  E  C  N  E  
                D  D  D  D  D  D  D  T  D  1  2  0  D  T  D  D  D  D  K  E  O  
              -----------------------------------------------------------------_ 
            /  11 10  9  8  7  6  5  4  3  2  1 84 83 82 81 80 79 78 77 76 75   | 
    ^DATA0 | 12                                                              74 | #TDO 
     ^DCLK | 13                                                              73 | wraddr1 
      ^nCE | 14                                                              72 | wraddr0 
      #TDI | 15                                                              71 | data5 
  RESERVED | 16                                                              70 | data1 
  RESERVED | 17                                                              69 | Q5 
        Q1 | 18                                                              68 | GNDINT 
  RESERVED | 19                                                              67 | data2 
    VCCINT | 20                                                              66 | data6 
  RESERVED | 21                                                              65 | data7 
  RESERVED | 22                        EPF10K10LC84-3                        64 | Q7 
        Q6 | 23                                                              63 | VCCINT 
  RESERVED | 24                                                              62 | data3 
        Q2 | 25                                                              61 | data0 
    GNDINT | 26                                                              60 | data4 
  RESERVED | 27                                                              59 | Q3 
  RESERVED | 28                                                              58 | RESERVED 
        Q4 | 29                                                              57 | #TMS 
        Q0 | 30                                                              56 | #nTRST 
    ^MSEL0 | 31                                                              55 | ^nSTATUS 
    ^MSEL1 | 32                                                              54 | RESERVED 
           |_  33 34 35 36 37 38 39 40 41 42 43 44 45 46 47 48 49 50 51 52 53  _| 
             ------------------------------------------------------------------ 
                V  ^  R  R  R  R  R  V  G  w  r  r  V  G  R  R  R  R  R  R  R  
                C  n  E  E  E  E  E  C  N  r  d  d  C  N  E  E  E  E  E  E  E  
                C  C  S  S  S  S  S  C  D  e  e  a  C  D  S  S  S  S  S  S  S  
                I  O  E  E  E  E  E  I  I  n  n  d  I  I  E  E  E  E  E  E  E  
                N  N  R  R  R  R  R  N  N        d  N  N  R  R  R  R  R  R  R  
                T  F  V  V  V  V  V  T  T        r  T  T  V  V  V  V  V  V  V  
                   I  E  E  E  E  E              2        E  E  E  E  E  E  E  
                   G  D  D  D  D  D                       D  D  D  D  D  D  D  
                                                                               
                                                                               


N.C. = Not Connected.
VCCINT = Dedicated power pin, which MUST be connected to VCC (5.0 volts).
VCCIO = Dedicated power pin, which MUST be connected to VCC (5.0 volts).
GNDINT = Dedicated ground pin or unused dedicated input, which MUST be connected to GND.
GNDIO = Dedicated ground pin, which MUST be connected to GND.
RESERVED = Unused I/O pin, which MUST be left unconnected.

^ = Dedicated configuration pin.
+ = Reserved configuration pin, which is tri-stated during user mode.
* = Reserved configuration pin, which drives out in user mode.
PDn = Power Down pin. 
@ = Special-purpose pin. 
# = JTAG Boundary-Scan Testing/In-System Programming or Configuration Pin. The JTAG inputs (TMS, TCK, TDI) should be tied to VCC when not in use.
& = JTAG pin used for I/O. When used as user I/O, JTAG pins must be kept stable before and during configuration.  JTAG pin stability prevents accidental loading of JTAG instructions.


Device-Specific Information:                   e:\term3\lab20\registerfile.rpt
registerfile

** RESOURCE USAGE **

Logic                Column       Row                                   
Array                Interconnect Interconnect         Clears/     External  
Block   Logic Cells  Driven       Driven       Clocks  Presets   Interconnect
A1       3/ 8( 37%)   3/ 8( 37%)   3/ 8( 37%)    0/2    0/2       4/22( 18%)   
A3       1/ 8( 12%)   1/ 8( 12%)   1/ 8( 12%)    0/2    0/2       4/22( 18%)   
A4       1/ 8( 12%)   1/ 8( 12%)   1/ 8( 12%)    0/2    0/2       4/22( 18%)   
A5       1/ 8( 12%)   1/ 8( 12%)   1/ 8( 12%)    0/2    0/2       4/22( 18%)   
A6       1/ 8( 12%)   1/ 8( 12%)   1/ 8( 12%)    0/2    0/2       4/22( 18%)   
A7       1/ 8( 12%)   1/ 8( 12%)   1/ 8( 12%)    0/2    0/2       4/22( 18%)   
A8       7/ 8( 87%)   0/ 8(  0%)   1/ 8( 12%)    2/2    0/2      12/22( 54%)   
A9       1/ 8( 12%)   0/ 8(  0%)   1/ 8( 12%)    1/2    0/2       2/22(  9%)   
A10      2/ 8( 25%)   0/ 8(  0%)   2/ 8( 25%)    2/2    0/2       3/22( 13%)   
A11      2/ 8( 25%)   0/ 8(  0%)   2/ 8( 25%)    2/2    0/2       3/22( 13%)   
A12      2/ 8( 25%)   0/ 8(  0%)   2/ 8( 25%)    2/2    0/2       3/22( 13%)   
A14      7/ 8( 87%)   0/ 8(  0%)   1/ 8( 12%)    2/2    0/2      12/22( 54%)   
A16      2/ 8( 25%)   0/ 8(  0%)   2/ 8( 25%)    2/2    0/2       3/22( 13%)   
A17      2/ 8( 25%)   0/ 8(  0%)   2/ 8( 25%)    2/2    0/2       3/22( 13%)   
A18      2/ 8( 25%)   0/ 8(  0%)   2/ 8( 25%)    2/2    0/2       3/22( 13%)   
A19      1/ 8( 12%)   0/ 8(  0%)   1/ 8( 12%)    1/2    0/2       2/22(  9%)   
B3       1/ 8( 12%)   0/ 8(  0%)   1/ 8( 12%)    1/2    0/2       2/22(  9%)   
B9       7/ 8( 87%)   0/ 8(  0%)   1/ 8( 12%)    2/2    0/2      12/22( 54%)   
B10      2/ 8( 25%)   0/ 8(  0%)   2/ 8( 25%)    2/2    0/2       3/22( 13%)   
B11      2/ 8( 25%)   0/ 8(  0%)   2/ 8( 25%)    2/2    0/2       3/22( 13%)   
B12      2/ 8( 25%)   0/ 8(  0%)   2/ 8( 25%)    2/2    0/2       3/22( 13%)   
B13      4/ 8( 50%)   0/ 8(  0%)   2/ 8( 25%)    1/2    0/2      10/22( 45%)   
B19      6/ 8( 75%)   0/ 8(  0%)   2/ 8( 25%)    2/2    0/2       5/22( 22%)   
B20      6/ 8( 75%)   0/ 8(  0%)   2/ 8( 25%)    2/2    0/2       6/22( 27%)   
B21      6/ 8( 75%)   0/ 8(  0%)   2/ 8( 25%)    2/2    0/2       6/22( 27%)   
B22      6/ 8( 75%)   0/ 8(  0%)   2/ 8( 25%)    2/2    0/2       5/22( 22%)   
C2       4/ 8( 50%)   0/ 8(  0%)   2/ 8( 25%)    1/2    0/2      10/22( 45%)   
C8       6/ 8( 75%)   0/ 8(  0%)   2/ 8( 25%)    2/2    0/2       5/22( 22%)   
C10      6/ 8( 75%)   0/ 8(  0%)   2/ 8( 25%)    2/2    0/2       5/22( 22%)   
C11      6/ 8( 75%)   0/ 8(  0%)   2/ 8( 25%)    2/2    0/2       6/22( 27%)   
C12      6/ 8( 75%)   0/ 8(  0%)   2/ 8( 25%)    2/2    0/2       6/22( 27%)   
C15      7/ 8( 87%)   0/ 8(  0%)   1/ 8( 12%)    2/2    0/2      12/22( 54%)   
C16      2/ 8( 25%)   0/ 8(  0%)   2/ 8( 25%)    2/2    0/2       3/22( 13%)   
C17      1/ 8( 12%)   0/ 8(  0%)   1/ 8( 12%)    1/2    0/2       2/22(  9%)   
C23      2/ 8( 25%)   0/ 8(  0%)   2/ 8( 25%)    2/2    0/2       3/22( 13%)   
C24      2/ 8( 25%)   0/ 8(  0%)   2/ 8( 25%)    2/2    0/2       3/22( 13%)   


Embedded             Column       Row                                   
Array     Embedded   Interconnect Interconnect         Read/      External  
Block     Cells      Driven       Driven       Clocks  Write    Interconnect


Total dedicated input pins used:                 6/6      (100%)
Total I/O pins used:                            18/53     ( 33%)
Total logic cells used:                        120/576    ( 20%)
Total embedded cells used:                       0/24     (  0%)
Total EABs used:                                 0/3      (  0%)
Average fan-in:                                 2.26/4    ( 56%)
Total fan-in:                                 272/2304    ( 11%)

Total input pins required:                      16
Total input I/O cell registers required:         0
Total output pins required:                      8
Total output I/O cell registers required:        0
Total buried I/O cell registers required:        0
Total bidirectional pins required:               0
Total reserved pins required                     0
Total logic cells required:                    120
Total flipflops required:                       72
Total packed registers required:                 0
Total logic cells in carry chains:               0
Total number of carry chains:                    0
Total logic cells in cascade chains:             0
Total number of cascade chains:                  0
Total single-pin Clock Enables required:         0
Total single-pin Output Enables required:        0

Synthesized logic cells:                        16/ 576   (  2%)

Logic Cell and Embedded Cell Counts

Column:  01  02  03  04  05  06  07  08  09  10  11  12  EA  13  14  15  16  17  18  19  20  21  22  23  24  Total(LC/EC)
 A:      3   0   1   1   1   1   1   7   1   2   2   2   0   0   7   0   2   2   2   1   0   0   0   0   0     36/0  
 B:      0   0   1   0   0   0   0   0   7   2   2   2   0   4   0   0   0   0   0   6   6   6   6   0   0     42/0  
 C:      0   4   0   0   0   0   0   6   0   6   6   6   0   0   0   7   2   1   0   0   0   0   0   2   2     42/0  

Total:   3   4   2   1   1   1   1  13   8  10  10  10   0   4   7   7   4   3   2   7   6   6   6   2   2    120/0  



Device-Specific Information:                   e:\term3\lab20\registerfile.rpt
registerfile

** INPUTS **

                                                    Fan-In    Fan-Out
 Pin     LC     EC   Row  Col  Primitive    Code      INP  FBK  OUT  FBK  Name
  61      -     -    C    --      INPUT                0    0    0    8  data0
  70      -     -    A    --      INPUT                0    0    0    8  data1
  67      -     -    B    --      INPUT                0    0    0    8  data2
  62      -     -    C    --      INPUT                0    0    0    8  data3
  60      -     -    C    --      INPUT                0    0    0    8  data4
  71      -     -    A    --      INPUT                0    0    0    8  data5
  66      -     -    B    --      INPUT                0    0    0    8  data6
  65      -     -    B    --      INPUT                0    0    0    8  data7
  84      -     -    -    --      INPUT                0    0    0   32  rdaddr0
   2      -     -    -    --      INPUT                0    0    0   24  rdaddr1
  44      -     -    -    --      INPUT                0    0    0   16  rdaddr2
  43      -     -    -    --      INPUT  G             0    0    0    0  rden
  72      -     -    A    --      INPUT                0    0    0    8  wraddr0
  73      -     -    A    --      INPUT                0    0    0    8  wraddr1
   1      -     -    -    --      INPUT                0    0    0    8  wraddr2
  42      -     -    -    --      INPUT                0    0    0    8  wren


Code:

s = Synthesized pin or logic cell
+ = Synchronous flipflop
/ = Slow slew-rate output
! = NOT gate push-back
r = Fitter-inserted logic cell
@ = Uses single-pin Clock Enable
& = Uses single-pin Output Enable
G = Global Source. Fan-out destinations counted here do not include destinations
that are driven using global routing resources. Refer to the Auto Global Signals,
Clock Signals, Clear Signals, Synchronous Load Signals, and Synchronous Clear Signals
Sections of this Report File for information on which signals' fan-outs are used as
Clock, Clear, Preset, Output Enable, and synchronous Load signals.


Device-Specific Information:                   e:\term3\lab20\registerfile.rpt
registerfile

** OUTPUTS **

       Fed By Fed By                                Fan-In    Fan-Out
 Pin     LC     EC   Row  Col  Primitive    Code      INP  FBK  OUT  FBK  Name
  30      -     -    C    --     OUTPUT                0    1    0    0  Q0
  18      -     -    A    --     OUTPUT                0    1    0    0  Q1
  25      -     -    B    --     OUTPUT                0    1    0    0  Q2
  59      -     -    C    --     OUTPUT                0    1    0    0  Q3
  29      -     -    C    --     OUTPUT                0    1    0    0  Q4
  69      -     -    A    --     OUTPUT                0    1    0    0  Q5
  23      -     -    B    --     OUTPUT                0    1    0    0  Q6
  64      -     -    B    --     OUTPUT                0    1    0    0  Q7


Code:

s = Synthesized pin or logic cell
+ = Synchronous flipflop
/ = Slow slew-rate output
! = NOT gate push-back
r = Fitter-inserted logic cell
@ = Uses single-pin Clock Enable
& = Uses single-pin Output Enable


Device-Specific Information:                   e:\term3\lab20\registerfile.rpt
registerfile

** BURIED LOGIC **

                                                    Fan-In    Fan-Out
 IOC     LC     EC   Row  Col  Primitive    Code      INP  FBK  OUT  FBK  Name
   -      3     -    C    10       DFFE                1    1    0    1  |dtrigger8x:7|Q0 (|dtrigger8x:7|:12)
   -      1     -    A    08       DFFE                1    1    0    1  |dtrigger8x:7|Q1 (|dtrigger8x:7|:15)
   -      1     -    B    09       DFFE                1    1    0    1  |dtrigger8x:7|Q2 (|dtrigger8x:7|:16)
   -      1     -    C    15       DFFE                1    1    0    1  |dtrigger8x:7|Q3 (|dtrigger8x:7|:17)
   -      6     -    C    10       DFFE                1    1    0    1  |dtrigger8x:7|Q4 (|dtrigger8x:7|:18)
   -      6     -    A    14       DFFE                1    1    0    1  |dtrigger8x:7|Q5 (|dtrigger8x:7|:19)
   -      6     -    B    19       DFFE                1    1    0    1  |dtrigger8x:7|Q6 (|dtrigger8x:7|:20)
   -      5     -    B    19       DFFE                1    1    0    1  |dtrigger8x:7|Q7 (|dtrigger8x:7|:21)
   -      4     -    C    10       DFFE                1    1    0    1  |dtrigger8x:8|Q0 (|dtrigger8x:8|:12)
   -      2     -    A    10       DFFE                1    1    0    1  |dtrigger8x:8|Q1 (|dtrigger8x:8|:15)
   -      1     -    B    12       DFFE                1    1    0    1  |dtrigger8x:8|Q2 (|dtrigger8x:8|:16)
   -      1     -    C    16       DFFE                1    1    0    1  |dtrigger8x:8|Q3 (|dtrigger8x:8|:17)
   -      5     -    C    10       DFFE                1    1    0    1  |dtrigger8x:8|Q4 (|dtrigger8x:8|:18)
   -      2     -    A    18       DFFE                1    1    0    1  |dtrigger8x:8|Q5 (|dtrigger8x:8|:19)
   -      3     -    B    19       DFFE                1    1    0    1  |dtrigger8x:8|Q6 (|dtrigger8x:8|:20)
   -      4     -    B    19       DFFE                1    1    0    1  |dtrigger8x:8|Q7 (|dtrigger8x:8|:21)
   -      3     -    C    08       DFFE                1    1    0    1  |dtrigger8x:9|Q0 (|dtrigger8x:9|:12)
   -      1     -    A    10       DFFE                1    1    0    1  |dtrigger8x:9|Q1 (|dtrigger8x:9|:15)
   -      2     -    B    12       DFFE                1    1    0    1  |dtrigger8x:9|Q2 (|dtrigger8x:9|:16)
   -      2     -    C    16       DFFE                1    1    0    1  |dtrigger8x:9|Q3 (|dtrigger8x:9|:17)
   -      4     -    C    08       DFFE                1    1    0    1  |dtrigger8x:9|Q4 (|dtrigger8x:9|:18)
   -      1     -    A    18       DFFE                1    1    0    1  |dtrigger8x:9|Q5 (|dtrigger8x:9|:19)
   -      3     -    B    22       DFFE                1    1    0    1  |dtrigger8x:9|Q6 (|dtrigger8x:9|:20)
   -      4     -    B    22       DFFE                1    1    0    1  |dtrigger8x:9|Q7 (|dtrigger8x:9|:21)
   -      5     -    C    08       DFFE                1    1    0    1  |dtrigger8x:10|Q0 (|dtrigger8x:10|:12)
   -      1     -    A    11       DFFE                1    1    0    1  |dtrigger8x:10|Q1 (|dtrigger8x:10|:15)
   -      1     -    B    11       DFFE                1    1    0    1  |dtrigger8x:10|Q2 (|dtrigger8x:10|:16)
   -      1     -    C    24       DFFE                1    1    0    1  |dtrigger8x:10|Q3 (|dtrigger8x:10|:17)
   -      6     -    C    08       DFFE                1    1    0    1  |dtrigger8x:10|Q4 (|dtrigger8x:10|:18)
   -      1     -    A    17       DFFE                1    1    0    1  |dtrigger8x:10|Q5 (|dtrigger8x:10|:19)
   -      5     -    B    22       DFFE                1    1    0    1  |dtrigger8x:10|Q6 (|dtrigger8x:10|:20)
   -      6     -    B    22       DFFE                1    1    0    1  |dtrigger8x:10|Q7 (|dtrigger8x:10|:21)
   -      5     -    C    12       DFFE                1    1    0    1  |dtrigger8x:11|Q0 (|dtrigger8x:11|:12)
   -      2     -    A    11       DFFE                1    1    0    1  |dtrigger8x:11|Q1 (|dtrigger8x:11|:15)
   -      2     -    B    11       DFFE                1    1    0    1  |dtrigger8x:11|Q2 (|dtrigger8x:11|:16)
   -      2     -    C    24       DFFE                1    1    0    1  |dtrigger8x:11|Q3 (|dtrigger8x:11|:17)
   -      6     -    C    12       DFFE                1    1    0    1  |dtrigger8x:11|Q4 (|dtrigger8x:11|:18)
   -      2     -    A    17       DFFE                1    1    0    1  |dtrigger8x:11|Q5 (|dtrigger8x:11|:19)
   -      5     -    B    21       DFFE                1    1    0    1  |dtrigger8x:11|Q6 (|dtrigger8x:11|:20)
   -      6     -    B    21       DFFE                1    1    0    1  |dtrigger8x:11|Q7 (|dtrigger8x:11|:21)
   -      4     -    C    12       DFFE                1    1    0    1  |dtrigger8x:12|Q0 (|dtrigger8x:12|:12)
   -      2     -    A    12       DFFE                1    1    0    1  |dtrigger8x:12|Q1 (|dtrigger8x:12|:15)
   -      2     -    B    10       DFFE                1    1    0    1  |dtrigger8x:12|Q2 (|dtrigger8x:12|:16)
   -      2     -    C    23       DFFE                1    1    0    1  |dtrigger8x:12|Q3 (|dtrigger8x:12|:17)
   -      3     -    C    12       DFFE                1    1    0    1  |dtrigger8x:12|Q4 (|dtrigger8x:12|:18)
   -      2     -    A    16       DFFE                1    1    0    1  |dtrigger8x:12|Q5 (|dtrigger8x:12|:19)
   -      3     -    B    21       DFFE                1    1    0    1  |dtrigger8x:12|Q6 (|dtrigger8x:12|:20)
   -      4     -    B    21       DFFE                1    1    0    1  |dtrigger8x:12|Q7 (|dtrigger8x:12|:21)
   -      4     -    C    11       DFFE                1    1    0    1  |dtrigger8x:13|Q0 (|dtrigger8x:13|:12)
   -      1     -    A    12       DFFE                1    1    0    1  |dtrigger8x:13|Q1 (|dtrigger8x:13|:15)
   -      1     -    B    10       DFFE                1    1    0    1  |dtrigger8x:13|Q2 (|dtrigger8x:13|:16)
   -      1     -    C    23       DFFE                1    1    0    1  |dtrigger8x:13|Q3 (|dtrigger8x:13|:17)
   -      6     -    C    11       DFFE                1    1    0    1  |dtrigger8x:13|Q4 (|dtrigger8x:13|:18)
   -      1     -    A    16       DFFE                1    1    0    1  |dtrigger8x:13|Q5 (|dtrigger8x:13|:19)
   -      5     -    B    20       DFFE                1    1    0    1  |dtrigger8x:13|Q6 (|dtrigger8x:13|:20)
   -      4     -    B    20       DFFE                1    1    0    1  |dtrigger8x:13|Q7 (|dtrigger8x:13|:21)
   -      5     -    C    11       DFFE                1    1    0    1  |dtrigger8x:14|Q0 (|dtrigger8x:14|:12)
   -      1     -    A    09       DFFE                1    1    0    1  |dtrigger8x:14|Q1 (|dtrigger8x:14|:15)
   -      1     -    B    03       DFFE                1    1    0    1  |dtrigger8x:14|Q2 (|dtrigger8x:14|:16)
   -      3     -    C    17       DFFE                1    1    0    1  |dtrigger8x:14|Q3 (|dtrigger8x:14|:17)
   -      2     -    C    11       DFFE                1    1    0    1  |dtrigger8x:14|Q4 (|dtrigger8x:14|:18)
   -      1     -    A    19       DFFE                1    1    0    1  |dtrigger8x:14|Q5 (|dtrigger8x:14|:19)
   -      3     -    B    20       DFFE                1    1    0    1  |dtrigger8x:14|Q6 (|dtrigger8x:14|:20)
   -      6     -    B    20       DFFE                1    1    0    1  |dtrigger8x:14|Q7 (|dtrigger8x:14|:21)
   -      6     -    C    02       DFFE   +            1    3    1    0  |dtrigger8x:18|Q0 (|dtrigger8x:18|:12)
   -      5     -    A    08       DFFE   +            1    3    1    0  |dtrigger8x:18|Q1 (|dtrigger8x:18|:15)
   -      8     -    B    09       DFFE   +            1    3    1    0  |dtrigger8x:18|Q2 (|dtrigger8x:18|:16)
   -      5     -    C    15       DFFE   +            1    3    1    0  |dtrigger8x:18|Q3 (|dtrigger8x:18|:17)
   -      5     -    C    02       DFFE   +            1    3    1    0  |dtrigger8x:18|Q4 (|dtrigger8x:18|:18)
   -      7     -    A    14       DFFE   +            1    3    1    0  |dtrigger8x:18|Q5 (|dtrigger8x:18|:19)
   -      4     -    B    13       DFFE   +            1    3    1    0  |dtrigger8x:18|Q6 (|dtrigger8x:18|:20)
   -      7     -    B    13       DFFE   +            1    3    1    0  |dtrigger8x:18|Q7 (|dtrigger8x:18|:21)
   -      6     -    A    03       AND2                4    0    0    8  |LPM_DECODE:6|declut:decoder|anode0_3
   -      6     -    A    01       AND2                4    0    0    8  |LPM_DECODE:6|declut:decoder|anode1_3
   -      3     -    A    01       AND2                4    0    0    8  |LPM_DECODE:6|declut:decoder|anode2_3
   -      1     -    A    01       AND2                4    0    0    8  |LPM_DECODE:6|declut:decoder|anode3_3
   -      1     -    A    07       AND2                4    0    0    8  |LPM_DECODE:6|declut:decoder|anode4_3
   -      1     -    A    06       AND2                4    0    0    8  |LPM_DECODE:6|declut:decoder|anode5_3
   -      1     -    A    05       AND2                4    0    0    8  |LPM_DECODE:6|declut:decoder|anode6_3
   -      1     -    A    04       AND2                4    0    0    8  |LPM_DECODE:6|declut:decoder|anode7_3
   -      2     -    C    08        OR2    s           1    2    0    1  |LPM_MUX:19|muxlut:135|muxlut:43|~44~1
   -      2     -    C    10        OR2    s           1    2    0    1  |LPM_MUX:19|muxlut:135|muxlut:43|~49~1
   -      3     -    C    11        OR2                2    2    0    1  |LPM_MUX:19|muxlut:135|muxlut:60|:44
   -      2     -    C    12        OR2                2    2    0    1  |LPM_MUX:19|muxlut:135|muxlut:60|:49
   -      2     -    C    02        OR2                2    2    0    1  |LPM_MUX:19|muxlut:135|muxlut:77|:37
   -      7     -    A    08        OR2    s           1    2    0    1  |LPM_MUX:19|muxlut:156|muxlut:43|~44~1
   -      6     -    A    08        OR2    s           1    2    0    1  |LPM_MUX:19|muxlut:156|muxlut:43|~49~1
   -      4     -    A    08        OR2                2    2    0    1  |LPM_MUX:19|muxlut:156|muxlut:60|:44
   -      3     -    A    08        OR2                2    2    0    1  |LPM_MUX:19|muxlut:156|muxlut:60|:49
   -      2     -    A    08        OR2                2    2    0    1  |LPM_MUX:19|muxlut:156|muxlut:77|:37
   -      6     -    B    09        OR2    s           1    2    0    1  |LPM_MUX:19|muxlut:177|muxlut:43|~44~1
   -      5     -    B    09        OR2    s           1    2    0    1  |LPM_MUX:19|muxlut:177|muxlut:43|~49~1
   -      4     -    B    09        OR2                2    2    0    1  |LPM_MUX:19|muxlut:177|muxlut:60|:44
   -      3     -    B    09        OR2                2    2    0    1  |LPM_MUX:19|muxlut:177|muxlut:60|:49
   -      2     -    B    09        OR2                2    2    0    1  |LPM_MUX:19|muxlut:177|muxlut:77|:37
   -      7     -    C    15        OR2    s           1    2    0    1  |LPM_MUX:19|muxlut:198|muxlut:43|~44~1
   -      6     -    C    15        OR2    s           1    2    0    1  |LPM_MUX:19|muxlut:198|muxlut:43|~49~1
   -      4     -    C    15        OR2                2    2    0    1  |LPM_MUX:19|muxlut:198|muxlut:60|:44
   -      3     -    C    15        OR2                2    2    0    1  |LPM_MUX:19|muxlut:198|muxlut:60|:49
   -      2     -    C    15        OR2                2    2    0    1  |LPM_MUX:19|muxlut:198|muxlut:77|:37
   -      1     -    C    08        OR2    s           1    2    0    1  |LPM_MUX:19|muxlut:219|muxlut:43|~44~1
   -      1     -    C    10        OR2    s           1    2    0    1  |LPM_MUX:19|muxlut:219|muxlut:43|~49~1
   -      1     -    C    11        OR2                2    2    0    1  |LPM_MUX:19|muxlut:219|muxlut:60|:44
   -      1     -    C    12        OR2                2    2    0    1  |LPM_MUX:19|muxlut:219|muxlut:60|:49
   -      1     -    C    02        OR2                2    2    0    1  |LPM_MUX:19|muxlut:219|muxlut:77|:37
   -      5     -    A    14        OR2    s           1    2    0    1  |LPM_MUX:19|muxlut:240|muxlut:43|~44~1
   -      4     -    A    14        OR2    s           1    2    0    1  |LPM_MUX:19|muxlut:240|muxlut:43|~49~1
   -      3     -    A    14        OR2                2    2    0    1  |LPM_MUX:19|muxlut:240|muxlut:60|:44
   -      2     -    A    14        OR2                2    2    0    1  |LPM_MUX:19|muxlut:240|muxlut:60|:49
   -      1     -    A    14        OR2                2    2    0    1  |LPM_MUX:19|muxlut:240|muxlut:77|:37
   -      1     -    B    22        OR2    s           1    2    0    1  |LPM_MUX:19|muxlut:261|muxlut:43|~44~1
   -      1     -    B    19        OR2    s           1    2    0    1  |LPM_MUX:19|muxlut:261|muxlut:43|~49~1
   -      1     -    B    20        OR2                2    2    0    1  |LPM_MUX:19|muxlut:261|muxlut:60|:44
   -      1     -    B    21        OR2                2    2    0    1  |LPM_MUX:19|muxlut:261|muxlut:60|:49
   -      2     -    B    13        OR2                2    2    0    1  |LPM_MUX:19|muxlut:261|muxlut:77|:37
   -      2     -    B    22        OR2    s           1    2    0    1  |LPM_MUX:19|muxlut:282|muxlut:43|~44~1
   -      2     -    B    19        OR2    s           1    2    0    1  |LPM_MUX:19|muxlut:282|muxlut:43|~49~1
   -      2     -    B    20        OR2                2    2    0    1  |LPM_MUX:19|muxlut:282|muxlut:60|:44
   -      2     -    B    21        OR2                2    2    0    1  |LPM_MUX:19|muxlut:282|muxlut:60|:49
   -      1     -    B    13        OR2                2    2    0    1  |LPM_MUX:19|muxlut:282|muxlut:77|:37


Code:

s = Synthesized pin or logic cell
+ = Synchronous flipflop
/ = Slow slew-rate output
! = NOT gate push-back
r = Fitter-inserted logic cell
p = Packed register


Device-Specific Information:                   e:\term3\lab20\registerfile.rpt
registerfile

** FASTTRACK INTERCONNECT UTILIZATION **

Row FastTrack Interconnect:

          Global         Left Half-      Right Half-
         FastTrack       FastTrack       FastTrack 
Row     Interconnect    Interconnect    Interconnect    Input Pins     Output Pins     Bidir Pins
A:      12/ 96( 12%)     8/ 48( 16%)     8/ 48( 16%)    4/16( 25%)      2/16( 12%)     0/16(  0%)
B:      12/ 96( 12%)     8/ 48( 16%)     9/ 48( 18%)    3/16( 18%)      3/16( 18%)     0/16(  0%)
C:      11/ 96( 11%)    10/ 48( 20%)     8/ 48( 16%)    3/16( 18%)      3/16( 18%)     0/16(  0%)


Column FastTrack Interconnect:

         FastTrack                                 
Column  Interconnect    Input Pins     Output Pins     Bidir Pins
01:      1/24(  4%)     0/4(  0%)      0/4(  0%)       0/4(  0%)
02:      2/24(  8%)     0/4(  0%)      0/4(  0%)       0/4(  0%)
03:      1/24(  4%)     0/4(  0%)      0/4(  0%)       0/4(  0%)
04:      1/24(  4%)     0/4(  0%)      0/4(  0%)       0/4(  0%)
05:      1/24(  4%)     0/4(  0%)      0/4(  0%)       0/4(  0%)
06:      1/24(  4%)     0/4(  0%)      0/4(  0%)       0/4(  0%)
07:      1/24(  4%)     0/4(  0%)      0/4(  0%)       0/4(  0%)
08:      0/24(  0%)     0/4(  0%)      0/4(  0%)       0/4(  0%)
09:      0/24(  0%)     0/4(  0%)      0/4(  0%)       0/4(  0%)
10:      0/24(  0%)     0/4(  0%)      0/4(  0%)       0/4(  0%)
11:      0/24(  0%)     0/4(  0%)      0/4(  0%)       0/4(  0%)
12:      0/24(  0%)     0/4(  0%)      0/4(  0%)       0/4(  0%)
13:      0/24(  0%)     0/4(  0%)      0/4(  0%)       0/4(  0%)
14:      0/24(  0%)     0/4(  0%)      0/4(  0%)       0/4(  0%)
15:      0/24(  0%)     0/4(  0%)      0/4(  0%)       0/4(  0%)
16:      0/24(  0%)     0/4(  0%)      0/4(  0%)       0/4(  0%)
17:      0/24(  0%)     0/4(  0%)      0/4(  0%)       0/4(  0%)
18:      0/24(  0%)     0/4(  0%)      0/4(  0%)       0/4(  0%)
19:      0/24(  0%)     0/4(  0%)      0/4(  0%)       0/4(  0%)
20:      0/24(  0%)     0/4(  0%)      0/4(  0%)       0/4(  0%)
21:      0/24(  0%)     0/4(  0%)      0/4(  0%)       0/4(  0%)
22:      0/24(  0%)     0/4(  0%)      0/4(  0%)       0/4(  0%)
23:      0/24(  0%)     0/4(  0%)      0/4(  0%)       0/4(  0%)
24:      0/24(  0%)     0/4(  0%)      0/4(  0%)       0/4(  0%)
EA:      0/24(  0%)     0/4(  0%)      0/4(  0%)       0/4(  0%)


Device-Specific Information:                   e:\term3\lab20\registerfile.rpt
registerfile

** CLOCK SIGNALS **

Type     Fan-out       Name
LCELL        8         |LPM_DECODE:6|declut:decoder|anode0_3
LCELL        8         |LPM_DECODE:6|declut:decoder|anode1_3
LCELL        8         |LPM_DECODE:6|declut:decoder|anode2_3
LCELL        8         |LPM_DECODE:6|declut:decoder|anode3_3
LCELL        8         |LPM_DECODE:6|declut:decoder|anode4_3
LCELL        8         |LPM_DECODE:6|declut:decoder|anode5_3
LCELL        8         |LPM_DECODE:6|declut:decoder|anode6_3
LCELL        8         |LPM_DECODE:6|declut:decoder|anode7_3
INPUT        8         rden


Device-Specific Information:                   e:\term3\lab20\registerfile.rpt
registerfile

** EQUATIONS **

data0    : INPUT;
data1    : INPUT;
data2    : INPUT;
data3    : INPUT;
data4    : INPUT;
data5    : INPUT;
data6    : INPUT;
data7    : INPUT;
rdaddr0  : INPUT;
rdaddr1  : INPUT;
rdaddr2  : INPUT;
rden     : INPUT;
wraddr0  : INPUT;
wraddr1  : INPUT;
wraddr2  : INPUT;
wren     : INPUT;

-- Node name is 'Q0' 
-- Equation name is 'Q0', type is output 
Q0       =  _LC6_C2;

-- Node name is 'Q1' 
-- Equation name is 'Q1', type is output 
Q1       =  _LC5_A8;

-- Node name is 'Q2' 
-- Equation name is 'Q2', type is output 
Q2       =  _LC8_B9;

-- Node name is 'Q3' 
-- Equation name is 'Q3', type is output 
Q3       =  _LC5_C15;

-- Node name is 'Q4' 
-- Equation name is 'Q4', type is output 
Q4       =  _LC5_C2;

-- Node name is 'Q5' 
-- Equation name is 'Q5', type is output 
Q5       =  _LC7_A14;

-- Node name is 'Q6' 
-- Equation name is 'Q6', type is output 
Q6       =  _LC4_B13;

-- Node name is 'Q7' 
-- Equation name is 'Q7', type is output 
Q7       =  _LC7_B13;

-- Node name is '|dtrigger8x:7|:12' = '|dtrigger8x:7|Q0' 
-- Equation name is '_LC3_C10', type is buried 
_LC3_C10 = DFFE( data0,  _LC6_A3,  VCC,  VCC,  VCC);

-- Node name is '|dtrigger8x:7|:15' = '|dtrigger8x:7|Q1' 
-- Equation name is '_LC1_A8', type is buried 
_LC1_A8  = DFFE( data1,  _LC6_A3,  VCC,  VCC,  VCC);

-- Node name is '|dtrigger8x:7|:16' = '|dtrigger8x:7|Q2' 
-- Equation name is '_LC1_B9', type is buried 
_LC1_B9  = DFFE( data2,  _LC6_A3,  VCC,  VCC,  VCC);

-- Node name is '|dtrigger8x:7|:17' = '|dtrigger8x:7|Q3' 
-- Equation name is '_LC1_C15', type is buried 
_LC1_C15 = DFFE( data3,  _LC6_A3,  VCC,  VCC,  VCC);

-- Node name is '|dtrigger8x:7|:18' = '|dtrigger8x:7|Q4' 
-- Equation name is '_LC6_C10', type is buried 
_LC6_C10 = DFFE( data4,  _LC6_A3,  VCC,  VCC,  VCC);

-- Node name is '|dtrigger8x:7|:19' = '|dtrigger8x:7|Q5' 
-- Equation name is '_LC6_A14', type is buried 
_LC6_A14 = DFFE( data5,  _LC6_A3,  VCC,  VCC,  VCC);

-- Node name is '|dtrigger8x:7|:20' = '|dtrigger8x:7|Q6' 
-- Equation name is '_LC6_B19', type is buried 
_LC6_B19 = DFFE( data6,  _LC6_A3,  VCC,  VCC,  VCC);

-- Node name is '|dtrigger8x:7|:21' = '|dtrigger8x:7|Q7' 
-- Equation name is '_LC5_B19', type is buried 
_LC5_B19 = DFFE( data7,  _LC6_A3,  VCC,  VCC,  VCC);

-- Node name is '|dtrigger8x:8|:12' = '|dtrigger8x:8|Q0' 
-- Equation name is '_LC4_C10', type is buried 
_LC4_C10 = DFFE( data0,  _LC6_A1,  VCC,  VCC,  VCC);

-- Node name is '|dtrigger8x:8|:15' = '|dtrigger8x:8|Q1' 
-- Equation name is '_LC2_A10', type is buried 
_LC2_A10 = DFFE( data1,  _LC6_A1,  VCC,  VCC,  VCC);

-- Node name is '|dtrigger8x:8|:16' = '|dtrigger8x:8|Q2' 
-- Equation name is '_LC1_B12', type is buried 
_LC1_B12 = DFFE( data2,  _LC6_A1,  VCC,  VCC,  VCC);

-- Node name is '|dtrigger8x:8|:17' = '|dtrigger8x:8|Q3' 
-- Equation name is '_LC1_C16', type is buried 
_LC1_C16 = DFFE( data3,  _LC6_A1,  VCC,  VCC,  VCC);

-- Node name is '|dtrigger8x:8|:18' = '|dtrigger8x:8|Q4' 
-- Equation name is '_LC5_C10', type is buried 
_LC5_C10 = DFFE( data4,  _LC6_A1,  VCC,  VCC,  VCC);

-- Node name is '|dtrigger8x:8|:19' = '|dtrigger8x:8|Q5' 
-- Equation name is '_LC2_A18', type is buried 
_LC2_A18 = DFFE( data5,  _LC6_A1,  VCC,  VCC,  VCC);

-- Node name is '|dtrigger8x:8|:20' = '|dtrigger8x:8|Q6' 
-- Equation name is '_LC3_B19', type is buried 
_LC3_B19 = DFFE( data6,  _LC6_A1,  VCC,  VCC,  VCC);

-- Node name is '|dtrigger8x:8|:21' = '|dtrigger8x:8|Q7' 
-- Equation name is '_LC4_B19', type is buried 
_LC4_B19 = DFFE( data7,  _LC6_A1,  VCC,  VCC,  VCC);

-- Node name is '|dtrigger8x:9|:12' = '|dtrigger8x:9|Q0' 
-- Equation name is '_LC3_C8', type is buried 
_LC3_C8  = DFFE( data0,  _LC3_A1,  VCC,  VCC,  VCC);

-- Node name is '|dtrigger8x:9|:15' = '|dtrigger8x:9|Q1' 
-- Equation name is '_LC1_A10', type is buried 
_LC1_A10 = DFFE( data1,  _LC3_A1,  VCC,  VCC,  VCC);

-- Node name is '|dtrigger8x:9|:16' = '|dtrigger8x:9|Q2' 
-- Equation name is '_LC2_B12', type is buried 
_LC2_B12 = DFFE( data2,  _LC3_A1,  VCC,  VCC,  VCC);

-- Node name is '|dtrigger8x:9|:17' = '|dtrigger8x:9|Q3' 
-- Equation name is '_LC2_C16', type is buried 
_LC2_C16 = DFFE( data3,  _LC3_A1,  VCC,  VCC,  VCC);

-- Node name is '|dtrigger8x:9|:18' = '|dtrigger8x:9|Q4' 
-- Equation name is '_LC4_C8', type is buried 
_LC4_C8  = DFFE( data4,  _LC3_A1,  VCC,  VCC,  VCC);

-- Node name is '|dtrigger8x:9|:19' = '|dtrigger8x:9|Q5' 
-- Equation name is '_LC1_A18', type is buried 
_LC1_A18 = DFFE( data5,  _LC3_A1,  VCC,  VCC,  VCC);

-- Node name is '|dtrigger8x:9|:20' = '|dtrigger8x:9|Q6' 
-- Equation name is '_LC3_B22', type is buried 
_LC3_B22 = DFFE( data6,  _LC3_A1,  VCC,  VCC,  VCC);

-- Node name is '|dtrigger8x:9|:21' = '|dtrigger8x:9|Q7' 
-- Equation name is '_LC4_B22', type is buried 
_LC4_B22 = DFFE( data7,  _LC3_A1,  VCC,  VCC,  VCC);

-- Node name is '|dtrigger8x:10|:12' = '|dtrigger8x:10|Q0' 
-- Equation name is '_LC5_C8', type is buried 
_LC5_C8  = DFFE( data0,  _LC1_A1,  VCC,  VCC,  VCC);

-- Node name is '|dtrigger8x:10|:15' = '|dtrigger8x:10|Q1' 
-- Equation name is '_LC1_A11', type is buried 
_LC1_A11 = DFFE( data1,  _LC1_A1,  VCC,  VCC,  VCC);

-- Node name is '|dtrigger8x:10|:16' = '|dtrigger8x:10|Q2' 
-- Equation name is '_LC1_B11', type is buried 
_LC1_B11 = DFFE( data2,  _LC1_A1,  VCC,  VCC,  VCC);

-- Node name is '|dtrigger8x:10|:17' = '|dtrigger8x:10|Q3' 
-- Equation name is '_LC1_C24', type is buried 
_LC1_C24 = DFFE( data3,  _LC1_A1,  VCC,  VCC,  VCC);

-- Node name is '|dtrigger8x:10|:18' = '|dtrigger8x:10|Q4' 
-- Equation name is '_LC6_C8', type is buried 
_LC6_C8  = DFFE( data4,  _LC1_A1,  VCC,  VCC,  VCC);

-- Node name is '|dtrigger8x:10|:19' = '|dtrigger8x:10|Q5' 
-- Equation name is '_LC1_A17', type is buried 
_LC1_A17 = DFFE( data5,  _LC1_A1,  VCC,  VCC,  VCC);

-- Node name is '|dtrigger8x:10|:20' = '|dtrigger8x:10|Q6' 
-- Equation name is '_LC5_B22', type is buried 
_LC5_B22 = DFFE( data6,  _LC1_A1,  VCC,  VCC,  VCC);

-- Node name is '|dtrigger8x:10|:21' = '|dtrigger8x:10|Q7' 
-- Equation name is '_LC6_B22', type is buried 
_LC6_B22 = DFFE( data7,  _LC1_A1,  VCC,  VCC,  VCC);

-- Node name is '|dtrigger8x:11|:12' = '|dtrigger8x:11|Q0' 
-- Equation name is '_LC5_C12', type is buried 
_LC5_C12 = DFFE( data0,  _LC1_A7,  VCC,  VCC,  VCC);

-- Node name is '|dtrigger8x:11|:15' = '|dtrigger8x:11|Q1' 
-- Equation name is '_LC2_A11', type is buried 
_LC2_A11 = DFFE( data1,  _LC1_A7,  VCC,  VCC,  VCC);

-- Node name is '|dtrigger8x:11|:16' = '|dtrigger8x:11|Q2' 
-- Equation name is '_LC2_B11', type is buried 
_LC2_B11 = DFFE( data2,  _LC1_A7,  VCC,  VCC,  VCC);

-- Node name is '|dtrigger8x:11|:17' = '|dtrigger8x:11|Q3' 
-- Equation name is '_LC2_C24', type is buried 
_LC2_C24 = DFFE( data3,  _LC1_A7,  VCC,  VCC,  VCC);

-- Node name is '|dtrigger8x:11|:18' = '|dtrigger8x:11|Q4' 
-- Equation name is '_LC6_C12', type is buried 
_LC6_C12 = DFFE( data4,  _LC1_A7,  VCC,  VCC,  VCC);

-- Node name is '|dtrigger8x:11|:19' = '|dtrigger8x:11|Q5' 
-- Equation name is '_LC2_A17', type is buried 
_LC2_A17 = DFFE( data5,  _LC1_A7,  VCC,  VCC,  VCC);

-- Node name is '|dtrigger8x:11|:20' = '|dtrigger8x:11|Q6' 
-- Equation name is '_LC5_B21', type is buried 
_LC5_B21 = DFFE( data6,  _LC1_A7,  VCC,  VCC,  VCC);

-- Node name is '|dtrigger8x:11|:21' = '|dtrigger8x:11|Q7' 
-- Equation name is '_LC6_B21', type is buried 
_LC6_B21 = DFFE( data7,  _LC1_A7,  VCC,  VCC,  VCC);

-- Node name is '|dtrigger8x:12|:12' = '|dtrigger8x:12|Q0' 
-- Equation name is '_LC4_C12', type is buried 
_LC4_C12 = DFFE( data0,  _LC1_A6,  VCC,  VCC,  VCC);

-- Node name is '|dtrigger8x:12|:15' = '|dtrigger8x:12|Q1' 
-- Equation name is '_LC2_A12', type is buried 
_LC2_A12 = DFFE( data1,  _LC1_A6,  VCC,  VCC,  VCC);

-- Node name is '|dtrigger8x:12|:16' = '|dtrigger8x:12|Q2' 
-- Equation name is '_LC2_B10', type is buried 
_LC2_B10 = DFFE( data2,  _LC1_A6,  VCC,  VCC,  VCC);

-- Node name is '|dtrigger8x:12|:17' = '|dtrigger8x:12|Q3' 
-- Equation name is '_LC2_C23', type is buried 
_LC2_C23 = DFFE( data3,  _LC1_A6,  VCC,  VCC,  VCC);

-- Node name is '|dtrigger8x:12|:18' = '|dtrigger8x:12|Q4' 
-- Equation name is '_LC3_C12', type is buried 
_LC3_C12 = DFFE( data4,  _LC1_A6,  VCC,  VCC,  VCC);

-- Node name is '|dtrigger8x:12|:19' = '|dtrigger8x:12|Q5' 
-- Equation name is '_LC2_A16', type is buried 
_LC2_A16 = DFFE( data5,  _LC1_A6,  VCC,  VCC,  VCC);

-- Node name is '|dtrigger8x:12|:20' = '|dtrigger8x:12|Q6' 
-- Equation name is '_LC3_B21', type is buried 
_LC3_B21 = DFFE( data6,  _LC1_A6,  VCC,  VCC,  VCC);

-- Node name is '|dtrigger8x:12|:21' = '|dtrigger8x:12|Q7' 
-- Equation name is '_LC4_B21', type is buried 
_LC4_B21 = DFFE( data7,  _LC1_A6,  VCC,  VCC,  VCC);

-- Node name is '|dtrigger8x:13|:12' = '|dtrigger8x:13|Q0' 
-- Equation name is '_LC4_C11', type is buried 
_LC4_C11 = DFFE( data0,  _LC1_A5,  VCC,  VCC,  VCC);

-- Node name is '|dtrigger8x:13|:15' = '|dtrigger8x:13|Q1' 
-- Equation name is '_LC1_A12', type is buried 
_LC1_A12 = DFFE( data1,  _LC1_A5,  VCC,  VCC,  VCC);

-- Node name is '|dtrigger8x:13|:16' = '|dtrigger8x:13|Q2' 
-- Equation name is '_LC1_B10', type is buried 
_LC1_B10 = DFFE( data2,  _LC1_A5,  VCC,  VCC,  VCC);

-- Node name is '|dtrigger8x:13|:17' = '|dtrigger8x:13|Q3' 
-- Equation name is '_LC1_C23', type is buried 
_LC1_C23 = DFFE( data3,  _LC1_A5,  VCC,  VCC,  VCC);

-- Node name is '|dtrigger8x:13|:18' = '|dtrigger8x:13|Q4' 
-- Equation name is '_LC6_C11', type is buried 
_LC6_C11 = DFFE( data4,  _LC1_A5,  VCC,  VCC,  VCC);

-- Node name is '|dtrigger8x:13|:19' = '|dtrigger8x:13|Q5' 
-- Equation name is '_LC1_A16', type is buried 
_LC1_A16 = DFFE( data5,  _LC1_A5,  VCC,  VCC,  VCC);

-- Node name is '|dtrigger8x:13|:20' = '|dtrigger8x:13|Q6' 
-- Equation name is '_LC5_B20', type is buried 
_LC5_B20 = DFFE( data6,  _LC1_A5,  VCC,  VCC,  VCC);

-- Node name is '|dtrigger8x:13|:21' = '|dtrigger8x:13|Q7' 
-- Equation name is '_LC4_B20', type is buried 
_LC4_B20 = DFFE( data7,  _LC1_A5,  VCC,  VCC,  VCC);

-- Node name is '|dtrigger8x:14|:12' = '|dtrigger8x:14|Q0' 
-- Equation name is '_LC5_C11', type is buried 
_LC5_C11 = DFFE( data0,  _LC1_A4,  VCC,  VCC,  VCC);

-- Node name is '|dtrigger8x:14|:15' = '|dtrigger8x:14|Q1' 
-- Equation name is '_LC1_A9', type is buried 
_LC1_A9  = DFFE( data1,  _LC1_A4,  VCC,  VCC,  VCC);

-- Node name is '|dtrigger8x:14|:16' = '|dtrigger8x:14|Q2' 
-- Equation name is '_LC1_B3', type is buried 
_LC1_B3  = DFFE( data2,  _LC1_A4,  VCC,  VCC,  VCC);

-- Node name is '|dtrigger8x:14|:17' = '|dtrigger8x:14|Q3' 
-- Equation name is '_LC3_C17', type is buried 
_LC3_C17 = DFFE( data3,  _LC1_A4,  VCC,  VCC,  VCC);

-- Node name is '|dtrigger8x:14|:18' = '|dtrigger8x:14|Q4' 
-- Equation name is '_LC2_C11', type is buried 
_LC2_C11 = DFFE( data4,  _LC1_A4,  VCC,  VCC,  VCC);

-- Node name is '|dtrigger8x:14|:19' = '|dtrigger8x:14|Q5' 
-- Equation name is '_LC1_A19', type is buried 
_LC1_A19 = DFFE( data5,  _LC1_A4,  VCC,  VCC,  VCC);

-- Node name is '|dtrigger8x:14|:20' = '|dtrigger8x:14|Q6' 
-- Equation name is '_LC3_B20', type is buried 
_LC3_B20 = DFFE( data6,  _LC1_A4,  VCC,  VCC,  VCC);

-- Node name is '|dtrigger8x:14|:21' = '|dtrigger8x:14|Q7' 
-- Equation name is '_LC6_B20', type is buried 
_LC6_B20 = DFFE( data7,  _LC1_A4,  VCC,  VCC,  VCC);

-- Node name is '|dtrigger8x:18|:12' = '|dtrigger8x:18|Q0' 
-- Equation name is '_LC6_C2', type is buried 
_LC6_C2  = DFFE( _EQ001, GLOBAL( rden),  VCC,  VCC,  VCC);
  _EQ001 =  _LC2_C12 &  _LC3_C11 &  rdaddr2
         #  _LC2_C2;

-- Node name is '|dtrigger8x:18|:15' = '|dtrigger8x:18|Q1' 
-- Equation name is '_LC5_A8', type is buried 
_LC5_A8  = DFFE( _EQ002, GLOBAL( rden),  VCC,  VCC,  VCC);
  _EQ002 =  _LC3_A8 &  _LC4_A8 &  rdaddr2
         #  _LC2_A8;

-- Node name is '|dtrigger8x:18|:16' = '|dtrigger8x:18|Q2' 
-- Equation name is '_LC8_B9', type is buried 
_LC8_B9  = DFFE( _EQ003, GLOBAL( rden),  VCC,  VCC,  VCC);
  _EQ003 =  _LC3_B9 &  _LC4_B9 &  rdaddr2
         #  _LC2_B9;

-- Node name is '|dtrigger8x:18|:17' = '|dtrigger8x:18|Q3' 
-- Equation name is '_LC5_C15', type is buried 
_LC5_C15 = DFFE( _EQ004, GLOBAL( rden),  VCC,  VCC,  VCC);
  _EQ004 =  _LC3_C15 &  _LC4_C15 &  rdaddr2
         #  _LC2_C15;

-- Node name is '|dtrigger8x:18|:18' = '|dtrigger8x:18|Q4' 
-- Equation name is '_LC5_C2', type is buried 
_LC5_C2  = DFFE( _EQ005, GLOBAL( rden),  VCC,  VCC,  VCC);
  _EQ005 =  _LC1_C11 &  _LC1_C12 &  rdaddr2
         #  _LC1_C2;

-- Node name is '|dtrigger8x:18|:19' = '|dtrigger8x:18|Q5' 
-- Equation name is '_LC7_A14', type is buried 
_LC7_A14 = DFFE( _EQ006, GLOBAL( rden),  VCC,  VCC,  VCC);
  _EQ006 =  _LC2_A14 &  _LC3_A14 &  rdaddr2
         #  _LC1_A14;

-- Node name is '|dtrigger8x:18|:20' = '|dtrigger8x:18|Q6' 
-- Equation name is '_LC4_B13', type is buried 
_LC4_B13 = DFFE( _EQ007, GLOBAL( rden),  VCC,  VCC,  VCC);
  _EQ007 =  _LC1_B20 &  _LC1_B21 &  rdaddr2
         #  _LC2_B13;

-- Node name is '|dtrigger8x:18|:21' = '|dtrigger8x:18|Q7' 
-- Equation name is '_LC7_B13', type is buried 
_LC7_B13 = DFFE( _EQ008, GLOBAL( rden),  VCC,  VCC,  VCC);
  _EQ008 =  _LC2_B20 &  _LC2_B21 &  rdaddr2
         #  _LC1_B13;

-- Node name is '|LPM_DECODE:6|declut:decoder|anode0_3' from file "declut.tdf" line 77, column 52
-- Equation name is '_LC6_A3', type is buried 
_LC6_A3  = LCELL( _EQ009);
  _EQ009 = !wraddr0 & !wraddr1 & !wraddr2 &  wren;

-- Node name is '|LPM_DECODE:6|declut:decoder|anode1_3' from file "declut.tdf" line 77, column 52
-- Equation name is '_LC6_A1', type is buried 
_LC6_A1  = LCELL( _EQ010);
  _EQ010 =  wraddr0 & !wraddr1 & !wraddr2 &  wren;

-- Node name is '|LPM_DECODE:6|declut:decoder|anode2_3' from file "declut.tdf" line 77, column 52
-- Equation name is '_LC3_A1', type is buried 
_LC3_A1  = LCELL( _EQ011);
  _EQ011 = !wraddr0 &  wraddr1 & !wraddr2 &  wren;

-- Node name is '|LPM_DECODE:6|declut:decoder|anode3_3' from file "declut.tdf" line 77, column 52
-- Equation name is '_LC1_A1', type is buried 
_LC1_A1  = LCELL( _EQ012);
  _EQ012 =  wraddr0 &  wraddr1 & !wraddr2 &  wren;

-- Node name is '|LPM_DECODE:6|declut:decoder|anode4_3' from file "declut.tdf" line 79, column 52
-- Equation name is '_LC1_A7', type is buried 
_LC1_A7  = LCELL( _EQ013);
  _EQ013 = !wraddr0 & !wraddr1 &  wraddr2 &  wren;

-- Node name is '|LPM_DECODE:6|declut:decoder|anode5_3' from file "declut.tdf" line 79, column 52
-- Equation name is '_LC1_A6', type is buried 
_LC1_A6  = LCELL( _EQ014);
  _EQ014 =  wraddr0 & !wraddr1 &  wraddr2 &  wren;

-- Node name is '|LPM_DECODE:6|declut:decoder|anode6_3' from file "declut.tdf" line 79, column 52
-- Equation name is '_LC1_A5', type is buried 
_LC1_A5  = LCELL( _EQ015);
  _EQ015 = !wraddr0 &  wraddr1 &  wraddr2 &  wren;

-- Node name is '|LPM_DECODE:6|declut:decoder|anode7_3' from file "declut.tdf" line 79, column 52
-- Equation name is '_LC1_A4', type is buried 
_LC1_A4  = LCELL( _EQ016);
  _EQ016 =  wraddr0 &  wraddr1 &  wraddr2 &  wren;

-- Node name is '|LPM_MUX:19|muxlut:135|muxlut:43|~44~1' from file "muxlut.tdf" line 171, column 56
-- Equation name is '_LC2_C8', type is buried 
-- synthesized logic cell 
_LC2_C8  = LCELL( _EQ017);
  _EQ017 =  _LC5_C8 &  rdaddr0
         #  _LC3_C8 & !rdaddr0;

-- Node name is '|LPM_MUX:19|muxlut:135|muxlut:43|~49~1' from file "muxlut.tdf" line 172, column 50
-- Equation name is '_LC2_C10', type is buried 
-- synthesized logic cell 
_LC2_C10 = LCELL( _EQ018);
  _EQ018 =  _LC4_C10 &  rdaddr0
         #  _LC3_C10 & !rdaddr0;

-- Node name is '|LPM_MUX:19|muxlut:135|muxlut:60|:44' from file "muxlut.tdf" line 171, column 56
-- Equation name is '_LC3_C11', type is buried 
_LC3_C11 = LCELL( _EQ019);
  _EQ019 =  _LC5_C11 &  rdaddr0
         #  _LC4_C11 & !rdaddr0
         # !rdaddr1;

-- Node name is '|LPM_MUX:19|muxlut:135|muxlut:60|:49' from file "muxlut.tdf" line 172, column 50
-- Equation name is '_LC2_C12', type is buried 
_LC2_C12 = LCELL( _EQ020);
  _EQ020 =  _LC4_C12 &  rdaddr0
         #  _LC5_C12 & !rdaddr0
         #  rdaddr1;

-- Node name is '|LPM_MUX:19|muxlut:135|muxlut:77|:37' from file "muxlut.tdf" line 128, column 30
-- Equation name is '_LC2_C2', type is buried 
_LC2_C2  = LCELL( _EQ021);
  _EQ021 =  _LC2_C10 & !rdaddr1 & !rdaddr2
         #  _LC2_C8 &  _LC2_C10 & !rdaddr2
         #  _LC2_C8 &  rdaddr1 & !rdaddr2;

-- Node name is '|LPM_MUX:19|muxlut:156|muxlut:43|~44~1' from file "muxlut.tdf" line 171, column 56
-- Equation name is '_LC7_A8', type is buried 
-- synthesized logic cell 
_LC7_A8  = LCELL( _EQ022);
  _EQ022 =  _LC1_A11 &  rdaddr0
         #  _LC1_A10 & !rdaddr0;

-- Node name is '|LPM_MUX:19|muxlut:156|muxlut:43|~49~1' from file "muxlut.tdf" line 172, column 50
-- Equation name is '_LC6_A8', type is buried 
-- synthesized logic cell 
_LC6_A8  = LCELL( _EQ023);
  _EQ023 =  _LC2_A10 &  rdaddr0
         #  _LC1_A8 & !rdaddr0;

-- Node name is '|LPM_MUX:19|muxlut:156|muxlut:60|:44' from file "muxlut.tdf" line 171, column 56
-- Equation name is '_LC4_A8', type is buried 
_LC4_A8  = LCELL( _EQ024);
  _EQ024 =  _LC1_A9 &  rdaddr0
         #  _LC1_A12 & !rdaddr0
         # !rdaddr1;

-- Node name is '|LPM_MUX:19|muxlut:156|muxlut:60|:49' from file "muxlut.tdf" line 172, column 50
-- Equation name is '_LC3_A8', type is buried 
_LC3_A8  = LCELL( _EQ025);
  _EQ025 =  _LC2_A12 &  rdaddr0
         #  _LC2_A11 & !rdaddr0
         #  rdaddr1;

-- Node name is '|LPM_MUX:19|muxlut:156|muxlut:77|:37' from file "muxlut.tdf" line 128, column 30
-- Equation name is '_LC2_A8', type is buried 
_LC2_A8  = LCELL( _EQ026);
  _EQ026 =  _LC6_A8 &  _LC7_A8 & !rdaddr2
         #  _LC7_A8 &  rdaddr1 & !rdaddr2
         #  _LC6_A8 & !rdaddr1 & !rdaddr2;

-- Node name is '|LPM_MUX:19|muxlut:177|muxlut:43|~44~1' from file "muxlut.tdf" line 171, column 56
-- Equation name is '_LC6_B9', type is buried 
-- synthesized logic cell 
_LC6_B9  = LCELL( _EQ027);
  _EQ027 =  _LC1_B11 &  rdaddr0
         #  _LC2_B12 & !rdaddr0;

-- Node name is '|LPM_MUX:19|muxlut:177|muxlut:43|~49~1' from file "muxlut.tdf" line 172, column 50
-- Equation name is '_LC5_B9', type is buried 
-- synthesized logic cell 
_LC5_B9  = LCELL( _EQ028);
  _EQ028 =  _LC1_B12 &  rdaddr0
         #  _LC1_B9 & !rdaddr0;

-- Node name is '|LPM_MUX:19|muxlut:177|muxlut:60|:44' from file "muxlut.tdf" line 171, column 56
-- Equation name is '_LC4_B9', type is buried 
_LC4_B9  = LCELL( _EQ029);
  _EQ029 =  _LC1_B3 &  rdaddr0
         #  _LC1_B10 & !rdaddr0
         # !rdaddr1;

-- Node name is '|LPM_MUX:19|muxlut:177|muxlut:60|:49' from file "muxlut.tdf" line 172, column 50
-- Equation name is '_LC3_B9', type is buried 
_LC3_B9  = LCELL( _EQ030);
  _EQ030 =  _LC2_B10 &  rdaddr0
         #  _LC2_B11 & !rdaddr0
         #  rdaddr1;

-- Node name is '|LPM_MUX:19|muxlut:177|muxlut:77|:37' from file "muxlut.tdf" line 128, column 30
-- Equation name is '_LC2_B9', type is buried 
_LC2_B9  = LCELL( _EQ031);
  _EQ031 =  _LC5_B9 &  _LC6_B9 & !rdaddr2
         #  _LC6_B9 &  rdaddr1 & !rdaddr2
         #  _LC5_B9 & !rdaddr1 & !rdaddr2;

-- Node name is '|LPM_MUX:19|muxlut:198|muxlut:43|~44~1' from file "muxlut.tdf" line 171, column 56
-- Equation name is '_LC7_C15', type is buried 
-- synthesized logic cell 
_LC7_C15 = LCELL( _EQ032);
  _EQ032 =  _LC1_C24 &  rdaddr0
         #  _LC2_C16 & !rdaddr0;

-- Node name is '|LPM_MUX:19|muxlut:198|muxlut:43|~49~1' from file "muxlut.tdf" line 172, column 50
-- Equation name is '_LC6_C15', type is buried 
-- synthesized logic cell 
_LC6_C15 = LCELL( _EQ033);
  _EQ033 =  _LC1_C16 &  rdaddr0
         #  _LC1_C15 & !rdaddr0;

-- Node name is '|LPM_MUX:19|muxlut:198|muxlut:60|:44' from file "muxlut.tdf" line 171, column 56
-- Equation name is '_LC4_C15', type is buried 
_LC4_C15 = LCELL( _EQ034);
  _EQ034 =  _LC3_C17 &  rdaddr0
         #  _LC1_C23 & !rdaddr0
         # !rdaddr1;

-- Node name is '|LPM_MUX:19|muxlut:198|muxlut:60|:49' from file "muxlut.tdf" line 172, column 50
-- Equation name is '_LC3_C15', type is buried 
_LC3_C15 = LCELL( _EQ035);
  _EQ035 =  _LC2_C23 &  rdaddr0
         #  _LC2_C24 & !rdaddr0
         #  rdaddr1;

-- Node name is '|LPM_MUX:19|muxlut:198|muxlut:77|:37' from file "muxlut.tdf" line 128, column 30
-- Equation name is '_LC2_C15', type is buried 
_LC2_C15 = LCELL( _EQ036);
  _EQ036 =  _LC6_C15 &  _LC7_C15 & !rdaddr2
         #  _LC7_C15 &  rdaddr1 & !rdaddr2
         #  _LC6_C15 & !rdaddr1 & !rdaddr2;

-- Node name is '|LPM_MUX:19|muxlut:219|muxlut:43|~44~1' from file "muxlut.tdf" line 171, column 56
-- Equation name is '_LC1_C8', type is buried 
-- synthesized logic cell 
_LC1_C8  = LCELL( _EQ037);
  _EQ037 =  _LC6_C8 &  rdaddr0
         #  _LC4_C8 & !rdaddr0;

-- Node name is '|LPM_MUX:19|muxlut:219|muxlut:43|~49~1' from file "muxlut.tdf" line 172, column 50
-- Equation name is '_LC1_C10', type is buried 
-- synthesized logic cell 
_LC1_C10 = LCELL( _EQ038);
  _EQ038 =  _LC5_C10 &  rdaddr0
         #  _LC6_C10 & !rdaddr0;

-- Node name is '|LPM_MUX:19|muxlut:219|muxlut:60|:44' from file "muxlut.tdf" line 171, column 56
-- Equation name is '_LC1_C11', type is buried 
_LC1_C11 = LCELL( _EQ039);
  _EQ039 =  _LC2_C11 &  rdaddr0
         #  _LC6_C11 & !rdaddr0
         # !rdaddr1;

-- Node name is '|LPM_MUX:19|muxlut:219|muxlut:60|:49' from file "muxlut.tdf" line 172, column 50
-- Equation name is '_LC1_C12', type is buried 
_LC1_C12 = LCELL( _EQ040);
  _EQ040 =  _LC3_C12 &  rdaddr0
         #  _LC6_C12 & !rdaddr0
         #  rdaddr1;

-- Node name is '|LPM_MUX:19|muxlut:219|muxlut:77|:37' from file "muxlut.tdf" line 128, column 30
-- Equation name is '_LC1_C2', type is buried 
_LC1_C2  = LCELL( _EQ041);
  _EQ041 =  _LC1_C8 &  _LC1_C10 & !rdaddr2
         #  _LC1_C8 &  rdaddr1 & !rdaddr2
         #  _LC1_C10 & !rdaddr1 & !rdaddr2;

-- Node name is '|LPM_MUX:19|muxlut:240|muxlut:43|~44~1' from file "muxlut.tdf" line 171, column 56
-- Equation name is '_LC5_A14', type is buried 
-- synthesized logic cell 
_LC5_A14 = LCELL( _EQ042);
  _EQ042 =  _LC1_A17 &  rdaddr0
         #  _LC1_A18 & !rdaddr0;

-- Node name is '|LPM_MUX:19|muxlut:240|muxlut:43|~49~1' from file "muxlut.tdf" line 172, column 50
-- Equation name is '_LC4_A14', type is buried 
-- synthesized logic cell 
_LC4_A14 = LCELL( _EQ043);
  _EQ043 =  _LC2_A18 &  rdaddr0
         #  _LC6_A14 & !rdaddr0;

-- Node name is '|LPM_MUX:19|muxlut:240|muxlut:60|:44' from file "muxlut.tdf" line 171, column 56
-- Equation name is '_LC3_A14', type is buried 
_LC3_A14 = LCELL( _EQ044);
  _EQ044 =  _LC1_A19 &  rdaddr0
         #  _LC1_A16 & !rdaddr0
         # !rdaddr1;

-- Node name is '|LPM_MUX:19|muxlut:240|muxlut:60|:49' from file "muxlut.tdf" line 172, column 50
-- Equation name is '_LC2_A14', type is buried 
_LC2_A14 = LCELL( _EQ045);
  _EQ045 =  _LC2_A16 &  rdaddr0
         #  _LC2_A17 & !rdaddr0
         #  rdaddr1;

-- Node name is '|LPM_MUX:19|muxlut:240|muxlut:77|:37' from file "muxlut.tdf" line 128, column 30
-- Equation name is '_LC1_A14', type is buried 
_LC1_A14 = LCELL( _EQ046);
  _EQ046 =  _LC4_A14 &  _LC5_A14 & !rdaddr2
         #  _LC5_A14 &  rdaddr1 & !rdaddr2
         #  _LC4_A14 & !rdaddr1 & !rdaddr2;

-- Node name is '|LPM_MUX:19|muxlut:261|muxlut:43|~44~1' from file "muxlut.tdf" line 171, column 56
-- Equation name is '_LC1_B22', type is buried 
-- synthesized logic cell 
_LC1_B22 = LCELL( _EQ047);
  _EQ047 =  _LC5_B22 &  rdaddr0
         #  _LC3_B22 & !rdaddr0;

-- Node name is '|LPM_MUX:19|muxlut:261|muxlut:43|~49~1' from file "muxlut.tdf" line 172, column 50
-- Equation name is '_LC1_B19', type is buried 
-- synthesized logic cell 
_LC1_B19 = LCELL( _EQ048);
  _EQ048 =  _LC3_B19 &  rdaddr0
         #  _LC6_B19 & !rdaddr0;

-- Node name is '|LPM_MUX:19|muxlut:261|muxlut:60|:44' from file "muxlut.tdf" line 171, column 56
-- Equation name is '_LC1_B20', type is buried 
_LC1_B20 = LCELL( _EQ049);
  _EQ049 =  _LC3_B20 &  rdaddr0
         #  _LC5_B20 & !rdaddr0
         # !rdaddr1;

-- Node name is '|LPM_MUX:19|muxlut:261|muxlut:60|:49' from file "muxlut.tdf" line 172, column 50
-- Equation name is '_LC1_B21', type is buried 
_LC1_B21 = LCELL( _EQ050);
  _EQ050 =  _LC3_B21 &  rdaddr0
         #  _LC5_B21 & !rdaddr0
         #  rdaddr1;

-- Node name is '|LPM_MUX:19|muxlut:261|muxlut:77|:37' from file "muxlut.tdf" line 128, column 30
-- Equation name is '_LC2_B13', type is buried 
_LC2_B13 = LCELL( _EQ051);
  _EQ051 =  _LC1_B19 &  _LC1_B22 & !rdaddr2
         #  _LC1_B22 &  rdaddr1 & !rdaddr2
         #  _LC1_B19 & !rdaddr1 & !rdaddr2;

-- Node name is '|LPM_MUX:19|muxlut:282|muxlut:43|~44~1' from file "muxlut.tdf" line 171, column 56
-- Equation name is '_LC2_B22', type is buried 
-- synthesized logic cell 
_LC2_B22 = LCELL( _EQ052);
  _EQ052 =  _LC6_B22 &  rdaddr0
         #  _LC4_B22 & !rdaddr0;

-- Node name is '|LPM_MUX:19|muxlut:282|muxlut:43|~49~1' from file "muxlut.tdf" line 172, column 50
-- Equation name is '_LC2_B19', type is buried 
-- synthesized logic cell 
_LC2_B19 = LCELL( _EQ053);
  _EQ053 =  _LC4_B19 &  rdaddr0
         #  _LC5_B19 & !rdaddr0;

-- Node name is '|LPM_MUX:19|muxlut:282|muxlut:60|:44' from file "muxlut.tdf" line 171, column 56
-- Equation name is '_LC2_B20', type is buried 
_LC2_B20 = LCELL( _EQ054);
  _EQ054 =  _LC6_B20 &  rdaddr0
         #  _LC4_B20 & !rdaddr0
         # !rdaddr1;

-- Node name is '|LPM_MUX:19|muxlut:282|muxlut:60|:49' from file "muxlut.tdf" line 172, column 50
-- Equation name is '_LC2_B21', type is buried 
_LC2_B21 = LCELL( _EQ055);
  _EQ055 =  _LC4_B21 &  rdaddr0
         #  _LC6_B21 & !rdaddr0
         #  rdaddr1;

-- Node name is '|LPM_MUX:19|muxlut:282|muxlut:77|:37' from file "muxlut.tdf" line 128, column 30
-- Equation name is '_LC1_B13', type is buried 
_LC1_B13 = LCELL( _EQ056);
  _EQ056 =  _LC2_B19 &  _LC2_B22 & !rdaddr2
         #  _LC2_B22 &  rdaddr1 & !rdaddr2
         #  _LC2_B19 & !rdaddr1 & !rdaddr2;



Project Information                            e:\term3\lab20\registerfile.rpt

** COMPILATION SETTINGS & TIMES **

Processing Menu Commands
------------------------

Design Doctor                             = off

Logic Synthesis:

   Synthesis Type Used                    = Multi-Level

   Default Synthesis Style                = NORMAL

      Logic option settings in 'NORMAL' style for 'FLEX10K' family

      CARRY_CHAIN                         = ignore
      CARRY_CHAIN_LENGTH                  = 32
      CASCADE_CHAIN                       = ignore
      CASCADE_CHAIN_LENGTH                = 2
      DECOMPOSE_GATES                     = on
      DUPLICATE_LOGIC_EXTRACTION          = on
      MINIMIZATION                        = full
      MULTI_LEVEL_FACTORING               = on
      NOT_GATE_PUSH_BACK                  = on
      REDUCE_LOGIC                        = on
      REFACTORIZATION                     = on
      REGISTER_OPTIMIZATION               = on
      RESYNTHESIZE_NETWORK                = on
      SLOW_SLEW_RATE                      = off
      SUBFACTOR_EXTRACTION                = on
      IGNORE_SOFT_BUFFERS                 = on
      USE_LPM_FOR_AHDL_OPERATORS          = off

   Other logic synthesis settings:

      Automatic Global Clock              = on
      Automatic Global Clear              = on
      Automatic Global Preset             = on
      Automatic Global Output Enable      = on
      Automatic Fast I/O                  = off
      Automatic Register Packing          = off
      Automatic Open-Drain Pins           = on
      Automatic Implement in EAB          = off
      Optimize                            = 5

Default Timing Specifications: None

Cut All Bidir Feedback Timing Paths       = on
Cut All Clear & Preset Timing Paths       = on

Ignore Timing Assignments                 = off

Functional SNF Extractor                  = off

Linked SNF Extractor                      = off
Timing SNF Extractor                      = on
Optimize Timing SNF                       = off
Generate AHDL TDO File                    = off
Fitter Settings                           = NORMAL
Smart Recompile                           = off
Total Recompile                           = off

Interfaces Menu Commands
------------------------

EDIF Netlist Writer                       = off
Verilog Netlist Writer                    = off
VHDL Netlist Writer                       = off

Compilation Times
-----------------

   Compiler Netlist Extractor             00:00:01
   Database Builder                       00:00:00
   Logic Synthesizer                      00:00:00
   Partitioner                            00:00:00
   Fitter                                 00:00:00
   Timing SNF Extractor                   00:00:00
   Assembler                              00:00:00
   --------------------------             --------
   Total Time                             00:00:01


Memory Allocated
-----------------

Peak memory allocated during compilation  = 12,804K
