Timing Analyzer report for error_checking
Thu Dec 06 08:57:46 2018
Version 5.0 Build 148 04/26/2005 SJ Full Version


---------------------
; Table of Contents ;
---------------------
  1. Legal Notice
  2. Timing Analyzer Summary
  3. Timing Analyzer Settings
  4. tpd
  5. Timing Analyzer Messages



----------------
; Legal Notice ;
----------------
Copyright (C) 1991-2005 Altera Corporation
Your use of Altera Corporation's design tools, logic functions 
and other software and tools, and its AMPP partner logic       
functions, and any output files any of the foregoing           
(including device programming or simulation files), and any    
associated documentation or information are expressly subject  
to the terms and conditions of the Altera Program License      
Subscription Agreement, Altera MegaCore Function License       
Agreement, or other applicable license agreement, including,   
without limitation, that your use is for the sole purpose of   
programming logic devices manufactured by Altera and sold by   
Altera or its authorized distributors.  Please refer to the    
applicable agreement for further details.



+----------------------------------------------------------------------------------------------------------------------------+
; Timing Analyzer Summary                                                                                                    ;
+------------------------------+-------+---------------+-------------+------+---------+------------+----------+--------------+
; Type                         ; Slack ; Required Time ; Actual Time ; From ; To      ; From Clock ; To Clock ; Failed Paths ;
+------------------------------+-------+---------------+-------------+------+---------+------------+----------+--------------+
; Worst-case tpd               ; N/A   ; None          ; 7.824 ns    ; X[0] ; IsError ;            ;          ; 0            ;
; Total number of failed paths ;       ;               ;             ;      ;         ;            ;          ; 0            ;
+------------------------------+-------+---------------+-------------+------+---------+------------+----------+--------------+


+------------------------------------------------------------------------------------------------------+
; Timing Analyzer Settings                                                                             ;
+-------------------------------------------------------+--------------------+------+----+-------------+
; Option                                                ; Setting            ; From ; To ; Entity Name ;
+-------------------------------------------------------+--------------------+------+----+-------------+
; Device Name                                           ; EP1S10F484C5       ;      ;    ;             ;
; Timing Models                                         ; Final              ;      ;    ;             ;
; Number of source nodes to report per destination node ; 10                 ;      ;    ;             ;
; Number of destination nodes to report                 ; 10                 ;      ;    ;             ;
; Number of paths to report                             ; 200                ;      ;    ;             ;
; Report Minimum Timing Checks                          ; Off                ;      ;    ;             ;
; Use Fast Timing Models                                ; Off                ;      ;    ;             ;
; Report IO Paths Separately                            ; Off                ;      ;    ;             ;
; Default hold multicycle                               ; Same as Multicycle ;      ;    ;             ;
; Cut paths between unrelated clock domains             ; On                 ;      ;    ;             ;
; Cut off read during write signal paths                ; On                 ;      ;    ;             ;
; Cut off feedback from I/O pins                        ; On                 ;      ;    ;             ;
; Report Combined Fast/Slow Timing                      ; Off                ;      ;    ;             ;
; Ignore Clock Settings                                 ; Off                ;      ;    ;             ;
; Analyze latches as synchronous elements               ; Off                ;      ;    ;             ;
; Enable Recovery/Removal analysis                      ; Off                ;      ;    ;             ;
; Enable Clock Latency                                  ; Off                ;      ;    ;             ;
+-------------------------------------------------------+--------------------+------+----+-------------+


+--------------------------------------------------------------+
; tpd                                                          ;
+-------+-------------------+-----------------+------+---------+
; Slack ; Required P2P Time ; Actual P2P Time ; From ; To      ;
+-------+-------------------+-----------------+------+---------+
; N/A   ; None              ; 7.824 ns        ; X[0] ; IsError ;
; N/A   ; None              ; 7.701 ns        ; X[4] ; Out[4]  ;
; N/A   ; None              ; 7.608 ns        ; X[1] ; IsError ;
; N/A   ; None              ; 7.572 ns        ; X[6] ; Out[6]  ;
; N/A   ; None              ; 7.564 ns        ; X[5] ; Out[5]  ;
; N/A   ; None              ; 7.561 ns        ; X[3] ; Out[3]  ;
; N/A   ; None              ; 7.260 ns        ; X[2] ; Out[2]  ;
; N/A   ; None              ; 7.234 ns        ; X[7] ; Out[7]  ;
+-------+-------------------+-----------------+------+---------+


+--------------------------+
; Timing Analyzer Messages ;
+--------------------------+
Info: *******************************************************************
Info: Running Quartus II Timing Analyzer
    Info: Version 5.0 Build 148 04/26/2005 SJ Full Version
    Info: Processing started: Thu Dec 06 08:57:46 2018
Info: Command: quartus_tan --read_settings_files=off --write_settings_files=off error_checking -c error_checking --timing_analysis_only
Info: Longest tpd from source pin "X[0]" to destination pin "IsError" is 7.824 ns
    Info: 1: + IC(0.000 ns) + CELL(1.234 ns) = 1.234 ns; Loc. = PIN_G21; Fanout = 1; PIN Node = 'X[0]'
    Info: 2: + IC(3.181 ns) + CELL(0.280 ns) = 4.695 ns; Loc. = LC_X1_Y22_N0; Fanout = 1; COMB Node = '8_bit_even_odd:inst3|inst10'
    Info: 3: + IC(0.753 ns) + CELL(2.376 ns) = 7.824 ns; Loc. = PIN_G22; Fanout = 0; PIN Node = 'IsError'
    Info: Total cell delay = 3.890 ns ( 49.72 % )
    Info: Total interconnect delay = 3.934 ns ( 50.28 % )
Info: Quartus II Timing Analyzer was successful. 0 errors, 0 warnings
    Info: Processing ended: Thu Dec 06 08:57:46 2018
    Info: Elapsed time: 00:00:00


