Project Information                         c:\projects\lab9\universal_reg.rpt

MAX+plus II Compiler Report File
Version 9.01 07/30/98
Compiled: 10/22/20 15:35:17

Copyright (C) 1988-1998 Altera Corporation
Any megafunction design, and related net list (encrypted or decrypted),
support information, device programming or simulation file, and any other
associated documentation or information provided by Altera or a partner
under Altera's Megafunction Partnership Program may be used only to
program PLD devices (but not masked PLD devices) from Altera.  Any other
use of such megafunction design, net list, support information, device
programming or simulation file, or any other related documentation or
information is prohibited for any other purpose, including, but not
limited to modification, reverse engineering, de-compiling, or use with
any other silicon devices, unless such use is explicitly licensed under
a separate agreement with Altera or a megafunction partner.  Title to
the intellectual property, including patents, copyrights, trademarks,
trade secrets, or maskworks, embodied in any such megafunction design,
net list, support information, device programming or simulation file, or
any other related documentation or information provided by Altera or a
megafunction partner, remains with Altera, the megafunction partner, or
their respective licensors.  No other licenses, including any licenses
needed under any third party's intellectual property, are provided herein.



***** Project compilation was successful




** DEVICE SUMMARY **

Chip/                     Input   Output   Bidir         Shareable
POF       Device          Pins    Pins     Pins     LCs  Expanders  % Utilized

universal_reg
      EPM7032LC44-6        9        5        0      5       0           15 %

User Pins:                 9        5        0  



Project Information                         c:\projects\lab9\universal_reg.rpt

** AUTO GLOBAL SIGNALS **



INFO: Signal 'r' chosen for auto global Clear
INFO: Signal 'o' chosen for auto global Output Enable


Project Information                         c:\projects\lab9\universal_reg.rpt

** FILE HIERARCHY **



|74395:1|


Device-Specific Information:                c:\projects\lab9\universal_reg.rpt
universal_reg

***** Logic for device 'universal_reg' compiled without errors.




Device: EPM7032LC44-6

Device Options:
    Turbo Bit                                    = ON
    Security Bit                                 = OFF

                                               
                                               
                                               
                                               
              l                                
              o  s     V  G        G  G        
              a  e     C  N        N  N  q  q  
              d  r  c  C  D  r  o  D  D  3  1  
            -----------------------------------_ 
          /   6  5  4  3  2  1 44 43 42 41 40   | 
      d4 |  7                                39 | q2 
      d3 |  8                                38 | q4 
      d1 |  9                                37 | s 
     GND | 10                                36 | RESERVED 
      d2 | 11                                35 | VCC 
RESERVED | 12         EPM7032LC44-6          34 | RESERVED 
RESERVED | 13                                33 | RESERVED 
RESERVED | 14                                32 | RESERVED 
     VCC | 15                                31 | RESERVED 
RESERVED | 16                                30 | GND 
RESERVED | 17                                29 | RESERVED 
         |_  18 19 20 21 22 23 24 25 26 27 28  _| 
           ------------------------------------ 
              R  R  R  R  G  V  R  R  R  R  R  
              E  E  E  E  N  C  E  E  E  E  E  
              S  S  S  S  D  C  S  S  S  S  S  
              E  E  E  E        E  E  E  E  E  
              R  R  R  R        R  R  R  R  R  
              V  V  V  V        V  V  V  V  V  
              E  E  E  E        E  E  E  E  E  
              D  D  D  D        D  D  D  D  D  


N.C. = Not Connected.
VCC = Dedicated power pin, which MUST be connected to VCC.
GND = Dedicated ground pin or unused dedicated input, which MUST be connected to GND.
RESERVED = Unused I/O pin, which MUST be left unconnected.



Device-Specific Information:                c:\projects\lab9\universal_reg.rpt
universal_reg

** RESOURCE USAGE **

                                                Shareable     External
Logic Array Block     Logic Cells   I/O Pins    Expanders   Interconnect

A:     LC1 - LC16     0/16(  0%)   7/16( 43%)   0/16(  0%)   0/36(  0%) 
B:    LC17 - LC32     5/16( 31%)   5/16( 31%)   0/16(  0%)  10/36( 27%) 


Total dedicated input pins used:                 2/4      ( 50%)
Total I/O pins used:                            12/32     ( 37%)
Total logic cells used:                          5/32     ( 15%)
Total shareable expanders used:                  0/32     (  0%)
Total Turbo logic cells used:                    5/32     ( 15%)
Total shareable expanders not available (n/a):   0/32     (  0%)
Average fan-in:                                  5.80
Total fan-in:                                    29

Total input pins required:                       9
Total output pins required:                      5
Total bidirectional pins required:               0
Total logic cells required:                      5
Total flipflops required:                        5
Total product terms required:                   15
Total logic cells lending parallel expanders:    0
Total shareable expanders in database:           0

Synthesized logic cells:                         0/  32   (  0%)



Device-Specific Information:                c:\projects\lab9\universal_reg.rpt
universal_reg

** INPUTS **

                                         Shareable
                                         Expanders     Fan-In    Fan-Out
 Pin     LC  LAB  Primitive    Code   Total Shared n/a INP  FBK  OUT  FBK  Name
   4    (1)  (A)      INPUT               0      0   0    0    0    5    0  c
   9    (6)  (A)      INPUT               0      0   0    0    0    1    0  d1
  11    (7)  (A)      INPUT               0      0   0    0    0    1    0  d2
   8    (5)  (A)      INPUT               0      0   0    0    0    1    0  d3
   7    (4)  (A)      INPUT               0      0   0    0    0    2    0  d4
   6    (3)  (A)      INPUT               0      0   0    0    0    5    0  load
  44      -   -       INPUT  G            0      0   0    0    0    0    0  o
   1      -   -       INPUT  G            0      0   0    0    0    0    0  r
   5    (2)  (A)      INPUT               0      0   0    0    0    1    0  ser


Code:

s = Synthesized pin or logic cell
t = Turbo logic cell
+ = Synchronous flipflop
! = NOT gate push-back
r = Fitter-inserted logic cell
G = Global Source. Fan-out destinations counted here do not include destinations
that are driven using global routing resources. Refer to the Auto Global Signals,
Clock Signals, Clear Signals, Synchronous Load Signals, and Synchronous Clear Signals
Sections of this Report File for information on which signals' fan-outs are used as
Clock, Clear, Preset, Output Enable, and synchronous Load signals.


Device-Specific Information:                c:\projects\lab9\universal_reg.rpt
universal_reg

** OUTPUTS **

                                         Shareable
                                         Expanders     Fan-In    Fan-Out
 Pin     LC  LAB  Primitive    Code   Total Shared n/a INP  FBK  OUT  FBK  Name
  40     18    B     TRI/FF      t        0      0   0    4    0    1    0  q1
  39     19    B     TRI/FF      t        0      0   0    3    1    1    0  q2
  41     17    B     TRI/FF      t        0      0   0    3    1    2    0  q3
  38     20    B     TRI/FF      t        0      0   0    3    1    0    0  q4 (|74395:1|~20~1)
  37     21    B         FF      t        0      0   0    3    1    0    0  s (|74395:1|:20)


Code:

s = Synthesized pin or logic cell
t = Turbo logic cell
+ = Synchronous flipflop
! = NOT gate push-back
r = Fitter-inserted logic cell


Device-Specific Information:                c:\projects\lab9\universal_reg.rpt
universal_reg

** LOGIC CELL INTERCONNECTIONS **

Logic Array Block 'B':

                   Logic cells placed in LAB 'B'
        +--------- LC18 q1
        | +------- LC19 q2
        | | +----- LC17 q3
        | | | +--- LC20 q4
        | | | | +- LC21 s
        | | | | | 
        | | | | |   Other LABs fed by signals
        | | | | |   that feed LAB 'B'
LC      | | | | | | A B |     Logic cells that feed LAB 'B':
LC18 -> - * - - - | - * | <-- q1
LC19 -> - - * - - | - * | <-- q2
LC17 -> - - - * * | - * | <-- q3

Pin
4    -> * * * * * | - * | <-- c
9    -> * - - - - | - * | <-- d1
11   -> - * - - - | - * | <-- d2
8    -> - - * - - | - * | <-- d3
7    -> - - - * * | - * | <-- d4
6    -> * * * * * | - * | <-- load
44   -> - - - - - | - - | <-- o
1    -> - - - - - | - - | <-- r
5    -> * - - - - | - * | <-- ser


* = The logic cell or pin is an input to the logic cell (or LAB) through the PIA.
- = The logic cell or pin is not an input to the logic cell (or LAB).


Device-Specific Information:                c:\projects\lab9\universal_reg.rpt
universal_reg

** EQUATIONS **

c        : INPUT;
d1       : INPUT;
d2       : INPUT;
d3       : INPUT;
d4       : INPUT;
load     : INPUT;
o        : INPUT;
r        : INPUT;
ser      : INPUT;

-- Node name is 'q1' = '|74395:1|:7' 
-- Equation name is 'q1', type is output 
q1       = TRI(_LC018, GLOBAL(!o));
_LC018   = DFFE( _EQ001 $  GND, !c, GLOBAL( r),  VCC,  VCC);
  _EQ001 =  d1 &  load
         # !load &  ser;

-- Node name is 'q2' = '|74395:1|:10' 
-- Equation name is 'q2', type is output 
q2       = TRI(_LC019, GLOBAL(!o));
_LC019   = DFFE( _EQ002 $  GND, !c, GLOBAL( r),  VCC,  VCC);
  _EQ002 =  d2 &  load
         #  _LC018 & !load;

-- Node name is 'q3' = '|74395:1|:15' 
-- Equation name is 'q3', type is output 
q3       = TRI(_LC017, GLOBAL(!o));
_LC017   = DFFE( _EQ003 $  GND, !c, GLOBAL( r),  VCC,  VCC);
  _EQ003 =  d3 &  load
         #  _LC019 & !load;

-- Node name is 'q4' = '|74395:1|Q4B~1' 
-- Equation name is 'q4', type is output 
q4       = TRI(_LC020, GLOBAL(!o));
_LC020   = DFFE( _EQ004 $  GND, !c, GLOBAL( r),  VCC,  VCC);
  _EQ004 =  d4 &  load
         #  _LC017 & !load;

-- Node name is 's' = '|74395:1|Q4B' 
-- Equation name is 's', type is output 
 s       = DFFE( _EQ004 $  GND, !c, GLOBAL( r),  VCC,  VCC);



--     Shareable expanders that are duplicated in multiple LABs:
--     (none)




Project Information                         c:\projects\lab9\universal_reg.rpt

** COMPILATION SETTINGS & TIMES **

Processing Menu Commands
------------------------

Design Doctor                             = off

Logic Synthesis:

   Synthesis Type Used                    = Standard

   Default Synthesis Style                = NORMAL

      Logic option settings in 'NORMAL' style for 'MAX7000' family

      DECOMPOSE_GATES                     = on
      DUPLICATE_LOGIC_EXTRACTION          = on
      MINIMIZATION                        = full
      MULTI_LEVEL_FACTORING               = on
      NOT_GATE_PUSH_BACK                  = on
      PARALLEL_EXPANDERS                  = off
      REDUCE_LOGIC                        = on
      REFACTORIZATION                     = on
      REGISTER_OPTIMIZATION               = on
      RESYNTHESIZE_NETWORK                = on
      SLOW_SLEW_RATE                      = off
      SOFT_BUFFER_INSERTION               = on
      SUBFACTOR_EXTRACTION                = on
      TURBO_BIT                           = on
      XOR_SYNTHESIS                       = on
      IGNORE_SOFT_BUFFERS                 = off
      USE_LPM_FOR_AHDL_OPERATORS          = off

   Other logic synthesis settings:

      Automatic Global Clock              = on
      Automatic Global Clear              = on
      Automatic Global Preset             = on
      Automatic Global Output Enable      = on
      Automatic Fast I/O                  = off
      Automatic Register Packing          = off
      Automatic Open-Drain Pins           = on
      Automatic Implement in EAB          = off
      One-Hot State Machine Encoding      = off
      Optimize                            = 5

Default Timing Specifications: None

Cut All Bidir Feedback Timing Paths       = on
Cut All Clear & Preset Timing Paths       = on

Ignore Timing Assignments                 = off

Functional SNF Extractor                  = off

Linked SNF Extractor                      = off
Timing SNF Extractor                      = on
Optimize Timing SNF                       = off
Generate AHDL TDO File                    = off
Fitter Settings                           = NORMAL
Smart Recompile                           = off
Total Recompile                           = off

Interfaces Menu Commands
------------------------

EDIF Netlist Writer                       = off
Verilog Netlist Writer                    = off
VHDL Netlist Writer                       = off

Compilation Times
-----------------

   Compiler Netlist Extractor             00:00:00
   Database Builder                       00:00:00
   Logic Synthesizer                      00:00:00
   Partitioner                            00:00:00
   Fitter                                 00:00:00
   Timing SNF Extractor                   00:00:00
   Assembler                              00:00:00
   --------------------------             --------
   Total Time                             00:00:00


Memory Allocated
-----------------

Peak memory allocated during compilation  = 2,696K
