Timing Analyzer report for mf_only
Thu Nov 01 18:51:01 2018
Version 5.0 Build 148 04/26/2005 SJ Full Version


---------------------
; Table of Contents ;
---------------------
  1. Legal Notice
  2. Timing Analyzer Summary
  3. Timing Analyzer Settings
  4. tpd
  5. Timing Analyzer Messages



----------------
; Legal Notice ;
----------------
Copyright (C) 1991-2005 Altera Corporation
Your use of Altera Corporation's design tools, logic functions 
and other software and tools, and its AMPP partner logic       
functions, and any output files any of the foregoing           
(including device programming or simulation files), and any    
associated documentation or information are expressly subject  
to the terms and conditions of the Altera Program License      
Subscription Agreement, Altera MegaCore Function License       
Agreement, or other applicable license agreement, including,   
without limitation, that your use is for the sole purpose of   
programming logic devices manufactured by Altera and sold by   
Altera or its authorized distributors.  Please refer to the    
applicable agreement for further details.



+-----------------------------------------------------------------------------------------------------------------------+
; Timing Analyzer Summary                                                                                               ;
+------------------------------+-------+---------------+-------------+------+----+------------+----------+--------------+
; Type                         ; Slack ; Required Time ; Actual Time ; From ; To ; From Clock ; To Clock ; Failed Paths ;
+------------------------------+-------+---------------+-------------+------+----+------------+----------+--------------+
; Worst-case tpd               ; N/A   ; None          ; 9.310 ns    ; G2BN ; Y7 ;            ;          ; 0            ;
; Total number of failed paths ;       ;               ;             ;      ;    ;            ;          ; 0            ;
+------------------------------+-------+---------------+-------------+------+----+------------+----------+--------------+


+------------------------------------------------------------------------------------------------------+
; Timing Analyzer Settings                                                                             ;
+-------------------------------------------------------+--------------------+------+----+-------------+
; Option                                                ; Setting            ; From ; To ; Entity Name ;
+-------------------------------------------------------+--------------------+------+----+-------------+
; Device Name                                           ; EP1S10F484C5       ;      ;    ;             ;
; Timing Models                                         ; Final              ;      ;    ;             ;
; Number of source nodes to report per destination node ; 10                 ;      ;    ;             ;
; Number of destination nodes to report                 ; 10                 ;      ;    ;             ;
; Number of paths to report                             ; 200                ;      ;    ;             ;
; Report Minimum Timing Checks                          ; Off                ;      ;    ;             ;
; Use Fast Timing Models                                ; Off                ;      ;    ;             ;
; Report IO Paths Separately                            ; Off                ;      ;    ;             ;
; Default hold multicycle                               ; Same as Multicycle ;      ;    ;             ;
; Cut paths between unrelated clock domains             ; On                 ;      ;    ;             ;
; Cut off read during write signal paths                ; On                 ;      ;    ;             ;
; Cut off feedback from I/O pins                        ; On                 ;      ;    ;             ;
; Report Combined Fast/Slow Timing                      ; Off                ;      ;    ;             ;
; Ignore Clock Settings                                 ; Off                ;      ;    ;             ;
; Analyze latches as synchronous elements               ; Off                ;      ;    ;             ;
; Enable Recovery/Removal analysis                      ; Off                ;      ;    ;             ;
; Enable Clock Latency                                  ; Off                ;      ;    ;             ;
+-------------------------------------------------------+--------------------+------+----+-------------+


+---------------------------------------------------------+
; tpd                                                     ;
+-------+-------------------+-----------------+------+----+
; Slack ; Required P2P Time ; Actual P2P Time ; From ; To ;
+-------+-------------------+-----------------+------+----+
; N/A   ; None              ; 9.310 ns        ; G2BN ; Y7 ;
; N/A   ; None              ; 9.148 ns        ; G2AN ; Y7 ;
; N/A   ; None              ; 9.136 ns        ; G2BN ; Y3 ;
; N/A   ; None              ; 9.115 ns        ; G2BN ; Y6 ;
; N/A   ; None              ; 9.100 ns        ; G2BN ; Y1 ;
; N/A   ; None              ; 9.098 ns        ; G2BN ; Y2 ;
; N/A   ; None              ; 9.095 ns        ; G2BN ; Y4 ;
; N/A   ; None              ; 9.092 ns        ; G2BN ; Y0 ;
; N/A   ; None              ; 9.010 ns        ; B    ; Y7 ;
; N/A   ; None              ; 8.974 ns        ; G2AN ; Y3 ;
; N/A   ; None              ; 8.953 ns        ; G2AN ; Y6 ;
; N/A   ; None              ; 8.947 ns        ; C    ; Y7 ;
; N/A   ; None              ; 8.938 ns        ; G2AN ; Y1 ;
; N/A   ; None              ; 8.936 ns        ; G2AN ; Y2 ;
; N/A   ; None              ; 8.933 ns        ; G2AN ; Y4 ;
; N/A   ; None              ; 8.930 ns        ; G2AN ; Y0 ;
; N/A   ; None              ; 8.827 ns        ; A    ; Y7 ;
; N/A   ; None              ; 8.826 ns        ; B    ; Y3 ;
; N/A   ; None              ; 8.818 ns        ; B    ; Y6 ;
; N/A   ; None              ; 8.803 ns        ; B    ; Y1 ;
; N/A   ; None              ; 8.801 ns        ; B    ; Y2 ;
; N/A   ; None              ; 8.791 ns        ; B    ; Y4 ;
; N/A   ; None              ; 8.785 ns        ; B    ; Y0 ;
; N/A   ; None              ; 8.772 ns        ; C    ; Y3 ;
; N/A   ; None              ; 8.751 ns        ; C    ; Y6 ;
; N/A   ; None              ; 8.738 ns        ; C    ; Y1 ;
; N/A   ; None              ; 8.734 ns        ; C    ; Y2 ;
; N/A   ; None              ; 8.731 ns        ; C    ; Y4 ;
; N/A   ; None              ; 8.728 ns        ; C    ; Y0 ;
; N/A   ; None              ; 8.701 ns        ; G2BN ; Y5 ;
; N/A   ; None              ; 8.683 ns        ; G1   ; Y7 ;
; N/A   ; None              ; 8.653 ns        ; A    ; Y3 ;
; N/A   ; None              ; 8.620 ns        ; A    ; Y6 ;
; N/A   ; None              ; 8.612 ns        ; A    ; Y4 ;
; N/A   ; None              ; 8.608 ns        ; A    ; Y0 ;
; N/A   ; None              ; 8.607 ns        ; A    ; Y2 ;
; N/A   ; None              ; 8.603 ns        ; A    ; Y1 ;
; N/A   ; None              ; 8.539 ns        ; G2AN ; Y5 ;
; N/A   ; None              ; 8.509 ns        ; G1   ; Y3 ;
; N/A   ; None              ; 8.488 ns        ; G1   ; Y6 ;
; N/A   ; None              ; 8.473 ns        ; G1   ; Y1 ;
; N/A   ; None              ; 8.471 ns        ; G1   ; Y2 ;
; N/A   ; None              ; 8.468 ns        ; G1   ; Y4 ;
; N/A   ; None              ; 8.465 ns        ; G1   ; Y0 ;
; N/A   ; None              ; 8.404 ns        ; B    ; Y5 ;
; N/A   ; None              ; 8.337 ns        ; C    ; Y5 ;
; N/A   ; None              ; 8.213 ns        ; A    ; Y5 ;
; N/A   ; None              ; 8.074 ns        ; G1   ; Y5 ;
+-------+-------------------+-----------------+------+----+


+--------------------------+
; Timing Analyzer Messages ;
+--------------------------+
Info: *******************************************************************
Info: Running Quartus II Timing Analyzer
    Info: Version 5.0 Build 148 04/26/2005 SJ Full Version
    Info: Processing started: Thu Nov 01 18:51:01 2018
Info: Command: quartus_tan --read_settings_files=off --write_settings_files=off mf_only -c mf_only --timing_analysis_only
Info: Longest tpd from source pin "G2BN" to destination pin "Y7" is 9.310 ns
    Info: 1: + IC(0.000 ns) + CELL(1.087 ns) = 1.087 ns; Loc. = PIN_Y3; Fanout = 1; PIN Node = 'G2BN'
    Info: 2: + IC(3.731 ns) + CELL(0.280 ns) = 5.098 ns; Loc. = LC_X52_Y1_N9; Fanout = 8; COMB Node = '74138:inst|1~13'
    Info: 3: + IC(0.399 ns) + CELL(0.075 ns) = 5.572 ns; Loc. = LC_X52_Y1_N4; Fanout = 1; COMB Node = '74138:inst|22'
    Info: 4: + IC(1.334 ns) + CELL(2.404 ns) = 9.310 ns; Loc. = PIN_Y4; Fanout = 0; PIN Node = 'Y7'
    Info: Total cell delay = 3.846 ns ( 41.31 % )
    Info: Total interconnect delay = 5.464 ns ( 58.69 % )
Info: Quartus II Timing Analyzer was successful. 0 errors, 0 warnings
    Info: Processing ended: Thu Nov 01 18:51:01 2018
    Info: Elapsed time: 00:00:00


