Timing Analyzer report for p6_tff
Tue Oct 30 11:43:09 2018
Version 5.0 Build 148 04/26/2005 SJ Full Version


---------------------
; Table of Contents ;
---------------------
  1. Legal Notice
  2. Timing Analyzer Summary
  3. Timing Analyzer Settings
  4. Clock Settings Summary
  5. Clock Setup: 't'
  6. tco
  7. Timing Analyzer Messages



----------------
; Legal Notice ;
----------------
Copyright (C) 1991-2005 Altera Corporation
Your use of Altera Corporation's design tools, logic functions 
and other software and tools, and its AMPP partner logic       
functions, and any output files any of the foregoing           
(including device programming or simulation files), and any    
associated documentation or information are expressly subject  
to the terms and conditions of the Altera Program License      
Subscription Agreement, Altera MegaCore Function License       
Agreement, or other applicable license agreement, including,   
without limitation, that your use is for the sole purpose of   
programming logic devices manufactured by Altera and sold by   
Altera or its authorized distributors.  Please refer to the    
applicable agreement for further details.



+----------------------------------------------------------------------------------------------------------------------------------------------------------+
; Timing Analyzer Summary                                                                                                                                  ;
+------------------------------+-------+---------------+------------------------------------------------+------+----+------------+----------+--------------+
; Type                         ; Slack ; Required Time ; Actual Time                                    ; From ; To ; From Clock ; To Clock ; Failed Paths ;
+------------------------------+-------+---------------+------------------------------------------------+------+----+------------+----------+--------------+
; Worst-case tco               ; N/A   ; None          ; 5.903 ns                                       ; p    ; q  ; t          ;          ; 0            ;
; Clock Setup: 't'             ; N/A   ; None          ; Restricted to 422.12 MHz ( period = 2.369 ns ) ; p    ; p  ; t          ; t        ; 0            ;
; Total number of failed paths ;       ;               ;                                                ;      ;    ;            ;          ; 0            ;
+------------------------------+-------+---------------+------------------------------------------------+------+----+------------+----------+--------------+


+------------------------------------------------------------------------------------------------------+
; Timing Analyzer Settings                                                                             ;
+-------------------------------------------------------+--------------------+------+----+-------------+
; Option                                                ; Setting            ; From ; To ; Entity Name ;
+-------------------------------------------------------+--------------------+------+----+-------------+
; Device Name                                           ; EP1S10F484C5       ;      ;    ;             ;
; Timing Models                                         ; Final              ;      ;    ;             ;
; Number of source nodes to report per destination node ; 10                 ;      ;    ;             ;
; Number of destination nodes to report                 ; 10                 ;      ;    ;             ;
; Number of paths to report                             ; 200                ;      ;    ;             ;
; Report Minimum Timing Checks                          ; Off                ;      ;    ;             ;
; Use Fast Timing Models                                ; Off                ;      ;    ;             ;
; Report IO Paths Separately                            ; Off                ;      ;    ;             ;
; Default hold multicycle                               ; Same as Multicycle ;      ;    ;             ;
; Cut paths between unrelated clock domains             ; On                 ;      ;    ;             ;
; Cut off read during write signal paths                ; On                 ;      ;    ;             ;
; Cut off feedback from I/O pins                        ; On                 ;      ;    ;             ;
; Report Combined Fast/Slow Timing                      ; Off                ;      ;    ;             ;
; Ignore Clock Settings                                 ; Off                ;      ;    ;             ;
; Analyze latches as synchronous elements               ; Off                ;      ;    ;             ;
; Enable Recovery/Removal analysis                      ; Off                ;      ;    ;             ;
; Enable Clock Latency                                  ; Off                ;      ;    ;             ;
+-------------------------------------------------------+--------------------+------+----+-------------+


+------------------------------------------------------------------------------------------------------------------------------------------------------------------------------------+
; Clock Settings Summary                                                                                                                                                             ;
+-----------------+--------------------+----------+------------------+---------------+--------------+----------+-----------------------+---------------------+--------+--------------+
; Clock Node Name ; Clock Setting Name ; Type     ; Fmax Requirement ; Early Latency ; Late Latency ; Based on ; Multiply Base Fmax by ; Divide Base Fmax by ; Offset ; Phase offset ;
+-----------------+--------------------+----------+------------------+---------------+--------------+----------+-----------------------+---------------------+--------+--------------+
; t               ;                    ; User Pin ; NONE             ; 0.000 ns      ; 0.000 ns     ; NONE     ; N/A                   ; N/A                 ; N/A    ;              ;
+-----------------+--------------------+----------+------------------+---------------+--------------+----------+-----------------------+---------------------+--------+--------------+


+--------------------------------------------------------------------------------------------------------------------------------------------------------------------------------+
; Clock Setup: 't'                                                                                                                                                               ;
+-------+------------------------------------------------+------+----+------------+----------+-----------------------------+---------------------------+-------------------------+
; Slack ; Actual fmax (period)                           ; From ; To ; From Clock ; To Clock ; Required Setup Relationship ; Required Longest P2P Time ; Actual Longest P2P Time ;
+-------+------------------------------------------------+------+----+------------+----------+-----------------------------+---------------------------+-------------------------+
; N/A   ; Restricted to 422.12 MHz ( period = 2.369 ns ) ; p    ; p  ; t          ; t        ; None                        ; None                      ; 0.603 ns                ;
+-------+------------------------------------------------+------+----+------------+----------+-----------------------------+---------------------------+-------------------------+


+------------------------------------------------------------+
; tco                                                        ;
+-------+--------------+------------+------+----+------------+
; Slack ; Required tco ; Actual tco ; From ; To ; From Clock ;
+-------+--------------+------------+------+----+------------+
; N/A   ; None         ; 5.903 ns   ; p    ; q  ; t          ;
+-------+--------------+------------+------+----+------------+


+--------------------------+
; Timing Analyzer Messages ;
+--------------------------+
Info: *******************************************************************
Info: Running Quartus II Timing Analyzer
    Info: Version 5.0 Build 148 04/26/2005 SJ Full Version
    Info: Processing started: Tue Oct 30 11:43:09 2018
Info: Command: quartus_tan --read_settings_files=off --write_settings_files=off p6_tff -c p6_tff --timing_analysis_only
Warning: Found pins functioning as undefined clocks and/or memory enables
    Info: Assuming node "t" is an undefined clock
Info: Clock "t" Internal fmax is restricted to 422.12 MHz between source register "p" and destination register "p"
    Info: fmax restricted to clock pin edge rate 2.369 ns. Expand message to see actual delay path.
        Info: + Longest register to register delay is 0.603 ns
            Info: 1: + IC(0.000 ns) + CELL(0.000 ns) = 0.000 ns; Loc. = LC_X1_Y2_N2; Fanout = 2; REG Node = 'p'
            Info: 2: + IC(0.380 ns) + CELL(0.223 ns) = 0.603 ns; Loc. = LC_X1_Y2_N2; Fanout = 2; REG Node = 'p'
            Info: Total cell delay = 0.223 ns ( 36.98 % )
            Info: Total interconnect delay = 0.380 ns ( 63.02 % )
        Info: - Smallest clock skew is 0.000 ns
            Info: + Shortest clock path from clock "t" to destination register is 2.407 ns
                Info: 1: + IC(0.000 ns) + CELL(1.234 ns) = 1.234 ns; Loc. = PIN_W21; Fanout = 1; CLK Node = 't'
                Info: 2: + IC(0.631 ns) + CELL(0.542 ns) = 2.407 ns; Loc. = LC_X1_Y2_N2; Fanout = 2; REG Node = 'p'
                Info: Total cell delay = 1.776 ns ( 73.78 % )
                Info: Total interconnect delay = 0.631 ns ( 26.22 % )
            Info: - Longest clock path from clock "t" to source register is 2.407 ns
                Info: 1: + IC(0.000 ns) + CELL(1.234 ns) = 1.234 ns; Loc. = PIN_W21; Fanout = 1; CLK Node = 't'
                Info: 2: + IC(0.631 ns) + CELL(0.542 ns) = 2.407 ns; Loc. = LC_X1_Y2_N2; Fanout = 2; REG Node = 'p'
                Info: Total cell delay = 1.776 ns ( 73.78 % )
                Info: Total interconnect delay = 0.631 ns ( 26.22 % )
        Info: + Micro clock to output delay of source is 0.156 ns
        Info: + Micro setup delay of destination is 0.010 ns
Info: tco from clock "t" to destination pin "q" through register "p" is 5.903 ns
    Info: + Longest clock path from clock "t" to source register is 2.407 ns
        Info: 1: + IC(0.000 ns) + CELL(1.234 ns) = 1.234 ns; Loc. = PIN_W21; Fanout = 1; CLK Node = 't'
        Info: 2: + IC(0.631 ns) + CELL(0.542 ns) = 2.407 ns; Loc. = LC_X1_Y2_N2; Fanout = 2; REG Node = 'p'
        Info: Total cell delay = 1.776 ns ( 73.78 % )
        Info: Total interconnect delay = 0.631 ns ( 26.22 % )
    Info: + Micro clock to output delay of source is 0.156 ns
    Info: + Longest register to pin delay is 3.340 ns
        Info: 1: + IC(0.000 ns) + CELL(0.000 ns) = 0.000 ns; Loc. = LC_X1_Y2_N2; Fanout = 2; REG Node = 'p'
        Info: 2: + IC(0.964 ns) + CELL(2.376 ns) = 3.340 ns; Loc. = PIN_W22; Fanout = 0; PIN Node = 'q'
        Info: Total cell delay = 2.376 ns ( 71.14 % )
        Info: Total interconnect delay = 0.964 ns ( 28.86 % )
Info: Quartus II Timing Analyzer was successful. 0 errors, 1 warning
    Info: Processing ended: Tue Oct 30 11:43:09 2018
    Info: Elapsed time: 00:00:00


