Timing Analyzer report for p8_reg
Mon Oct 29 20:43:38 2018
Version 5.0 Build 148 04/26/2005 SJ Full Version


---------------------
; Table of Contents ;
---------------------
  1. Legal Notice
  2. Timing Analyzer Summary
  3. Timing Analyzer Settings
  4. Clock Settings Summary
  5. tsu
  6. tco
  7. th
  8. Timing Analyzer Messages



----------------
; Legal Notice ;
----------------
Copyright (C) 1991-2005 Altera Corporation
Your use of Altera Corporation's design tools, logic functions 
and other software and tools, and its AMPP partner logic       
functions, and any output files any of the foregoing           
(including device programming or simulation files), and any    
associated documentation or information are expressly subject  
to the terms and conditions of the Altera Program License      
Subscription Agreement, Altera MegaCore Function License       
Agreement, or other applicable license agreement, including,   
without limitation, that your use is for the sole purpose of   
programming logic devices manufactured by Altera and sold by   
Altera or its authorized distributors.  Please refer to the    
applicable agreement for further details.



+-----------------------------------------------------------------------------------------------------------------------------+
; Timing Analyzer Summary                                                                                                     ;
+------------------------------+-------+---------------+-------------+------+----------+------------+----------+--------------+
; Type                         ; Slack ; Required Time ; Actual Time ; From ; To       ; From Clock ; To Clock ; Failed Paths ;
+------------------------------+-------+---------------+-------------+------+----------+------------+----------+--------------+
; Worst-case tsu               ; N/A   ; None          ; 2.187 ns    ; r    ; d31      ;            ; c1       ; 0            ;
; Worst-case tco               ; N/A   ; None          ; 6.782 ns    ; d21  ; q1       ; c2         ;          ; 0            ;
; Worst-case th                ; N/A   ; None          ; -1.927 ns   ; d    ; ex1~reg0 ;            ; c1       ; 0            ;
; Total number of failed paths ;       ;               ;             ;      ;          ;            ;          ; 0            ;
+------------------------------+-------+---------------+-------------+------+----------+------------+----------+--------------+


+------------------------------------------------------------------------------------------------------+
; Timing Analyzer Settings                                                                             ;
+-------------------------------------------------------+--------------------+------+----+-------------+
; Option                                                ; Setting            ; From ; To ; Entity Name ;
+-------------------------------------------------------+--------------------+------+----+-------------+
; Device Name                                           ; EP1S10F484C5       ;      ;    ;             ;
; Timing Models                                         ; Final              ;      ;    ;             ;
; Number of source nodes to report per destination node ; 10                 ;      ;    ;             ;
; Number of destination nodes to report                 ; 10                 ;      ;    ;             ;
; Number of paths to report                             ; 200                ;      ;    ;             ;
; Report Minimum Timing Checks                          ; Off                ;      ;    ;             ;
; Use Fast Timing Models                                ; Off                ;      ;    ;             ;
; Report IO Paths Separately                            ; Off                ;      ;    ;             ;
; Default hold multicycle                               ; Same as Multicycle ;      ;    ;             ;
; Cut paths between unrelated clock domains             ; On                 ;      ;    ;             ;
; Cut off read during write signal paths                ; On                 ;      ;    ;             ;
; Cut off feedback from I/O pins                        ; On                 ;      ;    ;             ;
; Report Combined Fast/Slow Timing                      ; Off                ;      ;    ;             ;
; Ignore Clock Settings                                 ; Off                ;      ;    ;             ;
; Analyze latches as synchronous elements               ; Off                ;      ;    ;             ;
; Enable Recovery/Removal analysis                      ; Off                ;      ;    ;             ;
; Enable Clock Latency                                  ; Off                ;      ;    ;             ;
+-------------------------------------------------------+--------------------+------+----+-------------+


+------------------------------------------------------------------------------------------------------------------------------------------------------------------------------------+
; Clock Settings Summary                                                                                                                                                             ;
+-----------------+--------------------+----------+------------------+---------------+--------------+----------+-----------------------+---------------------+--------+--------------+
; Clock Node Name ; Clock Setting Name ; Type     ; Fmax Requirement ; Early Latency ; Late Latency ; Based on ; Multiply Base Fmax by ; Divide Base Fmax by ; Offset ; Phase offset ;
+-----------------+--------------------+----------+------------------+---------------+--------------+----------+-----------------------+---------------------+--------+--------------+
; c1              ;                    ; User Pin ; NONE             ; 0.000 ns      ; 0.000 ns     ; NONE     ; N/A                   ; N/A                 ; N/A    ;              ;
; c2              ;                    ; User Pin ; NONE             ; 0.000 ns      ; 0.000 ns     ; NONE     ; N/A                   ; N/A                 ; N/A    ;              ;
+-----------------+--------------------+----------+------------------+---------------+--------------+----------+-----------------------+---------------------+--------+--------------+


+----------------------------------------------------------------+
; tsu                                                            ;
+-------+--------------+------------+------+----------+----------+
; Slack ; Required tsu ; Actual tsu ; From ; To       ; To Clock ;
+-------+--------------+------------+------+----------+----------+
; N/A   ; None         ; 2.187 ns   ; r    ; ex1~reg0 ; c1       ;
; N/A   ; None         ; 2.187 ns   ; r    ; d31      ; c1       ;
; N/A   ; None         ; 2.071 ns   ; r    ; d21      ; c2       ;
; N/A   ; None         ; 2.071 ns   ; r    ; q2~reg0  ; c2       ;
; N/A   ; None         ; 2.037 ns   ; d    ; ex1~reg0 ; c1       ;
+-------+--------------+------------+------+----------+----------+


+-----------------------------------------------------------------+
; tco                                                             ;
+-------+--------------+------------+----------+-----+------------+
; Slack ; Required tco ; Actual tco ; From     ; To  ; From Clock ;
+-------+--------------+------------+----------+-----+------------+
; N/A   ; None         ; 6.782 ns   ; d21      ; q1  ; c2         ;
; N/A   ; None         ; 6.669 ns   ; d31      ; ex2 ; c1         ;
; N/A   ; None         ; 6.665 ns   ; ex1~reg0 ; ex1 ; c1         ;
; N/A   ; None         ; 6.386 ns   ; q2~reg0  ; q2  ; c2         ;
+-------+--------------+------------+----------+-----+------------+


+----------------------------------------------------------------------+
; th                                                                   ;
+---------------+-------------+-----------+------+----------+----------+
; Minimum Slack ; Required th ; Actual th ; From ; To       ; To Clock ;
+---------------+-------------+-----------+------+----------+----------+
; N/A           ; None        ; -1.927 ns ; d    ; ex1~reg0 ; c1       ;
; N/A           ; None        ; -1.961 ns ; r    ; d21      ; c2       ;
; N/A           ; None        ; -1.961 ns ; r    ; q2~reg0  ; c2       ;
; N/A           ; None        ; -2.077 ns ; r    ; ex1~reg0 ; c1       ;
; N/A           ; None        ; -2.077 ns ; r    ; d31      ; c1       ;
+---------------+-------------+-----------+------+----------+----------+


+--------------------------+
; Timing Analyzer Messages ;
+--------------------------+
Info: *******************************************************************
Info: Running Quartus II Timing Analyzer
    Info: Version 5.0 Build 148 04/26/2005 SJ Full Version
    Info: Processing started: Mon Oct 29 20:43:38 2018
Info: Command: quartus_tan --read_settings_files=off --write_settings_files=off p8_reg -c p8_reg --timing_analysis_only
Warning: Found pins functioning as undefined clocks and/or memory enables
    Info: Assuming node "c1" is an undefined clock
    Info: Assuming node "c2" is an undefined clock
Info: No valid register-to-register data paths exist for clock "c1"
Info: No valid register-to-register data paths exist for clock "c2"
Info: tsu for register "ex1~reg0" (data pin = "r", clock pin = "c1") is 2.187 ns
    Info: + Longest pin to register delay is 5.121 ns
        Info: 1: + IC(0.000 ns) + CELL(1.234 ns) = 1.234 ns; Loc. = PIN_U19; Fanout = 4; PIN Node = 'r'
        Info: 2: + IC(3.182 ns) + CELL(0.705 ns) = 5.121 ns; Loc. = LC_X1_Y1_N6; Fanout = 2; REG Node = 'ex1~reg0'
        Info: Total cell delay = 1.939 ns ( 37.86 % )
        Info: Total interconnect delay = 3.182 ns ( 62.14 % )
    Info: + Micro setup delay of destination is 0.010 ns
    Info: - Shortest clock path from clock "c1" to destination register is 2.944 ns
        Info: 1: + IC(0.000 ns) + CELL(0.725 ns) = 0.725 ns; Loc. = PIN_L2; Fanout = 2; CLK Node = 'c1'
        Info: 2: + IC(1.677 ns) + CELL(0.542 ns) = 2.944 ns; Loc. = LC_X1_Y1_N6; Fanout = 2; REG Node = 'ex1~reg0'
        Info: Total cell delay = 1.267 ns ( 43.04 % )
        Info: Total interconnect delay = 1.677 ns ( 56.96 % )
Info: tco from clock "c2" to destination pin "q1" through register "d21" is 6.782 ns
    Info: + Longest clock path from clock "c2" to source register is 3.059 ns
        Info: 1: + IC(0.000 ns) + CELL(0.828 ns) = 0.828 ns; Loc. = PIN_L3; Fanout = 2; CLK Node = 'c2'
        Info: 2: + IC(1.689 ns) + CELL(0.542 ns) = 3.059 ns; Loc. = LC_X1_Y1_N5; Fanout = 2; REG Node = 'd21'
        Info: Total cell delay = 1.370 ns ( 44.79 % )
        Info: Total interconnect delay = 1.689 ns ( 55.21 % )
    Info: + Micro clock to output delay of source is 0.156 ns
    Info: + Longest register to pin delay is 3.567 ns
        Info: 1: + IC(0.000 ns) + CELL(0.000 ns) = 0.000 ns; Loc. = LC_X1_Y1_N5; Fanout = 2; REG Node = 'd21'
        Info: 2: + IC(1.163 ns) + CELL(2.404 ns) = 3.567 ns; Loc. = PIN_AA21; Fanout = 0; PIN Node = 'q1'
        Info: Total cell delay = 2.404 ns ( 67.40 % )
        Info: Total interconnect delay = 1.163 ns ( 32.60 % )
Info: th for register "ex1~reg0" (data pin = "d", clock pin = "c1") is -1.927 ns
    Info: + Longest clock path from clock "c1" to destination register is 2.944 ns
        Info: 1: + IC(0.000 ns) + CELL(0.725 ns) = 0.725 ns; Loc. = PIN_L2; Fanout = 2; CLK Node = 'c1'
        Info: 2: + IC(1.677 ns) + CELL(0.542 ns) = 2.944 ns; Loc. = LC_X1_Y1_N6; Fanout = 2; REG Node = 'ex1~reg0'
        Info: Total cell delay = 1.267 ns ( 43.04 % )
        Info: Total interconnect delay = 1.677 ns ( 56.96 % )
    Info: + Micro hold delay of destination is 0.100 ns
    Info: - Shortest pin to register delay is 4.971 ns
        Info: 1: + IC(0.000 ns) + CELL(1.087 ns) = 1.087 ns; Loc. = PIN_AA20; Fanout = 1; PIN Node = 'd'
        Info: 2: + IC(3.661 ns) + CELL(0.223 ns) = 4.971 ns; Loc. = LC_X1_Y1_N6; Fanout = 2; REG Node = 'ex1~reg0'
        Info: Total cell delay = 1.310 ns ( 26.35 % )
        Info: Total interconnect delay = 3.661 ns ( 73.65 % )
Info: Quartus II Timing Analyzer was successful. 0 errors, 1 warning
    Info: Processing ended: Mon Oct 29 20:43:38 2018
    Info: Elapsed time: 00:00:00


