Analysis & Synthesis report for fifo_vhdl
Fri Mar 15 00:53:52 2019
Version 5.0 Build 148 04/26/2005 SJ Full Version


---------------------
; Table of Contents ;
---------------------
  1. Legal Notice
  2. Analysis & Synthesis Summary
  3. Analysis & Synthesis Settings
  4. Analysis & Synthesis Source Files Read
  5. Analysis & Synthesis Resource Usage Summary
  6. Analysis & Synthesis Resource Utilization by Entity
  7. Analysis & Synthesis RAM Summary
  8. Registers Protected by SYN_PRESERVE, DONT_TOUCH
  9. General Register Statistics
 10. Multiplexer Restructuring Statistics (Restructuring Performed)
 11. Parameter Settings for Inferred Entity Instance: altsyncram:r_FIFO_DATA_rtl_0
 12. Analysis & Synthesis Equations
 13. Analysis & Synthesis Messages



----------------
; Legal Notice ;
----------------
Copyright (C) 1991-2005 Altera Corporation
Your use of Altera Corporation's design tools, logic functions 
and other software and tools, and its AMPP partner logic       
functions, and any output files any of the foregoing           
(including device programming or simulation files), and any    
associated documentation or information are expressly subject  
to the terms and conditions of the Altera Program License      
Subscription Agreement, Altera MegaCore Function License       
Agreement, or other applicable license agreement, including,   
without limitation, that your use is for the sole purpose of   
programming logic devices manufactured by Altera and sold by   
Altera or its authorized distributors.  Please refer to the    
applicable agreement for further details.



+------------------------------------------------------------------------+
; Analysis & Synthesis Summary                                           ;
+-----------------------------+------------------------------------------+
; Analysis & Synthesis Status ; Successful - Fri Mar 15 00:53:52 2019    ;
; Quartus II Version          ; 5.0 Build 148 04/26/2005 SJ Full Version ;
; Revision Name               ; fifo_vhdl                                ;
; Top-level Entity Name       ; fifo_vhdl                                ;
; Family                      ; Stratix                                  ;
; Total logic elements        ; 46                                       ;
; Total pins                  ; 22                                       ;
; Total virtual pins          ; 0                                        ;
; Total memory bits           ; 64                                       ;
; DSP block 9-bit elements    ; 0                                        ;
; Total PLLs                  ; 0                                        ;
; Total DLLs                  ; 0                                        ;
+-----------------------------+------------------------------------------+


+---------------------------------------------------------------------------------------------------+
; Analysis & Synthesis Settings                                                                     ;
+--------------------------------------------------------------------+--------------+---------------+
; Option                                                             ; Setting      ; Default Value ;
+--------------------------------------------------------------------+--------------+---------------+
; Top-level entity name                                              ; fifo_vhdl    ; fifo_vhdl     ;
; Family name                                                        ; Stratix      ; Stratix       ;
; Use smart compilation                                              ; Off          ; Off           ;
; Restructure Multiplexers                                           ; Auto         ; Auto          ;
; Create Debugging Nodes for IP Cores                                ; off          ; off           ;
; Preserve fewer node names                                          ; On           ; On            ;
; Disable OpenCore Plus hardware evaluation                          ; Off          ; Off           ;
; Verilog Version                                                    ; Verilog_2001 ; Verilog_2001  ;
; VHDL Version                                                       ; VHDL93       ; VHDL93        ;
; State Machine Processing                                           ; Auto         ; Auto          ;
; Extract Verilog State Machines                                     ; On           ; On            ;
; Extract VHDL State Machines                                        ; On           ; On            ;
; Add Pass-Through Logic to Inferred RAMs                            ; On           ; On            ;
; DSP Block Balancing                                                ; Auto         ; Auto          ;
; Maximum DSP Block Usage                                            ; -1           ; -1            ;
; NOT Gate Push-Back                                                 ; On           ; On            ;
; Power-Up Don't Care                                                ; On           ; On            ;
; Remove Redundant Logic Cells                                       ; Off          ; Off           ;
; Remove Duplicate Registers                                         ; On           ; On            ;
; Ignore CARRY Buffers                                               ; Off          ; Off           ;
; Ignore CASCADE Buffers                                             ; Off          ; Off           ;
; Ignore GLOBAL Buffers                                              ; Off          ; Off           ;
; Ignore ROW GLOBAL Buffers                                          ; Off          ; Off           ;
; Ignore LCELL Buffers                                               ; Off          ; Off           ;
; Ignore SOFT Buffers                                                ; On           ; On            ;
; Limit AHDL Integers to 32 Bits                                     ; Off          ; Off           ;
; Optimization Technique -- Stratix/Stratix GX                       ; Balanced     ; Balanced      ;
; Carry Chain Length -- Stratix/Stratix GX/Cyclone/MAX II/Cyclone II ; 70           ; 70            ;
; Auto Carry Chains                                                  ; On           ; On            ;
; Auto Open-Drain Pins                                               ; On           ; On            ;
; Remove Duplicate Logic                                             ; On           ; On            ;
; Perform WYSIWYG Primitive Resynthesis                              ; Off          ; Off           ;
; Perform gate-level register retiming                               ; Off          ; Off           ;
; Allow register retiming to trade off Tsu/Tco with Fmax             ; On           ; On            ;
; Auto ROM Replacement                                               ; On           ; On            ;
; Auto RAM Replacement                                               ; On           ; On            ;
; Auto DSP Block Replacement                                         ; On           ; On            ;
; Auto Shift Register Replacement                                    ; On           ; On            ;
; Auto Clock Enable Replacement                                      ; On           ; On            ;
; Allows Synchronous Control Signal Usage in Normal Mode Logic Cells ; On           ; On            ;
; Auto RAM Block Balancing                                           ; On           ; On            ;
; Auto Resource Sharing                                              ; Off          ; Off           ;
; Allow Any RAM Size For Recognition                                 ; Off          ; Off           ;
; Allow Any ROM Size For Recognition                                 ; Off          ; Off           ;
; Allow Any Shift Register Size For Recognition                      ; Off          ; Off           ;
; Maximum Number of M512 Memory Blocks                               ; -1           ; -1            ;
; Maximum Number of M4K Memory Blocks                                ; -1           ; -1            ;
; Maximum Number of M-RAM Memory Blocks                              ; -1           ; -1            ;
; Ignore translate_off and translate_on Synthesis Directives         ; Off          ; Off           ;
; Show Parameter Settings Tables in Synthesis Report                 ; On           ; On            ;
+--------------------------------------------------------------------+--------------+---------------+


+-------------------------------------------------------------------------------------------------------------------------------------------------------+
; Analysis & Synthesis Source Files Read                                                                                                                ;
+----------------------------------+-----------------+------------------------------+-------------------------------------------------------------------+
; File Name with User-Entered Path ; Used in Netlist ; File Type                    ; File Name with Absolute Path                                      ;
+----------------------------------+-----------------+------------------------------+-------------------------------------------------------------------+
; fifo_vhdl.vhd                    ; yes             ; User VHDL File               ; C:/altera_labs/laba2/fifo_vhdl/fifo_vhdl.vhd                      ;
; altsyncram.tdf                   ; yes             ; Megafunction                 ; c:/altera/quartus50/libraries/megafunctions/altsyncram.tdf        ;
; stratix_ram_block.inc            ; yes             ; Other                        ; c:/altera/quartus50/libraries/megafunctions/stratix_ram_block.inc ;
; lpm_mux.inc                      ; yes             ; Other                        ; c:/altera/quartus50/libraries/megafunctions/lpm_mux.inc           ;
; lpm_decode.inc                   ; yes             ; Other                        ; c:/altera/quartus50/libraries/megafunctions/lpm_decode.inc        ;
; aglobal50.inc                    ; yes             ; Other                        ; c:/altera/quartus50/libraries/megafunctions/aglobal50.inc         ;
; altsyncram.inc                   ; yes             ; Other                        ; c:/altera/quartus50/libraries/megafunctions/altsyncram.inc        ;
; a_rdenreg.inc                    ; yes             ; Other                        ; c:/altera/quartus50/libraries/megafunctions/a_rdenreg.inc         ;
; altrom.inc                       ; yes             ; Other                        ; c:/altera/quartus50/libraries/megafunctions/altrom.inc            ;
; altram.inc                       ; yes             ; Other                        ; c:/altera/quartus50/libraries/megafunctions/altram.inc            ;
; altdpram.inc                     ; yes             ; Other                        ; c:/altera/quartus50/libraries/megafunctions/altdpram.inc          ;
; altqpram.inc                     ; yes             ; Other                        ; c:/altera/quartus50/libraries/megafunctions/altqpram.inc          ;
; db/altsyncram_sn71.tdf           ; yes             ; Auto-Generated Megafunction  ; C:/altera_labs/laba2/fifo_vhdl/db/altsyncram_sn71.tdf             ;
+----------------------------------+-----------------+------------------------------+-------------------------------------------------------------------+


+---------------------------------------------+
; Analysis & Synthesis Resource Usage Summary ;
+-----------------------------------+---------+
; Resource                          ; Usage   ;
+-----------------------------------+---------+
; Total logic elements              ; 46      ;
; Total combinational functions     ; 31      ;
;     -- Total 4-input functions    ; 6       ;
;     -- Total 3-input functions    ; 14      ;
;     -- Total 2-input functions    ; 11      ;
;     -- Total 1-input functions    ; 0       ;
;     -- Total 0-input functions    ; 0       ;
; Combinational cells for routing   ; 0       ;
; Total registers                   ; 23      ;
; Total logic cells in carry chains ; 6       ;
; I/O pins                          ; 22      ;
; Total memory bits                 ; 64      ;
; Maximum fan-out node              ; i_clk   ;
; Maximum fan-out                   ; 31      ;
; Total fan-out                     ; 226     ;
; Average fan-out                   ; 2.97    ;
+-----------------------------------+---------+


+-----------------------------------------------------------------------------------------------------------------------------------------------------------------------------------------------------------------------------------------------------------------------------------------------------------+
; Analysis & Synthesis Resource Utilization by Entity                                                                                                                                                                                                                                                       ;
+----------------------------------------+-------------+--------------+-------------+--------------+---------+-----------+-----------+------+--------------+--------------+-------------------+------------------+-----------------+------------------------------------------------------------------------+
; Compilation Hierarchy Node             ; Logic Cells ; LC Registers ; Memory Bits ; DSP Elements ; DSP 9x9 ; DSP 18x18 ; DSP 36x36 ; Pins ; Virtual Pins ; LUT-Only LCs ; Register-Only LCs ; LUT/Register LCs ; Carry Chain LCs ; Full Hierarchy Name                                                    ;
+----------------------------------------+-------------+--------------+-------------+--------------+---------+-----------+-----------+------+--------------+--------------+-------------------+------------------+-----------------+------------------------------------------------------------------------+
; |fifo_vhdl                             ; 46 (46)     ; 23           ; 64          ; 0            ; 0       ; 0         ; 0         ; 22   ; 0            ; 23 (23)      ; 15 (15)           ; 8 (8)            ; 6 (6)           ; |fifo_vhdl                                                             ;
;    |altsyncram:r_FIFO_DATA_rtl_0|      ; 0 (0)       ; 0            ; 64          ; 0            ; 0       ; 0         ; 0         ; 0    ; 0            ; 0 (0)        ; 0 (0)             ; 0 (0)            ; 0 (0)           ; |fifo_vhdl|altsyncram:r_FIFO_DATA_rtl_0                                ;
;       |altsyncram_sn71:auto_generated| ; 0 (0)       ; 0            ; 64          ; 0            ; 0       ; 0         ; 0         ; 0    ; 0            ; 0 (0)        ; 0 (0)             ; 0 (0)            ; 0 (0)           ; |fifo_vhdl|altsyncram:r_FIFO_DATA_rtl_0|altsyncram_sn71:auto_generated ;
+----------------------------------------+-------------+--------------+-------------+--------------+---------+-----------+-----------+------+--------------+--------------+-------------------+------------------+-----------------+------------------------------------------------------------------------+
Note: For table entries with two numbers listed, the numbers in parentheses indicate the number of resources of the given type used by the specific entity alone. The numbers listed outside of parentheses indicate the total resources of the given type used by the specific entity and all of its sub-entities in the hierarchy.


+---------------------------------------------------------------------------------------------------------------------------------------------------------------------------------------+
; Analysis & Synthesis RAM Summary                                                                                                                                                      ;
+------------------------------------------------------------------------+------+------------------+--------------+--------------+--------------+--------------+------+-----------------+
; Name                                                                   ; Type ; Mode             ; Port A Depth ; Port A Width ; Port B Depth ; Port B Width ; Size ; MIF             ;
+------------------------------------------------------------------------+------+------------------+--------------+--------------+--------------+--------------+------+-----------------+
; altsyncram:r_FIFO_DATA_rtl_0|altsyncram_sn71:auto_generated|ALTSYNCRAM ; AUTO ; Simple Dual Port ; 8            ; 8            ; 8            ; 8            ; 64   ; db/ram0.hdl.mif ;
+------------------------------------------------------------------------+------+------------------+--------------+--------------+--------------+--------------+------+-----------------+


+-----------------------------------------------------------------------------------------+
; Registers Protected by SYN_PRESERVE, DONT_TOUCH                                         ;
+----------------+---------------------------+--------------------------------------------+
; Register Name  ; Protected by SYN_PRESERVE ; Not to be Touched by Netlist Optimizations ;
+----------------+---------------------------+--------------------------------------------+
; r_FIFO_DATA_93 ; yes                       ; yes                                        ;
; r_FIFO_DATA_97 ; yes                       ; yes                                        ;
; r_RD_INDEX[0]  ; yes                       ; yes                                        ;
; r_FIFO_DATA_96 ; yes                       ; yes                                        ;
; r_RD_INDEX[1]  ; yes                       ; yes                                        ;
; r_FIFO_DATA_95 ; yes                       ; yes                                        ;
; r_RD_INDEX[2]  ; yes                       ; yes                                        ;
; r_FIFO_DATA_94 ; yes                       ; yes                                        ;
; r_FIFO_DATA_92 ; yes                       ; yes                                        ;
; r_FIFO_DATA_91 ; yes                       ; yes                                        ;
; r_FIFO_DATA_90 ; yes                       ; yes                                        ;
; r_FIFO_DATA_89 ; yes                       ; yes                                        ;
; r_FIFO_DATA_88 ; yes                       ; yes                                        ;
; r_FIFO_DATA_87 ; yes                       ; yes                                        ;
; r_FIFO_DATA_86 ; yes                       ; yes                                        ;
+----------------+---------------------------+--------------------------------------------+


+------------------------------------------------------+
; General Register Statistics                          ;
+----------------------------------------------+-------+
; Statistic                                    ; Value ;
+----------------------------------------------+-------+
; Total registers                              ; 23    ;
; Number of registers using Synchronous Clear  ; 5     ;
; Number of registers using Synchronous Load   ; 0     ;
; Number of registers using Asynchronous Clear ; 0     ;
; Number of registers using Asynchronous Load  ; 0     ;
; Number of registers using Clock Enable       ; 8     ;
; Number of registers using Preset             ; 0     ;
+----------------------------------------------+-------+


+------------------------------------------------------------------------------------------------------------------------------------------+
; Multiplexer Restructuring Statistics (Restructuring Performed)                                                                           ;
+--------------------+-----------+---------------+----------------------+------------------------+------------+----------------------------+
; Multiplexer Inputs ; Bus Width ; Baseline Area ; Area if Restructured ; Saving if Restructured ; Registered ; Example Multiplexer Output ;
+--------------------+-----------+---------------+----------------------+------------------------+------------+----------------------------+
; 4:1                ; 5 bits    ; 10 LEs        ; 5 LEs                ; 5 LEs                  ; Yes        ; |fifo_vhdl|r_FIFO_COUNT[4] ;
; 4:1                ; 3 bits    ; 6 LEs         ; 3 LEs                ; 3 LEs                  ; Yes        ; |fifo_vhdl|r_WR_INDEX[2]   ;
; 4:1                ; 3 bits    ; 6 LEs         ; 6 LEs                ; 0 LEs                  ; No         ; |fifo_vhdl|r_RD_INDEX~8    ;
+--------------------+-----------+---------------+----------------------+------------------------+------------+----------------------------+


+-------------------------------------------------------------------------------+
; Parameter Settings for Inferred Entity Instance: altsyncram:r_FIFO_DATA_rtl_0 ;
+------------------------------------+-----------------+------------------------+
; Parameter Name                     ; Value           ; Type                   ;
+------------------------------------+-----------------+------------------------+
; BYTE_SIZE_BLOCK                    ; 8               ; Untyped                ;
; AUTO_CARRY_CHAINS                  ; ON              ; AUTO_CARRY             ;
; IGNORE_CARRY_BUFFERS               ; OFF             ; IGNORE_CARRY           ;
; AUTO_CASCADE_CHAINS                ; ON              ; AUTO_CASCADE           ;
; IGNORE_CASCADE_BUFFERS             ; OFF             ; IGNORE_CASCADE         ;
; OPERATION_MODE                     ; DUAL_PORT       ; Untyped                ;
; WIDTH_A                            ; 8               ; Untyped                ;
; WIDTHAD_A                          ; 3               ; Untyped                ;
; NUMWORDS_A                         ; 8               ; Untyped                ;
; OUTDATA_REG_A                      ; UNREGISTERED    ; Untyped                ;
; ADDRESS_ACLR_A                     ; NONE            ; Untyped                ;
; OUTDATA_ACLR_A                     ; NONE            ; Untyped                ;
; WRCONTROL_ACLR_A                   ; NONE            ; Untyped                ;
; INDATA_ACLR_A                      ; NONE            ; Untyped                ;
; BYTEENA_ACLR_A                     ; NONE            ; Untyped                ;
; WIDTH_B                            ; 8               ; Untyped                ;
; WIDTHAD_B                          ; 3               ; Untyped                ;
; NUMWORDS_B                         ; 8               ; Untyped                ;
; INDATA_REG_B                       ; CLOCK1          ; Untyped                ;
; WRCONTROL_WRADDRESS_REG_B          ; CLOCK1          ; Untyped                ;
; RDCONTROL_REG_B                    ; CLOCK1          ; Untyped                ;
; ADDRESS_REG_B                      ; CLOCK1          ; Untyped                ;
; OUTDATA_REG_B                      ; UNREGISTERED    ; Untyped                ;
; BYTEENA_REG_B                      ; CLOCK1          ; Untyped                ;
; INDATA_ACLR_B                      ; NONE            ; Untyped                ;
; WRCONTROL_ACLR_B                   ; NONE            ; Untyped                ;
; ADDRESS_ACLR_B                     ; NONE            ; Untyped                ;
; OUTDATA_ACLR_B                     ; NONE            ; Untyped                ;
; RDCONTROL_ACLR_B                   ; NONE            ; Untyped                ;
; BYTEENA_ACLR_B                     ; NONE            ; Untyped                ;
; WIDTH_BYTEENA_A                    ; 1               ; Untyped                ;
; WIDTH_BYTEENA_B                    ; 1               ; Untyped                ;
; RAM_BLOCK_TYPE                     ; AUTO            ; Untyped                ;
; BYTE_SIZE                          ; 8               ; Untyped                ;
; READ_DURING_WRITE_MODE_MIXED_PORTS ; DONT_CARE       ; Untyped                ;
; INIT_FILE                          ; db/ram0.hdl.mif ; Untyped                ;
; INIT_FILE_LAYOUT                   ; PORT_A          ; Untyped                ;
; MAXIMUM_DEPTH                      ; 0               ; Untyped                ;
; CLOCK_ENABLE_INPUT_A               ; NORMAL          ; Untyped                ;
; CLOCK_ENABLE_INPUT_B               ; NORMAL          ; Untyped                ;
; CLOCK_ENABLE_OUTPUT_A              ; NORMAL          ; Untyped                ;
; CLOCK_ENABLE_OUTPUT_B              ; NORMAL          ; Untyped                ;
; DEVICE_FAMILY                      ; Stratix         ; Untyped                ;
; CBXI_PARAMETER                     ; altsyncram_sn71 ; Untyped                ;
+------------------------------------+-----------------+------------------------+
Note: In order to hide this table in the UI and the text report file, please set the "Show Parameter Settings Tables in Synthesis Report" option in "Analysis and Synthesis Settings -> More Settings" to "Off".


+--------------------------------+
; Analysis & Synthesis Equations ;
+--------------------------------+
The equations can be found in C:/altera_labs/laba2/fifo_vhdl/fifo_vhdl.map.eqn.


+-------------------------------+
; Analysis & Synthesis Messages ;
+-------------------------------+
Info: *******************************************************************
Info: Running Quartus II Analysis & Synthesis
    Info: Version 5.0 Build 148 04/26/2005 SJ Full Version
    Info: Processing started: Fri Mar 15 00:53:50 2019
Info: Command: quartus_map --read_settings_files=on --write_settings_files=off fifo_vhdl -c fifo_vhdl
Info: Found 2 design units, including 1 entities, in source file fifo_vhdl.vhd
    Info: Found design unit 1: fifo_vhdl-rtl
    Info: Found entity 1: fifo_vhdl
Info: Elaborating entity "fifo_vhdl" for the top level hierarchy
Warning: Created node "r_FIFO_DATA~1" as a RAM by generating altsyncram megafunction to implement register logic with M512 or M4K memory block or M-RAM. Pass-through logic has been added
Info: Inferred 1 megafunctions from design logic
    Info: Inferred altsyncram megafunction (NUMWORDS_A=8, WIDTH_A=8) from the following design logic: "r_FIFO_DATA~1"
Info: Found 1 design units, including 1 entities, in source file ../../../altera/quartus50/libraries/megafunctions/altsyncram.tdf
    Info: Found entity 1: altsyncram
Info: Found 1 design units, including 1 entities, in source file db/altsyncram_sn71.tdf
    Info: Found entity 1: altsyncram_sn71
Info: Implemented 76 device resources after synthesis - the final resource count might be different
    Info: Implemented 12 input pins
    Info: Implemented 10 output pins
    Info: Implemented 46 logic cells
    Info: Implemented 8 RAM segments
Info: Quartus II Analysis & Synthesis was successful. 0 errors, 1 warning
    Info: Processing ended: Fri Mar 15 00:53:52 2019
    Info: Elapsed time: 00:00:02


