Timing Analyzer report for p1_jk-rs
Thu Oct 25 10:04:47 2018
Version 5.0 Build 148 04/26/2005 SJ Full Version


---------------------
; Table of Contents ;
---------------------
  1. Legal Notice
  2. Timing Analyzer Summary
  3. Timing Analyzer Settings
  4. tpd
  5. Timing Analyzer Messages



----------------
; Legal Notice ;
----------------
Copyright (C) 1991-2005 Altera Corporation
Your use of Altera Corporation's design tools, logic functions 
and other software and tools, and its AMPP partner logic       
functions, and any output files any of the foregoing           
(including device programming or simulation files), and any    
associated documentation or information are expressly subject  
to the terms and conditions of the Altera Program License      
Subscription Agreement, Altera MegaCore Function License       
Agreement, or other applicable license agreement, including,   
without limitation, that your use is for the sole purpose of   
programming logic devices manufactured by Altera and sold by   
Altera or its authorized distributors.  Please refer to the    
applicable agreement for further details.



+-----------------------------------------------------------------------------------------------------------------------+
; Timing Analyzer Summary                                                                                               ;
+------------------------------+-------+---------------+-------------+------+----+------------+----------+--------------+
; Type                         ; Slack ; Required Time ; Actual Time ; From ; To ; From Clock ; To Clock ; Failed Paths ;
+------------------------------+-------+---------------+-------------+------+----+------------+----------+--------------+
; Worst-case tpd               ; N/A   ; None          ; 10.589 ns   ; k    ; q  ;            ;          ; 0            ;
; Total number of failed paths ;       ;               ;             ;      ;    ;            ;          ; 0            ;
+------------------------------+-------+---------------+-------------+------+----+------------+----------+--------------+


+------------------------------------------------------------------------------------------------------+
; Timing Analyzer Settings                                                                             ;
+-------------------------------------------------------+--------------------+------+----+-------------+
; Option                                                ; Setting            ; From ; To ; Entity Name ;
+-------------------------------------------------------+--------------------+------+----+-------------+
; Device Name                                           ; EP1S10F484C5       ;      ;    ;             ;
; Timing Models                                         ; Final              ;      ;    ;             ;
; Number of source nodes to report per destination node ; 10                 ;      ;    ;             ;
; Number of destination nodes to report                 ; 10                 ;      ;    ;             ;
; Number of paths to report                             ; 200                ;      ;    ;             ;
; Report Minimum Timing Checks                          ; Off                ;      ;    ;             ;
; Use Fast Timing Models                                ; Off                ;      ;    ;             ;
; Report IO Paths Separately                            ; Off                ;      ;    ;             ;
; Default hold multicycle                               ; Same as Multicycle ;      ;    ;             ;
; Cut paths between unrelated clock domains             ; On                 ;      ;    ;             ;
; Cut off read during write signal paths                ; On                 ;      ;    ;             ;
; Cut off feedback from I/O pins                        ; On                 ;      ;    ;             ;
; Report Combined Fast/Slow Timing                      ; Off                ;      ;    ;             ;
; Ignore Clock Settings                                 ; Off                ;      ;    ;             ;
; Analyze latches as synchronous elements               ; Off                ;      ;    ;             ;
; Enable Recovery/Removal analysis                      ; Off                ;      ;    ;             ;
; Enable Clock Latency                                  ; Off                ;      ;    ;             ;
+-------------------------------------------------------+--------------------+------+----+-------------+


+---------------------------------------------------------+
; tpd                                                     ;
+-------+-------------------+-----------------+------+----+
; Slack ; Required P2P Time ; Actual P2P Time ; From ; To ;
+-------+-------------------+-----------------+------+----+
; N/A   ; None              ; 10.589 ns       ; k    ; q  ;
; N/A   ; None              ; 10.078 ns       ; r    ; q  ;
; N/A   ; None              ; 9.921 ns        ; k    ; qi ;
; N/A   ; None              ; 9.609 ns        ; j    ; qi ;
; N/A   ; None              ; 9.417 ns        ; s    ; qi ;
; N/A   ; None              ; 8.664 ns        ; j    ; q  ;
; N/A   ; None              ; 8.472 ns        ; s    ; q  ;
; N/A   ; None              ; 8.191 ns        ; r    ; qi ;
+-------+-------------------+-----------------+------+----+


+--------------------------+
; Timing Analyzer Messages ;
+--------------------------+
Info: *******************************************************************
Info: Running Quartus II Timing Analyzer
    Info: Version 5.0 Build 148 04/26/2005 SJ Full Version
    Info: Processing started: Thu Oct 25 10:04:47 2018
Info: Command: quartus_tan --read_settings_files=off --write_settings_files=off p1_jk-rs -c p1_jk-rs --timing_analysis_only
Info: Found combinational loop of 4 nodes
    Info: Node "inst10~68"
    Info: Node "inst6~59"
    Info: Node "inst5~50"
    Info: Node "inst6~60"
Info: Longest tpd from source pin "k" to destination pin "q" is 10.589 ns
    Info: 1: + IC(0.000 ns) + CELL(1.087 ns) = 1.087 ns; Loc. = PIN_AA2; Fanout = 5; PIN Node = 'k'
    Info: 2: + IC(0.000 ns) + CELL(5.984 ns) = 7.071 ns; Loc. = LC_X52_Y1_N2; Fanout = 3; COMB LOOP Node = 'inst5~50'
        Info: Loc. = LC_X52_Y1_N6; Node "inst6~59"
        Info: Loc. = LC_X52_Y1_N5; Node "inst10~68"
        Info: Loc. = LC_X52_Y1_N2; Node "inst5~50"
        Info: Loc. = LC_X52_Y1_N4; Node "inst6~60"
    Info: 3: + IC(1.114 ns) + CELL(2.404 ns) = 10.589 ns; Loc. = PIN_Y3; Fanout = 0; PIN Node = 'q'
    Info: Total cell delay = 9.475 ns ( 89.48 % )
    Info: Total interconnect delay = 1.114 ns ( 10.52 % )
Info: Quartus II Timing Analyzer was successful. 0 errors, 0 warnings
    Info: Processing ended: Thu Oct 25 10:04:47 2018
    Info: Elapsed time: 00:00:00


