Timing Analyzer report for dmx_gr
Tue Nov 13 17:37:21 2018
Version 5.0 Build 148 04/26/2005 SJ Full Version


---------------------
; Table of Contents ;
---------------------
  1. Legal Notice
  2. Timing Analyzer Summary
  3. Timing Analyzer Settings
  4. tpd
  5. Timing Analyzer Messages



----------------
; Legal Notice ;
----------------
Copyright (C) 1991-2005 Altera Corporation
Your use of Altera Corporation's design tools, logic functions 
and other software and tools, and its AMPP partner logic       
functions, and any output files any of the foregoing           
(including device programming or simulation files), and any    
associated documentation or information are expressly subject  
to the terms and conditions of the Altera Program License      
Subscription Agreement, Altera MegaCore Function License       
Agreement, or other applicable license agreement, including,   
without limitation, that your use is for the sole purpose of   
programming logic devices manufactured by Altera and sold by   
Altera or its authorized distributors.  Please refer to the    
applicable agreement for further details.



+-----------------------------------------------------------------------------------------------------------------------+
; Timing Analyzer Summary                                                                                               ;
+------------------------------+-------+---------------+-------------+------+----+------------+----------+--------------+
; Type                         ; Slack ; Required Time ; Actual Time ; From ; To ; From Clock ; To Clock ; Failed Paths ;
+------------------------------+-------+---------------+-------------+------+----+------------+----------+--------------+
; Worst-case tpd               ; N/A   ; None          ; 8.651 ns    ; e    ; F3 ;            ;          ; 0            ;
; Total number of failed paths ;       ;               ;             ;      ;    ;            ;          ; 0            ;
+------------------------------+-------+---------------+-------------+------+----+------------+----------+--------------+


+------------------------------------------------------------------------------------------------------+
; Timing Analyzer Settings                                                                             ;
+-------------------------------------------------------+--------------------+------+----+-------------+
; Option                                                ; Setting            ; From ; To ; Entity Name ;
+-------------------------------------------------------+--------------------+------+----+-------------+
; Device Name                                           ; EP1S10F484C5       ;      ;    ;             ;
; Timing Models                                         ; Final              ;      ;    ;             ;
; Number of source nodes to report per destination node ; 10                 ;      ;    ;             ;
; Number of destination nodes to report                 ; 10                 ;      ;    ;             ;
; Number of paths to report                             ; 200                ;      ;    ;             ;
; Report Minimum Timing Checks                          ; Off                ;      ;    ;             ;
; Use Fast Timing Models                                ; Off                ;      ;    ;             ;
; Report IO Paths Separately                            ; Off                ;      ;    ;             ;
; Default hold multicycle                               ; Same as Multicycle ;      ;    ;             ;
; Cut paths between unrelated clock domains             ; On                 ;      ;    ;             ;
; Cut off read during write signal paths                ; On                 ;      ;    ;             ;
; Cut off feedback from I/O pins                        ; On                 ;      ;    ;             ;
; Report Combined Fast/Slow Timing                      ; Off                ;      ;    ;             ;
; Ignore Clock Settings                                 ; Off                ;      ;    ;             ;
; Analyze latches as synchronous elements               ; Off                ;      ;    ;             ;
; Enable Recovery/Removal analysis                      ; Off                ;      ;    ;             ;
; Enable Clock Latency                                  ; Off                ;      ;    ;             ;
+-------------------------------------------------------+--------------------+------+----+-------------+


+---------------------------------------------------------+
; tpd                                                     ;
+-------+-------------------+-----------------+------+----+
; Slack ; Required P2P Time ; Actual P2P Time ; From ; To ;
+-------+-------------------+-----------------+------+----+
; N/A   ; None              ; 8.651 ns        ; e    ; F3 ;
; N/A   ; None              ; 8.650 ns        ; e    ; F1 ;
; N/A   ; None              ; 8.642 ns        ; e    ; F2 ;
; N/A   ; None              ; 8.642 ns        ; e    ; F0 ;
; N/A   ; None              ; 8.586 ns        ; x0   ; F2 ;
; N/A   ; None              ; 8.586 ns        ; x0   ; F0 ;
; N/A   ; None              ; 8.585 ns        ; x0   ; F3 ;
; N/A   ; None              ; 8.585 ns        ; x0   ; F1 ;
; N/A   ; None              ; 8.410 ns        ; x1   ; F3 ;
; N/A   ; None              ; 8.410 ns        ; x1   ; F2 ;
; N/A   ; None              ; 8.410 ns        ; x1   ; F0 ;
; N/A   ; None              ; 8.408 ns        ; x1   ; F1 ;
+-------+-------------------+-----------------+------+----+


+--------------------------+
; Timing Analyzer Messages ;
+--------------------------+
Info: *******************************************************************
Info: Running Quartus II Timing Analyzer
    Info: Version 5.0 Build 148 04/26/2005 SJ Full Version
    Info: Processing started: Tue Nov 13 17:37:21 2018
Info: Command: quartus_tan --read_settings_files=off --write_settings_files=off dmx_gr -c dmx_gr --timing_analysis_only
Info: Longest tpd from source pin "e" to destination pin "F3" is 8.651 ns
    Info: 1: + IC(0.000 ns) + CELL(1.087 ns) = 1.087 ns; Loc. = PIN_V18; Fanout = 4; PIN Node = 'e'
    Info: 2: + IC(3.858 ns) + CELL(0.183 ns) = 5.128 ns; Loc. = LC_X7_Y1_N2; Fanout = 1; COMB Node = 'inst4'
    Info: 3: + IC(1.119 ns) + CELL(2.404 ns) = 8.651 ns; Loc. = PIN_U17; Fanout = 0; PIN Node = 'F3'
    Info: Total cell delay = 3.674 ns ( 42.47 % )
    Info: Total interconnect delay = 4.977 ns ( 57.53 % )
Info: Quartus II Timing Analyzer was successful. 0 errors, 0 warnings
    Info: Processing ended: Tue Nov 13 17:37:21 2018
    Info: Elapsed time: 00:00:00


