Timing Analyzer report for data_transf
Sat Dec 15 01:58:42 2018
Version 5.0 Build 148 04/26/2005 SJ Full Version


---------------------
; Table of Contents ;
---------------------
  1. Legal Notice
  2. Timing Analyzer Summary
  3. Timing Analyzer Settings
  4. tpd
  5. Timing Analyzer Messages



----------------
; Legal Notice ;
----------------
Copyright (C) 1991-2005 Altera Corporation
Your use of Altera Corporation's design tools, logic functions 
and other software and tools, and its AMPP partner logic       
functions, and any output files any of the foregoing           
(including device programming or simulation files), and any    
associated documentation or information are expressly subject  
to the terms and conditions of the Altera Program License      
Subscription Agreement, Altera MegaCore Function License       
Agreement, or other applicable license agreement, including,   
without limitation, that your use is for the sole purpose of   
programming logic devices manufactured by Altera and sold by   
Altera or its authorized distributors.  Please refer to the    
applicable agreement for further details.



+---------------------------------------------------------------------------------------------------------------------------+
; Timing Analyzer Summary                                                                                                   ;
+------------------------------+-------+---------------+-------------+--------+------+------------+----------+--------------+
; Type                         ; Slack ; Required Time ; Actual Time ; From   ; To   ; From Clock ; To Clock ; Failed Paths ;
+------------------------------+-------+---------------+-------------+--------+------+------------+----------+--------------+
; Worst-case tpd               ; N/A   ; None          ; 9.572 ns    ; err[3] ; D1_o ;            ;          ; 0            ;
; Total number of failed paths ;       ;               ;             ;        ;      ;            ;          ; 0            ;
+------------------------------+-------+---------------+-------------+--------+------+------------+----------+--------------+


+------------------------------------------------------------------------------------------------------+
; Timing Analyzer Settings                                                                             ;
+-------------------------------------------------------+--------------------+------+----+-------------+
; Option                                                ; Setting            ; From ; To ; Entity Name ;
+-------------------------------------------------------+--------------------+------+----+-------------+
; Device Name                                           ; EP1S10F484C5       ;      ;    ;             ;
; Timing Models                                         ; Final              ;      ;    ;             ;
; Number of source nodes to report per destination node ; 10                 ;      ;    ;             ;
; Number of destination nodes to report                 ; 10                 ;      ;    ;             ;
; Number of paths to report                             ; 200                ;      ;    ;             ;
; Report Minimum Timing Checks                          ; Off                ;      ;    ;             ;
; Use Fast Timing Models                                ; Off                ;      ;    ;             ;
; Report IO Paths Separately                            ; Off                ;      ;    ;             ;
; Default hold multicycle                               ; Same as Multicycle ;      ;    ;             ;
; Cut paths between unrelated clock domains             ; On                 ;      ;    ;             ;
; Cut off read during write signal paths                ; On                 ;      ;    ;             ;
; Cut off feedback from I/O pins                        ; On                 ;      ;    ;             ;
; Report Combined Fast/Slow Timing                      ; Off                ;      ;    ;             ;
; Ignore Clock Settings                                 ; Off                ;      ;    ;             ;
; Analyze latches as synchronous elements               ; Off                ;      ;    ;             ;
; Enable Recovery/Removal analysis                      ; Off                ;      ;    ;             ;
; Enable Clock Latency                                  ; Off                ;      ;    ;             ;
+-------------------------------------------------------+--------------------+------+----+-------------+


+----------------------------------------------------------------+
; tpd                                                            ;
+-------+-------------------+-----------------+--------+---------+
; Slack ; Required P2P Time ; Actual P2P Time ; From   ; To      ;
+-------+-------------------+-----------------+--------+---------+
; N/A   ; None              ; 9.572 ns        ; err[3] ; D1_o    ;
; N/A   ; None              ; 9.503 ns        ; err[3] ; D2_o    ;
; N/A   ; None              ; 9.375 ns        ; err[2] ; D0_o    ;
; N/A   ; None              ; 9.372 ns        ; err[2] ; D3_o    ;
; N/A   ; None              ; 9.369 ns        ; err[0] ; D1_o    ;
; N/A   ; None              ; 9.300 ns        ; err[0] ; D2_o    ;
; N/A   ; None              ; 9.216 ns        ; err[2] ; D1_o    ;
; N/A   ; None              ; 9.154 ns        ; err[2] ; D2_o    ;
; N/A   ; None              ; 9.061 ns        ; err[1] ; D0_o    ;
; N/A   ; None              ; 9.058 ns        ; err[1] ; D3_o    ;
; N/A   ; None              ; 9.047 ns        ; err[3] ; DBL_ERR ;
; N/A   ; None              ; 9.031 ns        ; err[2] ; DBL_ERR ;
; N/A   ; None              ; 9.018 ns        ; err[3] ; ONE_ERR ;
; N/A   ; None              ; 9.000 ns        ; err[2] ; ONE_ERR ;
; N/A   ; None              ; 8.993 ns        ; err[3] ; D3_o    ;
; N/A   ; None              ; 8.990 ns        ; err[3] ; D0_o    ;
; N/A   ; None              ; 8.983 ns        ; D1     ; D1_o    ;
; N/A   ; None              ; 8.922 ns        ; err[0] ; DBL_ERR ;
; N/A   ; None              ; 8.893 ns        ; err[0] ; ONE_ERR ;
; N/A   ; None              ; 8.865 ns        ; err[0] ; D0_o    ;
; N/A   ; None              ; 8.836 ns        ; D2     ; D2_o    ;
; N/A   ; None              ; 8.793 ns        ; D0     ; D0_o    ;
; N/A   ; None              ; 8.790 ns        ; err[0] ; D3_o    ;
; N/A   ; None              ; 8.782 ns        ; D3     ; D3_o    ;
; N/A   ; None              ; 8.723 ns        ; err[1] ; DBL_ERR ;
; N/A   ; None              ; 8.722 ns        ; err[1] ; D1_o    ;
; N/A   ; None              ; 8.687 ns        ; err[1] ; ONE_ERR ;
; N/A   ; None              ; 8.654 ns        ; err[1] ; D2_o    ;
+-------+-------------------+-----------------+--------+---------+


+--------------------------+
; Timing Analyzer Messages ;
+--------------------------+
Info: *******************************************************************
Info: Running Quartus II Timing Analyzer
    Info: Version 5.0 Build 148 04/26/2005 SJ Full Version
    Info: Processing started: Sat Dec 15 01:58:42 2018
Info: Command: quartus_tan --read_settings_files=off --write_settings_files=off data_transf -c data_transf --timing_analysis_only
Info: Longest tpd from source pin "err[3]" to destination pin "D1_o" is 9.572 ns
    Info: 1: + IC(0.000 ns) + CELL(0.972 ns) = 0.972 ns; Loc. = PIN_B11; Fanout = 5; PIN Node = 'err[3]'
    Info: 2: + IC(3.902 ns) + CELL(0.366 ns) = 5.240 ns; Loc. = LC_X25_Y30_N3; Fanout = 2; COMB Node = 'DC_g:inst1|inst5~22'
    Info: 3: + IC(0.337 ns) + CELL(0.183 ns) = 5.760 ns; Loc. = LC_X25_Y30_N5; Fanout = 1; COMB Node = 'DC_g:inst1|inst6'
    Info: 4: + IC(1.125 ns) + CELL(2.687 ns) = 9.572 ns; Loc. = PIN_B12; Fanout = 0; PIN Node = 'D1_o'
    Info: Total cell delay = 4.208 ns ( 43.96 % )
    Info: Total interconnect delay = 5.364 ns ( 56.04 % )
Info: Quartus II Timing Analyzer was successful. 0 errors, 0 warnings
    Info: Processing ended: Sat Dec 15 01:58:42 2018
    Info: Elapsed time: 00:00:00


