Timing Analyzer report for MSB4_2
Sun Dec 16 00:29:04 2018
Version 5.0 Build 148 04/26/2005 SJ Full Version


---------------------
; Table of Contents ;
---------------------
  1. Legal Notice
  2. Timing Analyzer Summary
  3. Timing Analyzer Settings
  4. tpd
  5. Timing Analyzer Messages



----------------
; Legal Notice ;
----------------
Copyright (C) 1991-2005 Altera Corporation
Your use of Altera Corporation's design tools, logic functions 
and other software and tools, and its AMPP partner logic       
functions, and any output files any of the foregoing           
(including device programming or simulation files), and any    
associated documentation or information are expressly subject  
to the terms and conditions of the Altera Program License      
Subscription Agreement, Altera MegaCore Function License       
Agreement, or other applicable license agreement, including,   
without limitation, that your use is for the sole purpose of   
programming logic devices manufactured by Altera and sold by   
Altera or its authorized distributors.  Please refer to the    
applicable agreement for further details.



+-----------------------------------------------------------------------------------------------------------------------+
; Timing Analyzer Summary                                                                                               ;
+------------------------------+-------+---------------+-------------+------+----+------------+----------+--------------+
; Type                         ; Slack ; Required Time ; Actual Time ; From ; To ; From Clock ; To Clock ; Failed Paths ;
+------------------------------+-------+---------------+-------------+------+----+------------+----------+--------------+
; Worst-case tpd               ; N/A   ; None          ; 12.779 ns   ; X0   ; C4 ;            ;          ; 0            ;
; Total number of failed paths ;       ;               ;             ;      ;    ;            ;          ; 0            ;
+------------------------------+-------+---------------+-------------+------+----+------------+----------+--------------+


+------------------------------------------------------------------------------------------------------+
; Timing Analyzer Settings                                                                             ;
+-------------------------------------------------------+--------------------+------+----+-------------+
; Option                                                ; Setting            ; From ; To ; Entity Name ;
+-------------------------------------------------------+--------------------+------+----+-------------+
; Device Name                                           ; EP1S10F484C5       ;      ;    ;             ;
; Timing Models                                         ; Final              ;      ;    ;             ;
; Number of source nodes to report per destination node ; 10                 ;      ;    ;             ;
; Number of destination nodes to report                 ; 10                 ;      ;    ;             ;
; Number of paths to report                             ; 200                ;      ;    ;             ;
; Report Minimum Timing Checks                          ; Off                ;      ;    ;             ;
; Use Fast Timing Models                                ; Off                ;      ;    ;             ;
; Report IO Paths Separately                            ; Off                ;      ;    ;             ;
; Default hold multicycle                               ; Same as Multicycle ;      ;    ;             ;
; Cut paths between unrelated clock domains             ; On                 ;      ;    ;             ;
; Cut off read during write signal paths                ; On                 ;      ;    ;             ;
; Cut off feedback from I/O pins                        ; On                 ;      ;    ;             ;
; Report Combined Fast/Slow Timing                      ; Off                ;      ;    ;             ;
; Ignore Clock Settings                                 ; Off                ;      ;    ;             ;
; Analyze latches as synchronous elements               ; Off                ;      ;    ;             ;
; Enable Recovery/Removal analysis                      ; Off                ;      ;    ;             ;
; Enable Clock Latency                                  ; Off                ;      ;    ;             ;
+-------------------------------------------------------+--------------------+------+----+-------------+


+---------------------------------------------------------+
; tpd                                                     ;
+-------+-------------------+-----------------+------+----+
; Slack ; Required P2P Time ; Actual P2P Time ; From ; To ;
+-------+-------------------+-----------------+------+----+
; N/A   ; None              ; 12.779 ns       ; X0   ; C4 ;
; N/A   ; None              ; 12.577 ns       ; X0   ; C5 ;
; N/A   ; None              ; 12.516 ns       ; B0   ; C4 ;
; N/A   ; None              ; 12.495 ns       ; Y0   ; C4 ;
; N/A   ; None              ; 12.429 ns       ; A0   ; C4 ;
; N/A   ; None              ; 12.314 ns       ; B0   ; C5 ;
; N/A   ; None              ; 12.293 ns       ; Y0   ; C5 ;
; N/A   ; None              ; 12.227 ns       ; A0   ; C5 ;
; N/A   ; None              ; 12.225 ns       ; X1   ; C4 ;
; N/A   ; None              ; 12.165 ns       ; A2   ; C4 ;
; N/A   ; None              ; 12.106 ns       ; A1   ; C4 ;
; N/A   ; None              ; 12.055 ns       ; X0   ; C3 ;
; N/A   ; None              ; 12.023 ns       ; X1   ; C5 ;
; N/A   ; None              ; 11.963 ns       ; A2   ; C5 ;
; N/A   ; None              ; 11.904 ns       ; A1   ; C5 ;
; N/A   ; None              ; 11.792 ns       ; B0   ; C3 ;
; N/A   ; None              ; 11.771 ns       ; Y0   ; C3 ;
; N/A   ; None              ; 11.705 ns       ; A0   ; C3 ;
; N/A   ; None              ; 11.501 ns       ; X1   ; C3 ;
; N/A   ; None              ; 11.444 ns       ; A2   ; C3 ;
; N/A   ; None              ; 11.382 ns       ; A1   ; C3 ;
; N/A   ; None              ; 11.286 ns       ; X2   ; C4 ;
; N/A   ; None              ; 11.145 ns       ; X0   ; C2 ;
; N/A   ; None              ; 11.084 ns       ; X2   ; C5 ;
; N/A   ; None              ; 11.077 ns       ; B1   ; C4 ;
; N/A   ; None              ; 10.896 ns       ; Y1   ; C4 ;
; N/A   ; None              ; 10.882 ns       ; B0   ; C2 ;
; N/A   ; None              ; 10.875 ns       ; B1   ; C5 ;
; N/A   ; None              ; 10.861 ns       ; Y0   ; C2 ;
; N/A   ; None              ; 10.795 ns       ; A0   ; C2 ;
; N/A   ; None              ; 10.694 ns       ; Y1   ; C5 ;
; N/A   ; None              ; 10.591 ns       ; X1   ; C2 ;
; N/A   ; None              ; 10.565 ns       ; X2   ; C3 ;
; N/A   ; None              ; 10.546 ns       ; B1   ; C3 ;
; N/A   ; None              ; 10.472 ns       ; A1   ; C2 ;
; N/A   ; None              ; 10.365 ns       ; Y1   ; C3 ;
; N/A   ; None              ; 10.056 ns       ; A2   ; C2 ;
; N/A   ; None              ; 10.031 ns       ; A3   ; C4 ;
; N/A   ; None              ; 9.938 ns        ; B1   ; C2 ;
; N/A   ; None              ; 9.901 ns        ; X3   ; C4 ;
; N/A   ; None              ; 9.829 ns        ; A3   ; C5 ;
; N/A   ; None              ; 9.807 ns        ; X0   ; C1 ;
; N/A   ; None              ; 9.757 ns        ; Y1   ; C2 ;
; N/A   ; None              ; 9.699 ns        ; X3   ; C5 ;
; N/A   ; None              ; 9.556 ns        ; B0   ; C1 ;
; N/A   ; None              ; 9.525 ns        ; Y0   ; C1 ;
; N/A   ; None              ; 9.453 ns        ; A0   ; C1 ;
; N/A   ; None              ; 9.390 ns        ; X2   ; C2 ;
; N/A   ; None              ; 9.310 ns        ; A3   ; C3 ;
; N/A   ; None              ; 9.236 ns        ; X1   ; C1 ;
; N/A   ; None              ; 9.180 ns        ; X3   ; C3 ;
; N/A   ; None              ; 9.117 ns        ; A1   ; C1 ;
; N/A   ; None              ; 8.880 ns        ; X0   ; C0 ;
; N/A   ; None              ; 8.871 ns        ; B1   ; C1 ;
; N/A   ; None              ; 8.698 ns        ; Y1   ; C1 ;
; N/A   ; None              ; 8.629 ns        ; B0   ; C0 ;
; N/A   ; None              ; 8.597 ns        ; Y0   ; C0 ;
; N/A   ; None              ; 8.521 ns        ; A0   ; C0 ;
+-------+-------------------+-----------------+------+----+


+--------------------------+
; Timing Analyzer Messages ;
+--------------------------+
Info: *******************************************************************
Info: Running Quartus II Timing Analyzer
    Info: Version 5.0 Build 148 04/26/2005 SJ Full Version
    Info: Processing started: Sun Dec 16 00:29:04 2018
Info: Command: quartus_tan --read_settings_files=off --write_settings_files=off MSB4_2 -c MSB4_2 --timing_analysis_only
Info: Longest tpd from source pin "X0" to destination pin "C4" is 12.779 ns
    Info: 1: + IC(0.000 ns) + CELL(1.087 ns) = 1.087 ns; Loc. = PIN_C17; Fanout = 3; PIN Node = 'X0'
    Info: 2: + IC(3.901 ns) + CELL(0.366 ns) = 5.354 ns; Loc. = LC_X5_Y30_N1; Fanout = 1; COMB Node = '7483:inst5|51~155'
    Info: 3: + IC(0.327 ns) + CELL(0.183 ns) = 5.864 ns; Loc. = LC_X5_Y30_N0; Fanout = 1; COMB Node = '7483:inst5|51~156'
    Info: 4: + IC(0.494 ns) + CELL(0.366 ns) = 6.724 ns; Loc. = LC_X6_Y30_N4; Fanout = 3; COMB Node = '7483:inst5|44'
    Info: 5: + IC(0.852 ns) + CELL(0.075 ns) = 7.651 ns; Loc. = LC_X3_Y30_N8; Fanout = 2; COMB Node = 'inst3~17'
    Info: 6: + IC(0.338 ns) + CELL(0.366 ns) = 8.355 ns; Loc. = LC_X3_Y30_N3; Fanout = 2; COMB Node = '7483:inst6|1~44'
    Info: 7: + IC(0.333 ns) + CELL(0.366 ns) = 9.054 ns; Loc. = LC_X3_Y30_N7; Fanout = 1; COMB Node = '7483:inst6|45'
    Info: 8: + IC(1.321 ns) + CELL(2.404 ns) = 12.779 ns; Loc. = PIN_M16; Fanout = 0; PIN Node = 'C4'
    Info: Total cell delay = 5.213 ns ( 40.79 % )
    Info: Total interconnect delay = 7.566 ns ( 59.21 % )
Info: Quartus II Timing Analyzer was successful. 0 errors, 0 warnings
    Info: Processing ended: Sun Dec 16 00:29:04 2018
    Info: Elapsed time: 00:00:00


