Timing Analyzer report for data_transf_s
Sat Dec 15 01:52:21 2018
Version 5.0 Build 148 04/26/2005 SJ Full Version


---------------------
; Table of Contents ;
---------------------
  1. Legal Notice
  2. Timing Analyzer Summary
  3. Timing Analyzer Settings
  4. tpd
  5. Timing Analyzer Messages



----------------
; Legal Notice ;
----------------
Copyright (C) 1991-2005 Altera Corporation
Your use of Altera Corporation's design tools, logic functions 
and other software and tools, and its AMPP partner logic       
functions, and any output files any of the foregoing           
(including device programming or simulation files), and any    
associated documentation or information are expressly subject  
to the terms and conditions of the Altera Program License      
Subscription Agreement, Altera MegaCore Function License       
Agreement, or other applicable license agreement, including,   
without limitation, that your use is for the sole purpose of   
programming logic devices manufactured by Altera and sold by   
Altera or its authorized distributors.  Please refer to the    
applicable agreement for further details.



+-----------------------------------------------------------------------------------------------------------------------------+
; Timing Analyzer Summary                                                                                                     ;
+------------------------------+-------+---------------+-------------+--------+--------+------------+----------+--------------+
; Type                         ; Slack ; Required Time ; Actual Time ; From   ; To     ; From Clock ; To Clock ; Failed Paths ;
+------------------------------+-------+---------------+-------------+--------+--------+------------+----------+--------------+
; Worst-case tpd               ; N/A   ; None          ; 9.834 ns    ; err[1] ; d_o[1] ;            ;          ; 0            ;
; Total number of failed paths ;       ;               ;             ;        ;        ;            ;          ; 0            ;
+------------------------------+-------+---------------+-------------+--------+--------+------------+----------+--------------+


+------------------------------------------------------------------------------------------------------+
; Timing Analyzer Settings                                                                             ;
+-------------------------------------------------------+--------------------+------+----+-------------+
; Option                                                ; Setting            ; From ; To ; Entity Name ;
+-------------------------------------------------------+--------------------+------+----+-------------+
; Device Name                                           ; EP1S10F484C5       ;      ;    ;             ;
; Timing Models                                         ; Final              ;      ;    ;             ;
; Number of source nodes to report per destination node ; 10                 ;      ;    ;             ;
; Number of destination nodes to report                 ; 10                 ;      ;    ;             ;
; Number of paths to report                             ; 200                ;      ;    ;             ;
; Report Minimum Timing Checks                          ; Off                ;      ;    ;             ;
; Use Fast Timing Models                                ; Off                ;      ;    ;             ;
; Report IO Paths Separately                            ; Off                ;      ;    ;             ;
; Default hold multicycle                               ; Same as Multicycle ;      ;    ;             ;
; Cut paths between unrelated clock domains             ; On                 ;      ;    ;             ;
; Cut off read during write signal paths                ; On                 ;      ;    ;             ;
; Cut off feedback from I/O pins                        ; On                 ;      ;    ;             ;
; Report Combined Fast/Slow Timing                      ; Off                ;      ;    ;             ;
; Ignore Clock Settings                                 ; Off                ;      ;    ;             ;
; Analyze latches as synchronous elements               ; Off                ;      ;    ;             ;
; Enable Recovery/Removal analysis                      ; Off                ;      ;    ;             ;
; Enable Clock Latency                                  ; Off                ;      ;    ;             ;
+-------------------------------------------------------+--------------------+------+----+-------------+


+----------------------------------------------------------------+
; tpd                                                            ;
+-------+-------------------+-----------------+--------+---------+
; Slack ; Required P2P Time ; Actual P2P Time ; From   ; To      ;
+-------+-------------------+-----------------+--------+---------+
; N/A   ; None              ; 9.834 ns        ; err[1] ; d_o[1]  ;
; N/A   ; None              ; 9.789 ns        ; err[2] ; d_o[1]  ;
; N/A   ; None              ; 9.694 ns        ; err[1] ; d_o[0]  ;
; N/A   ; None              ; 9.657 ns        ; err[3] ; d_o[1]  ;
; N/A   ; None              ; 9.647 ns        ; err[2] ; d_o[0]  ;
; N/A   ; None              ; 9.540 ns        ; err[0] ; d_o[1]  ;
; N/A   ; None              ; 9.515 ns        ; err[3] ; d_o[0]  ;
; N/A   ; None              ; 9.395 ns        ; err[0] ; d_o[0]  ;
; N/A   ; None              ; 9.393 ns        ; d[1]   ; d_o[1]  ;
; N/A   ; None              ; 9.360 ns        ; err[1] ; d_o[3]  ;
; N/A   ; None              ; 9.351 ns        ; err[1] ; d_o[2]  ;
; N/A   ; None              ; 9.286 ns        ; err[0] ; d_o[3]  ;
; N/A   ; None              ; 9.277 ns        ; err[0] ; d_o[2]  ;
; N/A   ; None              ; 9.139 ns        ; err[1] ; ONE_ERR ;
; N/A   ; None              ; 9.105 ns        ; err[1] ; DBL_ERR ;
; N/A   ; None              ; 9.092 ns        ; err[2] ; ONE_ERR ;
; N/A   ; None              ; 9.066 ns        ; err[2] ; DBL_ERR ;
; N/A   ; None              ; 9.022 ns        ; err[2] ; d_o[2]  ;
; N/A   ; None              ; 8.960 ns        ; err[3] ; ONE_ERR ;
; N/A   ; None              ; 8.923 ns        ; err[3] ; DBL_ERR ;
; N/A   ; None              ; 8.900 ns        ; err[3] ; d_o[3]  ;
; N/A   ; None              ; 8.900 ns        ; d[3]   ; d_o[3]  ;
; N/A   ; None              ; 8.890 ns        ; err[3] ; d_o[2]  ;
; N/A   ; None              ; 8.889 ns        ; d[0]   ; d_o[0]  ;
; N/A   ; None              ; 8.844 ns        ; err[2] ; d_o[3]  ;
; N/A   ; None              ; 8.840 ns        ; err[0] ; ONE_ERR ;
; N/A   ; None              ; 8.812 ns        ; err[0] ; DBL_ERR ;
; N/A   ; None              ; 8.795 ns        ; d[2]   ; d_o[2]  ;
+-------+-------------------+-----------------+--------+---------+


+--------------------------+
; Timing Analyzer Messages ;
+--------------------------+
Info: *******************************************************************
Info: Running Quartus II Timing Analyzer
    Info: Version 5.0 Build 148 04/26/2005 SJ Full Version
    Info: Processing started: Sat Dec 15 01:52:21 2018
Info: Command: quartus_tan --read_settings_files=off --write_settings_files=off data_transf_s -c data_transf_s --timing_analysis_only
Info: Longest tpd from source pin "err[1]" to destination pin "d_o[1]" is 9.834 ns
    Info: 1: + IC(0.000 ns) + CELL(1.087 ns) = 1.087 ns; Loc. = PIN_D13; Fanout = 6; PIN Node = 'err[1]'
    Info: 2: + IC(4.164 ns) + CELL(0.075 ns) = 5.326 ns; Loc. = LC_X25_Y30_N4; Fanout = 2; COMB Node = 'DC_p:dc|process0~0'
    Info: 3: + IC(0.337 ns) + CELL(0.366 ns) = 6.029 ns; Loc. = LC_X25_Y30_N5; Fanout = 1; COMB Node = 'DC_p:dc|d_o[1]~1222'
    Info: 4: + IC(1.118 ns) + CELL(2.687 ns) = 9.834 ns; Loc. = PIN_B12; Fanout = 0; PIN Node = 'd_o[1]'
    Info: Total cell delay = 4.215 ns ( 42.86 % )
    Info: Total interconnect delay = 5.619 ns ( 57.14 % )
Info: Quartus II Timing Analyzer was successful. 0 errors, 0 warnings
    Info: Processing ended: Sat Dec 15 01:52:21 2018
    Info: Elapsed time: 00:00:01


