Timing Analyzer report for FILTER
Tue Apr 13 02:10:58 2021
Version 5.0 Build 148 04/26/2005 SJ Full Version


---------------------
; Table of Contents ;
---------------------
  1. Legal Notice
  2. Timing Analyzer Summary
  3. Timing Analyzer Settings
  4. tpd
  5. Timing Analyzer Messages



----------------
; Legal Notice ;
----------------
Copyright (C) 1991-2005 Altera Corporation
Your use of Altera Corporation's design tools, logic functions 
and other software and tools, and its AMPP partner logic       
functions, and any output files any of the foregoing           
(including device programming or simulation files), and any    
associated documentation or information are expressly subject  
to the terms and conditions of the Altera Program License      
Subscription Agreement, Altera MegaCore Function License       
Agreement, or other applicable license agreement, including,   
without limitation, that your use is for the sole purpose of   
programming logic devices manufactured by Altera and sold by   
Altera or its authorized distributors.  Please refer to the    
applicable agreement for further details.



+------------------------------------------------------------------------------------------------------------------------------+
; Timing Analyzer Summary                                                                                                      ;
+------------------------------+-------+---------------+-------------+------+-----------+------------+----------+--------------+
; Type                         ; Slack ; Required Time ; Actual Time ; From ; To        ; From Clock ; To Clock ; Failed Paths ;
+------------------------------+-------+---------------+-------------+------+-----------+------------+----------+--------------+
; Worst-case tpd               ; N/A   ; None          ; 10.150 ns   ; A    ; OutResult ;            ;          ; 0            ;
; Total number of failed paths ;       ;               ;             ;      ;           ;            ;          ; 0            ;
+------------------------------+-------+---------------+-------------+------+-----------+------------+----------+--------------+


+------------------------------------------------------------------------------------------------------+
; Timing Analyzer Settings                                                                             ;
+-------------------------------------------------------+--------------------+------+----+-------------+
; Option                                                ; Setting            ; From ; To ; Entity Name ;
+-------------------------------------------------------+--------------------+------+----+-------------+
; Device Name                                           ; EP1S10F484C5       ;      ;    ;             ;
; Timing Models                                         ; Final              ;      ;    ;             ;
; Number of source nodes to report per destination node ; 10                 ;      ;    ;             ;
; Number of destination nodes to report                 ; 10                 ;      ;    ;             ;
; Number of paths to report                             ; 200                ;      ;    ;             ;
; Report Minimum Timing Checks                          ; Off                ;      ;    ;             ;
; Use Fast Timing Models                                ; Off                ;      ;    ;             ;
; Report IO Paths Separately                            ; Off                ;      ;    ;             ;
; Default hold multicycle                               ; Same as Multicycle ;      ;    ;             ;
; Cut paths between unrelated clock domains             ; On                 ;      ;    ;             ;
; Cut off read during write signal paths                ; On                 ;      ;    ;             ;
; Cut off feedback from I/O pins                        ; On                 ;      ;    ;             ;
; Report Combined Fast/Slow Timing                      ; Off                ;      ;    ;             ;
; Ignore Clock Settings                                 ; Off                ;      ;    ;             ;
; Analyze latches as synchronous elements               ; Off                ;      ;    ;             ;
; Enable Recovery/Removal analysis                      ; Off                ;      ;    ;             ;
; Enable Clock Latency                                  ; Off                ;      ;    ;             ;
+-------------------------------------------------------+--------------------+------+----+-------------+


+----------------------------------------------------------------+
; tpd                                                            ;
+-------+-------------------+-----------------+------+-----------+
; Slack ; Required P2P Time ; Actual P2P Time ; From ; To        ;
+-------+-------------------+-----------------+------+-----------+
; N/A   ; None              ; 10.150 ns       ; A    ; OutResult ;
; N/A   ; None              ; 10.091 ns       ; X    ; OutResult ;
; N/A   ; None              ; 9.803 ns        ; B    ; OutResult ;
+-------+-------------------+-----------------+------+-----------+


+--------------------------+
; Timing Analyzer Messages ;
+--------------------------+
Info: *******************************************************************
Info: Running Quartus II Timing Analyzer
    Info: Version 5.0 Build 148 04/26/2005 SJ Full Version
    Info: Processing started: Tue Apr 13 02:10:58 2021
Info: Command: quartus_tan --read_settings_files=off --write_settings_files=off FILTER -c FILTER --timing_analysis_only
Warning: Timing Analysis found one or more latches implemented as combinational loops
    Warning: Node "RStrigger:call2|res" is a latch
    Warning: Node "RStrigger:call3|res" is a latch
    Warning: Node "RStrigger:call1|res" is a latch
    Warning: Node "RStrigger:call4|res" is a latch
Info: Found combinational loop of 1 nodes
    Info: Node "RStrigger:call4|res"
Info: Found combinational loop of 1 nodes
    Info: Node "RStrigger:call1|res"
Info: Found combinational loop of 1 nodes
    Info: Node "RStrigger:call3|res"
Info: Found combinational loop of 1 nodes
    Info: Node "RStrigger:call2|res"
Info: Longest tpd from source pin "A" to destination pin "OutResult" is 10.150 ns
    Info: 1: + IC(0.000 ns) + CELL(1.087 ns) = 1.087 ns; Loc. = PIN_AA20; Fanout = 6; PIN Node = 'A'
    Info: 2: + IC(3.704 ns) + CELL(0.280 ns) = 5.071 ns; Loc. = LC_X1_Y1_N5; Fanout = 2; COMB Node = 'RStrigger:call1|always0~17'
    Info: 3: + IC(0.000 ns) + CELL(0.861 ns) = 5.932 ns; Loc. = LC_X1_Y1_N6; Fanout = 2; COMB LOOP Node = 'RStrigger:call1|res'
        Info: Loc. = LC_X1_Y1_N6; Node "RStrigger:call1|res"
    Info: 4: + IC(0.513 ns) + CELL(0.183 ns) = 6.628 ns; Loc. = LC_X1_Y1_N2; Fanout = 1; COMB Node = 'AND1~24'
    Info: 5: + IC(1.118 ns) + CELL(2.404 ns) = 10.150 ns; Loc. = PIN_W20; Fanout = 0; PIN Node = 'OutResult'
    Info: Total cell delay = 4.815 ns ( 47.44 % )
    Info: Total interconnect delay = 5.335 ns ( 52.56 % )
Info: Quartus II Timing Analyzer was successful. 0 errors, 5 warnings
    Info: Processing ended: Tue Apr 13 02:10:58 2021
    Info: Elapsed time: 00:00:01


