Analysis & Synthesis report for lifog
Wed Feb 24 13:12:49 2021
Version 5.0 Build 148 04/26/2005 SJ Full Version


---------------------
; Table of Contents ;
---------------------
  1. Legal Notice
  2. Analysis & Synthesis Summary
  3. Analysis & Synthesis Settings
  4. Analysis & Synthesis Source Files Read
  5. Analysis & Synthesis Resource Usage Summary
  6. Analysis & Synthesis Resource Utilization by Entity
  7. Analysis & Synthesis RAM Summary
  8. General Register Statistics
  9. Parameter Settings for User Entity Instance: lpm_compare0:inst2|lpm_compare:lpm_compare_component
 10. Parameter Settings for User Entity Instance: lpm_counter0:inst1|lpm_counter:lpm_counter_component
 11. Parameter Settings for User Entity Instance: lpm_ram_dp0:inst|altsyncram:altsyncram_component
 12. Parameter Settings for User Entity Instance: lpm_add_sub0:inst3|lpm_add_sub:lpm_add_sub_component
 13. Analysis & Synthesis Equations
 14. Analysis & Synthesis Messages



----------------
; Legal Notice ;
----------------
Copyright (C) 1991-2005 Altera Corporation
Your use of Altera Corporation's design tools, logic functions 
and other software and tools, and its AMPP partner logic       
functions, and any output files any of the foregoing           
(including device programming or simulation files), and any    
associated documentation or information are expressly subject  
to the terms and conditions of the Altera Program License      
Subscription Agreement, Altera MegaCore Function License       
Agreement, or other applicable license agreement, including,   
without limitation, that your use is for the sole purpose of   
programming logic devices manufactured by Altera and sold by   
Altera or its authorized distributors.  Please refer to the    
applicable agreement for further details.



+------------------------------------------------------------------------+
; Analysis & Synthesis Summary                                           ;
+-----------------------------+------------------------------------------+
; Analysis & Synthesis Status ; Successful - Wed Feb 24 13:12:49 2021    ;
; Quartus II Version          ; 5.0 Build 148 04/26/2005 SJ Full Version ;
; Revision Name               ; lifog                                    ;
; Top-level Entity Name       ; lifog                                    ;
; Family                      ; Stratix                                  ;
; Total logic elements        ; 12                                       ;
; Total pins                  ; 22                                       ;
; Total virtual pins          ; 0                                        ;
; Total memory bits           ; 64                                       ;
; DSP block 9-bit elements    ; 0                                        ;
; Total PLLs                  ; 0                                        ;
; Total DLLs                  ; 0                                        ;
+-----------------------------+------------------------------------------+


+---------------------------------------------------------------------------------------------------+
; Analysis & Synthesis Settings                                                                     ;
+--------------------------------------------------------------------+--------------+---------------+
; Option                                                             ; Setting      ; Default Value ;
+--------------------------------------------------------------------+--------------+---------------+
; Top-level entity name                                              ; lifog        ; lifog         ;
; Family name                                                        ; Stratix      ; Stratix       ;
; Use smart compilation                                              ; Off          ; Off           ;
; Restructure Multiplexers                                           ; Auto         ; Auto          ;
; Create Debugging Nodes for IP Cores                                ; off          ; off           ;
; Preserve fewer node names                                          ; On           ; On            ;
; Disable OpenCore Plus hardware evaluation                          ; Off          ; Off           ;
; Verilog Version                                                    ; Verilog_2001 ; Verilog_2001  ;
; VHDL Version                                                       ; VHDL93       ; VHDL93        ;
; State Machine Processing                                           ; Auto         ; Auto          ;
; Extract Verilog State Machines                                     ; On           ; On            ;
; Extract VHDL State Machines                                        ; On           ; On            ;
; Add Pass-Through Logic to Inferred RAMs                            ; On           ; On            ;
; DSP Block Balancing                                                ; Auto         ; Auto          ;
; Maximum DSP Block Usage                                            ; -1           ; -1            ;
; NOT Gate Push-Back                                                 ; On           ; On            ;
; Power-Up Don't Care                                                ; On           ; On            ;
; Remove Redundant Logic Cells                                       ; Off          ; Off           ;
; Remove Duplicate Registers                                         ; On           ; On            ;
; Ignore CARRY Buffers                                               ; Off          ; Off           ;
; Ignore CASCADE Buffers                                             ; Off          ; Off           ;
; Ignore GLOBAL Buffers                                              ; Off          ; Off           ;
; Ignore ROW GLOBAL Buffers                                          ; Off          ; Off           ;
; Ignore LCELL Buffers                                               ; Off          ; Off           ;
; Ignore SOFT Buffers                                                ; On           ; On            ;
; Limit AHDL Integers to 32 Bits                                     ; Off          ; Off           ;
; Optimization Technique -- Stratix/Stratix GX                       ; Balanced     ; Balanced      ;
; Carry Chain Length -- Stratix/Stratix GX/Cyclone/MAX II/Cyclone II ; 70           ; 70            ;
; Auto Carry Chains                                                  ; On           ; On            ;
; Auto Open-Drain Pins                                               ; On           ; On            ;
; Remove Duplicate Logic                                             ; On           ; On            ;
; Perform WYSIWYG Primitive Resynthesis                              ; Off          ; Off           ;
; Perform gate-level register retiming                               ; Off          ; Off           ;
; Allow register retiming to trade off Tsu/Tco with Fmax             ; On           ; On            ;
; Auto ROM Replacement                                               ; On           ; On            ;
; Auto RAM Replacement                                               ; On           ; On            ;
; Auto DSP Block Replacement                                         ; On           ; On            ;
; Auto Shift Register Replacement                                    ; On           ; On            ;
; Auto Clock Enable Replacement                                      ; On           ; On            ;
; Allows Synchronous Control Signal Usage in Normal Mode Logic Cells ; On           ; On            ;
; Auto RAM Block Balancing                                           ; On           ; On            ;
; Auto Resource Sharing                                              ; Off          ; Off           ;
; Allow Any RAM Size For Recognition                                 ; Off          ; Off           ;
; Allow Any ROM Size For Recognition                                 ; Off          ; Off           ;
; Allow Any Shift Register Size For Recognition                      ; Off          ; Off           ;
; Maximum Number of M512 Memory Blocks                               ; -1           ; -1            ;
; Maximum Number of M4K Memory Blocks                                ; -1           ; -1            ;
; Maximum Number of M-RAM Memory Blocks                              ; -1           ; -1            ;
; Ignore translate_off and translate_on Synthesis Directives         ; Off          ; Off           ;
; Show Parameter Settings Tables in Synthesis Report                 ; On           ; On            ;
+--------------------------------------------------------------------+--------------+---------------+


+---------------------------------------------------------------------------------------------------------------------------------------------------------+
; Analysis & Synthesis Source Files Read                                                                                                                  ;
+----------------------------------+-----------------+------------------------------+---------------------------------------------------------------------+
; File Name with User-Entered Path ; Used in Netlist ; File Type                    ; File Name with Absolute Path                                        ;
+----------------------------------+-----------------+------------------------------+---------------------------------------------------------------------+
; lifog.bdf                        ; yes             ; Other                        ; C:/altera/quartus50/lifo/lifog.bdf                                  ;
; lpm_compare0.tdf                 ; yes             ; Other                        ; C:/altera/quartus50/lifo/lpm_compare0.tdf                           ;
; lpm_compare.inc                  ; yes             ; Other                        ; c:/altera/quartus50/libraries/megafunctions/lpm_compare.inc         ;
; lpm_compare.tdf                  ; yes             ; Megafunction                 ; c:/altera/quartus50/libraries/megafunctions/lpm_compare.tdf         ;
; comptree.inc                     ; yes             ; Other                        ; c:/altera/quartus50/libraries/megafunctions/comptree.inc            ;
; altshift.inc                     ; yes             ; Other                        ; c:/altera/quartus50/libraries/megafunctions/altshift.inc            ;
; aglobal50.inc                    ; yes             ; Other                        ; c:/altera/quartus50/libraries/megafunctions/aglobal50.inc           ;
; comptree.tdf                     ; yes             ; Megafunction                 ; c:/altera/quartus50/libraries/megafunctions/comptree.tdf            ;
; cmpchain.inc                     ; yes             ; Other                        ; c:/altera/quartus50/libraries/megafunctions/cmpchain.inc            ;
; lpm_constant.inc                 ; yes             ; Other                        ; c:/altera/quartus50/libraries/megafunctions/lpm_constant.inc        ;
; cmpchain.tdf                     ; yes             ; Megafunction                 ; c:/altera/quartus50/libraries/megafunctions/cmpchain.tdf            ;
; altshift.tdf                     ; yes             ; Megafunction                 ; c:/altera/quartus50/libraries/megafunctions/altshift.tdf            ;
; lpm_counter0.tdf                 ; yes             ; Other                        ; C:/altera/quartus50/lifo/lpm_counter0.tdf                           ;
; lpm_counter.inc                  ; yes             ; Other                        ; c:/altera/quartus50/libraries/megafunctions/lpm_counter.inc         ;
; lpm_counter.tdf                  ; yes             ; Megafunction                 ; c:/altera/quartus50/libraries/megafunctions/lpm_counter.tdf         ;
; lpm_decode.inc                   ; yes             ; Other                        ; c:/altera/quartus50/libraries/megafunctions/lpm_decode.inc          ;
; lpm_add_sub.inc                  ; yes             ; Other                        ; c:/altera/quartus50/libraries/megafunctions/lpm_add_sub.inc         ;
; cmpconst.inc                     ; yes             ; Other                        ; c:/altera/quartus50/libraries/megafunctions/cmpconst.inc            ;
; dffeea.inc                       ; yes             ; Other                        ; c:/altera/quartus50/libraries/megafunctions/dffeea.inc              ;
; alt_synch_counter.inc            ; yes             ; Other                        ; c:/altera/quartus50/libraries/megafunctions/alt_synch_counter.inc   ;
; alt_synch_counter_f.inc          ; yes             ; Other                        ; c:/altera/quartus50/libraries/megafunctions/alt_synch_counter_f.inc ;
; alt_counter_f10ke.inc            ; yes             ; Other                        ; c:/altera/quartus50/libraries/megafunctions/alt_counter_f10ke.inc   ;
; alt_counter_stratix.inc          ; yes             ; Other                        ; c:/altera/quartus50/libraries/megafunctions/alt_counter_stratix.inc ;
; db/cntr_t96.tdf                  ; yes             ; Auto-Generated Megafunction  ; C:/altera/quartus50/lifo/db/cntr_t96.tdf                            ;
; lpm_ram_dp0.tdf                  ; yes             ; Other                        ; C:/altera/quartus50/lifo/lpm_ram_dp0.tdf                            ;
; altsyncram.inc                   ; yes             ; Other                        ; c:/altera/quartus50/libraries/megafunctions/altsyncram.inc          ;
; altsyncram.tdf                   ; yes             ; Megafunction                 ; c:/altera/quartus50/libraries/megafunctions/altsyncram.tdf          ;
; stratix_ram_block.inc            ; yes             ; Other                        ; c:/altera/quartus50/libraries/megafunctions/stratix_ram_block.inc   ;
; lpm_mux.inc                      ; yes             ; Other                        ; c:/altera/quartus50/libraries/megafunctions/lpm_mux.inc             ;
; a_rdenreg.inc                    ; yes             ; Other                        ; c:/altera/quartus50/libraries/megafunctions/a_rdenreg.inc           ;
; altrom.inc                       ; yes             ; Other                        ; c:/altera/quartus50/libraries/megafunctions/altrom.inc              ;
; altram.inc                       ; yes             ; Other                        ; c:/altera/quartus50/libraries/megafunctions/altram.inc              ;
; altdpram.inc                     ; yes             ; Other                        ; c:/altera/quartus50/libraries/megafunctions/altdpram.inc            ;
; altqpram.inc                     ; yes             ; Other                        ; c:/altera/quartus50/libraries/megafunctions/altqpram.inc            ;
; db/altsyncram_qdg1.tdf           ; yes             ; Auto-Generated Megafunction  ; C:/altera/quartus50/lifo/db/altsyncram_qdg1.tdf                     ;
; lpm_add_sub0.tdf                 ; yes             ; Other                        ; C:/altera/quartus50/lifo/lpm_add_sub0.tdf                           ;
; lpm_add_sub.tdf                  ; yes             ; Megafunction                 ; c:/altera/quartus50/libraries/megafunctions/lpm_add_sub.tdf         ;
; addcore.inc                      ; yes             ; Other                        ; c:/altera/quartus50/libraries/megafunctions/addcore.inc             ;
; look_add.inc                     ; yes             ; Other                        ; c:/altera/quartus50/libraries/megafunctions/look_add.inc            ;
; bypassff.inc                     ; yes             ; Other                        ; c:/altera/quartus50/libraries/megafunctions/bypassff.inc            ;
; alt_stratix_add_sub.inc          ; yes             ; Other                        ; c:/altera/quartus50/libraries/megafunctions/alt_stratix_add_sub.inc ;
; alt_mercury_add_sub.inc          ; yes             ; Other                        ; c:/altera/quartus50/libraries/megafunctions/alt_mercury_add_sub.inc ;
; addcore.tdf                      ; yes             ; Megafunction                 ; c:/altera/quartus50/libraries/megafunctions/addcore.tdf             ;
; a_csnbuffer.inc                  ; yes             ; Other                        ; c:/altera/quartus50/libraries/megafunctions/a_csnbuffer.inc         ;
; a_csnbuffer.tdf                  ; yes             ; Megafunction                 ; c:/altera/quartus50/libraries/megafunctions/a_csnbuffer.tdf         ;
+----------------------------------+-----------------+------------------------------+---------------------------------------------------------------------+


+----------------------------------------------------------------------------------------------------------------------------+
; Analysis & Synthesis Resource Usage Summary                                                                                ;
+-----------------------------------+----------------------------------------------------------------------------------------+
; Resource                          ; Usage                                                                                  ;
+-----------------------------------+----------------------------------------------------------------------------------------+
; Total logic elements              ; 12                                                                                     ;
; Total combinational functions     ; 12                                                                                     ;
;     -- Total 4-input functions    ; 2                                                                                      ;
;     -- Total 3-input functions    ; 2                                                                                      ;
;     -- Total 2-input functions    ; 4                                                                                      ;
;     -- Total 1-input functions    ; 3                                                                                      ;
;     -- Total 0-input functions    ; 1                                                                                      ;
; Combinational cells for routing   ; 0                                                                                      ;
; Total registers                   ; 4                                                                                      ;
; Total logic cells in carry chains ; 5                                                                                      ;
; I/O pins                          ; 22                                                                                     ;
; Total memory bits                 ; 64                                                                                     ;
; Maximum fan-out node              ; lpm_counter0:inst1|lpm_counter:lpm_counter_component|cntr_t96:auto_generated|safe_q[1] ;
; Maximum fan-out                   ; 14                                                                                     ;
; Total fan-out                     ; 125                                                                                    ;
; Average fan-out                   ; 2.98                                                                                   ;
+-----------------------------------+----------------------------------------------------------------------------------------+


+-----------------------------------------------------------------------------------------------------------------------------------------------------------------------------------------------------------------------------------------------------------------------------------------------------------------------------------------+
; Analysis & Synthesis Resource Utilization by Entity                                                                                                                                                                                                                                                                                     ;
+-------------------------------------------+-------------+--------------+-------------+--------------+---------+-----------+-----------+------+--------------+--------------+-------------------+------------------+-----------------+---------------------------------------------------------------------------------------------------+
; Compilation Hierarchy Node                ; Logic Cells ; LC Registers ; Memory Bits ; DSP Elements ; DSP 9x9 ; DSP 18x18 ; DSP 36x36 ; Pins ; Virtual Pins ; LUT-Only LCs ; Register-Only LCs ; LUT/Register LCs ; Carry Chain LCs ; Full Hierarchy Name                                                                               ;
+-------------------------------------------+-------------+--------------+-------------+--------------+---------+-----------+-----------+------+--------------+--------------+-------------------+------------------+-----------------+---------------------------------------------------------------------------------------------------+
; |lifog                                    ; 12 (4)      ; 4            ; 64          ; 0            ; 0       ; 0         ; 0         ; 22   ; 0            ; 8 (3)        ; 0 (0)             ; 4 (1)            ; 5 (0)           ; |lifog                                                                                            ;
;    |lpm_add_sub0:inst3|                   ; 5 (0)       ; 0            ; 0           ; 0            ; 0       ; 0         ; 0         ; 0    ; 0            ; 5 (0)        ; 0 (0)             ; 0 (0)            ; 2 (0)           ; |lifog|lpm_add_sub0:inst3                                                                         ;
;       |lpm_add_sub:lpm_add_sub_component| ; 5 (0)       ; 0            ; 0           ; 0            ; 0       ; 0         ; 0         ; 0    ; 0            ; 5 (0)        ; 0 (0)             ; 0 (0)            ; 2 (0)           ; |lifog|lpm_add_sub0:inst3|lpm_add_sub:lpm_add_sub_component                                       ;
;          |addcore:adder|                  ; 5 (0)       ; 0            ; 0           ; 0            ; 0       ; 0         ; 0         ; 0    ; 0            ; 5 (0)        ; 0 (0)             ; 0 (0)            ; 2 (0)           ; |lifog|lpm_add_sub0:inst3|lpm_add_sub:lpm_add_sub_component|addcore:adder                         ;
;             |a_csnbuffer:result_node|     ; 5 (5)       ; 0            ; 0           ; 0            ; 0       ; 0         ; 0         ; 0    ; 0            ; 5 (5)        ; 0 (0)             ; 0 (0)            ; 2 (2)           ; |lifog|lpm_add_sub0:inst3|lpm_add_sub:lpm_add_sub_component|addcore:adder|a_csnbuffer:result_node ;
;    |lpm_counter0:inst1|                   ; 3 (0)       ; 3            ; 0           ; 0            ; 0       ; 0         ; 0         ; 0    ; 0            ; 0 (0)        ; 0 (0)             ; 3 (0)            ; 3 (0)           ; |lifog|lpm_counter0:inst1                                                                         ;
;       |lpm_counter:lpm_counter_component| ; 3 (0)       ; 3            ; 0           ; 0            ; 0       ; 0         ; 0         ; 0    ; 0            ; 0 (0)        ; 0 (0)             ; 3 (0)            ; 3 (0)           ; |lifog|lpm_counter0:inst1|lpm_counter:lpm_counter_component                                       ;
;          |cntr_t96:auto_generated|        ; 3 (3)       ; 3            ; 0           ; 0            ; 0       ; 0         ; 0         ; 0    ; 0            ; 0 (0)        ; 0 (0)             ; 3 (3)            ; 3 (3)           ; |lifog|lpm_counter0:inst1|lpm_counter:lpm_counter_component|cntr_t96:auto_generated               ;
;    |lpm_ram_dp0:inst|                     ; 0 (0)       ; 0            ; 64          ; 0            ; 0       ; 0         ; 0         ; 0    ; 0            ; 0 (0)        ; 0 (0)             ; 0 (0)            ; 0 (0)           ; |lifog|lpm_ram_dp0:inst                                                                           ;
;       |altsyncram:altsyncram_component|   ; 0 (0)       ; 0            ; 64          ; 0            ; 0       ; 0         ; 0         ; 0    ; 0            ; 0 (0)        ; 0 (0)             ; 0 (0)            ; 0 (0)           ; |lifog|lpm_ram_dp0:inst|altsyncram:altsyncram_component                                           ;
;          |altsyncram_qdg1:auto_generated| ; 0 (0)       ; 0            ; 64          ; 0            ; 0       ; 0         ; 0         ; 0    ; 0            ; 0 (0)        ; 0 (0)             ; 0 (0)            ; 0 (0)           ; |lifog|lpm_ram_dp0:inst|altsyncram:altsyncram_component|altsyncram_qdg1:auto_generated            ;
+-------------------------------------------+-------------+--------------+-------------+--------------+---------+-----------+-----------+------+--------------+--------------+-------------------+------------------+-----------------+---------------------------------------------------------------------------------------------------+
Note: For table entries with two numbers listed, the numbers in parentheses indicate the number of resources of the given type used by the specific entity alone. The numbers listed outside of parentheses indicate the total resources of the given type used by the specific entity and all of its sub-entities in the hierarchy.


+------------------------------------------------------------------------------------------------------------------------------------------------------------------------------------------------+
; Analysis & Synthesis RAM Summary                                                                                                                                                               ;
+--------------------------------------------------------------------------------------------+------+------------------+--------------+--------------+--------------+--------------+------+------+
; Name                                                                                       ; Type ; Mode             ; Port A Depth ; Port A Width ; Port B Depth ; Port B Width ; Size ; MIF  ;
+--------------------------------------------------------------------------------------------+------+------------------+--------------+--------------+--------------+--------------+------+------+
; lpm_ram_dp0:inst|altsyncram:altsyncram_component|altsyncram_qdg1:auto_generated|ALTSYNCRAM ; AUTO ; Simple Dual Port ; 8            ; 8            ; 8            ; 8            ; 64   ; None ;
+--------------------------------------------------------------------------------------------+------+------------------+--------------+--------------+--------------+--------------+------+------+


+------------------------------------------------------+
; General Register Statistics                          ;
+----------------------------------------------+-------+
; Statistic                                    ; Value ;
+----------------------------------------------+-------+
; Total registers                              ; 4     ;
; Number of registers using Synchronous Clear  ; 0     ;
; Number of registers using Synchronous Load   ; 0     ;
; Number of registers using Asynchronous Clear ; 3     ;
; Number of registers using Asynchronous Load  ; 0     ;
; Number of registers using Clock Enable       ; 0     ;
; Number of registers using Preset             ; 0     ;
+----------------------------------------------+-------+


+---------------------------------------------------------------------------------------------------+
; Parameter Settings for User Entity Instance: lpm_compare0:inst2|lpm_compare:lpm_compare_component ;
+------------------------+----------+---------------------------------------------------------------+
; Parameter Name         ; Value    ; Type                                                          ;
+------------------------+----------+---------------------------------------------------------------+
; lpm_width              ; 3        ; Untyped                                                       ;
; LPM_REPRESENTATION     ; UNSIGNED ; Untyped                                                       ;
; LPM_PIPELINE           ; 0        ; Untyped                                                       ;
; CHAIN_SIZE             ; 8        ; Untyped                                                       ;
; ONE_INPUT_IS_CONSTANT  ; YES      ; Untyped                                                       ;
; CARRY_CHAIN            ; MANUAL   ; Untyped                                                       ;
; CASCADE_CHAIN          ; MANUAL   ; Untyped                                                       ;
; CARRY_CHAIN_LENGTH     ; 48       ; CARRY_CHAIN_LENGTH                                            ;
; CASCADE_CHAIN_LENGTH   ; 2        ; CASCADE_CHAIN_LENGTH                                          ;
; DEVICE_FAMILY          ; Stratix  ; Untyped                                                       ;
; CBXI_PARAMETER         ; NOTHING  ; Untyped                                                       ;
; AUTO_CARRY_CHAINS      ; ON       ; AUTO_CARRY                                                    ;
; IGNORE_CARRY_BUFFERS   ; OFF      ; IGNORE_CARRY                                                  ;
; AUTO_CASCADE_CHAINS    ; ON       ; AUTO_CASCADE                                                  ;
; IGNORE_CASCADE_BUFFERS ; OFF      ; IGNORE_CASCADE                                                ;
+------------------------+----------+---------------------------------------------------------------+
Note: In order to hide this table in the UI and the text report file, please set the "Show Parameter Settings Tables in Synthesis Report" option in "Analysis and Synthesis Settings -> More Settings" to "Off".


+---------------------------------------------------------------------------------------------------+
; Parameter Settings for User Entity Instance: lpm_counter0:inst1|lpm_counter:lpm_counter_component ;
+------------------------+----------+---------------------------------------------------------------+
; Parameter Name         ; Value    ; Type                                                          ;
+------------------------+----------+---------------------------------------------------------------+
; AUTO_CARRY_CHAINS      ; ON       ; AUTO_CARRY                                                    ;
; IGNORE_CARRY_BUFFERS   ; OFF      ; IGNORE_CARRY                                                  ;
; AUTO_CASCADE_CHAINS    ; ON       ; AUTO_CASCADE                                                  ;
; IGNORE_CASCADE_BUFFERS ; OFF      ; IGNORE_CASCADE                                                ;
; LPM_WIDTH              ; 3        ; Untyped                                                       ;
; LPM_DIRECTION          ; DEFAULT  ; Untyped                                                       ;
; LPM_MODULUS            ; 0        ; Untyped                                                       ;
; LPM_AVALUE             ; UNUSED   ; Untyped                                                       ;
; LPM_SVALUE             ; UNUSED   ; Untyped                                                       ;
; DEVICE_FAMILY          ; Stratix  ; Untyped                                                       ;
; CARRY_CHAIN            ; MANUAL   ; Untyped                                                       ;
; CARRY_CHAIN_LENGTH     ; 48       ; CARRY_CHAIN_LENGTH                                            ;
; NOT_GATE_PUSH_BACK     ; ON       ; NOT_GATE_PUSH_BACK                                            ;
; CARRY_CNT_EN           ; SMART    ; Untyped                                                       ;
; LABWIDE_SCLR           ; ON       ; Untyped                                                       ;
; USE_NEW_VERSION        ; TRUE     ; Untyped                                                       ;
; CBXI_PARAMETER         ; cntr_t96 ; Untyped                                                       ;
+------------------------+----------+---------------------------------------------------------------+
Note: In order to hide this table in the UI and the text report file, please set the "Show Parameter Settings Tables in Synthesis Report" option in "Analysis and Synthesis Settings -> More Settings" to "Off".


+-----------------------------------------------------------------------------------------------+
; Parameter Settings for User Entity Instance: lpm_ram_dp0:inst|altsyncram:altsyncram_component ;
+------------------------------------+-----------------+----------------------------------------+
; Parameter Name                     ; Value           ; Type                                   ;
+------------------------------------+-----------------+----------------------------------------+
; BYTE_SIZE_BLOCK                    ; 8               ; Untyped                                ;
; AUTO_CARRY_CHAINS                  ; ON              ; AUTO_CARRY                             ;
; IGNORE_CARRY_BUFFERS               ; OFF             ; IGNORE_CARRY                           ;
; AUTO_CASCADE_CHAINS                ; ON              ; AUTO_CASCADE                           ;
; IGNORE_CASCADE_BUFFERS             ; OFF             ; IGNORE_CASCADE                         ;
; OPERATION_MODE                     ; DUAL_PORT       ; Untyped                                ;
; WIDTH_A                            ; 8               ; Untyped                                ;
; WIDTHAD_A                          ; 3               ; Untyped                                ;
; NUMWORDS_A                         ; 8               ; Untyped                                ;
; OUTDATA_REG_A                      ; UNREGISTERED    ; Untyped                                ;
; ADDRESS_ACLR_A                     ; NONE            ; Untyped                                ;
; OUTDATA_ACLR_A                     ; NONE            ; Untyped                                ;
; WRCONTROL_ACLR_A                   ; NONE            ; Untyped                                ;
; INDATA_ACLR_A                      ; NONE            ; Untyped                                ;
; BYTEENA_ACLR_A                     ; NONE            ; Untyped                                ;
; WIDTH_B                            ; 8               ; Untyped                                ;
; WIDTHAD_B                          ; 3               ; Untyped                                ;
; NUMWORDS_B                         ; 8               ; Untyped                                ;
; INDATA_REG_B                       ; CLOCK1          ; Untyped                                ;
; WRCONTROL_WRADDRESS_REG_B          ; CLOCK1          ; Untyped                                ;
; RDCONTROL_REG_B                    ; CLOCK0          ; Untyped                                ;
; ADDRESS_REG_B                      ; CLOCK0          ; Untyped                                ;
; OUTDATA_REG_B                      ; CLOCK0          ; Untyped                                ;
; BYTEENA_REG_B                      ; CLOCK1          ; Untyped                                ;
; INDATA_ACLR_B                      ; NONE            ; Untyped                                ;
; WRCONTROL_ACLR_B                   ; NONE            ; Untyped                                ;
; ADDRESS_ACLR_B                     ; NONE            ; Untyped                                ;
; OUTDATA_ACLR_B                     ; NONE            ; Untyped                                ;
; RDCONTROL_ACLR_B                   ; NONE            ; Untyped                                ;
; BYTEENA_ACLR_B                     ; NONE            ; Untyped                                ;
; WIDTH_BYTEENA_A                    ; 1               ; Untyped                                ;
; WIDTH_BYTEENA_B                    ; 1               ; Untyped                                ;
; RAM_BLOCK_TYPE                     ; AUTO            ; Untyped                                ;
; BYTE_SIZE                          ; 8               ; Untyped                                ;
; READ_DURING_WRITE_MODE_MIXED_PORTS ; DONT_CARE       ; Untyped                                ;
; INIT_FILE                          ; UNUSED          ; Untyped                                ;
; INIT_FILE_LAYOUT                   ; PORT_A          ; Untyped                                ;
; MAXIMUM_DEPTH                      ; 0               ; Untyped                                ;
; CLOCK_ENABLE_INPUT_A               ; NORMAL          ; Untyped                                ;
; CLOCK_ENABLE_INPUT_B               ; NORMAL          ; Untyped                                ;
; CLOCK_ENABLE_OUTPUT_A              ; NORMAL          ; Untyped                                ;
; CLOCK_ENABLE_OUTPUT_B              ; NORMAL          ; Untyped                                ;
; DEVICE_FAMILY                      ; Stratix         ; Untyped                                ;
; CBXI_PARAMETER                     ; altsyncram_qdg1 ; Untyped                                ;
+------------------------------------+-----------------+----------------------------------------+
Note: In order to hide this table in the UI and the text report file, please set the "Show Parameter Settings Tables in Synthesis Report" option in "Analysis and Synthesis Settings -> More Settings" to "Off".


+---------------------------------------------------------------------------------------------------+
; Parameter Settings for User Entity Instance: lpm_add_sub0:inst3|lpm_add_sub:lpm_add_sub_component ;
+------------------------+-------------+------------------------------------------------------------+
; Parameter Name         ; Value       ; Type                                                       ;
+------------------------+-------------+------------------------------------------------------------+
; LPM_WIDTH              ; 3           ; Untyped                                                    ;
; LPM_REPRESENTATION     ; SIGNED      ; Untyped                                                    ;
; LPM_DIRECTION          ; SUB         ; Untyped                                                    ;
; ONE_INPUT_IS_CONSTANT  ; YES         ; Untyped                                                    ;
; LPM_PIPELINE           ; 0           ; Untyped                                                    ;
; MAXIMIZE_SPEED         ; 5           ; Untyped                                                    ;
; REGISTERED_AT_END      ; 0           ; Untyped                                                    ;
; OPTIMIZE_FOR_SPEED     ; 5           ; Untyped                                                    ;
; USE_CS_BUFFERS         ; 1           ; Untyped                                                    ;
; CARRY_CHAIN            ; MANUAL      ; Untyped                                                    ;
; CARRY_CHAIN_LENGTH     ; 48          ; CARRY_CHAIN_LENGTH                                         ;
; DEVICE_FAMILY          ; Stratix     ; Untyped                                                    ;
; USE_WYS                ; OFF         ; Untyped                                                    ;
; STYLE                  ; FAST        ; Untyped                                                    ;
; CBXI_PARAMETER         ; add_sub_ele ; Untyped                                                    ;
; AUTO_CARRY_CHAINS      ; ON          ; AUTO_CARRY                                                 ;
; IGNORE_CARRY_BUFFERS   ; OFF         ; IGNORE_CARRY                                               ;
; AUTO_CASCADE_CHAINS    ; ON          ; AUTO_CASCADE                                               ;
; IGNORE_CASCADE_BUFFERS ; OFF         ; IGNORE_CASCADE                                             ;
+------------------------+-------------+------------------------------------------------------------+
Note: In order to hide this table in the UI and the text report file, please set the "Show Parameter Settings Tables in Synthesis Report" option in "Analysis and Synthesis Settings -> More Settings" to "Off".


+--------------------------------+
; Analysis & Synthesis Equations ;
+--------------------------------+
The equations can be found in C:/altera/quartus50/lifo/lifog.map.eqn.


+-------------------------------+
; Analysis & Synthesis Messages ;
+-------------------------------+
Info: *******************************************************************
Info: Running Quartus II Analysis & Synthesis
    Info: Version 5.0 Build 148 04/26/2005 SJ Full Version
    Info: Processing started: Wed Feb 24 13:12:49 2021
Info: Command: quartus_map --read_settings_files=on --write_settings_files=off lifog -c lifog
Info: Using design file lifog.bdf, which is not specified as a design file for the current project, but contains definitions for 1 design units and 1 entities in project
    Info: Found entity 1: lifog
Info: Elaborating entity "lifog" for the top level hierarchy
Info: Using design file lpm_compare0.tdf, which is not specified as a design file for the current project, but contains definitions for 1 design units and 1 entities in project
    Info: Found entity 1: lpm_compare0
Info: Elaborating entity "lpm_compare0" for hierarchy "lpm_compare0:inst2"
Info: Found 1 design units, including 1 entities, in source file ../libraries/megafunctions/lpm_compare.tdf
    Info: Found entity 1: lpm_compare
Info: Elaborating entity "lpm_compare" for hierarchy "lpm_compare0:inst2|lpm_compare:lpm_compare_component"
Info: Found 1 design units, including 1 entities, in source file ../libraries/megafunctions/comptree.tdf
    Info: Found entity 1: comptree
Info: Elaborating entity "comptree" for hierarchy "lpm_compare0:inst2|lpm_compare:lpm_compare_component|comptree:comparator"
Info: Found 1 design units, including 1 entities, in source file ../libraries/megafunctions/cmpchain.tdf
    Info: Found entity 1: cmpchain
Info: Elaborating entity "cmpchain" for hierarchy "lpm_compare0:inst2|lpm_compare:lpm_compare_component|comptree:comparator|cmpchain:cmp_end"
Info: Found 1 design units, including 1 entities, in source file ../libraries/megafunctions/altshift.tdf
    Info: Found entity 1: altshift
Info: Elaborating entity "altshift" for hierarchy "lpm_compare0:inst2|lpm_compare:lpm_compare_component|altshift:aeb_ext_lat_ffs"
Info: Using design file lpm_counter0.tdf, which is not specified as a design file for the current project, but contains definitions for 1 design units and 1 entities in project
    Info: Found entity 1: lpm_counter0
Info: Elaborating entity "lpm_counter0" for hierarchy "lpm_counter0:inst1"
Info: Found 1 design units, including 1 entities, in source file ../libraries/megafunctions/lpm_counter.tdf
    Info: Found entity 1: lpm_counter
Info: Elaborating entity "lpm_counter" for hierarchy "lpm_counter0:inst1|lpm_counter:lpm_counter_component"
Info: Found 1 design units, including 1 entities, in source file db/cntr_t96.tdf
    Info: Found entity 1: cntr_t96
Info: Elaborating entity "cntr_t96" for hierarchy "lpm_counter0:inst1|lpm_counter:lpm_counter_component|cntr_t96:auto_generated"
Info: Using design file lpm_ram_dp0.tdf, which is not specified as a design file for the current project, but contains definitions for 1 design units and 1 entities in project
    Info: Found entity 1: lpm_ram_dp0
Info: Elaborating entity "lpm_ram_dp0" for hierarchy "lpm_ram_dp0:inst"
Info: Found 1 design units, including 1 entities, in source file ../libraries/megafunctions/altsyncram.tdf
    Info: Found entity 1: altsyncram
Info: Elaborating entity "altsyncram" for hierarchy "lpm_ram_dp0:inst|altsyncram:altsyncram_component"
Info: Found 1 design units, including 1 entities, in source file db/altsyncram_qdg1.tdf
    Info: Found entity 1: altsyncram_qdg1
Info: Elaborating entity "altsyncram_qdg1" for hierarchy "lpm_ram_dp0:inst|altsyncram:altsyncram_component|altsyncram_qdg1:auto_generated"
Info: Using design file lpm_add_sub0.tdf, which is not specified as a design file for the current project, but contains definitions for 1 design units and 1 entities in project
    Info: Found entity 1: lpm_add_sub0
Info: Elaborating entity "lpm_add_sub0" for hierarchy "lpm_add_sub0:inst3"
Info: Found 1 design units, including 1 entities, in source file ../libraries/megafunctions/lpm_add_sub.tdf
    Info: Found entity 1: lpm_add_sub
Info: Elaborating entity "lpm_add_sub" for hierarchy "lpm_add_sub0:inst3|lpm_add_sub:lpm_add_sub_component"
Info: Found 1 design units, including 1 entities, in source file ../libraries/megafunctions/addcore.tdf
    Info: Found entity 1: addcore
Info: Elaborating entity "addcore" for hierarchy "lpm_add_sub0:inst3|lpm_add_sub:lpm_add_sub_component|addcore:adder"
Info: Found 1 design units, including 1 entities, in source file ../libraries/megafunctions/a_csnbuffer.tdf
    Info: Found entity 1: a_csnbuffer
Info: Elaborating entity "a_csnbuffer" for hierarchy "lpm_add_sub0:inst3|lpm_add_sub:lpm_add_sub_component|addcore:adder|a_csnbuffer:oflow_node"
Info: Elaborating entity "a_csnbuffer" for hierarchy "lpm_add_sub0:inst3|lpm_add_sub:lpm_add_sub_component|addcore:adder|a_csnbuffer:result_node"
Info: Elaborating entity "altshift" for hierarchy "lpm_add_sub0:inst3|lpm_add_sub:lpm_add_sub_component|altshift:result_ext_latency_ffs"
Info: Ignored 2 buffer(s)
    Info: Ignored 2 SOFT buffer(s)
Info: Implemented 42 device resources after synthesis - the final resource count might be different
    Info: Implemented 12 input pins
    Info: Implemented 10 output pins
    Info: Implemented 12 logic cells
    Info: Implemented 8 RAM segments
Info: Quartus II Analysis & Synthesis was successful. 0 errors, 0 warnings
    Info: Processing ended: Wed Feb 24 13:12:49 2021
    Info: Elapsed time: 00:00:00


