Timing Analyzer report for lifog
Wed Feb 24 13:12:54 2021
Version 5.0 Build 148 04/26/2005 SJ Full Version


---------------------
; Table of Contents ;
---------------------
  1. Legal Notice
  2. Timing Analyzer Summary
  3. Timing Analyzer Settings
  4. Clock Settings Summary
  5. Clock Setup: 'clk'
  6. Clock Setup: 'rd'
  7. Clock Setup: 'wr'
  8. tsu
  9. tco
 10. th
 11. Timing Analyzer Messages



----------------
; Legal Notice ;
----------------
Copyright (C) 1991-2005 Altera Corporation
Your use of Altera Corporation's design tools, logic functions 
and other software and tools, and its AMPP partner logic       
functions, and any output files any of the foregoing           
(including device programming or simulation files), and any    
associated documentation or information are expressly subject  
to the terms and conditions of the Altera Program License      
Subscription Agreement, Altera MegaCore Function License       
Agreement, or other applicable license agreement, including,   
without limitation, that your use is for the sole purpose of   
programming logic devices manufactured by Altera and sold by   
Altera or its authorized distributors.  Please refer to the    
applicable agreement for further details.



+---------------------------------------------------------------------------------------------------------------------------------------------------------------------------------------------------------------------------------------------------------------------------------------------------------------------------------------------------------------------------------+
; Timing Analyzer Summary                                                                                                                                                                                                                                                                                                                                                         ;
+------------------------------+-------+---------------+------------------------------------------------+-----------------------------------------------------------------------------------------------------------------+----------------------------------------------------------------------------------------------------------------+------------+----------+--------------+
; Type                         ; Slack ; Required Time ; Actual Time                                    ; From                                                                                                            ; To                                                                                                             ; From Clock ; To Clock ; Failed Paths ;
+------------------------------+-------+---------------+------------------------------------------------+-----------------------------------------------------------------------------------------------------------------+----------------------------------------------------------------------------------------------------------------+------------+----------+--------------+
; Worst-case tsu               ; N/A   ; None          ; 3.384 ns                                       ; wr                                                                                                              ; lpm_ram_dp0:inst|altsyncram:altsyncram_component|altsyncram_qdg1:auto_generated|ram_block1a7~porta_datain_reg7 ;            ; clk      ; 0            ;
; Worst-case tco               ; N/A   ; None          ; 10.529 ns                                      ; lpm_counter0:inst1|lpm_counter:lpm_counter_component|cntr_t96:auto_generated|safe_q[2]                          ; full                                                                                                           ; rd         ;          ; 0            ;
; Worst-case th                ; N/A   ; None          ; 0.464 ns                                       ; wr                                                                                                              ; lpm_counter0:inst1|lpm_counter:lpm_counter_component|cntr_t96:auto_generated|safe_q[2]                         ;            ; rd       ; 0            ;
; Clock Setup: 'clk'           ; N/A   ; None          ; 317.76 MHz ( period = 3.147 ns )               ; lpm_ram_dp0:inst|altsyncram:altsyncram_component|altsyncram_qdg1:auto_generated|ram_block1a7~portb_address_reg2 ; lpm_ram_dp0:inst|altsyncram:altsyncram_component|altsyncram_qdg1:auto_generated|q_b[7]                         ; clk        ; clk      ; 0            ;
; Clock Setup: 'wr'            ; N/A   ; None          ; Restricted to 422.12 MHz ( period = 2.369 ns ) ; lpm_counter0:inst1|lpm_counter:lpm_counter_component|cntr_t96:auto_generated|safe_q[0]                          ; lpm_counter0:inst1|lpm_counter:lpm_counter_component|cntr_t96:auto_generated|safe_q[2]                         ; wr         ; wr       ; 0            ;
; Clock Setup: 'rd'            ; N/A   ; None          ; Restricted to 422.12 MHz ( period = 2.369 ns ) ; lpm_counter0:inst1|lpm_counter:lpm_counter_component|cntr_t96:auto_generated|safe_q[0]                          ; lpm_counter0:inst1|lpm_counter:lpm_counter_component|cntr_t96:auto_generated|safe_q[2]                         ; rd         ; rd       ; 0            ;
; Total number of failed paths ;       ;               ;                                                ;                                                                                                                 ;                                                                                                                ;            ;          ; 0            ;
+------------------------------+-------+---------------+------------------------------------------------+-----------------------------------------------------------------------------------------------------------------+----------------------------------------------------------------------------------------------------------------+------------+----------+--------------+


+------------------------------------------------------------------------------------------------------+
; Timing Analyzer Settings                                                                             ;
+-------------------------------------------------------+--------------------+------+----+-------------+
; Option                                                ; Setting            ; From ; To ; Entity Name ;
+-------------------------------------------------------+--------------------+------+----+-------------+
; Device Name                                           ; EP1S10F484C5       ;      ;    ;             ;
; Timing Models                                         ; Final              ;      ;    ;             ;
; Number of source nodes to report per destination node ; 10                 ;      ;    ;             ;
; Number of destination nodes to report                 ; 10                 ;      ;    ;             ;
; Number of paths to report                             ; 200                ;      ;    ;             ;
; Report Minimum Timing Checks                          ; Off                ;      ;    ;             ;
; Use Fast Timing Models                                ; Off                ;      ;    ;             ;
; Report IO Paths Separately                            ; Off                ;      ;    ;             ;
; Default hold multicycle                               ; Same as Multicycle ;      ;    ;             ;
; Cut paths between unrelated clock domains             ; On                 ;      ;    ;             ;
; Cut off read during write signal paths                ; On                 ;      ;    ;             ;
; Cut off feedback from I/O pins                        ; On                 ;      ;    ;             ;
; Report Combined Fast/Slow Timing                      ; Off                ;      ;    ;             ;
; Ignore Clock Settings                                 ; Off                ;      ;    ;             ;
; Analyze latches as synchronous elements               ; Off                ;      ;    ;             ;
; Enable Recovery/Removal analysis                      ; Off                ;      ;    ;             ;
; Enable Clock Latency                                  ; Off                ;      ;    ;             ;
+-------------------------------------------------------+--------------------+------+----+-------------+


+------------------------------------------------------------------------------------------------------------------------------------------------------------------------------------+
; Clock Settings Summary                                                                                                                                                             ;
+-----------------+--------------------+----------+------------------+---------------+--------------+----------+-----------------------+---------------------+--------+--------------+
; Clock Node Name ; Clock Setting Name ; Type     ; Fmax Requirement ; Early Latency ; Late Latency ; Based on ; Multiply Base Fmax by ; Divide Base Fmax by ; Offset ; Phase offset ;
+-----------------+--------------------+----------+------------------+---------------+--------------+----------+-----------------------+---------------------+--------+--------------+
; clk             ;                    ; User Pin ; NONE             ; 0.000 ns      ; 0.000 ns     ; NONE     ; N/A                   ; N/A                 ; N/A    ;              ;
; rd              ;                    ; User Pin ; NONE             ; 0.000 ns      ; 0.000 ns     ; NONE     ; N/A                   ; N/A                 ; N/A    ;              ;
; wr              ;                    ; User Pin ; NONE             ; 0.000 ns      ; 0.000 ns     ; NONE     ; N/A                   ; N/A                 ; N/A    ;              ;
+-----------------+--------------------+----------+------------------+---------------+--------------+----------+-----------------------+---------------------+--------+--------------+


+-------------------------------------------------------------------------------------------------------------------------------------------------------------------------------------------------------------------------------------------------------------------------------------------------------------------------------------------------------------------------------------------------------+
; Clock Setup: 'clk'                                                                                                                                                                                                                                                                                                                                                                                    ;
+-------+------------------------------------------------+-----------------------------------------------------------------------------------------------------------------+----------------------------------------------------------------------------------------------------------------+------------+----------+-----------------------------+---------------------------+-------------------------+
; Slack ; Actual fmax (period)                           ; From                                                                                                            ; To                                                                                                             ; From Clock ; To Clock ; Required Setup Relationship ; Required Longest P2P Time ; Actual Longest P2P Time ;
+-------+------------------------------------------------+-----------------------------------------------------------------------------------------------------------------+----------------------------------------------------------------------------------------------------------------+------------+----------+-----------------------------+---------------------------+-------------------------+
; N/A   ; 317.76 MHz ( period = 3.147 ns )               ; lpm_ram_dp0:inst|altsyncram:altsyncram_component|altsyncram_qdg1:auto_generated|ram_block1a7~portb_address_reg0 ; lpm_ram_dp0:inst|altsyncram:altsyncram_component|altsyncram_qdg1:auto_generated|q_b[6]                         ; clk        ; clk      ; None                        ; None                      ; 2.509 ns                ;
; N/A   ; 317.76 MHz ( period = 3.147 ns )               ; lpm_ram_dp0:inst|altsyncram:altsyncram_component|altsyncram_qdg1:auto_generated|ram_block1a7~portb_address_reg1 ; lpm_ram_dp0:inst|altsyncram:altsyncram_component|altsyncram_qdg1:auto_generated|q_b[6]                         ; clk        ; clk      ; None                        ; None                      ; 2.509 ns                ;
; N/A   ; 317.76 MHz ( period = 3.147 ns )               ; lpm_ram_dp0:inst|altsyncram:altsyncram_component|altsyncram_qdg1:auto_generated|ram_block1a7~portb_address_reg2 ; lpm_ram_dp0:inst|altsyncram:altsyncram_component|altsyncram_qdg1:auto_generated|q_b[6]                         ; clk        ; clk      ; None                        ; None                      ; 2.509 ns                ;
; N/A   ; 317.76 MHz ( period = 3.147 ns )               ; lpm_ram_dp0:inst|altsyncram:altsyncram_component|altsyncram_qdg1:auto_generated|ram_block1a7~portb_address_reg0 ; lpm_ram_dp0:inst|altsyncram:altsyncram_component|altsyncram_qdg1:auto_generated|q_b[5]                         ; clk        ; clk      ; None                        ; None                      ; 2.509 ns                ;
; N/A   ; 317.76 MHz ( period = 3.147 ns )               ; lpm_ram_dp0:inst|altsyncram:altsyncram_component|altsyncram_qdg1:auto_generated|ram_block1a7~portb_address_reg1 ; lpm_ram_dp0:inst|altsyncram:altsyncram_component|altsyncram_qdg1:auto_generated|q_b[5]                         ; clk        ; clk      ; None                        ; None                      ; 2.509 ns                ;
; N/A   ; 317.76 MHz ( period = 3.147 ns )               ; lpm_ram_dp0:inst|altsyncram:altsyncram_component|altsyncram_qdg1:auto_generated|ram_block1a7~portb_address_reg2 ; lpm_ram_dp0:inst|altsyncram:altsyncram_component|altsyncram_qdg1:auto_generated|q_b[5]                         ; clk        ; clk      ; None                        ; None                      ; 2.509 ns                ;
; N/A   ; 317.76 MHz ( period = 3.147 ns )               ; lpm_ram_dp0:inst|altsyncram:altsyncram_component|altsyncram_qdg1:auto_generated|ram_block1a7~portb_address_reg0 ; lpm_ram_dp0:inst|altsyncram:altsyncram_component|altsyncram_qdg1:auto_generated|q_b[4]                         ; clk        ; clk      ; None                        ; None                      ; 2.509 ns                ;
; N/A   ; 317.76 MHz ( period = 3.147 ns )               ; lpm_ram_dp0:inst|altsyncram:altsyncram_component|altsyncram_qdg1:auto_generated|ram_block1a7~portb_address_reg1 ; lpm_ram_dp0:inst|altsyncram:altsyncram_component|altsyncram_qdg1:auto_generated|q_b[4]                         ; clk        ; clk      ; None                        ; None                      ; 2.509 ns                ;
; N/A   ; 317.76 MHz ( period = 3.147 ns )               ; lpm_ram_dp0:inst|altsyncram:altsyncram_component|altsyncram_qdg1:auto_generated|ram_block1a7~portb_address_reg2 ; lpm_ram_dp0:inst|altsyncram:altsyncram_component|altsyncram_qdg1:auto_generated|q_b[4]                         ; clk        ; clk      ; None                        ; None                      ; 2.509 ns                ;
; N/A   ; 317.76 MHz ( period = 3.147 ns )               ; lpm_ram_dp0:inst|altsyncram:altsyncram_component|altsyncram_qdg1:auto_generated|ram_block1a7~portb_address_reg0 ; lpm_ram_dp0:inst|altsyncram:altsyncram_component|altsyncram_qdg1:auto_generated|q_b[3]                         ; clk        ; clk      ; None                        ; None                      ; 2.509 ns                ;
; N/A   ; 317.76 MHz ( period = 3.147 ns )               ; lpm_ram_dp0:inst|altsyncram:altsyncram_component|altsyncram_qdg1:auto_generated|ram_block1a7~portb_address_reg1 ; lpm_ram_dp0:inst|altsyncram:altsyncram_component|altsyncram_qdg1:auto_generated|q_b[3]                         ; clk        ; clk      ; None                        ; None                      ; 2.509 ns                ;
; N/A   ; 317.76 MHz ( period = 3.147 ns )               ; lpm_ram_dp0:inst|altsyncram:altsyncram_component|altsyncram_qdg1:auto_generated|ram_block1a7~portb_address_reg2 ; lpm_ram_dp0:inst|altsyncram:altsyncram_component|altsyncram_qdg1:auto_generated|q_b[3]                         ; clk        ; clk      ; None                        ; None                      ; 2.509 ns                ;
; N/A   ; 317.76 MHz ( period = 3.147 ns )               ; lpm_ram_dp0:inst|altsyncram:altsyncram_component|altsyncram_qdg1:auto_generated|ram_block1a7~portb_address_reg0 ; lpm_ram_dp0:inst|altsyncram:altsyncram_component|altsyncram_qdg1:auto_generated|q_b[2]                         ; clk        ; clk      ; None                        ; None                      ; 2.509 ns                ;
; N/A   ; 317.76 MHz ( period = 3.147 ns )               ; lpm_ram_dp0:inst|altsyncram:altsyncram_component|altsyncram_qdg1:auto_generated|ram_block1a7~portb_address_reg1 ; lpm_ram_dp0:inst|altsyncram:altsyncram_component|altsyncram_qdg1:auto_generated|q_b[2]                         ; clk        ; clk      ; None                        ; None                      ; 2.509 ns                ;
; N/A   ; 317.76 MHz ( period = 3.147 ns )               ; lpm_ram_dp0:inst|altsyncram:altsyncram_component|altsyncram_qdg1:auto_generated|ram_block1a7~portb_address_reg2 ; lpm_ram_dp0:inst|altsyncram:altsyncram_component|altsyncram_qdg1:auto_generated|q_b[2]                         ; clk        ; clk      ; None                        ; None                      ; 2.509 ns                ;
; N/A   ; 317.76 MHz ( period = 3.147 ns )               ; lpm_ram_dp0:inst|altsyncram:altsyncram_component|altsyncram_qdg1:auto_generated|ram_block1a7~portb_address_reg0 ; lpm_ram_dp0:inst|altsyncram:altsyncram_component|altsyncram_qdg1:auto_generated|q_b[1]                         ; clk        ; clk      ; None                        ; None                      ; 2.509 ns                ;
; N/A   ; 317.76 MHz ( period = 3.147 ns )               ; lpm_ram_dp0:inst|altsyncram:altsyncram_component|altsyncram_qdg1:auto_generated|ram_block1a7~portb_address_reg1 ; lpm_ram_dp0:inst|altsyncram:altsyncram_component|altsyncram_qdg1:auto_generated|q_b[1]                         ; clk        ; clk      ; None                        ; None                      ; 2.509 ns                ;
; N/A   ; 317.76 MHz ( period = 3.147 ns )               ; lpm_ram_dp0:inst|altsyncram:altsyncram_component|altsyncram_qdg1:auto_generated|ram_block1a7~portb_address_reg2 ; lpm_ram_dp0:inst|altsyncram:altsyncram_component|altsyncram_qdg1:auto_generated|q_b[1]                         ; clk        ; clk      ; None                        ; None                      ; 2.509 ns                ;
; N/A   ; 317.76 MHz ( period = 3.147 ns )               ; lpm_ram_dp0:inst|altsyncram:altsyncram_component|altsyncram_qdg1:auto_generated|ram_block1a7~portb_address_reg0 ; lpm_ram_dp0:inst|altsyncram:altsyncram_component|altsyncram_qdg1:auto_generated|q_b[0]                         ; clk        ; clk      ; None                        ; None                      ; 2.509 ns                ;
; N/A   ; 317.76 MHz ( period = 3.147 ns )               ; lpm_ram_dp0:inst|altsyncram:altsyncram_component|altsyncram_qdg1:auto_generated|ram_block1a7~portb_address_reg1 ; lpm_ram_dp0:inst|altsyncram:altsyncram_component|altsyncram_qdg1:auto_generated|q_b[0]                         ; clk        ; clk      ; None                        ; None                      ; 2.509 ns                ;
; N/A   ; 317.76 MHz ( period = 3.147 ns )               ; lpm_ram_dp0:inst|altsyncram:altsyncram_component|altsyncram_qdg1:auto_generated|ram_block1a7~portb_address_reg2 ; lpm_ram_dp0:inst|altsyncram:altsyncram_component|altsyncram_qdg1:auto_generated|q_b[0]                         ; clk        ; clk      ; None                        ; None                      ; 2.509 ns                ;
; N/A   ; 317.76 MHz ( period = 3.147 ns )               ; lpm_ram_dp0:inst|altsyncram:altsyncram_component|altsyncram_qdg1:auto_generated|ram_block1a7~portb_address_reg0 ; lpm_ram_dp0:inst|altsyncram:altsyncram_component|altsyncram_qdg1:auto_generated|q_b[7]                         ; clk        ; clk      ; None                        ; None                      ; 2.509 ns                ;
; N/A   ; 317.76 MHz ( period = 3.147 ns )               ; lpm_ram_dp0:inst|altsyncram:altsyncram_component|altsyncram_qdg1:auto_generated|ram_block1a7~portb_address_reg1 ; lpm_ram_dp0:inst|altsyncram:altsyncram_component|altsyncram_qdg1:auto_generated|q_b[7]                         ; clk        ; clk      ; None                        ; None                      ; 2.509 ns                ;
; N/A   ; 317.76 MHz ( period = 3.147 ns )               ; lpm_ram_dp0:inst|altsyncram:altsyncram_component|altsyncram_qdg1:auto_generated|ram_block1a7~portb_address_reg2 ; lpm_ram_dp0:inst|altsyncram:altsyncram_component|altsyncram_qdg1:auto_generated|q_b[7]                         ; clk        ; clk      ; None                        ; None                      ; 2.509 ns                ;
; N/A   ; 319.18 MHz ( period = 3.133 ns )               ; lpm_ram_dp0:inst|altsyncram:altsyncram_component|altsyncram_qdg1:auto_generated|ram_block1a7~porta_datain_reg7  ; lpm_ram_dp0:inst|altsyncram:altsyncram_component|altsyncram_qdg1:auto_generated|ram_block1a7~porta_memory_reg7 ; clk        ; clk      ; None                        ; None                      ; 2.509 ns                ;
; N/A   ; 319.18 MHz ( period = 3.133 ns )               ; lpm_ram_dp0:inst|altsyncram:altsyncram_component|altsyncram_qdg1:auto_generated|ram_block1a7~porta_datain_reg6  ; lpm_ram_dp0:inst|altsyncram:altsyncram_component|altsyncram_qdg1:auto_generated|ram_block1a7~porta_memory_reg6 ; clk        ; clk      ; None                        ; None                      ; 2.509 ns                ;
; N/A   ; 319.18 MHz ( period = 3.133 ns )               ; lpm_ram_dp0:inst|altsyncram:altsyncram_component|altsyncram_qdg1:auto_generated|ram_block1a7~porta_datain_reg5  ; lpm_ram_dp0:inst|altsyncram:altsyncram_component|altsyncram_qdg1:auto_generated|ram_block1a7~porta_memory_reg5 ; clk        ; clk      ; None                        ; None                      ; 2.509 ns                ;
; N/A   ; 319.18 MHz ( period = 3.133 ns )               ; lpm_ram_dp0:inst|altsyncram:altsyncram_component|altsyncram_qdg1:auto_generated|ram_block1a7~porta_datain_reg4  ; lpm_ram_dp0:inst|altsyncram:altsyncram_component|altsyncram_qdg1:auto_generated|ram_block1a7~porta_memory_reg4 ; clk        ; clk      ; None                        ; None                      ; 2.509 ns                ;
; N/A   ; 319.18 MHz ( period = 3.133 ns )               ; lpm_ram_dp0:inst|altsyncram:altsyncram_component|altsyncram_qdg1:auto_generated|ram_block1a7~porta_datain_reg3  ; lpm_ram_dp0:inst|altsyncram:altsyncram_component|altsyncram_qdg1:auto_generated|ram_block1a7~porta_memory_reg3 ; clk        ; clk      ; None                        ; None                      ; 2.509 ns                ;
; N/A   ; 319.18 MHz ( period = 3.133 ns )               ; lpm_ram_dp0:inst|altsyncram:altsyncram_component|altsyncram_qdg1:auto_generated|ram_block1a7~porta_datain_reg2  ; lpm_ram_dp0:inst|altsyncram:altsyncram_component|altsyncram_qdg1:auto_generated|ram_block1a7~porta_memory_reg2 ; clk        ; clk      ; None                        ; None                      ; 2.509 ns                ;
; N/A   ; 319.18 MHz ( period = 3.133 ns )               ; lpm_ram_dp0:inst|altsyncram:altsyncram_component|altsyncram_qdg1:auto_generated|ram_block1a7~porta_datain_reg1  ; lpm_ram_dp0:inst|altsyncram:altsyncram_component|altsyncram_qdg1:auto_generated|ram_block1a7~porta_memory_reg1 ; clk        ; clk      ; None                        ; None                      ; 2.509 ns                ;
; N/A   ; 319.18 MHz ( period = 3.133 ns )               ; lpm_ram_dp0:inst|altsyncram:altsyncram_component|altsyncram_qdg1:auto_generated|ram_block1a7~porta_datain_reg0  ; lpm_ram_dp0:inst|altsyncram:altsyncram_component|altsyncram_qdg1:auto_generated|ram_block1a7~porta_memory_reg0 ; clk        ; clk      ; None                        ; None                      ; 2.509 ns                ;
; N/A   ; 329.27 MHz ( period = 3.037 ns )               ; lpm_ram_dp0:inst|altsyncram:altsyncram_component|altsyncram_qdg1:auto_generated|ram_block1a7~portb_re_reg       ; lpm_ram_dp0:inst|altsyncram:altsyncram_component|altsyncram_qdg1:auto_generated|q_b[6]                         ; clk        ; clk      ; None                        ; None                      ; 2.509 ns                ;
; N/A   ; 329.27 MHz ( period = 3.037 ns )               ; lpm_ram_dp0:inst|altsyncram:altsyncram_component|altsyncram_qdg1:auto_generated|ram_block1a7~portb_re_reg       ; lpm_ram_dp0:inst|altsyncram:altsyncram_component|altsyncram_qdg1:auto_generated|q_b[5]                         ; clk        ; clk      ; None                        ; None                      ; 2.509 ns                ;
; N/A   ; 329.27 MHz ( period = 3.037 ns )               ; lpm_ram_dp0:inst|altsyncram:altsyncram_component|altsyncram_qdg1:auto_generated|ram_block1a7~portb_re_reg       ; lpm_ram_dp0:inst|altsyncram:altsyncram_component|altsyncram_qdg1:auto_generated|q_b[4]                         ; clk        ; clk      ; None                        ; None                      ; 2.509 ns                ;
; N/A   ; 329.27 MHz ( period = 3.037 ns )               ; lpm_ram_dp0:inst|altsyncram:altsyncram_component|altsyncram_qdg1:auto_generated|ram_block1a7~portb_re_reg       ; lpm_ram_dp0:inst|altsyncram:altsyncram_component|altsyncram_qdg1:auto_generated|q_b[3]                         ; clk        ; clk      ; None                        ; None                      ; 2.509 ns                ;
; N/A   ; 329.27 MHz ( period = 3.037 ns )               ; lpm_ram_dp0:inst|altsyncram:altsyncram_component|altsyncram_qdg1:auto_generated|ram_block1a7~portb_re_reg       ; lpm_ram_dp0:inst|altsyncram:altsyncram_component|altsyncram_qdg1:auto_generated|q_b[2]                         ; clk        ; clk      ; None                        ; None                      ; 2.509 ns                ;
; N/A   ; 329.27 MHz ( period = 3.037 ns )               ; lpm_ram_dp0:inst|altsyncram:altsyncram_component|altsyncram_qdg1:auto_generated|ram_block1a7~portb_re_reg       ; lpm_ram_dp0:inst|altsyncram:altsyncram_component|altsyncram_qdg1:auto_generated|q_b[1]                         ; clk        ; clk      ; None                        ; None                      ; 2.509 ns                ;
; N/A   ; 329.27 MHz ( period = 3.037 ns )               ; lpm_ram_dp0:inst|altsyncram:altsyncram_component|altsyncram_qdg1:auto_generated|ram_block1a7~portb_re_reg       ; lpm_ram_dp0:inst|altsyncram:altsyncram_component|altsyncram_qdg1:auto_generated|q_b[0]                         ; clk        ; clk      ; None                        ; None                      ; 2.509 ns                ;
; N/A   ; 329.27 MHz ( period = 3.037 ns )               ; lpm_ram_dp0:inst|altsyncram:altsyncram_component|altsyncram_qdg1:auto_generated|ram_block1a7~portb_re_reg       ; lpm_ram_dp0:inst|altsyncram:altsyncram_component|altsyncram_qdg1:auto_generated|q_b[7]                         ; clk        ; clk      ; None                        ; None                      ; 2.509 ns                ;
; N/A   ; Restricted to 422.12 MHz ( period = 2.369 ns ) ; inst7                                                                                                           ; inst7                                                                                                          ; clk        ; clk      ; None                        ; None                      ; 0.649 ns                ;
+-------+------------------------------------------------+-----------------------------------------------------------------------------------------------------------------+----------------------------------------------------------------------------------------------------------------+------------+----------+-----------------------------+---------------------------+-------------------------+


+------------------------------------------------------------------------------------------------------------------------------------------------------------------------------------------------------------------------------------------------------------------------------------------------------------------------------------------------------+
; Clock Setup: 'rd'                                                                                                                                                                                                                                                                                                                                    ;
+-------+------------------------------------------------+----------------------------------------------------------------------------------------+----------------------------------------------------------------------------------------+------------+----------+-----------------------------+---------------------------+-------------------------+
; Slack ; Actual fmax (period)                           ; From                                                                                   ; To                                                                                     ; From Clock ; To Clock ; Required Setup Relationship ; Required Longest P2P Time ; Actual Longest P2P Time ;
+-------+------------------------------------------------+----------------------------------------------------------------------------------------+----------------------------------------------------------------------------------------+------------+----------+-----------------------------+---------------------------+-------------------------+
; N/A   ; Restricted to 422.12 MHz ( period = 2.369 ns ) ; lpm_counter0:inst1|lpm_counter:lpm_counter_component|cntr_t96:auto_generated|safe_q[0] ; lpm_counter0:inst1|lpm_counter:lpm_counter_component|cntr_t96:auto_generated|safe_q[2] ; rd         ; rd       ; None                        ; None                      ; 1.287 ns                ;
; N/A   ; Restricted to 422.12 MHz ( period = 2.369 ns ) ; lpm_counter0:inst1|lpm_counter:lpm_counter_component|cntr_t96:auto_generated|safe_q[1] ; lpm_counter0:inst1|lpm_counter:lpm_counter_component|cntr_t96:auto_generated|safe_q[2] ; rd         ; rd       ; None                        ; None                      ; 1.273 ns                ;
; N/A   ; Restricted to 422.12 MHz ( period = 2.369 ns ) ; lpm_counter0:inst1|lpm_counter:lpm_counter_component|cntr_t96:auto_generated|safe_q[0] ; lpm_counter0:inst1|lpm_counter:lpm_counter_component|cntr_t96:auto_generated|safe_q[1] ; rd         ; rd       ; None                        ; None                      ; 1.227 ns                ;
; N/A   ; Restricted to 422.12 MHz ( period = 2.369 ns ) ; lpm_counter0:inst1|lpm_counter:lpm_counter_component|cntr_t96:auto_generated|safe_q[2] ; lpm_counter0:inst1|lpm_counter:lpm_counter_component|cntr_t96:auto_generated|safe_q[2] ; rd         ; rd       ; None                        ; None                      ; 0.960 ns                ;
; N/A   ; Restricted to 422.12 MHz ( period = 2.369 ns ) ; lpm_counter0:inst1|lpm_counter:lpm_counter_component|cntr_t96:auto_generated|safe_q[1] ; lpm_counter0:inst1|lpm_counter:lpm_counter_component|cntr_t96:auto_generated|safe_q[1] ; rd         ; rd       ; None                        ; None                      ; 0.893 ns                ;
; N/A   ; Restricted to 422.12 MHz ( period = 2.369 ns ) ; lpm_counter0:inst1|lpm_counter:lpm_counter_component|cntr_t96:auto_generated|safe_q[0] ; lpm_counter0:inst1|lpm_counter:lpm_counter_component|cntr_t96:auto_generated|safe_q[0] ; rd         ; rd       ; None                        ; None                      ; 0.847 ns                ;
+-------+------------------------------------------------+----------------------------------------------------------------------------------------+----------------------------------------------------------------------------------------+------------+----------+-----------------------------+---------------------------+-------------------------+


+------------------------------------------------------------------------------------------------------------------------------------------------------------------------------------------------------------------------------------------------------------------------------------------------------------------------------------------------------+
; Clock Setup: 'wr'                                                                                                                                                                                                                                                                                                                                    ;
+-------+------------------------------------------------+----------------------------------------------------------------------------------------+----------------------------------------------------------------------------------------+------------+----------+-----------------------------+---------------------------+-------------------------+
; Slack ; Actual fmax (period)                           ; From                                                                                   ; To                                                                                     ; From Clock ; To Clock ; Required Setup Relationship ; Required Longest P2P Time ; Actual Longest P2P Time ;
+-------+------------------------------------------------+----------------------------------------------------------------------------------------+----------------------------------------------------------------------------------------+------------+----------+-----------------------------+---------------------------+-------------------------+
; N/A   ; Restricted to 422.12 MHz ( period = 2.369 ns ) ; lpm_counter0:inst1|lpm_counter:lpm_counter_component|cntr_t96:auto_generated|safe_q[0] ; lpm_counter0:inst1|lpm_counter:lpm_counter_component|cntr_t96:auto_generated|safe_q[2] ; wr         ; wr       ; None                        ; None                      ; 1.287 ns                ;
; N/A   ; Restricted to 422.12 MHz ( period = 2.369 ns ) ; lpm_counter0:inst1|lpm_counter:lpm_counter_component|cntr_t96:auto_generated|safe_q[1] ; lpm_counter0:inst1|lpm_counter:lpm_counter_component|cntr_t96:auto_generated|safe_q[2] ; wr         ; wr       ; None                        ; None                      ; 1.273 ns                ;
; N/A   ; Restricted to 422.12 MHz ( period = 2.369 ns ) ; lpm_counter0:inst1|lpm_counter:lpm_counter_component|cntr_t96:auto_generated|safe_q[0] ; lpm_counter0:inst1|lpm_counter:lpm_counter_component|cntr_t96:auto_generated|safe_q[1] ; wr         ; wr       ; None                        ; None                      ; 1.227 ns                ;
; N/A   ; Restricted to 422.12 MHz ( period = 2.369 ns ) ; lpm_counter0:inst1|lpm_counter:lpm_counter_component|cntr_t96:auto_generated|safe_q[2] ; lpm_counter0:inst1|lpm_counter:lpm_counter_component|cntr_t96:auto_generated|safe_q[2] ; wr         ; wr       ; None                        ; None                      ; 0.960 ns                ;
; N/A   ; Restricted to 422.12 MHz ( period = 2.369 ns ) ; lpm_counter0:inst1|lpm_counter:lpm_counter_component|cntr_t96:auto_generated|safe_q[1] ; lpm_counter0:inst1|lpm_counter:lpm_counter_component|cntr_t96:auto_generated|safe_q[1] ; wr         ; wr       ; None                        ; None                      ; 0.893 ns                ;
; N/A   ; Restricted to 422.12 MHz ( period = 2.369 ns ) ; lpm_counter0:inst1|lpm_counter:lpm_counter_component|cntr_t96:auto_generated|safe_q[0] ; lpm_counter0:inst1|lpm_counter:lpm_counter_component|cntr_t96:auto_generated|safe_q[0] ; wr         ; wr       ; None                        ; None                      ; 0.847 ns                ;
+-------+------------------------------------------------+----------------------------------------------------------------------------------------+----------------------------------------------------------------------------------------+------------+----------+-----------------------------+---------------------------+-------------------------+


+------------------------------------------------------------------------------------------------------------------------------------------------------------------------+
; tsu                                                                                                                                                                    ;
+-------+--------------+------------+-------+-----------------------------------------------------------------------------------------------------------------+----------+
; Slack ; Required tsu ; Actual tsu ; From  ; To                                                                                                              ; To Clock ;
+-------+--------------+------------+-------+-----------------------------------------------------------------------------------------------------------------+----------+
; N/A   ; None         ; 3.384 ns   ; wr    ; lpm_ram_dp0:inst|altsyncram:altsyncram_component|altsyncram_qdg1:auto_generated|ram_block1a7~porta_datain_reg0  ; clk      ;
; N/A   ; None         ; 3.384 ns   ; wr    ; lpm_ram_dp0:inst|altsyncram:altsyncram_component|altsyncram_qdg1:auto_generated|ram_block1a7~porta_address_reg0 ; clk      ;
; N/A   ; None         ; 3.384 ns   ; wr    ; lpm_ram_dp0:inst|altsyncram:altsyncram_component|altsyncram_qdg1:auto_generated|ram_block1a7~porta_address_reg1 ; clk      ;
; N/A   ; None         ; 3.384 ns   ; wr    ; lpm_ram_dp0:inst|altsyncram:altsyncram_component|altsyncram_qdg1:auto_generated|ram_block1a7~porta_address_reg2 ; clk      ;
; N/A   ; None         ; 3.384 ns   ; wr    ; lpm_ram_dp0:inst|altsyncram:altsyncram_component|altsyncram_qdg1:auto_generated|ram_block1a7~porta_datain_reg1  ; clk      ;
; N/A   ; None         ; 3.384 ns   ; wr    ; lpm_ram_dp0:inst|altsyncram:altsyncram_component|altsyncram_qdg1:auto_generated|ram_block1a7~porta_datain_reg2  ; clk      ;
; N/A   ; None         ; 3.384 ns   ; wr    ; lpm_ram_dp0:inst|altsyncram:altsyncram_component|altsyncram_qdg1:auto_generated|ram_block1a7~porta_datain_reg3  ; clk      ;
; N/A   ; None         ; 3.384 ns   ; wr    ; lpm_ram_dp0:inst|altsyncram:altsyncram_component|altsyncram_qdg1:auto_generated|ram_block1a7~porta_datain_reg4  ; clk      ;
; N/A   ; None         ; 3.384 ns   ; wr    ; lpm_ram_dp0:inst|altsyncram:altsyncram_component|altsyncram_qdg1:auto_generated|ram_block1a7~porta_datain_reg5  ; clk      ;
; N/A   ; None         ; 3.384 ns   ; wr    ; lpm_ram_dp0:inst|altsyncram:altsyncram_component|altsyncram_qdg1:auto_generated|ram_block1a7~porta_datain_reg6  ; clk      ;
; N/A   ; None         ; 3.384 ns   ; wr    ; lpm_ram_dp0:inst|altsyncram:altsyncram_component|altsyncram_qdg1:auto_generated|ram_block1a7~porta_datain_reg7  ; clk      ;
; N/A   ; None         ; 3.078 ns   ; rd    ; lpm_ram_dp0:inst|altsyncram:altsyncram_component|altsyncram_qdg1:auto_generated|ram_block1a7~portb_re_reg       ; clk      ;
; N/A   ; None         ; 2.797 ns   ; di[6] ; lpm_ram_dp0:inst|altsyncram:altsyncram_component|altsyncram_qdg1:auto_generated|ram_block1a7~porta_datain_reg1  ; clk      ;
; N/A   ; None         ; 2.764 ns   ; di[1] ; lpm_ram_dp0:inst|altsyncram:altsyncram_component|altsyncram_qdg1:auto_generated|ram_block1a7~porta_datain_reg6  ; clk      ;
; N/A   ; None         ; 2.731 ns   ; di[2] ; lpm_ram_dp0:inst|altsyncram:altsyncram_component|altsyncram_qdg1:auto_generated|ram_block1a7~porta_datain_reg5  ; clk      ;
; N/A   ; None         ; 2.564 ns   ; di[0] ; lpm_ram_dp0:inst|altsyncram:altsyncram_component|altsyncram_qdg1:auto_generated|ram_block1a7~porta_datain_reg7  ; clk      ;
; N/A   ; None         ; 2.564 ns   ; di[3] ; lpm_ram_dp0:inst|altsyncram:altsyncram_component|altsyncram_qdg1:auto_generated|ram_block1a7~porta_datain_reg4  ; clk      ;
; N/A   ; None         ; 2.560 ns   ; di[5] ; lpm_ram_dp0:inst|altsyncram:altsyncram_component|altsyncram_qdg1:auto_generated|ram_block1a7~porta_datain_reg2  ; clk      ;
; N/A   ; None         ; 2.559 ns   ; di[4] ; lpm_ram_dp0:inst|altsyncram:altsyncram_component|altsyncram_qdg1:auto_generated|ram_block1a7~porta_datain_reg3  ; clk      ;
; N/A   ; None         ; 2.557 ns   ; di[7] ; lpm_ram_dp0:inst|altsyncram:altsyncram_component|altsyncram_qdg1:auto_generated|ram_block1a7~porta_datain_reg0  ; clk      ;
; N/A   ; None         ; 2.478 ns   ; wr    ; inst7                                                                                                           ; clk      ;
; N/A   ; None         ; 1.942 ns   ; rd    ; inst7                                                                                                           ; clk      ;
; N/A   ; None         ; -0.171 ns  ; wr    ; lpm_counter0:inst1|lpm_counter:lpm_counter_component|cntr_t96:auto_generated|safe_q[2]                          ; wr       ;
; N/A   ; None         ; -0.231 ns  ; wr    ; lpm_counter0:inst1|lpm_counter:lpm_counter_component|cntr_t96:auto_generated|safe_q[1]                          ; wr       ;
; N/A   ; None         ; -0.277 ns  ; wr    ; lpm_counter0:inst1|lpm_counter:lpm_counter_component|cntr_t96:auto_generated|safe_q[2]                          ; rd       ;
; N/A   ; None         ; -0.337 ns  ; wr    ; lpm_counter0:inst1|lpm_counter:lpm_counter_component|cntr_t96:auto_generated|safe_q[1]                          ; rd       ;
+-------+--------------+------------+-------+-----------------------------------------------------------------------------------------------------------------+----------+


+-------------------------------------------------------------------------------------------------------------------------------------------------+
; tco                                                                                                                                             ;
+-------+--------------+------------+----------------------------------------------------------------------------------------+-------+------------+
; Slack ; Required tco ; Actual tco ; From                                                                                   ; To    ; From Clock ;
+-------+--------------+------------+----------------------------------------------------------------------------------------+-------+------------+
; N/A   ; None         ; 10.529 ns  ; lpm_counter0:inst1|lpm_counter:lpm_counter_component|cntr_t96:auto_generated|safe_q[2] ; full  ; rd         ;
; N/A   ; None         ; 10.423 ns  ; lpm_counter0:inst1|lpm_counter:lpm_counter_component|cntr_t96:auto_generated|safe_q[2] ; full  ; wr         ;
; N/A   ; None         ; 10.342 ns  ; lpm_counter0:inst1|lpm_counter:lpm_counter_component|cntr_t96:auto_generated|safe_q[0] ; full  ; rd         ;
; N/A   ; None         ; 10.271 ns  ; lpm_counter0:inst1|lpm_counter:lpm_counter_component|cntr_t96:auto_generated|safe_q[1] ; full  ; rd         ;
; N/A   ; None         ; 10.236 ns  ; lpm_counter0:inst1|lpm_counter:lpm_counter_component|cntr_t96:auto_generated|safe_q[0] ; full  ; wr         ;
; N/A   ; None         ; 10.165 ns  ; lpm_counter0:inst1|lpm_counter:lpm_counter_component|cntr_t96:auto_generated|safe_q[1] ; full  ; wr         ;
; N/A   ; None         ; 10.123 ns  ; lpm_counter0:inst1|lpm_counter:lpm_counter_component|cntr_t96:auto_generated|safe_q[2] ; empty ; rd         ;
; N/A   ; None         ; 10.017 ns  ; lpm_counter0:inst1|lpm_counter:lpm_counter_component|cntr_t96:auto_generated|safe_q[2] ; empty ; wr         ;
; N/A   ; None         ; 9.934 ns   ; lpm_counter0:inst1|lpm_counter:lpm_counter_component|cntr_t96:auto_generated|safe_q[0] ; empty ; rd         ;
; N/A   ; None         ; 9.862 ns   ; lpm_counter0:inst1|lpm_counter:lpm_counter_component|cntr_t96:auto_generated|safe_q[1] ; empty ; rd         ;
; N/A   ; None         ; 9.828 ns   ; lpm_counter0:inst1|lpm_counter:lpm_counter_component|cntr_t96:auto_generated|safe_q[0] ; empty ; wr         ;
; N/A   ; None         ; 9.756 ns   ; lpm_counter0:inst1|lpm_counter:lpm_counter_component|cntr_t96:auto_generated|safe_q[1] ; empty ; wr         ;
; N/A   ; None         ; 7.212 ns   ; inst7                                                                                  ; full  ; clk        ;
; N/A   ; None         ; 6.964 ns   ; lpm_ram_dp0:inst|altsyncram:altsyncram_component|altsyncram_qdg1:auto_generated|q_b[6] ; do[6] ; clk        ;
; N/A   ; None         ; 6.923 ns   ; lpm_ram_dp0:inst|altsyncram:altsyncram_component|altsyncram_qdg1:auto_generated|q_b[1] ; do[1] ; clk        ;
; N/A   ; None         ; 6.803 ns   ; inst7                                                                                  ; empty ; clk        ;
; N/A   ; None         ; 6.727 ns   ; lpm_ram_dp0:inst|altsyncram:altsyncram_component|altsyncram_qdg1:auto_generated|q_b[7] ; do[7] ; clk        ;
; N/A   ; None         ; 6.719 ns   ; lpm_ram_dp0:inst|altsyncram:altsyncram_component|altsyncram_qdg1:auto_generated|q_b[2] ; do[2] ; clk        ;
; N/A   ; None         ; 6.718 ns   ; lpm_ram_dp0:inst|altsyncram:altsyncram_component|altsyncram_qdg1:auto_generated|q_b[4] ; do[4] ; clk        ;
; N/A   ; None         ; 6.698 ns   ; lpm_ram_dp0:inst|altsyncram:altsyncram_component|altsyncram_qdg1:auto_generated|q_b[5] ; do[5] ; clk        ;
; N/A   ; None         ; 6.691 ns   ; lpm_ram_dp0:inst|altsyncram:altsyncram_component|altsyncram_qdg1:auto_generated|q_b[0] ; do[0] ; clk        ;
; N/A   ; None         ; 6.686 ns   ; lpm_ram_dp0:inst|altsyncram:altsyncram_component|altsyncram_qdg1:auto_generated|q_b[3] ; do[3] ; clk        ;
+-------+--------------+------------+----------------------------------------------------------------------------------------+-------+------------+


+------------------------------------------------------------------------------------------------------------------------------------------------------------------------------+
; th                                                                                                                                                                           ;
+---------------+-------------+-----------+-------+-----------------------------------------------------------------------------------------------------------------+----------+
; Minimum Slack ; Required th ; Actual th ; From  ; To                                                                                                              ; To Clock ;
+---------------+-------------+-----------+-------+-----------------------------------------------------------------------------------------------------------------+----------+
; N/A           ; None        ; 0.464 ns  ; wr    ; lpm_counter0:inst1|lpm_counter:lpm_counter_component|cntr_t96:auto_generated|safe_q[2]                          ; rd       ;
; N/A           ; None        ; 0.463 ns  ; wr    ; lpm_counter0:inst1|lpm_counter:lpm_counter_component|cntr_t96:auto_generated|safe_q[1]                          ; rd       ;
; N/A           ; None        ; 0.358 ns  ; wr    ; lpm_counter0:inst1|lpm_counter:lpm_counter_component|cntr_t96:auto_generated|safe_q[2]                          ; wr       ;
; N/A           ; None        ; 0.357 ns  ; wr    ; lpm_counter0:inst1|lpm_counter:lpm_counter_component|cntr_t96:auto_generated|safe_q[1]                          ; wr       ;
; N/A           ; None        ; -1.832 ns ; rd    ; inst7                                                                                                           ; clk      ;
; N/A           ; None        ; -2.368 ns ; wr    ; inst7                                                                                                           ; clk      ;
; N/A           ; None        ; -2.413 ns ; di[7] ; lpm_ram_dp0:inst|altsyncram:altsyncram_component|altsyncram_qdg1:auto_generated|ram_block1a7~porta_datain_reg0  ; clk      ;
; N/A           ; None        ; -2.415 ns ; di[4] ; lpm_ram_dp0:inst|altsyncram:altsyncram_component|altsyncram_qdg1:auto_generated|ram_block1a7~porta_datain_reg3  ; clk      ;
; N/A           ; None        ; -2.416 ns ; di[5] ; lpm_ram_dp0:inst|altsyncram:altsyncram_component|altsyncram_qdg1:auto_generated|ram_block1a7~porta_datain_reg2  ; clk      ;
; N/A           ; None        ; -2.420 ns ; di[0] ; lpm_ram_dp0:inst|altsyncram:altsyncram_component|altsyncram_qdg1:auto_generated|ram_block1a7~porta_datain_reg7  ; clk      ;
; N/A           ; None        ; -2.420 ns ; di[3] ; lpm_ram_dp0:inst|altsyncram:altsyncram_component|altsyncram_qdg1:auto_generated|ram_block1a7~porta_datain_reg4  ; clk      ;
; N/A           ; None        ; -2.587 ns ; di[2] ; lpm_ram_dp0:inst|altsyncram:altsyncram_component|altsyncram_qdg1:auto_generated|ram_block1a7~porta_datain_reg5  ; clk      ;
; N/A           ; None        ; -2.620 ns ; di[1] ; lpm_ram_dp0:inst|altsyncram:altsyncram_component|altsyncram_qdg1:auto_generated|ram_block1a7~porta_datain_reg6  ; clk      ;
; N/A           ; None        ; -2.653 ns ; di[6] ; lpm_ram_dp0:inst|altsyncram:altsyncram_component|altsyncram_qdg1:auto_generated|ram_block1a7~porta_datain_reg1  ; clk      ;
; N/A           ; None        ; -2.934 ns ; rd    ; lpm_ram_dp0:inst|altsyncram:altsyncram_component|altsyncram_qdg1:auto_generated|ram_block1a7~portb_re_reg       ; clk      ;
; N/A           ; None        ; -3.240 ns ; wr    ; lpm_ram_dp0:inst|altsyncram:altsyncram_component|altsyncram_qdg1:auto_generated|ram_block1a7~porta_datain_reg0  ; clk      ;
; N/A           ; None        ; -3.240 ns ; wr    ; lpm_ram_dp0:inst|altsyncram:altsyncram_component|altsyncram_qdg1:auto_generated|ram_block1a7~porta_address_reg0 ; clk      ;
; N/A           ; None        ; -3.240 ns ; wr    ; lpm_ram_dp0:inst|altsyncram:altsyncram_component|altsyncram_qdg1:auto_generated|ram_block1a7~porta_address_reg1 ; clk      ;
; N/A           ; None        ; -3.240 ns ; wr    ; lpm_ram_dp0:inst|altsyncram:altsyncram_component|altsyncram_qdg1:auto_generated|ram_block1a7~porta_address_reg2 ; clk      ;
; N/A           ; None        ; -3.240 ns ; wr    ; lpm_ram_dp0:inst|altsyncram:altsyncram_component|altsyncram_qdg1:auto_generated|ram_block1a7~porta_datain_reg1  ; clk      ;
; N/A           ; None        ; -3.240 ns ; wr    ; lpm_ram_dp0:inst|altsyncram:altsyncram_component|altsyncram_qdg1:auto_generated|ram_block1a7~porta_datain_reg2  ; clk      ;
; N/A           ; None        ; -3.240 ns ; wr    ; lpm_ram_dp0:inst|altsyncram:altsyncram_component|altsyncram_qdg1:auto_generated|ram_block1a7~porta_datain_reg3  ; clk      ;
; N/A           ; None        ; -3.240 ns ; wr    ; lpm_ram_dp0:inst|altsyncram:altsyncram_component|altsyncram_qdg1:auto_generated|ram_block1a7~porta_datain_reg4  ; clk      ;
; N/A           ; None        ; -3.240 ns ; wr    ; lpm_ram_dp0:inst|altsyncram:altsyncram_component|altsyncram_qdg1:auto_generated|ram_block1a7~porta_datain_reg5  ; clk      ;
; N/A           ; None        ; -3.240 ns ; wr    ; lpm_ram_dp0:inst|altsyncram:altsyncram_component|altsyncram_qdg1:auto_generated|ram_block1a7~porta_datain_reg6  ; clk      ;
; N/A           ; None        ; -3.240 ns ; wr    ; lpm_ram_dp0:inst|altsyncram:altsyncram_component|altsyncram_qdg1:auto_generated|ram_block1a7~porta_datain_reg7  ; clk      ;
+---------------+-------------+-----------+-------+-----------------------------------------------------------------------------------------------------------------+----------+


+--------------------------+
; Timing Analyzer Messages ;
+--------------------------+
Info: *******************************************************************
Info: Running Quartus II Timing Analyzer
    Info: Version 5.0 Build 148 04/26/2005 SJ Full Version
    Info: Processing started: Wed Feb 24 13:12:54 2021
Info: Command: quartus_tan --read_settings_files=off --write_settings_files=off lifog -c lifog --timing_analysis_only
Warning: Found pins functioning as undefined clocks and/or memory enables
    Info: Assuming node "clk" is an undefined clock
    Info: Assuming node "rd" is an undefined clock
    Info: Assuming node "wr" is an undefined clock
Warning: Found 1 node(s) in clock paths which may be acting as ripple and/or gated clocks -- node(s) analyzed as buffer(s) resulting in clock skew
    Info: Detected gated clock "inst12" as buffer
Info: Clock "clk" has Internal fmax of 317.76 MHz between source memory "lpm_ram_dp0:inst|altsyncram:altsyncram_component|altsyncram_qdg1:auto_generated|ram_block1a7~portb_address_reg0" and destination memory "lpm_ram_dp0:inst|altsyncram:altsyncram_component|altsyncram_qdg1:auto_generated|q_b[6]" (period= 3.147 ns)
    Info: + Longest memory to memory delay is 2.509 ns
        Info: 1: + IC(0.000 ns) + CELL(0.000 ns) = 0.000 ns; Loc. = M512_X4_Y30; Fanout = 8; MEM Node = 'lpm_ram_dp0:inst|altsyncram:altsyncram_component|altsyncram_qdg1:auto_generated|ram_block1a7~portb_address_reg0'
        Info: 2: + IC(0.000 ns) + CELL(2.509 ns) = 2.509 ns; Loc. = M512_X4_Y30; Fanout = 1; MEM Node = 'lpm_ram_dp0:inst|altsyncram:altsyncram_component|altsyncram_qdg1:auto_generated|q_b[6]'
        Info: Total cell delay = 2.509 ns ( 100.00 % )
    Info: - Smallest clock skew is -0.009 ns
        Info: + Shortest clock path from clock "clk" to destination memory is 2.646 ns
            Info: 1: + IC(0.000 ns) + CELL(0.725 ns) = 0.725 ns; Loc. = PIN_L2; Fanout = 32; CLK Node = 'clk'
            Info: 2: + IC(1.586 ns) + CELL(0.335 ns) = 2.646 ns; Loc. = M512_X4_Y30; Fanout = 1; MEM Node = 'lpm_ram_dp0:inst|altsyncram:altsyncram_component|altsyncram_qdg1:auto_generated|q_b[6]'
            Info: Total cell delay = 1.060 ns ( 40.06 % )
            Info: Total interconnect delay = 1.586 ns ( 59.94 % )
        Info: - Longest clock path from clock "clk" to source memory is 2.655 ns
            Info: 1: + IC(0.000 ns) + CELL(0.725 ns) = 0.725 ns; Loc. = PIN_L2; Fanout = 32; CLK Node = 'clk'
            Info: 2: + IC(1.586 ns) + CELL(0.344 ns) = 2.655 ns; Loc. = M512_X4_Y30; Fanout = 8; MEM Node = 'lpm_ram_dp0:inst|altsyncram:altsyncram_component|altsyncram_qdg1:auto_generated|ram_block1a7~portb_address_reg0'
            Info: Total cell delay = 1.069 ns ( 40.26 % )
            Info: Total interconnect delay = 1.586 ns ( 59.74 % )
    Info: + Micro clock to output delay of source is 0.519 ns
    Info: + Micro setup delay of destination is 0.110 ns
Info: Clock "rd" Internal fmax is restricted to 422.12 MHz between source register "lpm_counter0:inst1|lpm_counter:lpm_counter_component|cntr_t96:auto_generated|safe_q[0]" and destination register "lpm_counter0:inst1|lpm_counter:lpm_counter_component|cntr_t96:auto_generated|safe_q[2]"
    Info: fmax restricted to clock pin edge rate 2.369 ns. Expand message to see actual delay path.
        Info: + Longest register to register delay is 1.287 ns
            Info: 1: + IC(0.000 ns) + CELL(0.000 ns) = 0.000 ns; Loc. = LC_X1_Y23_N5; Fanout = 9; REG Node = 'lpm_counter0:inst1|lpm_counter:lpm_counter_component|cntr_t96:auto_generated|safe_q[0]'
            Info: 2: + IC(0.389 ns) + CELL(0.341 ns) = 0.730 ns; Loc. = LC_X1_Y23_N5; Fanout = 2; COMB Node = 'lpm_counter0:inst1|lpm_counter:lpm_counter_component|cntr_t96:auto_generated|counter_cella0~COUTCOUT1'
            Info: 3: + IC(0.000 ns) + CELL(0.060 ns) = 0.790 ns; Loc. = LC_X1_Y23_N6; Fanout = 1; COMB Node = 'lpm_counter0:inst1|lpm_counter:lpm_counter_component|cntr_t96:auto_generated|counter_cella1~COUTCOUT1_15'
            Info: 4: + IC(0.000 ns) + CELL(0.497 ns) = 1.287 ns; Loc. = LC_X1_Y23_N7; Fanout = 5; REG Node = 'lpm_counter0:inst1|lpm_counter:lpm_counter_component|cntr_t96:auto_generated|safe_q[2]'
            Info: Total cell delay = 0.898 ns ( 69.77 % )
            Info: Total interconnect delay = 0.389 ns ( 30.23 % )
        Info: - Smallest clock skew is 0.000 ns
            Info: + Shortest clock path from clock "rd" to destination register is 6.045 ns
                Info: 1: + IC(0.000 ns) + CELL(1.234 ns) = 1.234 ns; Loc. = PIN_K17; Fanout = 3; CLK Node = 'rd'
                Info: 2: + IC(0.617 ns) + CELL(0.183 ns) = 2.034 ns; Loc. = LC_X1_Y23_N8; Fanout = 3; COMB Node = 'inst12'
                Info: 3: + IC(3.469 ns) + CELL(0.542 ns) = 6.045 ns; Loc. = LC_X1_Y23_N7; Fanout = 5; REG Node = 'lpm_counter0:inst1|lpm_counter:lpm_counter_component|cntr_t96:auto_generated|safe_q[2]'
                Info: Total cell delay = 1.959 ns ( 32.41 % )
                Info: Total interconnect delay = 4.086 ns ( 67.59 % )
            Info: - Longest clock path from clock "rd" to source register is 6.045 ns
                Info: 1: + IC(0.000 ns) + CELL(1.234 ns) = 1.234 ns; Loc. = PIN_K17; Fanout = 3; CLK Node = 'rd'
                Info: 2: + IC(0.617 ns) + CELL(0.183 ns) = 2.034 ns; Loc. = LC_X1_Y23_N8; Fanout = 3; COMB Node = 'inst12'
                Info: 3: + IC(3.469 ns) + CELL(0.542 ns) = 6.045 ns; Loc. = LC_X1_Y23_N5; Fanout = 9; REG Node = 'lpm_counter0:inst1|lpm_counter:lpm_counter_component|cntr_t96:auto_generated|safe_q[0]'
                Info: Total cell delay = 1.959 ns ( 32.41 % )
                Info: Total interconnect delay = 4.086 ns ( 67.59 % )
        Info: + Micro clock to output delay of source is 0.156 ns
        Info: + Micro setup delay of destination is 0.010 ns
Info: Clock "wr" Internal fmax is restricted to 422.12 MHz between source register "lpm_counter0:inst1|lpm_counter:lpm_counter_component|cntr_t96:auto_generated|safe_q[0]" and destination register "lpm_counter0:inst1|lpm_counter:lpm_counter_component|cntr_t96:auto_generated|safe_q[2]"
    Info: fmax restricted to clock pin edge rate 2.369 ns. Expand message to see actual delay path.
        Info: + Longest register to register delay is 1.287 ns
            Info: 1: + IC(0.000 ns) + CELL(0.000 ns) = 0.000 ns; Loc. = LC_X1_Y23_N5; Fanout = 9; REG Node = 'lpm_counter0:inst1|lpm_counter:lpm_counter_component|cntr_t96:auto_generated|safe_q[0]'
            Info: 2: + IC(0.389 ns) + CELL(0.341 ns) = 0.730 ns; Loc. = LC_X1_Y23_N5; Fanout = 2; COMB Node = 'lpm_counter0:inst1|lpm_counter:lpm_counter_component|cntr_t96:auto_generated|counter_cella0~COUTCOUT1'
            Info: 3: + IC(0.000 ns) + CELL(0.060 ns) = 0.790 ns; Loc. = LC_X1_Y23_N6; Fanout = 1; COMB Node = 'lpm_counter0:inst1|lpm_counter:lpm_counter_component|cntr_t96:auto_generated|counter_cella1~COUTCOUT1_15'
            Info: 4: + IC(0.000 ns) + CELL(0.497 ns) = 1.287 ns; Loc. = LC_X1_Y23_N7; Fanout = 5; REG Node = 'lpm_counter0:inst1|lpm_counter:lpm_counter_component|cntr_t96:auto_generated|safe_q[2]'
            Info: Total cell delay = 0.898 ns ( 69.77 % )
            Info: Total interconnect delay = 0.389 ns ( 30.23 % )
        Info: - Smallest clock skew is 0.000 ns
            Info: + Shortest clock path from clock "wr" to destination register is 5.939 ns
                Info: 1: + IC(0.000 ns) + CELL(1.234 ns) = 1.234 ns; Loc. = PIN_F21; Fanout = 17; CLK Node = 'wr'
                Info: 2: + IC(0.619 ns) + CELL(0.075 ns) = 1.928 ns; Loc. = LC_X1_Y23_N8; Fanout = 3; COMB Node = 'inst12'
                Info: 3: + IC(3.469 ns) + CELL(0.542 ns) = 5.939 ns; Loc. = LC_X1_Y23_N7; Fanout = 5; REG Node = 'lpm_counter0:inst1|lpm_counter:lpm_counter_component|cntr_t96:auto_generated|safe_q[2]'
                Info: Total cell delay = 1.851 ns ( 31.17 % )
                Info: Total interconnect delay = 4.088 ns ( 68.83 % )
            Info: - Longest clock path from clock "wr" to source register is 5.939 ns
                Info: 1: + IC(0.000 ns) + CELL(1.234 ns) = 1.234 ns; Loc. = PIN_F21; Fanout = 17; CLK Node = 'wr'
                Info: 2: + IC(0.619 ns) + CELL(0.075 ns) = 1.928 ns; Loc. = LC_X1_Y23_N8; Fanout = 3; COMB Node = 'inst12'
                Info: 3: + IC(3.469 ns) + CELL(0.542 ns) = 5.939 ns; Loc. = LC_X1_Y23_N5; Fanout = 9; REG Node = 'lpm_counter0:inst1|lpm_counter:lpm_counter_component|cntr_t96:auto_generated|safe_q[0]'
                Info: Total cell delay = 1.851 ns ( 31.17 % )
                Info: Total interconnect delay = 4.088 ns ( 68.83 % )
        Info: + Micro clock to output delay of source is 0.156 ns
        Info: + Micro setup delay of destination is 0.010 ns
Info: tsu for memory "lpm_ram_dp0:inst|altsyncram:altsyncram_component|altsyncram_qdg1:auto_generated|ram_block1a7~porta_datain_reg0" (data pin = "wr", clock pin = "clk") is 3.384 ns
    Info: + Longest pin to memory delay is 5.915 ns
        Info: 1: + IC(0.000 ns) + CELL(1.234 ns) = 1.234 ns; Loc. = PIN_F21; Fanout = 17; CLK Node = 'wr'
        Info: 2: + IC(4.247 ns) + CELL(0.434 ns) = 5.915 ns; Loc. = M512_X4_Y30; Fanout = 1; MEM Node = 'lpm_ram_dp0:inst|altsyncram:altsyncram_component|altsyncram_qdg1:auto_generated|ram_block1a7~porta_datain_reg0'
        Info: Total cell delay = 1.668 ns ( 28.20 % )
        Info: Total interconnect delay = 4.247 ns ( 71.80 % )
    Info: + Micro setup delay of destination is 0.110 ns
    Info: - Shortest clock path from clock "clk" to destination memory is 2.641 ns
        Info: 1: + IC(0.000 ns) + CELL(0.725 ns) = 0.725 ns; Loc. = PIN_L2; Fanout = 32; CLK Node = 'clk'
        Info: 2: + IC(1.586 ns) + CELL(0.330 ns) = 2.641 ns; Loc. = M512_X4_Y30; Fanout = 1; MEM Node = 'lpm_ram_dp0:inst|altsyncram:altsyncram_component|altsyncram_qdg1:auto_generated|ram_block1a7~porta_datain_reg0'
        Info: Total cell delay = 1.055 ns ( 39.95 % )
        Info: Total interconnect delay = 1.586 ns ( 60.05 % )
Info: tco from clock "rd" to destination pin "full" through register "lpm_counter0:inst1|lpm_counter:lpm_counter_component|cntr_t96:auto_generated|safe_q[2]" is 10.529 ns
    Info: + Longest clock path from clock "rd" to source register is 6.045 ns
        Info: 1: + IC(0.000 ns) + CELL(1.234 ns) = 1.234 ns; Loc. = PIN_K17; Fanout = 3; CLK Node = 'rd'
        Info: 2: + IC(0.617 ns) + CELL(0.183 ns) = 2.034 ns; Loc. = LC_X1_Y23_N8; Fanout = 3; COMB Node = 'inst12'
        Info: 3: + IC(3.469 ns) + CELL(0.542 ns) = 6.045 ns; Loc. = LC_X1_Y23_N7; Fanout = 5; REG Node = 'lpm_counter0:inst1|lpm_counter:lpm_counter_component|cntr_t96:auto_generated|safe_q[2]'
        Info: Total cell delay = 1.959 ns ( 32.41 % )
        Info: Total interconnect delay = 4.086 ns ( 67.59 % )
    Info: + Micro clock to output delay of source is 0.156 ns
    Info: + Longest register to pin delay is 4.328 ns
        Info: 1: + IC(0.000 ns) + CELL(0.000 ns) = 0.000 ns; Loc. = LC_X1_Y23_N7; Fanout = 5; REG Node = 'lpm_counter0:inst1|lpm_counter:lpm_counter_component|cntr_t96:auto_generated|safe_q[2]'
        Info: 2: + IC(0.428 ns) + CELL(0.366 ns) = 0.794 ns; Loc. = LC_X1_Y23_N1; Fanout = 1; COMB Node = 'inst9~22'
        Info: 3: + IC(1.158 ns) + CELL(2.376 ns) = 4.328 ns; Loc. = PIN_G22; Fanout = 0; PIN Node = 'full'
        Info: Total cell delay = 2.742 ns ( 63.35 % )
        Info: Total interconnect delay = 1.586 ns ( 36.65 % )
Info: th for register "lpm_counter0:inst1|lpm_counter:lpm_counter_component|cntr_t96:auto_generated|safe_q[2]" (data pin = "wr", clock pin = "rd") is 0.464 ns
    Info: + Longest clock path from clock "rd" to destination register is 6.045 ns
        Info: 1: + IC(0.000 ns) + CELL(1.234 ns) = 1.234 ns; Loc. = PIN_K17; Fanout = 3; CLK Node = 'rd'
        Info: 2: + IC(0.617 ns) + CELL(0.183 ns) = 2.034 ns; Loc. = LC_X1_Y23_N8; Fanout = 3; COMB Node = 'inst12'
        Info: 3: + IC(3.469 ns) + CELL(0.542 ns) = 6.045 ns; Loc. = LC_X1_Y23_N7; Fanout = 5; REG Node = 'lpm_counter0:inst1|lpm_counter:lpm_counter_component|cntr_t96:auto_generated|safe_q[2]'
        Info: Total cell delay = 1.959 ns ( 32.41 % )
        Info: Total interconnect delay = 4.086 ns ( 67.59 % )
    Info: + Micro hold delay of destination is 0.100 ns
    Info: - Shortest pin to register delay is 5.681 ns
        Info: 1: + IC(0.000 ns) + CELL(1.234 ns) = 1.234 ns; Loc. = PIN_F21; Fanout = 17; CLK Node = 'wr'
        Info: 2: + IC(3.515 ns) + CELL(0.443 ns) = 5.192 ns; Loc. = LC_X1_Y23_N6; Fanout = 1; COMB Node = 'lpm_counter0:inst1|lpm_counter:lpm_counter_component|cntr_t96:auto_generated|counter_cella1~COUT'
        Info: 3: + IC(0.000 ns) + CELL(0.489 ns) = 5.681 ns; Loc. = LC_X1_Y23_N7; Fanout = 5; REG Node = 'lpm_counter0:inst1|lpm_counter:lpm_counter_component|cntr_t96:auto_generated|safe_q[2]'
        Info: Total cell delay = 2.166 ns ( 38.13 % )
        Info: Total interconnect delay = 3.515 ns ( 61.87 % )
Info: Quartus II Timing Analyzer was successful. 0 errors, 2 warnings
    Info: Processing ended: Wed Feb 24 13:12:54 2021
    Info: Elapsed time: 00:00:00


