Timing Analyzer report for pointer_vhdl
Thu Nov 08 18:31:25 2018
Version 5.0 Build 148 04/26/2005 SJ Full Version


---------------------
; Table of Contents ;
---------------------
  1. Legal Notice
  2. Timing Analyzer Summary
  3. Timing Analyzer Settings
  4. tpd
  5. Timing Analyzer Messages



----------------
; Legal Notice ;
----------------
Copyright (C) 1991-2005 Altera Corporation
Your use of Altera Corporation's design tools, logic functions 
and other software and tools, and its AMPP partner logic       
functions, and any output files any of the foregoing           
(including device programming or simulation files), and any    
associated documentation or information are expressly subject  
to the terms and conditions of the Altera Program License      
Subscription Agreement, Altera MegaCore Function License       
Agreement, or other applicable license agreement, including,   
without limitation, that your use is for the sole purpose of   
programming logic devices manufactured by Altera and sold by   
Altera or its authorized distributors.  Please refer to the    
applicable agreement for further details.



+-------------------------------------------------------------------------------------------------------------------------+
; Timing Analyzer Summary                                                                                                 ;
+------------------------------+-------+---------------+-------------+------+------+------------+----------+--------------+
; Type                         ; Slack ; Required Time ; Actual Time ; From ; To   ; From Clock ; To Clock ; Failed Paths ;
+------------------------------+-------+---------------+-------------+------+------+------------+----------+--------------+
; Worst-case tpd               ; N/A   ; None          ; 14.370 ns   ; r[5] ; a[2] ;            ;          ; 0            ;
; Total number of failed paths ;       ;               ;             ;      ;      ;            ;          ; 0            ;
+------------------------------+-------+---------------+-------------+------+------+------------+----------+--------------+


+------------------------------------------------------------------------------------------------------+
; Timing Analyzer Settings                                                                             ;
+-------------------------------------------------------+--------------------+------+----+-------------+
; Option                                                ; Setting            ; From ; To ; Entity Name ;
+-------------------------------------------------------+--------------------+------+----+-------------+
; Device Name                                           ; EP1S10F484C5       ;      ;    ;             ;
; Timing Models                                         ; Final              ;      ;    ;             ;
; Number of source nodes to report per destination node ; 10                 ;      ;    ;             ;
; Number of destination nodes to report                 ; 10                 ;      ;    ;             ;
; Number of paths to report                             ; 200                ;      ;    ;             ;
; Report Minimum Timing Checks                          ; Off                ;      ;    ;             ;
; Use Fast Timing Models                                ; Off                ;      ;    ;             ;
; Report IO Paths Separately                            ; Off                ;      ;    ;             ;
; Default hold multicycle                               ; Same as Multicycle ;      ;    ;             ;
; Cut paths between unrelated clock domains             ; On                 ;      ;    ;             ;
; Cut off read during write signal paths                ; On                 ;      ;    ;             ;
; Cut off feedback from I/O pins                        ; On                 ;      ;    ;             ;
; Report Combined Fast/Slow Timing                      ; Off                ;      ;    ;             ;
; Ignore Clock Settings                                 ; Off                ;      ;    ;             ;
; Analyze latches as synchronous elements               ; Off                ;      ;    ;             ;
; Enable Recovery/Removal analysis                      ; Off                ;      ;    ;             ;
; Enable Clock Latency                                  ; Off                ;      ;    ;             ;
+-------------------------------------------------------+--------------------+------+----+-------------+


+-----------------------------------------------------------+
; tpd                                                       ;
+-------+-------------------+-----------------+------+------+
; Slack ; Required P2P Time ; Actual P2P Time ; From ; To   ;
+-------+-------------------+-----------------+------+------+
; N/A   ; None              ; 14.370 ns       ; r[5] ; a[2] ;
; N/A   ; None              ; 14.330 ns       ; r[5] ; a[4] ;
; N/A   ; None              ; 14.137 ns       ; r[5] ; a[0] ;
; N/A   ; None              ; 13.879 ns       ; r[5] ; a[3] ;
; N/A   ; None              ; 13.872 ns       ; r[4] ; a[2] ;
; N/A   ; None              ; 13.856 ns       ; r[6] ; a[2] ;
; N/A   ; None              ; 13.832 ns       ; r[4] ; a[4] ;
; N/A   ; None              ; 13.816 ns       ; r[6] ; a[4] ;
; N/A   ; None              ; 13.665 ns       ; ei   ; a[2] ;
; N/A   ; None              ; 13.639 ns       ; r[4] ; a[0] ;
; N/A   ; None              ; 13.625 ns       ; ei   ; a[4] ;
; N/A   ; None              ; 13.623 ns       ; r[6] ; a[0] ;
; N/A   ; None              ; 13.582 ns       ; r[3] ; a[2] ;
; N/A   ; None              ; 13.567 ns       ; r[7] ; a[2] ;
; N/A   ; None              ; 13.542 ns       ; r[3] ; a[4] ;
; N/A   ; None              ; 13.527 ns       ; r[7] ; a[4] ;
; N/A   ; None              ; 13.432 ns       ; ei   ; a[0] ;
; N/A   ; None              ; 13.381 ns       ; r[4] ; a[3] ;
; N/A   ; None              ; 13.365 ns       ; r[6] ; a[3] ;
; N/A   ; None              ; 13.349 ns       ; r[3] ; a[0] ;
; N/A   ; None              ; 13.334 ns       ; r[7] ; a[0] ;
; N/A   ; None              ; 13.174 ns       ; ei   ; a[3] ;
; N/A   ; None              ; 13.091 ns       ; r[3] ; a[3] ;
; N/A   ; None              ; 13.076 ns       ; r[7] ; a[3] ;
; N/A   ; None              ; 12.534 ns       ; r[0] ; a[2] ;
; N/A   ; None              ; 12.494 ns       ; r[0] ; a[4] ;
; N/A   ; None              ; 12.303 ns       ; r[5] ; a[5] ;
; N/A   ; None              ; 12.302 ns       ; r[5] ; a[7] ;
; N/A   ; None              ; 12.301 ns       ; r[0] ; a[0] ;
; N/A   ; None              ; 12.237 ns       ; r[1] ; a[2] ;
; N/A   ; None              ; 12.197 ns       ; r[1] ; a[4] ;
; N/A   ; None              ; 12.165 ns       ; r[5] ; a[6] ;
; N/A   ; None              ; 12.163 ns       ; r[2] ; a[2] ;
; N/A   ; None              ; 12.123 ns       ; r[2] ; a[4] ;
; N/A   ; None              ; 12.043 ns       ; r[0] ; a[3] ;
; N/A   ; None              ; 12.004 ns       ; r[1] ; a[0] ;
; N/A   ; None              ; 11.930 ns       ; r[2] ; a[0] ;
; N/A   ; None              ; 11.805 ns       ; r[4] ; a[5] ;
; N/A   ; None              ; 11.804 ns       ; r[4] ; a[7] ;
; N/A   ; None              ; 11.789 ns       ; r[6] ; a[5] ;
; N/A   ; None              ; 11.788 ns       ; r[6] ; a[7] ;
; N/A   ; None              ; 11.746 ns       ; r[1] ; a[3] ;
; N/A   ; None              ; 11.672 ns       ; r[2] ; a[3] ;
; N/A   ; None              ; 11.667 ns       ; r[4] ; a[6] ;
; N/A   ; None              ; 11.651 ns       ; r[6] ; a[6] ;
; N/A   ; None              ; 11.598 ns       ; ei   ; a[5] ;
; N/A   ; None              ; 11.597 ns       ; ei   ; a[7] ;
; N/A   ; None              ; 11.515 ns       ; r[3] ; a[5] ;
; N/A   ; None              ; 11.514 ns       ; r[3] ; a[7] ;
; N/A   ; None              ; 11.500 ns       ; r[7] ; a[5] ;
; N/A   ; None              ; 11.499 ns       ; r[7] ; a[7] ;
; N/A   ; None              ; 11.460 ns       ; ei   ; a[6] ;
; N/A   ; None              ; 11.377 ns       ; r[3] ; a[6] ;
; N/A   ; None              ; 11.362 ns       ; r[7] ; a[6] ;
; N/A   ; None              ; 11.131 ns       ; r[5] ; a[1] ;
; N/A   ; None              ; 10.633 ns       ; r[4] ; a[1] ;
; N/A   ; None              ; 10.617 ns       ; r[6] ; a[1] ;
; N/A   ; None              ; 10.467 ns       ; r[0] ; a[5] ;
; N/A   ; None              ; 10.466 ns       ; r[0] ; a[7] ;
; N/A   ; None              ; 10.426 ns       ; ei   ; a[1] ;
; N/A   ; None              ; 10.343 ns       ; r[3] ; a[1] ;
; N/A   ; None              ; 10.329 ns       ; r[0] ; a[6] ;
; N/A   ; None              ; 10.328 ns       ; r[7] ; a[1] ;
; N/A   ; None              ; 10.170 ns       ; r[1] ; a[5] ;
; N/A   ; None              ; 10.169 ns       ; r[1] ; a[7] ;
; N/A   ; None              ; 10.096 ns       ; r[2] ; a[5] ;
; N/A   ; None              ; 10.095 ns       ; r[2] ; a[7] ;
; N/A   ; None              ; 10.032 ns       ; r[1] ; a[6] ;
; N/A   ; None              ; 9.958 ns        ; r[2] ; a[6] ;
; N/A   ; None              ; 9.294 ns        ; r[0] ; a[1] ;
; N/A   ; None              ; 8.995 ns        ; r[1] ; a[1] ;
; N/A   ; None              ; 8.924 ns        ; r[2] ; a[1] ;
+-------+-------------------+-----------------+------+------+


+--------------------------+
; Timing Analyzer Messages ;
+--------------------------+
Info: *******************************************************************
Info: Running Quartus II Timing Analyzer
    Info: Version 5.0 Build 148 04/26/2005 SJ Full Version
    Info: Processing started: Thu Nov 08 18:31:25 2018
Info: Command: quartus_tan --read_settings_files=off --write_settings_files=off pointer_vhdl -c pointer_vhdl --timing_analysis_only
Warning: Timing Analysis found one or more latches implemented as combinational loops
    Warning: Node "a[0]$latch" is a latch
    Warning: Node "a[1]$latch" is a latch
    Warning: Node "a[2]$latch" is a latch
    Warning: Node "a[3]$latch" is a latch
    Warning: Node "a[4]$latch" is a latch
    Warning: Node "a[5]$latch" is a latch
    Warning: Node "a[6]$latch" is a latch
    Warning: Node "a[7]$latch" is a latch
Info: Found combinational loop of 1 nodes
    Info: Node "a[7]$latch"
Info: Found combinational loop of 1 nodes
    Info: Node "a[6]$latch"
Info: Found combinational loop of 1 nodes
    Info: Node "a[5]$latch"
Info: Found combinational loop of 1 nodes
    Info: Node "a[4]$latch"
Info: Found combinational loop of 1 nodes
    Info: Node "a[3]$latch"
Info: Found combinational loop of 1 nodes
    Info: Node "a[2]$latch"
Info: Found combinational loop of 1 nodes
    Info: Node "a[1]$latch"
Info: Found combinational loop of 1 nodes
    Info: Node "a[0]$latch"
Info: Longest tpd from source pin "r[5]" to destination pin "a[2]" is 14.370 ns
    Info: 1: + IC(0.000 ns) + CELL(1.234 ns) = 1.234 ns; Loc. = PIN_K17; Fanout = 2; PIN Node = 'r[5]'
    Info: 2: + IC(3.720 ns) + CELL(0.366 ns) = 5.320 ns; Loc. = LC_X1_Y20_N7; Fanout = 6; COMB Node = 'process0~194'
    Info: 3: + IC(0.373 ns) + CELL(0.183 ns) = 5.876 ns; Loc. = LC_X1_Y20_N8; Fanout = 6; COMB Node = 'process0~195'
    Info: 4: + IC(1.050 ns) + CELL(0.075 ns) = 7.001 ns; Loc. = LC_X1_Y21_N3; Fanout = 15; COMB Node = 'process0~9'
    Info: 5: + IC(0.000 ns) + CELL(3.842 ns) = 10.843 ns; Loc. = LC_X1_Y21_N8; Fanout = 2; COMB LOOP Node = 'a[2]$latch'
        Info: Loc. = LC_X1_Y21_N8; Node "a[2]$latch"
    Info: 6: + IC(1.151 ns) + CELL(2.376 ns) = 14.370 ns; Loc. = PIN_L17; Fanout = 0; PIN Node = 'a[2]'
    Info: Total cell delay = 8.076 ns ( 56.20 % )
    Info: Total interconnect delay = 6.294 ns ( 43.80 % )
Info: Quartus II Timing Analyzer was successful. 0 errors, 9 warnings
    Info: Processing ended: Thu Nov 08 18:31:25 2018
    Info: Elapsed time: 00:00:00


