Timing Analyzer report for 74181_cmp
Wed Dec 05 03:25:07 2018
Version 5.0 Build 148 04/26/2005 SJ Full Version


---------------------
; Table of Contents ;
---------------------
  1. Legal Notice
  2. Timing Analyzer Summary
  3. Timing Analyzer Settings
  4. tpd
  5. Timing Analyzer Messages



----------------
; Legal Notice ;
----------------
Copyright (C) 1991-2005 Altera Corporation
Your use of Altera Corporation's design tools, logic functions 
and other software and tools, and its AMPP partner logic       
functions, and any output files any of the foregoing           
(including device programming or simulation files), and any    
associated documentation or information are expressly subject  
to the terms and conditions of the Altera Program License      
Subscription Agreement, Altera MegaCore Function License       
Agreement, or other applicable license agreement, including,   
without limitation, that your use is for the sole purpose of   
programming logic devices manufactured by Altera and sold by   
Altera or its authorized distributors.  Please refer to the    
applicable agreement for further details.



+------------------------------------------------------------------------------------------------------------------------+
; Timing Analyzer Summary                                                                                                ;
+------------------------------+-------+---------------+-------------+------+-----+------------+----------+--------------+
; Type                         ; Slack ; Required Time ; Actual Time ; From ; To  ; From Clock ; To Clock ; Failed Paths ;
+------------------------------+-------+---------------+-------------+------+-----+------------+----------+--------------+
; Worst-case tpd               ; N/A   ; None          ; 11.141 ns   ; B1   ; AMB ;            ;          ; 0            ;
; Total number of failed paths ;       ;               ;             ;      ;     ;            ;          ; 0            ;
+------------------------------+-------+---------------+-------------+------+-----+------------+----------+--------------+


+------------------------------------------------------------------------------------------------------+
; Timing Analyzer Settings                                                                             ;
+-------------------------------------------------------+--------------------+------+----+-------------+
; Option                                                ; Setting            ; From ; To ; Entity Name ;
+-------------------------------------------------------+--------------------+------+----+-------------+
; Device Name                                           ; EP1S10F484C5       ;      ;    ;             ;
; Timing Models                                         ; Final              ;      ;    ;             ;
; Number of source nodes to report per destination node ; 10                 ;      ;    ;             ;
; Number of destination nodes to report                 ; 10                 ;      ;    ;             ;
; Number of paths to report                             ; 200                ;      ;    ;             ;
; Report Minimum Timing Checks                          ; Off                ;      ;    ;             ;
; Use Fast Timing Models                                ; Off                ;      ;    ;             ;
; Report IO Paths Separately                            ; Off                ;      ;    ;             ;
; Default hold multicycle                               ; Same as Multicycle ;      ;    ;             ;
; Cut paths between unrelated clock domains             ; On                 ;      ;    ;             ;
; Cut off read during write signal paths                ; On                 ;      ;    ;             ;
; Cut off feedback from I/O pins                        ; On                 ;      ;    ;             ;
; Report Combined Fast/Slow Timing                      ; Off                ;      ;    ;             ;
; Ignore Clock Settings                                 ; Off                ;      ;    ;             ;
; Analyze latches as synchronous elements               ; Off                ;      ;    ;             ;
; Enable Recovery/Removal analysis                      ; Off                ;      ;    ;             ;
; Enable Clock Latency                                  ; Off                ;      ;    ;             ;
+-------------------------------------------------------+--------------------+------+----+-------------+


+-----------------------------------------------------------+
; tpd                                                       ;
+-------+-------------------+-----------------+------+------+
; Slack ; Required P2P Time ; Actual P2P Time ; From ; To   ;
+-------+-------------------+-----------------+------+------+
; N/A   ; None              ; 11.141 ns       ; B1   ; AMB  ;
; N/A   ; None              ; 11.140 ns       ; B1   ; AEQB ;
; N/A   ; None              ; 11.080 ns       ; A1   ; AMB  ;
; N/A   ; None              ; 11.079 ns       ; A1   ; AEQB ;
; N/A   ; None              ; 10.883 ns       ; A0   ; AMB  ;
; N/A   ; None              ; 10.882 ns       ; A0   ; AEQB ;
; N/A   ; None              ; 10.634 ns       ; A2   ; AMB  ;
; N/A   ; None              ; 10.633 ns       ; A2   ; AEQB ;
; N/A   ; None              ; 10.631 ns       ; B0   ; AMB  ;
; N/A   ; None              ; 10.630 ns       ; B0   ; AEQB ;
; N/A   ; None              ; 10.330 ns       ; B2   ; AMB  ;
; N/A   ; None              ; 10.329 ns       ; B2   ; AEQB ;
; N/A   ; None              ; 9.954 ns        ; B1   ; ALB  ;
; N/A   ; None              ; 9.893 ns        ; A1   ; ALB  ;
; N/A   ; None              ; 9.688 ns        ; A0   ; ALB  ;
; N/A   ; None              ; 9.686 ns        ; A3   ; AMB  ;
; N/A   ; None              ; 9.685 ns        ; A3   ; AEQB ;
; N/A   ; None              ; 9.652 ns        ; B1   ; F3   ;
; N/A   ; None              ; 9.617 ns        ; B3   ; AMB  ;
; N/A   ; None              ; 9.616 ns        ; B3   ; AEQB ;
; N/A   ; None              ; 9.591 ns        ; A1   ; F3   ;
; N/A   ; None              ; 9.441 ns        ; A2   ; ALB  ;
; N/A   ; None              ; 9.436 ns        ; B0   ; ALB  ;
; N/A   ; None              ; 9.394 ns        ; A0   ; F3   ;
; N/A   ; None              ; 9.145 ns        ; A2   ; F3   ;
; N/A   ; None              ; 9.142 ns        ; B0   ; F3   ;
; N/A   ; None              ; 9.133 ns        ; B2   ; ALB  ;
; N/A   ; None              ; 8.953 ns        ; B1   ; F2   ;
; N/A   ; None              ; 8.892 ns        ; A1   ; F2   ;
; N/A   ; None              ; 8.871 ns        ; B1   ; F1   ;
; N/A   ; None              ; 8.841 ns        ; B2   ; F3   ;
; N/A   ; None              ; 8.693 ns        ; A1   ; F1   ;
; N/A   ; None              ; 8.691 ns        ; A0   ; F2   ;
; N/A   ; None              ; 8.669 ns        ; A0   ; F1   ;
; N/A   ; None              ; 8.584 ns        ; A3   ; ALB  ;
; N/A   ; None              ; 8.534 ns        ; B3   ; ALB  ;
; N/A   ; None              ; 8.442 ns        ; A2   ; F2   ;
; N/A   ; None              ; 8.439 ns        ; B0   ; F2   ;
; N/A   ; None              ; 8.417 ns        ; B0   ; F1   ;
; N/A   ; None              ; 8.197 ns        ; A3   ; F3   ;
; N/A   ; None              ; 8.140 ns        ; B2   ; F2   ;
; N/A   ; None              ; 8.128 ns        ; B3   ; F3   ;
; N/A   ; None              ; 8.116 ns        ; B0   ; F0   ;
; N/A   ; None              ; 7.832 ns        ; A0   ; F0   ;
+-------+-------------------+-----------------+------+------+


+--------------------------+
; Timing Analyzer Messages ;
+--------------------------+
Info: *******************************************************************
Info: Running Quartus II Timing Analyzer
    Info: Version 5.0 Build 148 04/26/2005 SJ Full Version
    Info: Processing started: Wed Dec 05 03:25:07 2018
Info: Command: quartus_tan --read_settings_files=off --write_settings_files=off 74181_cmp -c 74181_cmp --timing_analysis_only
Info: Longest tpd from source pin "B1" to destination pin "AMB" is 11.141 ns
    Info: 1: + IC(0.000 ns) + CELL(1.087 ns) = 1.087 ns; Loc. = PIN_AB19; Fanout = 3; PIN Node = 'B1'
    Info: 2: + IC(3.659 ns) + CELL(0.280 ns) = 5.026 ns; Loc. = LC_X2_Y1_N2; Fanout = 3; COMB Node = '74181:inst|44'
    Info: 3: + IC(0.516 ns) + CELL(0.280 ns) = 5.822 ns; Loc. = LC_X1_Y1_N2; Fanout = 1; COMB Node = '74181:inst|74~119'
    Info: 4: + IC(0.335 ns) + CELL(0.366 ns) = 6.523 ns; Loc. = LC_X1_Y1_N0; Fanout = 2; COMB Node = '74181:inst|77'
    Info: 5: + IC(0.312 ns) + CELL(0.075 ns) = 6.910 ns; Loc. = LC_X1_Y1_N7; Fanout = 2; COMB Node = 'inst6~12'
    Info: 6: + IC(0.339 ns) + CELL(0.366 ns) = 7.615 ns; Loc. = LC_X1_Y1_N1; Fanout = 1; COMB Node = 'inst12'
    Info: 7: + IC(1.122 ns) + CELL(2.404 ns) = 11.141 ns; Loc. = PIN_Y20; Fanout = 0; PIN Node = 'AMB'
    Info: Total cell delay = 4.858 ns ( 43.60 % )
    Info: Total interconnect delay = 6.283 ns ( 56.40 % )
Info: Quartus II Timing Analyzer was successful. 0 errors, 0 warnings
    Info: Processing ended: Wed Dec 05 03:25:07 2018
    Info: Elapsed time: 00:00:00


